loaded c/c++ vs c/c++
running round 2/500 --  last: 23ms  eta: 11.7s  dragons: 1 vs 1
round 16: bot 6 (team B) died: hit itself
round 21: bot 22 (team A) died: hit another dragon
round 22: bot 11 (team B) died: hit itself
round 22: bot 27 (team A) died: hit itself
round 24: bot 33 (team A) died: hit itself
round 25: bot 21 (team B) died: hit another dragon
round 25: bot 32 (team A) died: lost a head-to-head
round 25: bot 37 (team A) died: lost a head-to-head
round 26: bot 17 (team B) died: lost a head-to-head
round 26: bot 30 (team B) died: lost a head-to-head
round 27: bot 9 (team A) died: hit itself
round 28: bot 40 (team B) died: lost a head-to-head
round 28: bot 34 (team B) died: lost a head-to-head
round 29: bot 25 (team A) died: hit itself
round 30: bot 35 (team A) died: lost a head-to-head
round 30: bot 4 (team A) died: lost a head-to-head
round 31: bot 23 (team A) died: hit itself
round 31: bot 39 (team A) died: hit itself
round 31: bot 44 (team A) died: hit a wall
round 31: bot 48 (team B) died: hit itself
round 32: bot 14 (team B) died: lost a head-to-head
round 32: bot 18 (team A) died: lost a head-to-head
round 32: bot 29 (team B) died: hit a wall
round 32: bot 26 (team A) died: lost a head-to-head
round 32: bot 45 (team A) died: lost a head-to-head
round 33: bot 42 (team A) died: lost a head-to-head
round 33: bot 47 (team B) died: lost a head-to-head
round 34: bot 20 (team B) died: lost a head-to-head
round 34: bot 36 (team B) died: lost a head-to-head
round 34: bot 51 (team B) died: hit another dragon
round 34: bot 10 (team B) died: lost a head-to-head
round 34: bot 57 (team B) died: lost a head-to-head
round 35: bot 8 (team A) died: hit another dragon
round 35: bot 53 (team B) died: hit another dragon
round 35: bot 46 (team B) died: lost a head-to-head
round 35: bot 56 (team B) died: lost a head-to-head
round 35: bot 60 (team A) died: hit another dragon
round 37: bot 31 (team B) died: hit another dragon
round 37: bot 64 (team B) died: hit another dragon
round 38: bot 0 (team A) died: hit another dragon
round 38: bot 63 (team B) died: lost a head-to-head
round 38: bot 16 (team A) died: lost a head-to-head
round 38: bot 61 (team A) died: hit itself
round 40: bot 24 (team B) died: hit itself
round 41: bot 3 (team B) died: hit itself
round 41: bot 67 (team B) died: hit another dragon
round 43: bot 7 (team A) died: hit itself
round 43: bot 52 (team A) died: hit itself
round 43: bot 75 (team B) died: hit another dragon
round 44: bot 38 (team B) died: lost a head-to-head
round 44: bot 58 (team A) died: lost a head-to-head
round 44: bot 50 (team A) died: lost a head-to-head
round 44: bot 76 (team A) died: lost a head-to-head
round 45: bot 28 (team B) died: lost a head-to-head
round 45: bot 49 (team A) died: lost a head-to-head
round 45: bot 74 (team B) died: lost a head-to-head
round 45: bot 71 (team A) died: lost a head-to-head
round 47: bot 5 (team B) died: hit another dragon
round 47: bot 69 (team A) died: lost a head-to-head
round 47: bot 79 (team B) died: lost a head-to-head
round 47: bot 62 (team A) died: lost a head-to-head
round 47: bot 81 (team B) died: lost a head-to-head
round 47: bot 86 (team B) died: hit another dragon
round 49: bot 65 (team A) died: hit another dragon
running round 51/500 --  last: 227ms  eta: 52.1s  dragons: 12 vs 15
round 50: bot 55 (team B) died: lost a head-to-head
round 50: bot 92 (team B) died: lost a head-to-head
round 52: bot 83 (team B) died: hit a wall
round 53: bot 1 (team B) died: hit another dragon
round 53: bot 19 (team B) died: hit itself
round 53: bot 84 (team A) died: lost a head-to-head
round 53: bot 78 (team A) died: lost a head-to-head
round 54: bot 72 (team A) died: lost a head-to-head
round 54: bot 15 (team A) died: lost a head-to-head
round 54: bot 87 (team B) died: lost a head-to-head
round 54: bot 43 (team A) died: lost a head-to-head
round 54: bot 54 (team A) died: lost a head-to-head
round 54: bot 94 (team B) died: lost a head-to-head
round 55: bot 82 (team B) died: hit a wall
round 55: bot 95 (team B) died: hit another dragon
round 55: bot 100 (team B) died: hit itself
round 57: bot 101 (team B) died: hit another dragon
round 58: bot 2 (team A) died: hit another dragon
round 58: bot 88 (team A) died: hit itself
round 58: bot 106 (team B) died: hit another dragon
round 59: bot 66 (team B) died: hit another dragon
round 60: bot 102 (team B) died: hit itself
round 62: bot 110 (team B) died: lost a head-to-head
round 62: bot 90 (team A) died: lost a head-to-head
round 63: bot 112 (team A) died: hit itself
round 63: bot 98 (team B) died: lost a head-to-head
round 63: bot 114 (team B) died: lost a head-to-head
round 64: bot 12 (team B) died: lost a head-to-head
round 64: bot 13 (team A) died: lost a head-to-head
round 64: bot 103 (team A) died: hit itself
round 64: bot 115 (team B) died: hit another dragon
round 66: bot 59 (team B) died: hit itself
round 66: bot 70 (team A) died: hit another dragon
round 66: bot 111 (team A) died: lost a head-to-head
round 66: bot 91 (team A) died: lost a head-to-head
round 68: bot 68 (team B) died: hit another dragon
round 68: bot 130 (team B) died: lost a head-to-head
round 68: bot 117 (team B) died: lost a head-to-head
round 69: bot 73 (team B) died: lost a head-to-head
round 69: bot 121 (team B) died: lost a head-to-head
round 70: bot 89 (team B) died: hit a wall
round 71: bot 93 (team B) died: hit itself
round 71: bot 123 (team B) died: hit itself
round 71: bot 129 (team B) died: hit itself
round 72: bot 96 (team A) died: hit a wall
round 73: bot 97 (team B) died: lost a head-to-head
round 73: bot 132 (team B) died: lost a head-to-head
round 74: bot 107 (team B) died: hit another dragon
round 74: bot 136 (team B) died: hit itself
round 74: bot 124 (team B) died: lost a head-to-head
round 74: bot 137 (team B) died: lost a head-to-head
round 74: bot 138 (team B) died: hit another dragon
round 75: bot 104 (team B) died: lost a head-to-head
round 75: bot 41 (team B) died: lost a head-to-head
round 77: bot 143 (team A) died: lost a head-to-head
round 77: bot 120 (team B) died: lost a head-to-head
round 77: bot 139 (team B) died: hit another dragon
round 79: bot 122 (team B) died: hit another dragon
round 82: bot 125 (team A) died: hit itself
round 83: bot 135 (team B) died: hit a wall
round 85: bot 126 (team B) died: hit another dragon
round 85: bot 142 (team B) died: hit another dragon
round 85: bot 99 (team B) died: lost a head-to-head
round 85: bot 147 (team B) died: lost a head-to-head
round 86: bot 140 (team A) died: hit another dragon
round 87: bot 134 (team B) died: hit another dragon
round 87: bot 157 (team B) died: hit itself
round 88: bot 108 (team A) died: hit another dragon
round 88: bot 77 (team B) died: lost a head-to-head
round 88: bot 116 (team A) died: lost a head-to-head
round 89: bot 131 (team B) died: hit itself
round 90: bot 145 (team B) died: hit itself
round 90: bot 164 (team A) died: hit itself
round 90: bot 127 (team B) died: lost a head-to-head
round 90: bot 166 (team B) died: lost a head-to-head
round 91: bot 156 (team B) died: hit another dragon
round 92: bot 80 (team A) died: hit another dragon
round 92: bot 148 (team B) died: hit itself
round 92: bot 169 (team B) died: hit another dragon
round 93: bot 113 (team B) died: hit another dragon
round 93: bot 133 (team B) died: hit another dragon
round 93: bot 144 (team B) died: lost a head-to-head
round 93: bot 165 (team B) died: lost a head-to-head
round 94: bot 163 (team B) died: hit another dragon
round 95: bot 160 (team A) died: hit itself
round 95: bot 109 (team B) died: lost a head-to-head
round 95: bot 171 (team A) died: lost a head-to-head
round 95: bot 175 (team A) died: hit itself
round 96: bot 179 (team B) died: lost a head-to-head
round 96: bot 159 (team B) died: lost a head-to-head
round 97: bot 146 (team B) died: hit another dragon
round 98: bot 128 (team A) died: hit a wall
round 98: bot 174 (team B) died: hit itself
round 98: bot 185 (team B) died: lost a head-to-head
round 98: bot 180 (team B) died: lost a head-to-head
round 99: bot 118 (team B) died: lost a head-to-head
round 99: bot 141 (team A) died: lost a head-to-head
round 99: bot 155 (team A) died: hit another dragon
running round 101/500 --  last: 129ms  eta: 1m21s  dragons: 5 vs 21
round 101: bot 152 (team B) died: hit itself
round 101: bot 154 (team A) died: hit another dragon
round 101: bot 173 (team B) died: hit another dragon
round 101: bot 186 (team B) died: hit another dragon
round 101: bot 187 (team B) died: hit itself
round 101: bot 153 (team B) died: lost a head-to-head
round 101: bot 188 (team B) died: lost a head-to-head
round 102: bot 196 (team B) died: hit another dragon
round 103: bot 181 (team B) died: hit another dragon
round 103: bot 162 (team B) died: lost a head-to-head
round 103: bot 182 (team A) died: lost a head-to-head
round 104: bot 183 (team B) died: lost a head-to-head
round 104: bot 192 (team B) died: lost a head-to-head
round 104: bot 194 (team A) died: hit another dragon
round 104: bot 158 (team B) died: lost a head-to-head
round 104: bot 199 (team B) died: lost a head-to-head
round 105: bot 200 (team B) died: hit a wall
round 107: bot 161 (team B) died: lost a head-to-head
round 107: bot 170 (team A) died: lost a head-to-head
round 107: bot 191 (team A) died: hit another dragon
round 107: bot 195 (team B) died: hit another dragon
round 108: bot 202 (team B) died: lost a head-to-head
round 108: bot 167 (team B) died: lost a head-to-head
round 108: bot 178 (team B) died: hit a wall
round 108: bot 203 (team A) died: hit a wall
round 109: bot 208 (team B) died: hit another dragon
round 109: bot 193 (team B) died: lost a head-to-head
round 109: bot 210 (team B) died: lost a head-to-head
round 110: bot 119 (team B) died: hit another dragon
round 110: bot 217 (team B) died: lost a head-to-head
round 110: bot 216 (team B) died: lost a head-to-head
round 111: bot 223 (team B) died: hit a wall
round 113: bot 105 (team B) died: hit another dragon
round 113: bot 198 (team B) died: hit a wall
round 114: bot 215 (team B) died: lost a head-to-head
round 114: bot 227 (team B) died: lost a head-to-head
round 115: bot 225 (team A) died: lost a head-to-head
round 115: bot 150 (team B) died: lost a head-to-head
round 115: bot 205 (team A) died: lost a head-to-head
round 115: bot 189 (team A) died: lost a head-to-head
round 116: bot 226 (team B) died: hit another dragon
round 117: bot 184 (team A) died: hit itself
round 118: bot 211 (team A) died: hit another dragon
round 118: bot 231 (team B) died: hit itself
round 120: bot 204 (team B) died: hit itself
round 120: bot 206 (team B) died: hit another dragon
round 121: bot 177 (team B) died: hit another dragon
round 121: bot 233 (team B) died: hit another dragon
round 122: bot 230 (team B) died: hit another dragon
round 123: bot 201 (team A) died: hit another dragon
round 123: bot 235 (team B) died: lost a head-to-head
round 123: bot 219 (team B) died: lost a head-to-head
round 124: bot 213 (team A) died: hit a wall
round 124: bot 234 (team A) died: hit itself
round 124: bot 236 (team B) died: hit another dragon
round 124: bot 242 (team B) died: hit itself
round 125: bot 244 (team B) died: hit itself
round 126: bot 168 (team B) died: hit a wall
round 127: bot 190 (team B) died: hit another dragon
round 127: bot 220 (team B) died: hit itself
round 128: bot 212 (team B) died: lost a head-to-head
round 128: bot 248 (team B) died: lost a head-to-head
round 129: bot 172 (team B) died: hit itself
round 129: bot 224 (team A) died: hit itself
round 129: bot 245 (team B) died: hit itself
round 130: bot 249 (team A) died: hit another dragon
round 131: bot 197 (team B) died: hit itself
round 131: bot 232 (team A) died: hit another dragon
round 131: bot 257 (team B) died: hit another dragon
round 132: bot 207 (team B) died: hit itself
round 132: bot 218 (team A) died: hit another dragon
round 132: bot 222 (team B) died: hit a wall
round 133: bot 258 (team B) died: lost a head-to-head
round 133: bot 151 (team B) died: lost a head-to-head
round 133: bot 149 (team A) died: lost a head-to-head
round 133: bot 254 (team B) died: lost a head-to-head
round 134: bot 238 (team A) died: lost a head-to-head
round 134: bot 261 (team A) died: lost a head-to-head
round 134: bot 252 (team B) died: lost a head-to-head
round 134: bot 262 (team B) died: lost a head-to-head
round 134: bot 264 (team A) died: hit another dragon
round 135: bot 228 (team B) died: hit itself
round 136: bot 209 (team B) died: hit a wall
round 136: bot 246 (team B) died: lost a head-to-head
round 136: bot 240 (team A) died: lost a head-to-head
round 136: bot 85 (team B) died: lost a head-to-head
round 136: bot 250 (team A) died: lost a head-to-head
round 138: bot 268 (team A) died: lost a head-to-head
round 138: bot 272 (team A) died: lost a head-to-head
round 139: bot 237 (team B) died: hit itself
round 139: bot 274 (team A) died: hit itself
round 140: bot 221 (team B) died: hit a wall
round 141: bot 239 (team B) died: hit itself
round 142: bot 251 (team B) died: lost a head-to-head
round 142: bot 214 (team B) died: lost a head-to-head
round 142: bot 247 (team A) died: lost a head-to-head
round 142: bot 229 (team A) died: lost a head-to-head
round 142: bot 273 (team B) died: lost a head-to-head
round 142: bot 266 (team B) died: lost a head-to-head
round 142: bot 275 (team A) died: hit another dragon
round 143: bot 280 (team B) died: hit another dragon
round 143: bot 284 (team B) died: hit a wall
round 144: bot 287 (team B) died: hit itself
round 145: bot 260 (team B) died: hit a wall
round 146: bot 255 (team A) died: hit another dragon
round 146: bot 270 (team B) died: hit another dragon
round 147: bot 283 (team A) died: hit another dragon
round 147: bot 296 (team A) died: hit another dragon
round 148: bot 286 (team B) died: hit a wall
round 148: bot 294 (team B) died: hit another dragon
round 148: bot 295 (team A) died: hit another dragon
round 149: bot 299 (team B) died: lost a head-to-head
round 149: bot 289 (team B) died: lost a head-to-head
round 149: bot 292 (team B) died: hit another dragon
running round 151/500 --  last: 86ms  eta: 1m01s  dragons: 6 vs 21
round 150: bot 243 (team B) died: lost a head-to-head
round 150: bot 278 (team B) died: lost a head-to-head
round 150: bot 301 (team B) died: hit itself
round 151: bot 304 (team A) died: lost a head-to-head
round 151: bot 253 (team B) died: lost a head-to-head
round 151: bot 265 (team A) died: hit a wall
round 152: bot 256 (team A) died: hit another dragon
round 152: bot 302 (team A) died: hit itself
round 153: bot 311 (team B) died: hit another dragon
round 154: bot 263 (team B) died: hit itself
round 154: bot 290 (team B) died: hit a wall
round 154: bot 313 (team B) died: hit itself
round 154: bot 259 (team B) died: lost a head-to-head
round 154: bot 314 (team B) died: lost a head-to-head
round 155: bot 293 (team B) died: hit another dragon
round 155: bot 309 (team A) died: hit a wall
round 155: bot 315 (team B) died: hit another dragon
round 156: bot 319 (team A) died: hit itself
round 157: bot 303 (team B) died: lost a head-to-head
round 157: bot 316 (team B) died: lost a head-to-head
round 158: bot 321 (team B) died: lost a head-to-head
round 158: bot 317 (team B) died: lost a head-to-head
round 159: bot 271 (team B) died: hit another dragon
round 160: bot 318 (team B) died: hit another dragon
round 160: bot 327 (team B) died: hit another dragon
round 160: bot 330 (team B) died: hit itself
round 161: bot 277 (team B) died: hit a wall
round 161: bot 305 (team B) died: hit itself
round 161: bot 325 (team B) died: hit itself
round 161: bot 285 (team A) died: lost a head-to-head
round 161: bot 329 (team A) died: lost a head-to-head
round 162: bot 307 (team A) died: hit itself
round 162: bot 308 (team B) died: lost a head-to-head
round 162: bot 328 (team B) died: lost a head-to-head
round 163: bot 338 (team B) died: hit itself
round 164: bot 279 (team B) died: hit itself
round 164: bot 324 (team B) died: hit a wall
round 165: bot 312 (team B) died: hit itself
round 166: bot 241 (team B) died: lost a head-to-head
round 166: bot 269 (team B) died: lost a head-to-head
round 166: bot 320 (team B) died: hit a wall
round 167: bot 333 (team B) died: hit another dragon
round 168: bot 176 (team B) died: lost a head-to-head
round 168: bot 276 (team B) died: lost a head-to-head
round 168: bot 288 (team B) died: lost a head-to-head
round 168: bot 281 (team B) died: lost a head-to-head
round 170: bot 334 (team B) died: hit another dragon
round 170: bot 332 (team B) died: lost a head-to-head
round 170: bot 353 (team B) died: lost a head-to-head
round 171: bot 339 (team A) died: lost a head-to-head
round 171: bot 282 (team A) died: lost a head-to-head
round 171: bot 344 (team B) died: lost a head-to-head
round 171: bot 323 (team B) died: lost a head-to-head
round 171: bot 326 (team B) died: hit itself
round 173: bot 291 (team B) died: hit another dragon
round 173: bot 336 (team B) died: hit another dragon
round 173: bot 306 (team B) died: lost a head-to-head
round 173: bot 349 (team B) died: lost a head-to-head
round 174: bot 298 (team B) died: hit a wall
round 174: bot 358 (team B) died: lost a head-to-head
round 174: bot 348 (team B) died: lost a head-to-head
round 174: bot 355 (team B) died: hit a wall
round 175: bot 360 (team B) died: hit itself
round 176: bot 300 (team B) died: hit a wall
round 176: bot 343 (team B) died: lost a head-to-head
round 176: bot 363 (team A) died: lost a head-to-head
round 177: bot 361 (team B) died: hit itself
round 178: bot 362 (team B) died: hit itself
round 179: bot 310 (team B) died: hit another dragon
round 180: bot 322 (team B) died: hit another dragon
round 180: bot 335 (team B) died: hit itself
round 180: bot 357 (team B) died: hit itself
round 180: bot 267 (team B) died: lost a head-to-head
round 180: bot 364 (team B) died: lost a head-to-head
round 180: bot 340 (team B) died: lost a head-to-head
round 180: bot 370 (team B) died: lost a head-to-head
round 183: bot 356 (team B) died: hit itself
round 183: bot 365 (team B) died: hit itself
round 183: bot 376 (team B) died: hit another dragon
round 184: bot 379 (team B) died: hit another dragon
round 185: bot 367 (team B) died: hit itself
round 185: bot 383 (team B) died: lost a head-to-head
round 185: bot 384 (team B) died: lost a head-to-head
round 188: bot 368 (team B) died: lost a head-to-head
round 188: bot 381 (team B) died: lost a head-to-head
round 188: bot 337 (team B) died: lost a head-to-head
round 188: bot 388 (team B) died: lost a head-to-head
round 188: bot 377 (team B) died: lost a head-to-head
round 188: bot 389 (team A) died: lost a head-to-head
round 189: bot 382 (team B) died: lost a head-to-head
round 189: bot 391 (team B) died: lost a head-to-head
round 190: bot 297 (team A) died: hit itself
round 190: bot 378 (team A) died: hit a wall
round 191: bot 393 (team B) died: hit another dragon
round 191: bot 394 (team A) died: hit itself
round 192: bot 351 (team B) died: lost a head-to-head
round 192: bot 342 (team B) died: lost a head-to-head
round 193: bot 354 (team B) died: hit itself
round 193: bot 373 (team B) died: hit a wall
round 193: bot 374 (team B) died: hit another dragon
round 193: bot 404 (team B) died: hit another dragon
round 194: bot 347 (team B) died: hit another dragon
round 194: bot 341 (team B) died: lost a head-to-head
round 194: bot 387 (team B) died: lost a head-to-head
round 195: bot 380 (team B) died: hit another dragon
round 195: bot 403 (team B) died: hit itself
round 195: bot 331 (team B) died: lost a head-to-head
round 195: bot 406 (team B) died: lost a head-to-head
round 196: bot 400 (team B) died: hit a wall
round 197: bot 390 (team B) died: hit itself
round 198: bot 402 (team B) died: hit itself
round 199: bot 408 (team B) died: hit a wall
running round 201/500 --  last: 98ms  eta: 51.0s  dragons: 2 vs 29
round 200: bot 345 (team A) died: hit another dragon
round 200: bot 371 (team B) died: lost a head-to-head
round 200: bot 372 (team B) died: lost a head-to-head
round 200: bot 375 (team B) died: lost a head-to-head
round 200: bot 419 (team B) died: lost a head-to-head
round 201: bot 399 (team B) died: hit another dragon
round 201: bot 422 (team B) died: hit itself
round 201: bot 423 (team B) died: hit a wall
round 202: bot 401 (team B) died: hit another dragon
round 203: bot 369 (team B) died: hit another dragon
round 203: bot 346 (team B) died: lost a head-to-head
round 203: bot 392 (team B) died: lost a head-to-head
round 204: bot 418 (team B) died: lost a head-to-head
round 204: bot 395 (team B) died: lost a head-to-head
round 204: bot 352 (team B) died: lost a head-to-head
round 204: bot 413 (team B) died: lost a head-to-head
round 204: bot 350 (team B) died: lost a head-to-head
round 204: bot 428 (team B) died: lost a head-to-head
round 205: bot 429 (team B) died: hit a wall
round 207: bot 385 (team B) died: hit another dragon
round 207: bot 437 (team A) died: hit itself
round 208: bot 397 (team B) died: lost a head-to-head
round 208: bot 430 (team B) died: lost a head-to-head
round 209: bot 366 (team B) died: hit another dragon
round 209: bot 425 (team B) died: lost a head-to-head
round 209: bot 438 (team B) died: lost a head-to-head
round 210: bot 439 (team B) died: hit another dragon
round 211: bot 420 (team B) died: lost a head-to-head
round 211: bot 411 (team B) died: lost a head-to-head
round 211: bot 417 (team B) died: lost a head-to-head
round 211: bot 421 (team A) died: lost a head-to-head
round 211: bot 431 (team B) died: hit itself
round 211: bot 410 (team B) died: lost a head-to-head
round 211: bot 435 (team B) died: lost a head-to-head
round 212: bot 415 (team A) died: lost a head-to-head
round 212: bot 444 (team B) died: lost a head-to-head
team B wins after 213 rounds (by elimination) (37.1s)
wrote replay: C:\Users\ACER\OneDrive\Desktop\UNSW Battlecode\UNSWBC-\battlecode_data\training_loop\map-campaign-573-20260921\round1\before\Kraken\arena-B.replay
