loaded c/c++ vs c/c++
running round 2/500 --  last: 187ms  eta: 1m33s  dragons: 2 vs 2
round 17: bot 8 (team B) died: hit itself
round 31: bot 9 (team A) died: lost a head-to-head
round 31: bot 1 (team B) died: lost a head-to-head
round 35: bot 3 (team B) died: hit itself
round 36: bot 0 (team A) died: hit itself
round 37: bot 13 (team A) died: lost a head-to-head
round 37: bot 11 (team B) died: lost a head-to-head
round 39: bot 12 (team A) died: lost a head-to-head
round 39: bot 4 (team A) died: lost a head-to-head
running round 51/500 --  last: 28ms  eta: 15.7s  dragons: 17 vs 14
round 63: bot 25 (team A) died: hit a wall
round 63: bot 39 (team A) died: hit another dragon
round 64: bot 21 (team B) died: lost a head-to-head
round 64: bot 38 (team A) died: lost a head-to-head
round 66: bot 19 (team B) died: lost a head-to-head
round 66: bot 37 (team A) died: lost a head-to-head
round 67: bot 43 (team A) died: lost a head-to-head
round 67: bot 10 (team B) died: lost a head-to-head
round 69: bot 22 (team A) died: hit another dragon
round 70: bot 30 (team A) died: hit itself
round 71: bot 28 (team B) died: lost a head-to-head
round 71: bot 46 (team B) died: lost a head-to-head
round 75: bot 20 (team A) died: hit another dragon
round 75: bot 36 (team B) died: hit itself
round 78: bot 40 (team B) died: hit another dragon
round 78: bot 41 (team A) died: hit another dragon
round 80: bot 29 (team B) died: hit itself
round 80: bot 61 (team A) died: lost a head-to-head
round 80: bot 47 (team A) died: lost a head-to-head
round 82: bot 5 (team B) died: hit another dragon
round 83: bot 26 (team A) died: hit another dragon
round 85: bot 67 (team A) died: hit a wall
round 88: bot 80 (team B) died: hit another dragon
round 89: bot 15 (team B) died: hit another dragon
round 89: bot 45 (team A) died: lost a head-to-head
round 89: bot 48 (team B) died: lost a head-to-head
round 90: bot 72 (team B) died: lost a head-to-head
round 90: bot 6 (team B) died: lost a head-to-head
round 92: bot 53 (team B) died: hit another dragon
round 93: bot 54 (team A) died: hit a wall
round 94: bot 75 (team B) died: hit itself
round 97: bot 7 (team A) died: hit another dragon
round 99: bot 34 (team B) died: hit itself
round 99: bot 60 (team B) died: hit another dragon
round 99: bot 59 (team B) died: lost a head-to-head
round 99: bot 89 (team A) died: lost a head-to-head
running round 101/500 --  last: 141ms  eta: 28.8s  dragons: 24 vs 23
round 100: bot 62 (team B) died: hit another dragon
round 102: bot 69 (team B) died: hit another dragon
round 103: bot 35 (team A) died: hit itself
round 106: bot 65 (team A) died: lost a head-to-head
round 106: bot 31 (team B) died: lost a head-to-head
round 107: bot 77 (team B) died: lost a head-to-head
round 107: bot 71 (team A) died: lost a head-to-head
round 109: bot 56 (team B) died: lost a head-to-head
round 109: bot 18 (team A) died: lost a head-to-head
round 109: bot 44 (team B) died: hit itself
round 110: bot 32 (team A) died: hit another dragon
round 111: bot 23 (team B) died: hit itself
round 111: bot 87 (team A) died: hit another dragon
round 111: bot 91 (team B) died: hit another dragon
round 113: bot 88 (team B) died: lost a head-to-head
round 113: bot 79 (team A) died: lost a head-to-head
round 114: bot 101 (team B) died: hit another dragon
round 116: bot 84 (team B) died: hit another dragon
round 119: bot 94 (team A) died: hit itself
round 120: bot 95 (team B) died: lost a head-to-head
round 120: bot 82 (team A) died: lost a head-to-head
round 121: bot 103 (team A) died: hit itself
round 121: bot 108 (team A) died: hit a wall
round 122: bot 86 (team B) died: hit another dragon
round 122: bot 102 (team B) died: lost a head-to-head
round 122: bot 98 (team B) died: lost a head-to-head
round 122: bot 100 (team A) died: lost a head-to-head
round 122: bot 114 (team A) died: lost a head-to-head
round 122: bot 83 (team A) died: lost a head-to-head
round 122: bot 115 (team B) died: lost a head-to-head
round 123: bot 24 (team A) died: hit another dragon
round 123: bot 97 (team B) died: hit another dragon
round 124: bot 123 (team A) died: hit another dragon
round 125: bot 51 (team B) died: lost a head-to-head
round 125: bot 55 (team A) died: lost a head-to-head
round 125: bot 104 (team B) died: lost a head-to-head
round 125: bot 68 (team A) died: lost a head-to-head
round 127: bot 78 (team B) died: hit itself
round 128: bot 64 (team A) died: hit another dragon
round 129: bot 33 (team A) died: hit itself
round 130: bot 2 (team A) died: hit another dragon
round 132: bot 117 (team B) died: lost a head-to-head
round 132: bot 122 (team A) died: lost a head-to-head
round 133: bot 112 (team B) died: hit itself
round 134: bot 136 (team B) died: hit another dragon
round 136: bot 81 (team A) died: lost a head-to-head
round 136: bot 74 (team B) died: lost a head-to-head
round 136: bot 92 (team A) died: lost a head-to-head
round 136: bot 105 (team A) died: lost a head-to-head
round 138: bot 118 (team A) died: lost a head-to-head
round 138: bot 90 (team A) died: lost a head-to-head
round 139: bot 76 (team B) died: hit another dragon
round 140: bot 14 (team A) died: lost a head-to-head
round 140: bot 126 (team B) died: lost a head-to-head
round 140: bot 135 (team B) died: hit another dragon
round 141: bot 125 (team A) died: lost a head-to-head
round 141: bot 42 (team B) died: lost a head-to-head
round 141: bot 141 (team A) died: hit another dragon
round 142: bot 142 (team B) died: hit another dragon
round 143: bot 120 (team A) died: hit another dragon
round 145: bot 133 (team B) died: lost a head-to-head
round 145: bot 109 (team A) died: lost a head-to-head
round 145: bot 154 (team A) died: hit another dragon
round 146: bot 146 (team A) died: hit another dragon
round 148: bot 131 (team A) died: hit itself
running round 151/500 --  last: 103ms  eta: 32.4s  dragons: 32 vs 22
round 152: bot 70 (team B) died: lost a head-to-head
round 152: bot 96 (team A) died: lost a head-to-head
round 152: bot 137 (team A) died: lost a head-to-head
round 152: bot 156 (team B) died: lost a head-to-head
round 155: bot 99 (team B) died: hit another dragon
round 156: bot 139 (team A) died: lost a head-to-head
round 156: bot 161 (team A) died: lost a head-to-head
round 156: bot 121 (team B) died: lost a head-to-head
round 156: bot 167 (team B) died: lost a head-to-head
round 157: bot 27 (team B) died: hit another dragon
round 157: bot 17 (team B) died: lost a head-to-head
round 157: bot 52 (team A) died: lost a head-to-head
round 157: bot 66 (team B) died: hit a wall
round 157: bot 152 (team A) died: lost a head-to-head
round 157: bot 160 (team A) died: lost a head-to-head
round 158: bot 150 (team A) died: hit another dragon
round 159: bot 127 (team A) died: hit another dragon
round 159: bot 134 (team A) died: hit itself
round 160: bot 169 (team A) died: lost a head-to-head
round 160: bot 155 (team B) died: lost a head-to-head
round 160: bot 164 (team B) died: hit another dragon
round 160: bot 173 (team A) died: hit another dragon
round 161: bot 93 (team A) died: hit another dragon
round 161: bot 143 (team B) died: hit another dragon
round 161: bot 157 (team A) died: lost a head-to-head
round 161: bot 168 (team B) died: lost a head-to-head
round 162: bot 147 (team B) died: lost a head-to-head
round 162: bot 119 (team A) died: lost a head-to-head
round 163: bot 144 (team A) died: hit itself
round 168: bot 191 (team B) died: lost a head-to-head
round 168: bot 106 (team B) died: lost a head-to-head
round 168: bot 149 (team A) died: hit a wall
round 168: bot 183 (team A) died: hit a wall
round 169: bot 140 (team B) died: hit itself
round 170: bot 187 (team B) died: hit another dragon
round 171: bot 175 (team B) died: hit another dragon
round 173: bot 151 (team B) died: hit itself
round 175: bot 186 (team A) died: hit another dragon
round 176: bot 158 (team B) died: lost a head-to-head
round 176: bot 107 (team A) died: lost a head-to-head
round 176: bot 200 (team B) died: hit another dragon
round 177: bot 148 (team A) died: hit another dragon
round 178: bot 110 (team B) died: hit another dragon
round 178: bot 179 (team A) died: hit another dragon
round 178: bot 185 (team B) died: hit another dragon
round 179: bot 195 (team B) died: lost a head-to-head
round 179: bot 16 (team A) died: lost a head-to-head
round 180: bot 189 (team A) died: hit another dragon
round 180: bot 184 (team A) died: lost a head-to-head
round 180: bot 209 (team A) died: lost a head-to-head
round 181: bot 73 (team B) died: lost a head-to-head
round 181: bot 50 (team A) died: lost a head-to-head
round 181: bot 113 (team A) died: hit itself
round 181: bot 162 (team A) died: hit another dragon
round 181: bot 159 (team A) died: lost a head-to-head
round 181: bot 193 (team A) died: lost a head-to-head
round 181: bot 204 (team B) died: hit itself
round 182: bot 180 (team A) died: lost a head-to-head
round 182: bot 145 (team B) died: lost a head-to-head
round 183: bot 182 (team B) died: lost a head-to-head
round 183: bot 199 (team B) died: lost a head-to-head
round 184: bot 111 (team A) died: lost a head-to-head
round 184: bot 57 (team B) died: lost a head-to-head
round 184: bot 205 (team A) died: hit another dragon
round 185: bot 181 (team A) died: hit another dragon
round 185: bot 212 (team B) died: hit itself
round 186: bot 171 (team A) died: hit another dragon
round 187: bot 174 (team B) died: hit another dragon
round 189: bot 166 (team A) died: hit another dragon
round 189: bot 210 (team B) died: lost a head-to-head
round 189: bot 188 (team B) died: lost a head-to-head
round 189: bot 196 (team A) died: hit another dragon
round 190: bot 213 (team A) died: hit another dragon
round 191: bot 165 (team B) died: hit another dragon
round 192: bot 203 (team B) died: lost a head-to-head
round 192: bot 221 (team A) died: lost a head-to-head
round 193: bot 219 (team B) died: hit another dragon
round 193: bot 233 (team A) died: hit itself
round 194: bot 230 (team A) died: hit another dragon
round 195: bot 222 (team A) died: lost a head-to-head
round 195: bot 225 (team B) died: lost a head-to-head
round 195: bot 232 (team B) died: hit another dragon
round 196: bot 190 (team B) died: hit another dragon
round 197: bot 243 (team B) died: lost a head-to-head
round 197: bot 234 (team B) died: lost a head-to-head
round 198: bot 214 (team A) died: hit another dragon
round 198: bot 215 (team B) died: hit itself
round 198: bot 228 (team A) died: hit itself
round 199: bot 206 (team B) died: hit a wall
running round 201/500 --  last: 52ms  eta: 40.7s  dragons: 28 vs 22
round 200: bot 207 (team A) died: hit another dragon
round 200: bot 237 (team B) died: hit itself
round 200: bot 238 (team A) died: hit another dragon
round 201: bot 231 (team A) died: hit a wall
round 202: bot 245 (team A) died: hit a wall
round 202: bot 247 (team B) died: hit another dragon
round 203: bot 170 (team A) died: hit a wall
round 204: bot 128 (team A) died: hit itself
round 204: bot 229 (team B) died: lost a head-to-head
round 204: bot 153 (team B) died: lost a head-to-head
round 206: bot 253 (team A) died: lost a head-to-head
round 206: bot 85 (team A) died: lost a head-to-head
round 207: bot 261 (team B) died: hit another dragon
round 210: bot 138 (team A) died: lost a head-to-head
round 210: bot 236 (team B) died: lost a head-to-head
round 211: bot 241 (team A) died: hit a wall
round 211: bot 266 (team B) died: hit itself
round 212: bot 262 (team B) died: lost a head-to-head
round 212: bot 223 (team B) died: lost a head-to-head
round 212: bot 124 (team B) died: lost a head-to-head
round 212: bot 239 (team A) died: lost a head-to-head
round 215: bot 249 (team A) died: hit a wall
round 216: bot 172 (team B) died: hit another dragon
round 216: bot 177 (team B) died: hit another dragon
round 216: bot 178 (team B) died: lost a head-to-head
round 216: bot 273 (team A) died: lost a head-to-head
round 218: bot 255 (team B) died: hit itself
round 218: bot 274 (team B) died: hit itself
round 219: bot 242 (team A) died: lost a head-to-head
round 219: bot 176 (team B) died: lost a head-to-head
round 219: bot 216 (team B) died: hit itself
round 220: bot 163 (team A) died: hit itself
round 220: bot 248 (team B) died: lost a head-to-head
round 220: bot 218 (team A) died: lost a head-to-head
round 220: bot 235 (team A) died: hit another dragon
round 221: bot 130 (team B) died: hit itself
round 221: bot 269 (team B) died: lost a head-to-head
round 221: bot 257 (team A) died: lost a head-to-head
round 223: bot 282 (team B) died: hit another dragon
round 224: bot 276 (team B) died: hit another dragon
round 230: bot 201 (team B) died: lost a head-to-head
round 230: bot 280 (team B) died: lost a head-to-head
round 231: bot 132 (team A) died: lost a head-to-head
round 231: bot 198 (team B) died: lost a head-to-head
round 233: bot 265 (team B) died: lost a head-to-head
round 233: bot 275 (team A) died: lost a head-to-head
round 235: bot 277 (team A) died: hit another dragon
round 237: bot 226 (team B) died: lost a head-to-head
round 237: bot 259 (team A) died: lost a head-to-head
round 239: bot 49 (team B) died: hit another dragon
round 239: bot 217 (team B) died: lost a head-to-head
round 239: bot 227 (team A) died: lost a head-to-head
round 239: bot 286 (team B) died: hit itself
round 240: bot 63 (team A) died: lost a head-to-head
round 240: bot 202 (team A) died: lost a head-to-head
round 241: bot 194 (team A) died: hit another dragon
round 242: bot 268 (team A) died: hit another dragon
round 243: bot 301 (team B) died: lost a head-to-head
round 243: bot 116 (team A) died: lost a head-to-head
round 243: bot 240 (team B) died: lost a head-to-head
round 243: bot 254 (team A) died: lost a head-to-head
round 245: bot 258 (team A) died: lost a head-to-head
round 245: bot 267 (team B) died: lost a head-to-head
round 245: bot 285 (team B) died: lost a head-to-head
round 245: bot 272 (team B) died: lost a head-to-head
round 246: bot 197 (team A) died: hit another dragon
round 246: bot 309 (team B) died: hit itself
round 248: bot 293 (team A) died: hit another dragon
round 248: bot 208 (team A) died: lost a head-to-head
round 248: bot 302 (team A) died: lost a head-to-head
round 249: bot 220 (team B) died: hit another dragon
round 249: bot 250 (team A) died: hit another dragon
round 249: bot 291 (team B) died: hit another dragon
round 249: bot 311 (team B) died: lost a head-to-head
round 249: bot 292 (team A) died: lost a head-to-head
running round 251/500 --  last: 111ms  eta: 32.2s  dragons: 30 vs 16
round 251: bot 318 (team A) died: lost a head-to-head
round 251: bot 284 (team A) died: lost a head-to-head
round 252: bot 322 (team B) died: hit a wall
round 253: bot 289 (team A) died: lost a head-to-head
round 253: bot 278 (team A) died: lost a head-to-head
round 253: bot 303 (team A) died: hit another dragon
round 256: bot 224 (team A) died: lost a head-to-head
round 256: bot 129 (team A) died: lost a head-to-head
round 257: bot 287 (team A) died: hit another dragon
round 258: bot 58 (team A) died: hit another dragon
round 258: bot 297 (team A) died: hit itself
round 258: bot 326 (team A) died: lost a head-to-head
round 258: bot 324 (team A) died: lost a head-to-head
round 260: bot 304 (team B) died: lost a head-to-head
round 260: bot 315 (team A) died: lost a head-to-head
round 261: bot 316 (team B) died: hit another dragon
round 262: bot 340 (team B) died: hit itself
round 263: bot 314 (team B) died: hit another dragon
round 264: bot 256 (team B) died: lost a head-to-head
round 264: bot 296 (team A) died: lost a head-to-head
round 267: bot 313 (team A) died: lost a head-to-head
round 267: bot 308 (team A) died: lost a head-to-head
round 267: bot 319 (team A) died: hit another dragon
round 267: bot 307 (team B) died: lost a head-to-head
round 267: bot 342 (team B) died: lost a head-to-head
round 270: bot 320 (team A) died: hit itself
round 271: bot 290 (team A) died: hit another dragon
round 272: bot 339 (team A) died: lost a head-to-head
round 272: bot 298 (team A) died: lost a head-to-head
round 272: bot 350 (team A) died: hit itself
round 275: bot 327 (team A) died: hit another dragon
round 276: bot 338 (team A) died: hit itself
round 278: bot 337 (team B) died: lost a head-to-head
round 278: bot 252 (team A) died: lost a head-to-head
round 278: bot 325 (team A) died: hit another dragon
round 279: bot 323 (team A) died: hit itself
round 281: bot 263 (team B) died: hit another dragon
round 281: bot 279 (team A) died: hit another dragon
round 281: bot 349 (team A) died: hit a wall
round 281: bot 352 (team B) died: hit itself
round 282: bot 357 (team A) died: lost a head-to-head
round 282: bot 211 (team A) died: lost a head-to-head
round 282: bot 328 (team B) died: lost a head-to-head
round 282: bot 260 (team A) died: lost a head-to-head
round 282: bot 364 (team A) died: lost a head-to-head
round 282: bot 299 (team A) died: lost a head-to-head
round 284: bot 192 (team A) died: hit itself
round 284: bot 348 (team B) died: hit another dragon
round 285: bot 351 (team A) died: hit a wall
round 286: bot 336 (team A) died: lost a head-to-head
round 286: bot 281 (team B) died: lost a head-to-head
round 286: bot 330 (team A) died: lost a head-to-head
round 286: bot 321 (team A) died: lost a head-to-head
round 286: bot 333 (team A) died: hit itself
round 287: bot 283 (team B) died: lost a head-to-head
round 287: bot 271 (team A) died: lost a head-to-head
round 288: bot 344 (team A) died: lost a head-to-head
round 288: bot 312 (team A) died: lost a head-to-head
round 288: bot 365 (team A) died: lost a head-to-head
round 288: bot 372 (team A) died: lost a head-to-head
round 289: bot 270 (team B) died: lost a head-to-head
round 289: bot 345 (team A) died: lost a head-to-head
round 290: bot 305 (team A) died: hit another dragon
round 291: bot 383 (team A) died: lost a head-to-head
round 291: bot 347 (team B) died: lost a head-to-head
round 291: bot 370 (team A) died: hit another dragon
round 292: bot 378 (team A) died: lost a head-to-head
round 292: bot 361 (team A) died: lost a head-to-head
round 292: bot 381 (team B) died: hit another dragon
round 293: bot 382 (team B) died: hit another dragon
round 294: bot 366 (team A) died: hit another dragon
round 294: bot 317 (team A) died: lost a head-to-head
round 294: bot 367 (team A) died: lost a head-to-head
round 294: bot 310 (team B) died: lost a head-to-head
round 294: bot 379 (team B) died: lost a head-to-head
round 295: bot 341 (team A) died: hit another dragon
round 295: bot 377 (team A) died: hit itself
round 296: bot 288 (team B) died: lost a head-to-head
round 296: bot 375 (team A) died: lost a head-to-head
round 297: bot 380 (team A) died: hit itself
round 297: bot 392 (team A) died: hit another dragon
round 299: bot 334 (team B) died: lost a head-to-head
round 299: bot 353 (team A) died: lost a head-to-head
round 299: bot 376 (team A) died: hit another dragon
running round 301/500 --  last: 109ms  eta: 24.9s  dragons: 23 vs 21
round 300: bot 395 (team B) died: hit a wall
round 300: bot 397 (team A) died: hit a wall
round 301: bot 300 (team A) died: hit itself
round 302: bot 335 (team A) died: lost a head-to-head
round 302: bot 264 (team B) died: lost a head-to-head
round 302: bot 354 (team B) died: hit another dragon
round 304: bot 368 (team B) died: lost a head-to-head
round 304: bot 399 (team B) died: lost a head-to-head
round 305: bot 394 (team B) died: hit itself
round 305: bot 404 (team B) died: hit itself
round 307: bot 407 (team A) died: hit a wall
round 308: bot 411 (team B) died: hit another dragon
round 309: bot 343 (team A) died: lost a head-to-head
round 309: bot 332 (team B) died: lost a head-to-head
round 309: bot 373 (team A) died: hit another dragon
round 309: bot 413 (team A) died: hit itself
round 311: bot 294 (team B) died: hit another dragon
round 312: bot 386 (team B) died: lost a head-to-head
round 312: bot 359 (team B) died: lost a head-to-head
round 312: bot 417 (team B) died: hit itself
round 313: bot 398 (team A) died: lost a head-to-head
round 313: bot 244 (team A) died: lost a head-to-head
round 313: bot 406 (team A) died: hit itself
round 313: bot 419 (team A) died: hit itself
round 315: bot 295 (team A) died: lost a head-to-head
round 315: bot 393 (team B) died: lost a head-to-head
round 316: bot 423 (team B) died: lost a head-to-head
round 316: bot 355 (team A) died: lost a head-to-head
round 317: bot 425 (team B) died: hit another dragon
round 318: bot 346 (team A) died: lost a head-to-head
round 318: bot 403 (team A) died: lost a head-to-head
round 319: bot 363 (team A) died: hit itself
round 319: bot 387 (team B) died: hit another dragon
round 320: bot 389 (team A) died: lost a head-to-head
round 320: bot 410 (team A) died: lost a head-to-head
round 321: bot 374 (team A) died: lost a head-to-head
round 321: bot 416 (team B) died: lost a head-to-head
round 324: bot 369 (team B) died: lost a head-to-head
round 324: bot 428 (team B) died: lost a head-to-head
round 325: bot 356 (team A) died: hit another dragon
round 326: bot 384 (team B) died: lost a head-to-head
round 326: bot 424 (team A) died: lost a head-to-head
round 329: bot 435 (team B) died: lost a head-to-head
round 329: bot 402 (team B) died: lost a head-to-head
round 331: bot 430 (team A) died: lost a head-to-head
round 331: bot 420 (team A) died: lost a head-to-head
round 332: bot 329 (team A) died: hit another dragon
round 332: bot 401 (team A) died: lost a head-to-head
round 332: bot 453 (team A) died: lost a head-to-head
round 334: bot 385 (team B) died: hit another dragon
round 338: bot 391 (team A) died: hit a wall
round 339: bot 388 (team B) died: hit another dragon
round 339: bot 457 (team A) died: hit another dragon
round 340: bot 439 (team B) died: lost a head-to-head
round 340: bot 362 (team B) died: lost a head-to-head
round 341: bot 251 (team B) died: lost a head-to-head
round 341: bot 390 (team A) died: lost a head-to-head
round 341: bot 444 (team B) died: hit another dragon
round 343: bot 371 (team A) died: hit another dragon
round 343: bot 448 (team B) died: lost a head-to-head
round 343: bot 426 (team A) died: lost a head-to-head
round 343: bot 441 (team A) died: hit another dragon
round 344: bot 459 (team A) died: hit itself
round 344: bot 462 (team A) died: hit itself
round 345: bot 427 (team A) died: lost a head-to-head
round 345: bot 437 (team B) died: lost a head-to-head
round 347: bot 331 (team A) died: hit itself
round 347: bot 470 (team B) died: lost a head-to-head
round 347: bot 408 (team B) died: lost a head-to-head
round 347: bot 440 (team A) died: hit another dragon
running round 351/500 --  last: 248ms  eta: 19.0s  dragons: 22 vs 28
round 350: bot 436 (team A) died: lost a head-to-head
round 350: bot 454 (team A) died: lost a head-to-head
round 353: bot 246 (team B) died: hit itself
round 353: bot 438 (team B) died: hit another dragon
round 356: bot 429 (team B) died: hit another dragon
round 356: bot 467 (team B) died: hit another dragon
round 360: bot 405 (team A) died: lost a head-to-head
round 360: bot 478 (team A) died: lost a head-to-head
round 362: bot 414 (team B) died: hit another dragon
round 362: bot 432 (team B) died: hit another dragon
round 362: bot 450 (team A) died: hit itself
round 362: bot 473 (team B) died: hit another dragon
round 363: bot 421 (team B) died: hit another dragon
round 363: bot 449 (team A) died: hit another dragon
round 364: bot 452 (team B) died: hit another dragon
round 367: bot 400 (team A) died: hit another dragon
round 367: bot 476 (team A) died: hit another dragon
round 368: bot 433 (team A) died: lost a head-to-head
round 368: bot 463 (team B) died: lost a head-to-head
round 372: bot 464 (team A) died: lost a head-to-head
round 372: bot 409 (team B) died: lost a head-to-head
round 374: bot 479 (team B) died: hit itself
round 376: bot 465 (team B) died: hit another dragon
round 379: bot 469 (team A) died: hit itself
round 379: bot 482 (team A) died: hit another dragon
round 380: bot 468 (team B) died: hit another dragon
round 381: bot 485 (team A) died: lost a head-to-head
round 381: bot 494 (team B) died: lost a head-to-head
round 385: bot 493 (team B) died: hit itself
round 387: bot 499 (team B) died: lost a head-to-head
round 387: bot 360 (team B) died: lost a head-to-head
round 387: bot 443 (team B) died: lost a head-to-head
round 387: bot 415 (team A) died: lost a head-to-head
round 389: bot 458 (team B) died: hit another dragon
round 390: bot 418 (team B) died: hit itself
round 391: bot 483 (team A) died: hit another dragon
round 391: bot 501 (team B) died: hit another dragon
round 395: bot 471 (team A) died: hit another dragon
round 398: bot 481 (team A) died: hit another dragon
running round 401/500 --  last: 131ms  eta: 12.2s  dragons: 17 vs 24
round 400: bot 489 (team B) died: hit another dragon
round 401: bot 496 (team B) died: hit another dragon
round 402: bot 490 (team B) died: hit another dragon
round 404: bot 445 (team B) died: hit another dragon
round 404: bot 491 (team A) died: hit itself
round 405: bot 431 (team A) died: hit itself
round 405: bot 484 (team B) died: hit another dragon
round 407: bot 512 (team B) died: hit a wall
round 411: bot 434 (team B) died: hit another dragon
round 412: bot 306 (team B) died: lost a head-to-head
round 412: bot 446 (team A) died: lost a head-to-head
round 412: bot 456 (team A) died: hit itself
round 413: bot 455 (team B) died: hit another dragon
round 413: bot 486 (team B) died: hit itself
round 416: bot 358 (team A) died: hit itself
round 416: bot 507 (team B) died: hit another dragon
round 419: bot 514 (team B) died: hit another dragon
round 420: bot 396 (team A) died: hit another dragon
round 424: bot 460 (team B) died: lost a head-to-head
round 424: bot 412 (team B) died: lost a head-to-head
round 425: bot 500 (team B) died: lost a head-to-head
round 425: bot 504 (team B) died: lost a head-to-head
round 427: bot 498 (team B) died: hit another dragon
round 428: bot 506 (team A) died: hit another dragon
round 428: bot 510 (team A) died: hit another dragon
round 429: bot 492 (team B) died: lost a head-to-head
round 429: bot 442 (team B) died: lost a head-to-head
round 431: bot 523 (team A) died: hit itself
round 432: bot 475 (team B) died: hit another dragon
round 432: bot 477 (team B) died: lost a head-to-head
round 432: bot 519 (team A) died: lost a head-to-head
round 435: bot 521 (team A) died: lost a head-to-head
round 435: bot 511 (team B) died: lost a head-to-head
round 437: bot 447 (team A) died: hit another dragon
round 437: bot 487 (team B) died: hit itself
round 440: bot 497 (team A) died: lost a head-to-head
round 440: bot 488 (team B) died: lost a head-to-head
round 441: bot 503 (team A) died: hit another dragon
round 443: bot 480 (team B) died: hit itself
round 443: bot 515 (team B) died: hit another dragon
round 443: bot 522 (team B) died: hit another dragon
round 445: bot 451 (team A) died: hit another dragon
round 445: bot 517 (team B) died: hit another dragon
round 446: bot 422 (team A) died: hit another dragon
round 447: bot 495 (team A) died: hit another dragon
running round 451/500 --  last: 46ms  eta: 6.0s  dragons: 15 vs 6
round 456: bot 530 (team A) died: hit a wall
round 459: bot 528 (team A) died: hit another dragon
round 459: bot 533 (team A) died: lost a head-to-head
round 459: bot 534 (team B) died: lost a head-to-head
round 463: bot 466 (team B) died: hit another dragon
round 467: bot 508 (team B) died: hit another dragon
round 467: bot 538 (team B) died: hit another dragon
round 469: bot 509 (team A) died: hit itself
round 470: bot 536 (team B) died: hit another dragon
round 475: bot 472 (team A) died: hit another dragon
round 481: bot 535 (team A) died: hit itself
round 482: bot 516 (team A) died: hit another dragon
round 482: bot 525 (team B) died: hit another dragon
round 482: bot 524 (team A) died: lost a head-to-head
round 482: bot 547 (team A) died: lost a head-to-head
round 488: bot 545 (team A) died: hit itself
round 489: bot 527 (team B) died: hit another dragon
round 490: bot 550 (team A) died: hit another dragon
round 491: bot 520 (team A) died: lost a head-to-head
round 491: bot 539 (team B) died: lost a head-to-head
round 492: bot 461 (team B) died: hit itself
round 492: bot 557 (team A) died: hit itself
round 493: bot 556 (team B) died: hit another dragon
round 494: bot 505 (team A) died: hit another dragon
round 494: bot 564 (team B) died: lost a head-to-head
round 494: bot 541 (team B) died: lost a head-to-head
round 494: bot 543 (team A) died: hit another dragon
round 496: bot 542 (team A) died: lost a head-to-head
round 496: bot 513 (team A) died: lost a head-to-head
round 497: bot 526 (team A) died: hit itself
round 497: bot 558 (team B) died: hit another dragon
round 498: bot 544 (team A) died: hit a wall
round 498: bot 549 (team B) died: hit another dragon
round 499: bot 532 (team A) died: hit another dragon
round 499: bot 568 (team B) died: lost a head-to-head
round 499: bot 570 (team B) died: lost a head-to-head
team B wins after 500 rounds (on length) (1m02s)
wrote replay: C:\Users\ACER\OneDrive\Desktop\UNSW Battlecode\UNSWBC-\battlecode_data\training_loop\map-campaign-573-20260921\round1\before\Kraken\Colosseum-B.replay
