loaded c/c++ vs c/c++
running round 2/500 --  last: 372ms  eta: 3m05s  dragons: 7 vs 7
round 32: bot 9 (team B) died: hit a wall
running round 51/500 --  last: 15ms  eta: 9.9s  dragons: 8 vs 9
round 95: bot 2 (team A) died: hit another dragon
round 99: bot 17 (team B) died: lost a head-to-head
round 99: bot 23 (team B) died: lost a head-to-head
running round 101/500 --  last: 77ms  eta: 10.5s  dragons: 15 vs 14
round 130: bot 42 (team B) died: hit a wall
round 136: bot 38 (team B) died: hit a wall
round 137: bot 40 (team B) died: hit a wall
round 148: bot 35 (team B) died: hit another dragon
running round 151/500 --  last: 54ms  eta: 12.7s  dragons: 19 vs 27
round 153: bot 10 (team A) died: hit another dragon
round 158: bot 45 (team B) died: lost a head-to-head
round 158: bot 37 (team B) died: lost a head-to-head
round 168: bot 49 (team B) died: hit another dragon
round 173: bot 52 (team A) died: hit itself
round 175: bot 5 (team B) died: hit itself
round 178: bot 27 (team B) died: hit another dragon
round 179: bot 59 (team B) died: hit itself
round 180: bot 34 (team B) died: lost a head-to-head
round 180: bot 36 (team B) died: lost a head-to-head
round 180: bot 60 (team B) died: hit another dragon
round 182: bot 3 (team B) died: hit a wall
round 186: bot 30 (team B) died: hit another dragon
round 186: bot 63 (team A) died: hit a wall
round 191: bot 44 (team B) died: hit itself
round 194: bot 67 (team B) died: lost a head-to-head
round 194: bot 43 (team B) died: lost a head-to-head
round 195: bot 47 (team B) died: hit itself
round 196: bot 72 (team B) died: hit itself
round 197: bot 66 (team B) died: hit itself
running round 201/500 --  last: 66ms  eta: 14.3s  dragons: 22 vs 30
round 200: bot 58 (team B) died: hit a wall
round 202: bot 41 (team B) died: hit another dragon
round 202: bot 55 (team B) died: hit a wall
round 206: bot 57 (team B) died: hit itself
round 209: bot 51 (team A) died: hit a wall
round 210: bot 65 (team B) died: hit itself
round 210: bot 80 (team B) died: hit itself
round 211: bot 56 (team B) died: hit a wall
round 216: bot 32 (team B) died: lost a head-to-head
round 216: bot 68 (team B) died: lost a head-to-head
round 218: bot 53 (team B) died: lost a head-to-head
round 218: bot 74 (team B) died: lost a head-to-head
round 222: bot 79 (team B) died: hit itself
round 227: bot 83 (team B) died: hit itself
round 242: bot 94 (team A) died: hit a wall
round 247: bot 29 (team B) died: hit a wall
running round 251/500 --  last: 59ms  eta: 13.2s  dragons: 21 vs 31
round 251: bot 78 (team B) died: lost a head-to-head
round 251: bot 91 (team B) died: lost a head-to-head
round 257: bot 92 (team B) died: lost a head-to-head
round 257: bot 73 (team B) died: lost a head-to-head
round 258: bot 6 (team A) died: hit another dragon
round 259: bot 93 (team B) died: lost a head-to-head
round 259: bot 99 (team A) died: lost a head-to-head
round 260: bot 85 (team B) died: hit another dragon
round 264: bot 90 (team B) died: hit another dragon
round 265: bot 7 (team B) died: hit itself
round 265: bot 75 (team A) died: hit a wall
round 268: bot 70 (team B) died: hit a wall
round 268: bot 89 (team B) died: hit a wall
round 271: bot 76 (team A) died: hit a wall
round 272: bot 39 (team B) died: lost a head-to-head
round 272: bot 84 (team B) died: lost a head-to-head
round 274: bot 77 (team A) died: hit another dragon
round 274: bot 95 (team B) died: hit a wall
round 276: bot 98 (team B) died: lost a head-to-head
round 276: bot 113 (team B) died: lost a head-to-head
round 277: bot 88 (team B) died: hit another dragon
round 279: bot 28 (team A) died: hit a wall
round 279: bot 112 (team A) died: hit a wall
round 280: bot 16 (team B) died: hit another dragon
round 281: bot 115 (team B) died: hit itself
round 283: bot 103 (team A) died: hit another dragon
round 285: bot 111 (team B) died: lost a head-to-head
round 285: bot 1 (team B) died: lost a head-to-head
round 286: bot 48 (team A) died: hit itself
round 288: bot 54 (team B) died: hit itself
round 292: bot 122 (team B) died: hit another dragon
round 294: bot 14 (team A) died: hit another dragon
round 294: bot 81 (team B) died: hit another dragon
round 297: bot 107 (team B) died: hit itself
round 299: bot 108 (team A) died: hit another dragon
running round 301/500 --  last: 75ms  eta: 11.8s  dragons: 22 vs 37
round 302: bot 87 (team B) died: hit itself
round 304: bot 118 (team B) died: hit another dragon
round 305: bot 137 (team B) died: hit a wall
round 308: bot 71 (team B) died: hit a wall
round 310: bot 116 (team B) died: lost a head-to-head
round 310: bot 134 (team B) died: lost a head-to-head
round 317: bot 127 (team B) died: hit a wall
round 319: bot 143 (team B) died: hit itself
round 320: bot 97 (team A) died: hit another dragon
round 320: bot 109 (team B) died: hit itself
round 321: bot 82 (team B) died: hit itself
round 322: bot 140 (team B) died: lost a head-to-head
round 322: bot 144 (team B) died: lost a head-to-head
round 326: bot 96 (team B) died: hit another dragon
round 326: bot 148 (team B) died: hit another dragon
round 331: bot 69 (team A) died: lost a head-to-head
round 331: bot 117 (team B) died: lost a head-to-head
round 336: bot 114 (team B) died: hit a wall
round 336: bot 158 (team B) died: hit a wall
round 338: bot 154 (team B) died: hit a wall
round 343: bot 64 (team B) died: hit another dragon
round 346: bot 123 (team A) died: hit another dragon
round 347: bot 141 (team B) died: lost a head-to-head
round 347: bot 147 (team B) died: lost a head-to-head
running round 351/500 --  last: 84ms  eta: 9.9s  dragons: 21 vs 40
round 350: bot 152 (team B) died: lost a head-to-head
round 350: bot 101 (team B) died: lost a head-to-head
round 359: bot 62 (team A) died: lost a head-to-head
round 359: bot 19 (team B) died: lost a head-to-head
round 366: bot 153 (team B) died: hit a wall
round 366: bot 164 (team B) died: hit a wall
round 368: bot 126 (team B) died: hit another dragon
round 372: bot 159 (team B) died: hit another dragon
round 373: bot 149 (team B) died: hit another dragon
round 376: bot 130 (team B) died: hit another dragon
round 378: bot 173 (team B) died: hit itself
round 381: bot 167 (team B) died: hit itself
round 383: bot 11 (team B) died: hit another dragon
round 387: bot 128 (team B) died: hit another dragon
round 388: bot 165 (team B) died: hit itself
round 389: bot 133 (team B) died: hit a wall
round 391: bot 13 (team B) died: hit another dragon
round 392: bot 163 (team B) died: lost a head-to-head
round 392: bot 22 (team A) died: lost a head-to-head
round 392: bot 169 (team B) died: hit a wall
round 393: bot 24 (team A) died: hit a wall
round 393: bot 180 (team B) died: lost a head-to-head
round 393: bot 160 (team B) died: lost a head-to-head
round 395: bot 146 (team B) died: hit another dragon
running round 401/500 --  last: 71ms  eta: 6.8s  dragons: 19 vs 39
round 402: bot 106 (team B) died: hit another dragon
round 403: bot 178 (team B) died: lost a head-to-head
round 403: bot 184 (team B) died: lost a head-to-head
round 405: bot 175 (team B) died: lost a head-to-head
round 405: bot 183 (team B) died: lost a head-to-head
round 412: bot 177 (team B) died: hit a wall
round 413: bot 170 (team B) died: lost a head-to-head
round 413: bot 176 (team B) died: lost a head-to-head
round 417: bot 189 (team B) died: hit a wall
round 419: bot 105 (team A) died: hit another dragon
round 425: bot 190 (team B) died: hit another dragon
round 427: bot 168 (team B) died: lost a head-to-head
round 427: bot 4 (team A) died: lost a head-to-head
round 430: bot 172 (team B) died: lost a head-to-head
round 430: bot 162 (team B) died: lost a head-to-head
round 443: bot 25 (team A) died: hit itself
round 444: bot 196 (team A) died: hit itself
round 446: bot 197 (team A) died: hit a wall
running round 451/500 --  last: 106ms  eta: 4.9s  dragons: 20 vs 36
round 453: bot 192 (team B) died: lost a head-to-head
round 453: bot 187 (team B) died: lost a head-to-head
round 453: bot 200 (team A) died: hit a wall
round 469: bot 110 (team A) died: hit a wall
round 488: bot 12 (team A) died: lost a head-to-head
round 488: bot 139 (team B) died: lost a head-to-head
team A wins after 500 rounds (on length) (49.2s)
wrote replay: C:\Users\ACER\OneDrive\Desktop\UNSW Battlecode\UNSWBC-\battlecode_data\training_loop\map-campaign-573-20260921\round1\before\Kraken\default-A.replay
