loaded c/c++ vs c/c++
running round 2/500 --  last: 849ms  eta: 7m03s  dragons: 7 vs 7
running round 51/500 --  last: 27ms  eta: 15.5s  dragons: 9 vs 11
round 86: bot 19 (team B) died: hit itself
round 94: bot 11 (team B) died: hit itself
running round 101/500 --  last: 30ms  eta: 13.6s  dragons: 12 vs 12
round 100: bot 4 (team A) died: hit itself
round 121: bot 30 (team A) died: hit a wall
round 145: bot 12 (team A) died: lost a head-to-head
round 145: bot 6 (team A) died: lost a head-to-head
round 149: bot 34 (team A) died: hit a wall
running round 151/500 --  last: 55ms  eta: 13.1s  dragons: 15 vs 15
round 179: bot 42 (team A) died: hit a wall
round 180: bot 31 (team A) died: hit a wall
round 199: bot 29 (team A) died: hit a wall
running round 201/500 --  last: 52ms  eta: 11.8s  dragons: 17 vs 19
round 203: bot 23 (team A) died: lost a head-to-head
round 203: bot 0 (team A) died: lost a head-to-head
round 204: bot 9 (team B) died: hit itself
round 211: bot 24 (team B) died: hit a wall
round 221: bot 28 (team A) died: hit itself
round 224: bot 15 (team A) died: hit another dragon
round 228: bot 51 (team A) died: lost a head-to-head
round 228: bot 17 (team B) died: lost a head-to-head
round 237: bot 49 (team A) died: hit a wall
round 241: bot 39 (team B) died: hit a wall
round 249: bot 52 (team A) died: hit a wall
running round 251/500 --  last: 147ms  eta: 12.0s  dragons: 21 vs 16
round 254: bot 59 (team A) died: hit a wall
round 255: bot 55 (team A) died: hit a wall
round 259: bot 50 (team A) died: hit a wall
round 259: bot 64 (team A) died: hit another dragon
round 260: bot 10 (team A) died: hit itself
round 261: bot 66 (team A) died: hit a wall
round 262: bot 25 (team A) died: hit itself
round 263: bot 14 (team A) died: hit a wall
round 264: bot 63 (team A) died: hit a wall
round 266: bot 58 (team A) died: hit a wall
round 269: bot 61 (team A) died: hit itself
round 272: bot 1 (team B) died: hit another dragon
round 272: bot 69 (team A) died: hit a wall
round 281: bot 13 (team B) died: lost a head-to-head
round 281: bot 27 (team A) died: lost a head-to-head
round 283: bot 37 (team A) died: hit a wall
round 284: bot 48 (team A) died: hit another dragon
round 286: bot 45 (team A) died: hit itself
round 286: bot 74 (team A) died: hit itself
round 293: bot 82 (team A) died: hit another dragon
round 297: bot 67 (team A) died: hit another dragon
round 299: bot 60 (team A) died: hit a wall
running round 301/500 --  last: 502ms  eta: 11.5s  dragons: 21 vs 27
round 301: bot 18 (team B) died: hit itself
round 304: bot 43 (team A) died: hit itself
round 305: bot 5 (team B) died: lost a head-to-head
round 305: bot 35 (team B) died: lost a head-to-head
round 319: bot 100 (team B) died: hit a wall
round 320: bot 101 (team A) died: lost a head-to-head
round 320: bot 92 (team A) died: lost a head-to-head
round 326: bot 94 (team B) died: hit a wall
round 331: bot 75 (team A) died: hit a wall
round 335: bot 87 (team A) died: hit another dragon
round 344: bot 38 (team A) died: hit another dragon
round 347: bot 88 (team B) died: lost a head-to-head
round 347: bot 116 (team A) died: lost a head-to-head
round 348: bot 114 (team B) died: hit another dragon
running round 351/500 --  last: 71ms  eta: 13.7s  dragons: 29 vs 33
round 352: bot 107 (team A) died: hit a wall
round 353: bot 68 (team A) died: hit a wall
round 359: bot 119 (team A) died: hit a wall
round 362: bot 117 (team B) died: hit itself
round 364: bot 71 (team A) died: hit itself
round 365: bot 85 (team A) died: hit a wall
round 366: bot 33 (team B) died: hit itself
round 369: bot 3 (team B) died: lost a head-to-head
round 369: bot 106 (team B) died: lost a head-to-head
round 375: bot 98 (team A) died: hit another dragon
round 375: bot 121 (team B) died: hit another dragon
round 376: bot 122 (team B) died: hit another dragon
round 377: bot 110 (team A) died: lost a head-to-head
round 377: bot 123 (team A) died: lost a head-to-head
round 380: bot 16 (team B) died: hit another dragon
round 386: bot 127 (team B) died: hit a wall
round 394: bot 111 (team A) died: lost a head-to-head
round 394: bot 91 (team A) died: lost a head-to-head
round 395: bot 130 (team B) died: hit another dragon
round 396: bot 124 (team A) died: hit another dragon
round 397: bot 47 (team A) died: hit itself
round 397: bot 90 (team B) died: hit itself
running round 401/500 --  last: 85ms  eta: 9.4s  dragons: 29 vs 29
round 404: bot 134 (team B) died: hit a wall
round 406: bot 93 (team A) died: hit another dragon
round 413: bot 2 (team A) died: hit another dragon
round 413: bot 142 (team A) died: hit a wall
round 414: bot 138 (team B) died: hit another dragon
round 415: bot 129 (team A) died: hit another dragon
round 416: bot 128 (team A) died: hit itself
round 426: bot 143 (team B) died: hit another dragon
round 427: bot 62 (team B) died: hit another dragon
round 428: bot 151 (team A) died: hit itself
round 436: bot 149 (team A) died: hit itself
round 443: bot 150 (team B) died: hit another dragon
round 444: bot 137 (team A) died: hit another dragon
round 445: bot 152 (team B) died: hit a wall
round 446: bot 73 (team B) died: hit itself
round 449: bot 155 (team B) died: hit another dragon
running round 451/500 --  last: 152ms  eta: 4.8s  dragons: 32 vs 30
round 453: bot 144 (team A) died: hit another dragon
round 454: bot 156 (team B) died: hit a wall
round 454: bot 157 (team A) died: hit a wall
round 460: bot 159 (team B) died: hit another dragon
round 467: bot 160 (team B) died: hit a wall
round 472: bot 104 (team B) died: hit itself
round 477: bot 162 (team B) died: hit another dragon
round 486: bot 141 (team A) died: hit itself
round 487: bot 164 (team B) died: hit a wall
round 491: bot 70 (team A) died: hit another dragon
round 495: bot 166 (team B) died: hit another dragon
team B wins after 500 rounds (on length) (50.7s)
wrote replay: C:\Users\ACER\OneDrive\Desktop\UNSW Battlecode\UNSWBC-\battlecode_data\training_loop\map-campaign-573-20260921\round1\before\Kraken\default-B.replay
