loaded c/c++ vs c/c++
running round 2/500 --  last: 197ms  eta: 1m38s  dragons: 2 vs 2
running round 51/500 --  last: 84ms  eta: 6.8s  dragons: 7 vs 8
round 60: bot 1 (team B) died: lost a head-to-head
round 60: bot 12 (team B) died: lost a head-to-head
round 61: bot 13 (team B) died: hit another dragon
round 79: bot 21 (team B) died: hit another dragon
running round 101/500 --  last: 30ms  eta: 10.7s  dragons: 12 vs 22
round 101: bot 31 (team B) died: hit a wall
round 102: bot 4 (team A) died: hit a wall
round 107: bot 0 (team A) died: hit another dragon
round 109: bot 33 (team A) died: hit another dragon
round 112: bot 43 (team A) died: hit another dragon
round 116: bot 2 (team A) died: hit itself
round 116: bot 38 (team B) died: hit a wall
round 117: bot 9 (team B) died: lost a head-to-head
round 117: bot 19 (team B) died: lost a head-to-head
round 120: bot 47 (team B) died: hit another dragon
round 130: bot 52 (team B) died: hit a wall
round 131: bot 17 (team B) died: hit itself
round 137: bot 54 (team B) died: hit itself
round 139: bot 28 (team B) died: hit another dragon
round 141: bot 59 (team B) died: hit another dragon
round 145: bot 6 (team A) died: hit another dragon
running round 151/500 --  last: 29ms  eta: 15.5s  dragons: 13 vs 29
round 151: bot 40 (team A) died: hit a wall
round 152: bot 56 (team B) died: hit itself
round 154: bot 62 (team B) died: hit another dragon
round 156: bot 64 (team A) died: hit another dragon
round 157: bot 11 (team B) died: hit itself
round 159: bot 32 (team B) died: hit a wall
round 162: bot 57 (team A) died: hit itself
round 163: bot 42 (team B) died: hit a wall
round 165: bot 65 (team B) died: hit itself
round 167: bot 45 (team B) died: hit a wall
round 170: bot 5 (team B) died: lost a head-to-head
round 170: bot 51 (team B) died: lost a head-to-head
round 170: bot 53 (team A) died: hit a wall
round 170: bot 74 (team B) died: hit a wall
round 175: bot 78 (team A) died: hit itself
round 179: bot 75 (team B) died: hit itself
round 182: bot 72 (team A) died: lost a head-to-head
round 182: bot 24 (team B) died: lost a head-to-head
round 182: bot 36 (team B) died: hit a wall
round 185: bot 63 (team B) died: hit a wall
round 185: bot 81 (team B) died: hit a wall
round 186: bot 82 (team A) died: hit a wall
round 189: bot 15 (team A) died: hit a wall
round 189: bot 10 (team A) died: lost a head-to-head
round 189: bot 85 (team A) died: lost a head-to-head
round 190: bot 29 (team A) died: hit another dragon
round 192: bot 30 (team B) died: hit a wall
round 193: bot 44 (team B) died: hit another dragon
round 196: bot 71 (team B) died: hit a wall
running round 201/500 --  last: 31ms  eta: 1m20s  dragons: 14 vs 32
round 201: bot 88 (team B) died: hit itself
round 202: bot 23 (team B) died: hit another dragon
round 203: bot 50 (team A) died: hit another dragon
round 204: bot 26 (team B) died: hit another dragon
round 208: bot 83 (team B) died: hit itself
round 208: bot 96 (team B) died: hit another dragon
round 210: bot 27 (team B) died: hit another dragon
round 213: bot 92 (team B) died: lost a head-to-head
round 213: bot 99 (team B) died: lost a head-to-head
round 214: bot 22 (team B) died: hit itself
round 215: bot 18 (team B) died: hit itself
round 215: bot 97 (team B) died: hit another dragon
round 215: bot 103 (team B) died: hit another dragon
round 216: bot 58 (team B) died: hit another dragon
round 216: bot 68 (team A) died: hit another dragon
round 217: bot 89 (team B) died: hit another dragon
round 218: bot 105 (team A) died: hit itself
round 219: bot 106 (team B) died: hit a wall
round 220: bot 93 (team A) died: hit itself
round 221: bot 111 (team B) died: hit a wall
round 224: bot 14 (team A) died: hit another dragon
round 224: bot 60 (team A) died: hit a wall
round 230: bot 110 (team A) died: hit another dragon
round 238: bot 86 (team A) died: hit itself
round 240: bot 80 (team B) died: hit itself
round 241: bot 113 (team B) died: lost a head-to-head
round 241: bot 39 (team A) died: lost a head-to-head
round 242: bot 3 (team B) died: hit another dragon
round 244: bot 104 (team B) died: hit itself
round 248: bot 90 (team A) died: hit another dragon
round 248: bot 119 (team A) died: hit a wall
round 249: bot 69 (team B) died: hit itself
running round 251/500 --  last: 45ms  eta: 57.7s  dragons: 8 vs 32
round 251: bot 116 (team A) died: hit itself
round 252: bot 98 (team A) died: hit another dragon
round 254: bot 35 (team B) died: hit itself
round 256: bot 114 (team B) died: hit a wall
round 257: bot 84 (team B) died: hit a wall
round 258: bot 101 (team B) died: hit another dragon
round 258: bot 115 (team B) died: hit another dragon
round 258: bot 123 (team B) died: hit a wall
round 259: bot 8 (team A) died: hit a wall
round 259: bot 61 (team B) died: lost a head-to-head
round 259: bot 46 (team B) died: lost a head-to-head
round 260: bot 76 (team B) died: lost a head-to-head
round 260: bot 121 (team B) died: lost a head-to-head
round 262: bot 129 (team B) died: hit another dragon
round 265: bot 134 (team B) died: lost a head-to-head
round 265: bot 133 (team B) died: lost a head-to-head
round 266: bot 67 (team B) died: hit itself
round 270: bot 87 (team B) died: hit another dragon
round 270: bot 66 (team A) died: lost a head-to-head
round 270: bot 118 (team B) died: lost a head-to-head
round 272: bot 94 (team A) died: hit a wall
round 275: bot 138 (team B) died: hit itself
round 277: bot 141 (team B) died: hit a wall
round 284: bot 91 (team B) died: hit a wall
round 285: bot 55 (team B) died: hit a wall
round 285: bot 100 (team B) died: hit a wall
round 285: bot 139 (team A) died: hit itself
round 286: bot 107 (team B) died: hit itself
round 290: bot 77 (team B) died: hit a wall
round 290: bot 108 (team B) died: lost a head-to-head
round 290: bot 126 (team B) died: lost a head-to-head
round 290: bot 48 (team B) died: lost a head-to-head
round 290: bot 147 (team B) died: lost a head-to-head
round 291: bot 112 (team B) died: hit itself
round 291: bot 124 (team B) died: hit another dragon
round 294: bot 155 (team B) died: lost a head-to-head
round 294: bot 148 (team B) died: lost a head-to-head
round 294: bot 150 (team B) died: hit a wall
round 298: bot 135 (team B) died: hit itself
running round 301/500 --  last: 28ms  eta: 40.1s  dragons: 7 vs 33
round 303: bot 142 (team B) died: hit another dragon
round 303: bot 154 (team B) died: hit a wall
round 305: bot 130 (team B) died: hit another dragon
round 305: bot 153 (team B) died: hit a wall
round 309: bot 163 (team B) died: hit another dragon
round 314: bot 128 (team B) died: hit another dragon
round 318: bot 109 (team B) died: hit another dragon
round 318: bot 144 (team B) died: hit a wall
round 318: bot 165 (team A) died: hit another dragon
round 327: bot 73 (team B) died: hit a wall
round 330: bot 70 (team A) died: hit another dragon
round 331: bot 157 (team B) died: hit a wall
round 332: bot 37 (team A) died: hit a wall
round 334: bot 20 (team B) died: lost a head-to-head
round 334: bot 161 (team B) died: lost a head-to-head
round 335: bot 49 (team B) died: lost a head-to-head
round 335: bot 34 (team A) died: lost a head-to-head
round 337: bot 16 (team B) died: hit itself
round 337: bot 143 (team A) died: lost a head-to-head
round 337: bot 125 (team A) died: lost a head-to-head
round 339: bot 145 (team B) died: hit a wall
round 344: bot 149 (team B) died: hit itself
round 348: bot 166 (team B) died: hit itself
running round 351/500 --  last: 27ms  eta: 26.7s  dragons: 7 vs 32
round 359: bot 179 (team A) died: hit another dragon
round 361: bot 183 (team B) died: hit itself
round 362: bot 182 (team B) died: lost a head-to-head
round 362: bot 127 (team B) died: lost a head-to-head
round 362: bot 184 (team B) died: lost a head-to-head
round 362: bot 168 (team B) died: lost a head-to-head
round 363: bot 102 (team B) died: hit itself
round 370: bot 146 (team A) died: hit a wall
round 372: bot 117 (team B) died: hit itself
round 376: bot 122 (team B) died: hit another dragon
round 376: bot 188 (team B) died: hit another dragon
round 380: bot 186 (team B) died: hit another dragon
round 380: bot 189 (team A) died: hit a wall
round 381: bot 193 (team A) died: hit itself
round 382: bot 171 (team A) died: hit itself
round 384: bot 158 (team B) died: hit another dragon
round 387: bot 25 (team B) died: hit itself
round 388: bot 132 (team B) died: hit another dragon
round 389: bot 152 (team A) died: hit itself
round 390: bot 190 (team B) died: hit another dragon
round 391: bot 195 (team B) died: hit itself
round 392: bot 196 (team B) died: hit a wall
round 393: bot 136 (team B) died: hit itself
round 393: bot 187 (team B) died: hit a wall
running round 401/500 --  last: 31ms  eta: 16.3s  dragons: 5 vs 32
round 403: bot 156 (team B) died: lost a head-to-head
round 403: bot 197 (team A) died: lost a head-to-head
round 407: bot 199 (team B) died: hit another dragon
round 408: bot 210 (team B) died: hit a wall
round 409: bot 162 (team B) died: hit another dragon
round 410: bot 198 (team B) died: hit another dragon
round 410: bot 205 (team B) died: hit itself
round 413: bot 169 (team A) died: hit another dragon
round 413: bot 200 (team B) died: hit a wall
round 414: bot 180 (team B) died: hit another dragon
round 417: bot 95 (team B) died: hit itself
round 420: bot 176 (team B) died: hit a wall
round 430: bot 175 (team B) died: hit a wall
round 431: bot 194 (team A) died: hit another dragon
round 435: bot 41 (team B) died: hit itself
round 435: bot 215 (team A) died: hit another dragon
round 436: bot 164 (team A) died: hit itself
round 438: bot 218 (team B) died: hit a wall
round 440: bot 204 (team A) died: hit itself
round 442: bot 203 (team B) died: hit itself
round 442: bot 216 (team B) died: hit another dragon
round 442: bot 221 (team A) died: hit itself
round 442: bot 224 (team A) died: lost a head-to-head
round 442: bot 225 (team A) died: lost a head-to-head
round 446: bot 222 (team B) died: hit itself
running round 451/500 --  last: 52ms  eta: 7.6s  dragons: 3 vs 36
round 452: bot 228 (team B) died: hit itself
round 453: bot 209 (team B) died: hit another dragon
round 455: bot 235 (team A) died: hit itself
round 456: bot 7 (team B) died: hit another dragon
round 456: bot 151 (team B) died: hit itself
round 458: bot 236 (team B) died: hit a wall
round 460: bot 219 (team B) died: hit another dragon
round 460: bot 229 (team A) died: hit another dragon
round 466: bot 131 (team B) died: lost a head-to-head
round 466: bot 212 (team B) died: lost a head-to-head
round 470: bot 208 (team B) died: hit a wall
round 472: bot 242 (team B) died: hit itself
round 475: bot 177 (team A) died: hit another dragon
round 481: bot 230 (team B) died: hit a wall
round 487: bot 240 (team B) died: hit a wall
round 489: bot 243 (team B) died: hit another dragon
round 496: bot 137 (team B) died: hit a wall
round 496: bot 202 (team B) died: lost a head-to-head
round 496: bot 246 (team A) died: lost a head-to-head
round 497: bot 244 (team B) died: hit a wall
round 499: bot 79 (team B) died: hit another dragon
team B wins after 500 rounds (on length) (1m12s)
wrote replay: C:\Users\ACER\OneDrive\Desktop\UNSW Battlecode\UNSWBC-\battlecode_data\training_loop\map-campaign-573-20260921\round1\before\Kraken\default_small-A.replay
