loaded c/c++ vs c/c++
running round 2/500 --  last: 40ms  eta: 20.3s  dragons: 2 vs 2
running round 51/500 --  last: 3ms  eta: 2.1s  dragons: 3 vs 2
round 70: bot 1 (team B) died: hit itself
round 73: bot 10 (team B) died: hit a wall
round 76: bot 8 (team B) died: hit a wall
round 76: bot 12 (team B) died: hit another dragon
round 88: bot 7 (team B) died: hit a wall
round 91: bot 13 (team B) died: hit a wall
round 92: bot 5 (team B) died: hit a wall
round 93: bot 16 (team B) died: hit a wall
round 94: bot 25 (team B) died: hit another dragon
round 95: bot 26 (team B) died: hit another dragon
round 98: bot 20 (team B) died: hit a wall
round 98: bot 22 (team B) died: hit itself
round 98: bot 23 (team B) died: hit itself
round 98: bot 29 (team B) died: hit a wall
round 99: bot 27 (team B) died: hit a wall
running round 101/500 --  last: 47ms  eta: 4.6s  dragons: 6 vs 12
round 104: bot 11 (team B) died: hit a wall
round 104: bot 33 (team B) died: hit itself
round 112: bot 31 (team B) died: hit another dragon
round 113: bot 3 (team B) died: hit a wall
round 114: bot 14 (team A) died: hit itself
round 115: bot 30 (team B) died: hit a wall
round 118: bot 39 (team B) died: hit a wall
round 123: bot 34 (team B) died: hit itself
round 124: bot 41 (team B) died: hit a wall
round 128: bot 43 (team B) died: hit itself
round 130: bot 37 (team B) died: hit another dragon
round 130: bot 48 (team B) died: hit a wall
round 134: bot 21 (team B) died: hit itself
round 136: bot 53 (team B) died: hit itself
round 139: bot 52 (team B) died: hit itself
round 139: bot 55 (team B) died: hit a wall
round 140: bot 47 (team B) died: lost a head-to-head
round 140: bot 45 (team B) died: lost a head-to-head
round 140: bot 54 (team B) died: hit a wall
round 141: bot 19 (team B) died: hit a wall
round 143: bot 50 (team B) died: hit itself
round 144: bot 58 (team B) died: hit a wall
round 147: bot 60 (team B) died: hit itself
round 148: bot 57 (team B) died: hit a wall
running round 151/500 --  last: 17ms  eta: 6.5s  dragons: 12 vs 15
round 151: bot 61 (team B) died: hit a wall
round 152: bot 64 (team B) died: hit a wall
round 155: bot 63 (team B) died: hit itself
round 156: bot 59 (team B) died: hit another dragon
round 157: bot 9 (team A) died: hit a wall
round 159: bot 69 (team B) died: hit a wall
round 163: bot 56 (team B) died: hit itself
round 163: bot 71 (team B) died: hit a wall
round 168: bot 65 (team B) died: lost a head-to-head
round 168: bot 68 (team B) died: lost a head-to-head
round 168: bot 73 (team B) died: hit itself
round 171: bot 66 (team A) died: hit itself
round 171: bot 74 (team A) died: hit a wall
round 171: bot 76 (team B) died: hit itself
round 172: bot 72 (team B) died: hit another dragon
round 173: bot 78 (team B) died: hit a wall
round 177: bot 77 (team B) died: hit itself
round 178: bot 81 (team B) died: hit a wall
round 181: bot 80 (team B) died: lost a head-to-head
round 181: bot 83 (team B) died: lost a head-to-head
round 182: bot 82 (team B) died: hit itself
round 184: bot 84 (team B) died: hit a wall
round 189: bot 62 (team B) died: lost a head-to-head
round 189: bot 0 (team A) died: lost a head-to-head
round 196: bot 86 (team B) died: hit a wall
round 197: bot 90 (team B) died: hit a wall
running round 201/500 --  last: 28ms  eta: 7.0s  dragons: 16 vs 15
round 202: bot 46 (team A) died: hit a wall
round 209: bot 42 (team A) died: hit another dragon
round 210: bot 79 (team A) died: hit a wall
round 212: bot 51 (team A) died: hit a wall
round 212: bot 99 (team B) died: hit itself
round 212: bot 104 (team B) died: hit a wall
round 214: bot 93 (team B) died: hit a wall
round 217: bot 97 (team B) died: hit itself
round 217: bot 107 (team B) died: hit another dragon
round 218: bot 105 (team B) died: hit a wall
round 221: bot 108 (team B) died: hit a wall
round 221: bot 110 (team B) died: hit a wall
round 223: bot 101 (team A) died: hit a wall
round 223: bot 111 (team B) died: hit a wall
round 226: bot 95 (team A) died: hit itself
round 226: bot 106 (team B) died: hit itself
round 228: bot 109 (team B) died: hit another dragon
round 229: bot 100 (team B) died: hit itself
round 230: bot 114 (team B) died: hit itself
round 231: bot 85 (team B) died: hit a wall
round 232: bot 112 (team A) died: hit a wall
round 234: bot 117 (team B) died: hit a wall
round 237: bot 116 (team A) died: hit itself
round 240: bot 96 (team B) died: hit another dragon
round 242: bot 118 (team B) died: hit a wall
round 243: bot 113 (team B) died: hit a wall
round 243: bot 119 (team B) died: hit itself
round 243: bot 123 (team B) died: hit a wall
round 244: bot 122 (team B) died: hit itself
round 245: bot 115 (team B) died: hit a wall
round 246: bot 121 (team B) died: hit a wall
running round 251/500 --  last: 35ms  eta: 7.2s  dragons: 14 vs 20
round 255: bot 126 (team B) died: hit a wall
round 256: bot 127 (team B) died: hit a wall
round 256: bot 131 (team B) died: lost a head-to-head
round 256: bot 132 (team B) died: lost a head-to-head
round 276: bot 75 (team B) died: hit a wall
round 281: bot 139 (team B) died: hit a wall
round 284: bot 140 (team B) died: hit itself
round 284: bot 141 (team B) died: hit itself
round 287: bot 145 (team B) died: hit a wall
round 288: bot 143 (team B) died: hit itself
round 288: bot 147 (team A) died: hit itself
round 291: bot 17 (team B) died: hit a wall
round 292: bot 49 (team A) died: hit another dragon
round 292: bot 151 (team B) died: hit another dragon
round 295: bot 142 (team B) died: hit itself
round 295: bot 152 (team A) died: hit a wall
round 297: bot 154 (team A) died: hit itself
round 298: bot 153 (team B) died: hit itself
round 299: bot 150 (team A) died: hit a wall
running round 301/500 --  last: 66ms  eta: 6.4s  dragons: 24 vs 22
round 300: bot 156 (team A) died: hit a wall
round 304: bot 158 (team B) died: hit a wall
round 305: bot 24 (team B) died: lost a head-to-head
round 305: bot 160 (team A) died: lost a head-to-head
round 309: bot 120 (team B) died: hit a wall
round 309: bot 159 (team A) died: hit itself
round 316: bot 162 (team A) died: hit a wall
round 316: bot 164 (team B) died: hit itself
round 318: bot 165 (team B) died: hit a wall
round 319: bot 166 (team A) died: hit a wall
round 321: bot 157 (team A) died: hit another dragon
round 323: bot 148 (team B) died: hit a wall
round 325: bot 155 (team B) died: hit itself
round 325: bot 171 (team A) died: hit a wall
round 327: bot 167 (team B) died: hit itself
round 331: bot 169 (team B) died: hit itself
round 332: bot 175 (team B) died: hit a wall
round 333: bot 172 (team A) died: hit a wall
round 334: bot 173 (team B) died: hit itself
round 340: bot 176 (team B) died: hit itself
round 340: bot 179 (team A) died: hit a wall
round 344: bot 185 (team A) died: hit itself
round 347: bot 186 (team B) died: hit itself
round 348: bot 187 (team A) died: hit a wall
round 349: bot 184 (team B) died: hit itself
running round 351/500 --  last: 62ms  eta: 5.3s  dragons: 29 vs 24
round 351: bot 182 (team A) died: hit itself
round 352: bot 188 (team B) died: hit itself
round 357: bot 168 (team A) died: hit a wall
round 358: bot 191 (team B) died: hit itself
round 360: bot 195 (team B) died: hit itself
round 363: bot 134 (team A) died: lost a head-to-head
round 363: bot 133 (team A) died: lost a head-to-head
round 367: bot 196 (team B) died: hit itself
round 368: bot 190 (team A) died: hit another dragon
round 380: bot 193 (team A) died: hit a wall
round 382: bot 197 (team B) died: hit itself
round 388: bot 204 (team B) died: hit itself
round 389: bot 203 (team B) died: hit itself
round 391: bot 161 (team B) died: hit a wall
round 391: bot 199 (team A) died: hit another dragon
round 392: bot 70 (team A) died: hit itself
round 392: bot 205 (team B) died: hit a wall
round 392: bot 207 (team A) died: hit a wall
round 396: bot 38 (team B) died: hit itself
round 397: bot 208 (team B) died: hit itself
round 398: bot 206 (team B) died: hit itself
running round 401/500 --  last: 54ms  eta: 4.5s  dragons: 25 vs 26
round 401: bot 210 (team B) died: hit itself
round 405: bot 125 (team B) died: hit a wall
round 406: bot 211 (team B) died: hit itself
round 409: bot 212 (team B) died: hit itself
round 412: bot 192 (team B) died: hit itself
round 415: bot 213 (team B) died: lost a head-to-head
round 415: bot 189 (team A) died: lost a head-to-head
round 416: bot 124 (team B) died: lost a head-to-head
round 416: bot 92 (team A) died: lost a head-to-head
round 418: bot 6 (team B) died: hit itself
round 420: bot 215 (team B) died: hit itself
round 428: bot 180 (team B) died: hit a wall
round 429: bot 102 (team A) died: hit a wall
round 430: bot 216 (team B) died: lost a head-to-head
round 430: bot 217 (team B) died: lost a head-to-head
round 438: bot 209 (team A) died: hit another dragon
round 440: bot 201 (team A) died: hit a wall
round 441: bot 91 (team B) died: hit itself
round 441: bot 223 (team A) died: hit a wall
round 442: bot 67 (team A) died: hit another dragon
round 446: bot 103 (team A) died: hit a wall
round 449: bot 88 (team B) died: hit a wall
round 449: bot 149 (team B) died: hit another dragon
running round 451/500 --  last: 87ms  eta: 2.3s  dragons: 25 vs 20
round 452: bot 219 (team B) died: hit itself
round 453: bot 226 (team A) died: hit a wall
round 455: bot 2 (team A) died: hit a wall
round 464: bot 214 (team A) died: hit itself
round 467: bot 130 (team A) died: hit a wall
round 469: bot 181 (team A) died: lost a head-to-head
round 469: bot 228 (team B) died: lost a head-to-head
round 470: bot 138 (team B) died: hit a wall
round 474: bot 232 (team B) died: hit a wall
round 481: bot 174 (team A) died: hit a wall
round 484: bot 98 (team B) died: lost a head-to-head
round 484: bot 144 (team A) died: lost a head-to-head
round 485: bot 32 (team B) died: hit a wall
round 492: bot 218 (team B) died: hit a wall
round 496: bot 136 (team A) died: hit a wall
round 498: bot 222 (team A) died: hit a wall
team A wins after 500 rounds (on length) (25.2s)
wrote replay: C:\Users\ACER\OneDrive\Desktop\UNSW Battlecode\UNSWBC-\battlecode_data\training_loop\map-campaign-573-20260921\round1\before\Kraken\queen_of_spades-A.replay
