loaded c/c++ vs c/c++
running round 2/500 --  last: 64ms  eta: 32.4s  dragons: 1 vs 1
round 16: bot 6 (team B) died: hit itself
round 21: bot 22 (team A) died: hit another dragon
round 22: bot 11 (team B) died: hit itself
round 22: bot 27 (team A) died: hit itself
round 24: bot 33 (team A) died: hit itself
round 25: bot 21 (team B) died: hit another dragon
round 25: bot 32 (team A) died: lost a head-to-head
round 25: bot 37 (team A) died: lost a head-to-head
round 26: bot 17 (team B) died: lost a head-to-head
round 26: bot 30 (team B) died: lost a head-to-head
round 27: bot 9 (team A) died: hit itself
round 28: bot 40 (team B) died: lost a head-to-head
round 28: bot 34 (team B) died: lost a head-to-head
round 29: bot 25 (team A) died: hit itself
round 30: bot 35 (team A) died: lost a head-to-head
round 30: bot 4 (team A) died: lost a head-to-head
round 31: bot 23 (team A) died: hit itself
round 31: bot 39 (team A) died: hit itself
round 31: bot 44 (team A) died: hit a wall
round 31: bot 48 (team B) died: hit itself
round 32: bot 14 (team B) died: lost a head-to-head
round 32: bot 18 (team A) died: lost a head-to-head
round 32: bot 29 (team B) died: hit a wall
round 32: bot 26 (team A) died: lost a head-to-head
round 32: bot 45 (team A) died: lost a head-to-head
round 33: bot 42 (team A) died: lost a head-to-head
round 33: bot 47 (team B) died: lost a head-to-head
round 34: bot 20 (team B) died: lost a head-to-head
round 34: bot 36 (team B) died: lost a head-to-head
round 34: bot 51 (team B) died: hit another dragon
round 34: bot 10 (team B) died: lost a head-to-head
round 34: bot 57 (team B) died: lost a head-to-head
round 35: bot 8 (team A) died: hit another dragon
round 35: bot 53 (team B) died: hit another dragon
round 35: bot 46 (team B) died: lost a head-to-head
round 35: bot 56 (team B) died: lost a head-to-head
round 35: bot 60 (team A) died: hit another dragon
round 37: bot 31 (team B) died: hit another dragon
round 37: bot 64 (team B) died: hit another dragon
round 38: bot 0 (team A) died: hit another dragon
round 38: bot 63 (team B) died: lost a head-to-head
round 38: bot 16 (team A) died: lost a head-to-head
round 38: bot 61 (team A) died: hit itself
round 40: bot 24 (team B) died: hit itself
round 41: bot 3 (team B) died: hit itself
round 41: bot 67 (team B) died: hit another dragon
round 43: bot 7 (team A) died: hit itself
round 43: bot 52 (team A) died: hit itself
round 43: bot 75 (team B) died: hit another dragon
round 44: bot 38 (team B) died: lost a head-to-head
round 44: bot 58 (team A) died: lost a head-to-head
round 44: bot 50 (team A) died: lost a head-to-head
round 44: bot 76 (team A) died: lost a head-to-head
round 45: bot 28 (team B) died: lost a head-to-head
round 45: bot 49 (team A) died: lost a head-to-head
round 45: bot 74 (team B) died: lost a head-to-head
round 45: bot 71 (team A) died: lost a head-to-head
round 47: bot 5 (team B) died: hit another dragon
round 47: bot 69 (team A) died: lost a head-to-head
round 47: bot 79 (team B) died: lost a head-to-head
round 47: bot 62 (team A) died: lost a head-to-head
round 47: bot 81 (team B) died: lost a head-to-head
round 47: bot 86 (team B) died: hit another dragon
round 49: bot 85 (team B) died: hit another dragon
running round 51/500 --  last: 163ms  eta: 43.7s  dragons: 13 vs 14
round 50: bot 92 (team A) died: hit another dragon
round 52: bot 65 (team A) died: lost a head-to-head
round 52: bot 55 (team B) died: lost a head-to-head
round 52: bot 83 (team B) died: hit a wall
round 53: bot 1 (team B) died: hit another dragon
round 54: bot 59 (team B) died: lost a head-to-head
round 54: bot 15 (team A) died: lost a head-to-head
round 54: bot 43 (team A) died: lost a head-to-head
round 54: bot 93 (team B) died: lost a head-to-head
round 55: bot 82 (team B) died: hit a wall
round 55: bot 100 (team A) died: hit itself
round 56: bot 80 (team A) died: hit another dragon
round 57: bot 95 (team A) died: hit another dragon
round 57: bot 78 (team A) died: lost a head-to-head
round 57: bot 102 (team A) died: lost a head-to-head
round 57: bot 103 (team B) died: hit another dragon
round 58: bot 104 (team A) died: lost a head-to-head
round 58: bot 98 (team A) died: lost a head-to-head
round 58: bot 107 (team B) died: hit a wall
round 59: bot 54 (team A) died: hit another dragon
round 60: bot 96 (team B) died: hit another dragon
round 60: bot 106 (team B) died: hit itself
round 61: bot 111 (team B) died: hit another dragon
round 62: bot 91 (team A) died: hit another dragon
round 62: bot 112 (team A) died: hit another dragon
round 62: bot 114 (team B) died: hit a wall
round 62: bot 68 (team B) died: lost a head-to-head
round 62: bot 115 (team B) died: lost a head-to-head
round 63: bot 66 (team B) died: hit another dragon
round 63: bot 84 (team A) died: hit another dragon
round 63: bot 105 (team A) died: hit itself
round 63: bot 116 (team A) died: hit itself
round 63: bot 117 (team B) died: hit itself
round 64: bot 41 (team B) died: hit a wall
round 65: bot 118 (team B) died: hit a wall
round 66: bot 113 (team B) died: hit itself
round 66: bot 101 (team B) died: lost a head-to-head
round 66: bot 125 (team B) died: lost a head-to-head
round 67: bot 108 (team A) died: lost a head-to-head
round 67: bot 19 (team B) died: lost a head-to-head
round 67: bot 109 (team B) died: hit another dragon
round 68: bot 12 (team B) died: hit a wall
round 68: bot 13 (team A) died: lost a head-to-head
round 68: bot 130 (team A) died: lost a head-to-head
round 69: bot 89 (team B) died: lost a head-to-head
round 69: bot 72 (team A) died: lost a head-to-head
round 70: bot 120 (team B) died: hit another dragon
round 70: bot 77 (team B) died: lost a head-to-head
round 70: bot 122 (team B) died: lost a head-to-head
round 71: bot 124 (team B) died: hit itself
round 73: bot 140 (team B) died: hit itself
round 75: bot 70 (team A) died: hit another dragon
round 76: bot 2 (team A) died: hit another dragon
round 76: bot 88 (team A) died: hit another dragon
round 76: bot 137 (team A) died: hit another dragon
round 76: bot 142 (team B) died: hit another dragon
round 77: bot 136 (team B) died: lost a head-to-head
round 77: bot 135 (team A) died: lost a head-to-head
round 78: bot 94 (team B) died: hit itself
round 78: bot 143 (team A) died: lost a head-to-head
round 78: bot 144 (team A) died: lost a head-to-head
round 79: bot 121 (team B) died: lost a head-to-head
round 79: bot 150 (team B) died: lost a head-to-head
round 80: bot 119 (team A) died: hit another dragon
round 80: bot 138 (team B) died: hit another dragon
round 80: bot 139 (team B) died: hit another dragon
round 81: bot 154 (team B) died: lost a head-to-head
round 81: bot 145 (team B) died: lost a head-to-head
round 81: bot 123 (team B) died: lost a head-to-head
round 81: bot 157 (team B) died: lost a head-to-head
round 82: bot 73 (team B) died: lost a head-to-head
round 82: bot 127 (team B) died: lost a head-to-head
round 82: bot 159 (team A) died: hit another dragon
round 84: bot 153 (team B) died: hit itself
round 86: bot 132 (team B) died: hit itself
round 86: bot 141 (team A) died: hit itself
round 86: bot 166 (team A) died: hit another dragon
round 87: bot 155 (team A) died: lost a head-to-head
round 87: bot 148 (team A) died: lost a head-to-head
round 87: bot 171 (team A) died: hit itself
round 88: bot 160 (team B) died: hit itself
round 88: bot 164 (team B) died: hit another dragon
round 88: bot 169 (team B) died: hit itself
round 89: bot 151 (team B) died: hit another dragon
round 89: bot 167 (team A) died: hit another dragon
round 91: bot 87 (team B) died: lost a head-to-head
round 91: bot 175 (team B) died: lost a head-to-head
round 91: bot 178 (team B) died: hit another dragon
round 93: bot 99 (team A) died: hit another dragon
round 93: bot 165 (team B) died: hit another dragon
round 94: bot 133 (team B) died: hit another dragon
round 95: bot 177 (team B) died: hit another dragon
round 95: bot 183 (team A) died: hit another dragon
round 96: bot 126 (team B) died: hit another dragon
round 96: bot 156 (team B) died: lost a head-to-head
round 96: bot 162 (team B) died: lost a head-to-head
round 97: bot 179 (team A) died: hit itself
round 97: bot 184 (team B) died: hit another dragon
round 98: bot 158 (team B) died: hit another dragon
round 98: bot 186 (team B) died: hit another dragon
round 98: bot 110 (team B) died: lost a head-to-head
round 98: bot 187 (team B) died: lost a head-to-head
round 98: bot 190 (team B) died: hit itself
running round 101/500 --  last: 56ms  eta: 39.2s  dragons: 14 vs 14
round 100: bot 128 (team B) died: lost a head-to-head
round 100: bot 149 (team A) died: lost a head-to-head
round 101: bot 168 (team A) died: hit another dragon
round 101: bot 174 (team A) died: hit itself
round 101: bot 185 (team B) died: hit another dragon
round 101: bot 195 (team B) died: hit itself
round 101: bot 197 (team B) died: hit another dragon
round 103: bot 129 (team B) died: hit itself
round 103: bot 131 (team A) died: hit another dragon
round 104: bot 173 (team B) died: hit itself
round 106: bot 147 (team A) died: hit itself
round 106: bot 152 (team B) died: hit itself
round 106: bot 163 (team B) died: lost a head-to-head
round 106: bot 207 (team B) died: lost a head-to-head
round 106: bot 202 (team A) died: lost a head-to-head
round 106: bot 208 (team A) died: lost a head-to-head
round 107: bot 199 (team A) died: hit itself
round 108: bot 172 (team A) died: hit another dragon
round 108: bot 198 (team B) died: hit another dragon
round 108: bot 213 (team B) died: hit another dragon
round 109: bot 188 (team A) died: hit another dragon
round 109: bot 189 (team B) died: hit itself
round 109: bot 214 (team B) died: hit another dragon
round 110: bot 161 (team B) died: hit another dragon
round 110: bot 206 (team B) died: hit a wall
round 110: bot 176 (team A) died: lost a head-to-head
round 110: bot 212 (team B) died: lost a head-to-head
round 110: bot 219 (team A) died: hit a wall
round 111: bot 97 (team B) died: hit another dragon
round 111: bot 182 (team B) died: hit another dragon
round 112: bot 204 (team A) died: hit another dragon
round 114: bot 225 (team A) died: lost a head-to-head
round 114: bot 134 (team A) died: lost a head-to-head
round 114: bot 180 (team B) died: hit itself
round 115: bot 181 (team A) died: hit a wall
round 115: bot 227 (team A) died: lost a head-to-head
round 115: bot 224 (team B) died: lost a head-to-head
round 116: bot 215 (team B) died: lost a head-to-head
round 116: bot 232 (team A) died: lost a head-to-head
round 117: bot 205 (team A) died: hit another dragon
round 118: bot 90 (team A) died: hit another dragon
round 118: bot 223 (team B) died: hit a wall
round 118: bot 228 (team B) died: hit itself
round 119: bot 236 (team B) died: hit another dragon
round 119: bot 211 (team B) died: lost a head-to-head
round 119: bot 238 (team B) died: lost a head-to-head
round 121: bot 220 (team B) died: hit a wall
round 122: bot 235 (team B) died: lost a head-to-head
round 122: bot 229 (team B) died: lost a head-to-head
round 122: bot 243 (team B) died: hit itself
round 124: bot 226 (team B) died: hit a wall
round 125: bot 200 (team B) died: hit another dragon
round 125: bot 193 (team A) died: lost a head-to-head
round 125: bot 201 (team B) died: lost a head-to-head
round 125: bot 210 (team A) died: hit another dragon
round 125: bot 231 (team A) died: hit itself
round 126: bot 216 (team A) died: hit another dragon
round 126: bot 244 (team A) died: hit another dragon
round 126: bot 242 (team B) died: lost a head-to-head
round 126: bot 246 (team B) died: lost a head-to-head
round 127: bot 230 (team A) died: hit itself
round 127: bot 191 (team A) died: lost a head-to-head
round 127: bot 249 (team A) died: lost a head-to-head
round 128: bot 203 (team B) died: hit a wall
round 129: bot 221 (team A) died: hit itself
round 129: bot 250 (team B) died: hit itself
round 129: bot 252 (team A) died: hit a wall
round 129: bot 259 (team B) died: lost a head-to-head
round 129: bot 256 (team A) died: lost a head-to-head
round 131: bot 170 (team B) died: lost a head-to-head
round 131: bot 245 (team A) died: lost a head-to-head
round 131: bot 264 (team B) died: hit itself
round 132: bot 217 (team A) died: hit a wall
round 133: bot 241 (team A) died: hit itself
round 134: bot 267 (team A) died: hit itself
round 135: bot 237 (team B) died: hit itself
round 135: bot 247 (team B) died: lost a head-to-head
round 135: bot 271 (team B) died: lost a head-to-head
round 136: bot 254 (team A) died: hit a wall
round 136: bot 263 (team A) died: hit another dragon
round 138: bot 258 (team A) died: hit another dragon
round 138: bot 275 (team A) died: lost a head-to-head
round 138: bot 274 (team B) died: lost a head-to-head
round 139: bot 273 (team A) died: lost a head-to-head
round 139: bot 218 (team A) died: lost a head-to-head
round 139: bot 251 (team B) died: hit another dragon
round 139: bot 278 (team A) died: hit itself
round 141: bot 192 (team B) died: hit another dragon
round 141: bot 255 (team A) died: hit itself
round 141: bot 257 (team B) died: hit itself
round 141: bot 262 (team A) died: hit itself
round 143: bot 248 (team A) died: hit another dragon
round 143: bot 276 (team A) died: hit another dragon
round 143: bot 272 (team B) died: lost a head-to-head
round 143: bot 285 (team A) died: lost a head-to-head
round 144: bot 194 (team A) died: hit a wall
round 144: bot 279 (team A) died: lost a head-to-head
round 144: bot 265 (team A) died: lost a head-to-head
round 144: bot 146 (team B) died: lost a head-to-head
round 144: bot 282 (team B) died: lost a head-to-head
round 145: bot 288 (team B) died: hit itself
round 146: bot 260 (team A) died: hit itself
round 148: bot 293 (team A) died: lost a head-to-head
round 148: bot 268 (team A) died: lost a head-to-head
round 148: bot 281 (team A) died: hit another dragon
round 148: bot 287 (team B) died: lost a head-to-head
round 148: bot 298 (team A) died: lost a head-to-head
round 149: bot 234 (team B) died: hit another dragon
round 149: bot 196 (team A) died: lost a head-to-head
round 149: bot 289 (team A) died: lost a head-to-head
running round 151/500 --  last: 78ms  eta: 32.9s  dragons: 12 vs 13
round 150: bot 301 (team B) died: hit itself
round 152: bot 292 (team A) died: hit another dragon
round 153: bot 295 (team A) died: hit another dragon
round 153: bot 308 (team A) died: hit itself
round 153: bot 309 (team A) died: hit itself
round 155: bot 233 (team A) died: lost a head-to-head
round 155: bot 209 (team B) died: lost a head-to-head
round 155: bot 300 (team A) died: hit another dragon
round 155: bot 310 (team B) died: hit itself
round 157: bot 294 (team B) died: hit itself
round 157: bot 283 (team B) died: lost a head-to-head
round 157: bot 306 (team A) died: lost a head-to-head
round 157: bot 315 (team B) died: hit another dragon
round 158: bot 222 (team A) died: lost a head-to-head
round 158: bot 317 (team A) died: lost a head-to-head
round 159: bot 266 (team A) died: lost a head-to-head
round 159: bot 313 (team B) died: lost a head-to-head
round 160: bot 297 (team B) died: lost a head-to-head
round 160: bot 314 (team B) died: lost a head-to-head
round 161: bot 303 (team B) died: hit itself
round 162: bot 325 (team B) died: lost a head-to-head
round 162: bot 240 (team B) died: lost a head-to-head
round 162: bot 316 (team B) died: hit another dragon
round 162: bot 328 (team B) died: hit another dragon
round 163: bot 284 (team A) died: hit another dragon
round 165: bot 312 (team B) died: hit another dragon
round 165: bot 322 (team B) died: hit another dragon
round 166: bot 290 (team A) died: hit another dragon
round 166: bot 239 (team A) died: lost a head-to-head
round 166: bot 334 (team A) died: lost a head-to-head
round 167: bot 280 (team A) died: hit a wall
round 168: bot 329 (team A) died: lost a head-to-head
round 168: bot 291 (team B) died: lost a head-to-head
round 168: bot 320 (team B) died: lost a head-to-head
round 168: bot 333 (team B) died: lost a head-to-head
round 169: bot 270 (team A) died: lost a head-to-head
round 169: bot 311 (team A) died: lost a head-to-head
round 169: bot 321 (team B) died: lost a head-to-head
round 169: bot 339 (team B) died: lost a head-to-head
round 170: bot 318 (team B) died: hit itself
round 170: bot 340 (team B) died: hit itself
round 171: bot 269 (team B) died: lost a head-to-head
round 171: bot 323 (team B) died: lost a head-to-head
round 171: bot 337 (team B) died: hit itself
round 171: bot 302 (team B) died: lost a head-to-head
round 171: bot 346 (team A) died: lost a head-to-head
round 172: bot 336 (team A) died: lost a head-to-head
round 172: bot 344 (team B) died: lost a head-to-head
round 173: bot 296 (team B) died: hit itself
round 173: bot 353 (team B) died: hit a wall
round 174: bot 347 (team B) died: hit a wall
round 174: bot 359 (team B) died: hit another dragon
round 175: bot 351 (team B) died: lost a head-to-head
round 175: bot 324 (team B) died: lost a head-to-head
round 175: bot 335 (team B) died: hit a wall
round 175: bot 349 (team B) died: hit a wall
round 176: bot 299 (team A) died: hit itself
round 176: bot 331 (team B) died: lost a head-to-head
round 176: bot 348 (team A) died: lost a head-to-head
round 177: bot 338 (team B) died: hit itself
round 177: bot 342 (team B) died: lost a head-to-head
round 177: bot 356 (team B) died: lost a head-to-head
round 178: bot 330 (team B) died: hit itself
round 179: bot 354 (team B) died: hit a wall
round 179: bot 362 (team B) died: hit itself
round 181: bot 326 (team A) died: hit another dragon
round 181: bot 357 (team B) died: lost a head-to-head
round 181: bot 363 (team A) died: lost a head-to-head
round 182: bot 286 (team B) died: hit another dragon
round 182: bot 304 (team A) died: hit another dragon
round 183: bot 341 (team A) died: hit a wall
round 183: bot 350 (team A) died: hit another dragon
round 184: bot 352 (team B) died: hit a wall
round 184: bot 369 (team B) died: hit a wall
round 187: bot 360 (team A) died: hit itself
round 187: bot 375 (team A) died: hit another dragon
round 187: bot 378 (team B) died: hit a wall
round 189: bot 277 (team B) died: hit another dragon
round 189: bot 305 (team A) died: hit another dragon
round 190: bot 345 (team B) died: hit another dragon
round 190: bot 382 (team A) died: hit another dragon
round 190: bot 388 (team B) died: hit itself
round 191: bot 386 (team B) died: lost a head-to-head
round 191: bot 358 (team A) died: lost a head-to-head
round 192: bot 364 (team B) died: hit itself
round 193: bot 361 (team A) died: hit itself
round 194: bot 392 (team A) died: hit another dragon
round 195: bot 377 (team A) died: hit a wall
round 196: bot 393 (team B) died: lost a head-to-head
round 196: bot 367 (team A) died: lost a head-to-head
round 196: bot 381 (team B) died: hit another dragon
round 198: bot 327 (team B) died: hit another dragon
round 198: bot 389 (team B) died: hit another dragon
round 198: bot 397 (team B) died: hit another dragon
running round 201/500 --  last: 69ms  eta: 26.4s  dragons: 9 vs 22
round 200: bot 261 (team B) died: hit a wall
round 200: bot 376 (team B) died: lost a head-to-head
round 200: bot 400 (team B) died: lost a head-to-head
round 201: bot 371 (team B) died: lost a head-to-head
round 201: bot 391 (team B) died: lost a head-to-head
round 201: bot 401 (team A) died: hit another dragon
round 202: bot 365 (team B) died: hit itself
round 203: bot 383 (team A) died: lost a head-to-head
round 203: bot 403 (team B) died: lost a head-to-head
round 205: bot 355 (team B) died: hit a wall
round 205: bot 370 (team B) died: hit another dragon
round 205: bot 404 (team B) died: hit a wall
round 205: bot 408 (team B) died: hit a wall
round 205: bot 409 (team B) died: hit another dragon
round 207: bot 368 (team A) died: lost a head-to-head
round 207: bot 253 (team B) died: lost a head-to-head
round 207: bot 410 (team A) died: hit another dragon
round 207: bot 379 (team B) died: lost a head-to-head
round 207: bot 411 (team A) died: lost a head-to-head
round 207: bot 412 (team B) died: hit another dragon
round 208: bot 366 (team A) died: hit another dragon
round 209: bot 319 (team B) died: hit itself
round 209: bot 390 (team A) died: hit itself
round 209: bot 396 (team B) died: hit itself
round 209: bot 421 (team B) died: lost a head-to-head
round 209: bot 405 (team B) died: lost a head-to-head
round 210: bot 398 (team B) died: lost a head-to-head
round 210: bot 416 (team B) died: lost a head-to-head
round 211: bot 374 (team B) died: lost a head-to-head
round 211: bot 413 (team B) died: lost a head-to-head
round 211: bot 419 (team A) died: hit another dragon
round 213: bot 402 (team B) died: hit another dragon
round 213: bot 414 (team B) died: hit another dragon
round 214: bot 420 (team B) died: hit itself
round 214: bot 423 (team B) died: lost a head-to-head
round 214: bot 432 (team B) died: lost a head-to-head
round 215: bot 431 (team B) died: lost a head-to-head
round 215: bot 343 (team B) died: lost a head-to-head
round 215: bot 426 (team B) died: hit itself
round 217: bot 422 (team A) died: lost a head-to-head
round 217: bot 332 (team A) died: lost a head-to-head
round 217: bot 385 (team A) died: hit itself
round 217: bot 433 (team B) died: hit a wall
round 217: bot 436 (team B) died: hit another dragon
round 219: bot 394 (team A) died: hit another dragon
round 219: bot 395 (team B) died: hit a wall
round 219: bot 425 (team B) died: hit a wall
round 219: bot 429 (team B) died: hit itself
round 219: bot 441 (team A) died: hit another dragon
round 220: bot 387 (team B) died: hit another dragon
round 220: bot 434 (team A) died: hit another dragon
round 221: bot 380 (team B) died: hit itself
round 221: bot 399 (team B) died: hit another dragon
round 223: bot 418 (team B) died: hit itself
round 223: bot 406 (team A) died: lost a head-to-head
round 223: bot 451 (team A) died: lost a head-to-head
round 224: bot 439 (team B) died: lost a head-to-head
round 224: bot 373 (team A) died: lost a head-to-head
round 224: bot 452 (team B) died: hit another dragon
round 225: bot 430 (team B) died: hit another dragon
round 225: bot 442 (team B) died: hit another dragon
round 225: bot 455 (team B) died: lost a head-to-head
round 225: bot 444 (team A) died: lost a head-to-head
round 227: bot 448 (team B) died: hit another dragon
round 228: bot 443 (team B) died: hit another dragon
round 228: bot 449 (team B) died: hit itself
round 229: bot 465 (team B) died: lost a head-to-head
round 229: bot 446 (team B) died: lost a head-to-head
round 229: bot 466 (team B) died: lost a head-to-head
round 229: bot 459 (team B) died: lost a head-to-head
round 229: bot 463 (team B) died: hit itself
round 230: bot 453 (team A) died: lost a head-to-head
round 230: bot 415 (team B) died: lost a head-to-head
round 230: bot 384 (team B) died: lost a head-to-head
round 230: bot 428 (team A) died: lost a head-to-head
round 230: bot 461 (team B) died: lost a head-to-head
round 230: bot 454 (team B) died: lost a head-to-head
round 233: bot 447 (team B) died: lost a head-to-head
round 233: bot 435 (team B) died: lost a head-to-head
round 234: bot 307 (team B) died: hit itself
round 234: bot 464 (team B) died: lost a head-to-head
round 234: bot 470 (team A) died: lost a head-to-head
round 234: bot 478 (team B) died: hit another dragon
round 235: bot 469 (team B) died: hit another dragon
round 236: bot 472 (team B) died: lost a head-to-head
round 236: bot 417 (team B) died: lost a head-to-head
round 236: bot 427 (team B) died: hit a wall
round 236: bot 476 (team B) died: hit another dragon
round 237: bot 458 (team A) died: hit another dragon
round 237: bot 473 (team B) died: hit another dragon
round 237: bot 481 (team B) died: hit itself
round 237: bot 482 (team B) died: hit a wall
round 238: bot 407 (team B) died: hit another dragon
round 238: bot 483 (team B) died: hit itself
round 239: bot 493 (team B) died: hit another dragon
round 240: bot 437 (team B) died: hit another dragon
round 240: bot 486 (team A) died: hit another dragon
round 241: bot 460 (team B) died: hit another dragon
round 241: bot 467 (team B) died: lost a head-to-head
round 241: bot 471 (team B) died: lost a head-to-head
round 241: bot 475 (team B) died: hit a wall
round 242: bot 487 (team B) died: lost a head-to-head
round 242: bot 488 (team B) died: lost a head-to-head
round 242: bot 495 (team B) died: lost a head-to-head
round 242: bot 498 (team B) died: lost a head-to-head
round 244: bot 462 (team B) died: lost a head-to-head
round 244: bot 457 (team B) died: lost a head-to-head
round 244: bot 490 (team B) died: hit itself
round 245: bot 494 (team B) died: lost a head-to-head
round 245: bot 503 (team B) died: lost a head-to-head
round 246: bot 438 (team B) died: hit another dragon
round 246: bot 445 (team A) died: hit another dragon
round 246: bot 491 (team B) died: hit another dragon
round 246: bot 496 (team B) died: hit a wall
round 247: bot 505 (team B) died: hit another dragon
round 247: bot 489 (team B) died: lost a head-to-head
round 247: bot 507 (team B) died: lost a head-to-head
round 247: bot 502 (team A) died: lost a head-to-head
round 247: bot 508 (team A) died: lost a head-to-head
round 248: bot 512 (team B) died: hit another dragon
running round 251/500 --  last: 75ms  eta: 22.8s  dragons: 3 vs 23
round 250: bot 513 (team B) died: hit another dragon
round 251: bot 511 (team B) died: hit itself
round 252: bot 474 (team B) died: hit another dragon
round 253: bot 504 (team B) died: lost a head-to-head
round 253: bot 456 (team B) died: lost a head-to-head
round 253: bot 497 (team B) died: hit another dragon
round 253: bot 523 (team B) died: hit itself
round 254: bot 516 (team B) died: lost a head-to-head
round 254: bot 525 (team B) died: lost a head-to-head
round 255: bot 372 (team B) died: hit itself
round 255: bot 501 (team B) died: lost a head-to-head
round 255: bot 517 (team B) died: lost a head-to-head
round 256: bot 522 (team B) died: hit a wall
round 258: bot 485 (team B) died: lost a head-to-head
round 258: bot 515 (team B) died: lost a head-to-head
round 259: bot 479 (team A) died: lost a head-to-head
round 259: bot 514 (team A) died: lost a head-to-head
round 260: bot 509 (team B) died: hit another dragon
round 260: bot 534 (team B) died: hit itself
round 261: bot 531 (team B) died: hit itself
round 262: bot 529 (team B) died: hit itself
round 263: bot 480 (team B) died: lost a head-to-head
round 263: bot 536 (team B) died: lost a head-to-head
round 263: bot 538 (team B) died: hit itself
round 264: bot 477 (team A) died: lost a head-to-head
round 264: bot 542 (team A) died: lost a head-to-head
team B wins after 265 rounds (by elimination) (27.3s)
wrote replay: C:\Users\ACER\OneDrive\Desktop\UNSW Battlecode\UNSWBC-\battlecode_data\training_loop\campaign\round2\after\arena-B.replay
