loaded c/c++ vs c/c++
running round 2/500 --  last: 42ms  eta: 21.4s  dragons: 1 vs 1
round 16: bot 6 (team B) died: hit itself
round 21: bot 22 (team A) died: hit another dragon
round 22: bot 11 (team B) died: hit itself
round 22: bot 27 (team A) died: hit itself
round 24: bot 21 (team B) died: hit another dragon
round 24: bot 13 (team A) died: lost a head-to-head
round 24: bot 28 (team B) died: lost a head-to-head
round 24: bot 33 (team A) died: hit itself
round 25: bot 15 (team A) died: lost a head-to-head
round 25: bot 24 (team B) died: lost a head-to-head
round 26: bot 10 (team B) died: lost a head-to-head
round 26: bot 17 (team B) died: lost a head-to-head
round 26: bot 3 (team B) died: lost a head-to-head
round 26: bot 38 (team B) died: lost a head-to-head
round 27: bot 30 (team B) died: lost a head-to-head
round 27: bot 5 (team B) died: lost a head-to-head
round 27: bot 9 (team A) died: hit itself
round 27: bot 35 (team A) died: hit another dragon
round 28: bot 18 (team A) died: lost a head-to-head
round 28: bot 32 (team A) died: lost a head-to-head
round 29: bot 26 (team A) died: hit another dragon
round 29: bot 36 (team B) died: lost a head-to-head
round 29: bot 31 (team B) died: lost a head-to-head
round 29: bot 43 (team B) died: hit another dragon
round 30: bot 44 (team A) died: hit a wall
round 31: bot 42 (team A) died: lost a head-to-head
round 31: bot 46 (team A) died: lost a head-to-head
round 32: bot 41 (team B) died: hit another dragon
round 33: bot 4 (team A) died: hit itself
round 33: bot 0 (team A) died: lost a head-to-head
round 33: bot 49 (team A) died: lost a head-to-head
round 34: bot 7 (team A) died: hit another dragon
round 34: bot 25 (team A) died: hit another dragon
round 34: bot 48 (team B) died: hit another dragon
round 34: bot 54 (team B) died: hit another dragon
round 34: bot 61 (team A) died: hit another dragon
round 35: bot 16 (team A) died: hit another dragon
round 35: bot 50 (team A) died: hit a wall
round 35: bot 62 (team A) died: hit itself
round 35: bot 63 (team A) died: hit itself
round 35: bot 47 (team A) died: lost a head-to-head
round 35: bot 65 (team A) died: lost a head-to-head
round 37: bot 58 (team B) died: lost a head-to-head
round 37: bot 19 (team B) died: lost a head-to-head
round 37: bot 39 (team A) died: lost a head-to-head
round 37: bot 52 (team A) died: lost a head-to-head
round 37: bot 67 (team B) died: hit itself
round 39: bot 59 (team A) died: lost a head-to-head
round 39: bot 70 (team A) died: lost a head-to-head
round 39: bot 74 (team A) died: hit another dragon
round 40: bot 37 (team A) died: hit a wall
round 40: bot 68 (team B) died: hit another dragon
round 43: bot 51 (team A) died: hit another dragon
round 45: bot 2 (team A) died: hit itself
round 45: bot 55 (team B) died: hit another dragon
round 45: bot 82 (team A) died: hit a wall
round 46: bot 75 (team B) died: hit another dragon
round 46: bot 76 (team A) died: hit itself
round 47: bot 56 (team B) died: hit another dragon
round 47: bot 66 (team B) died: hit itself
round 48: bot 64 (team A) died: lost a head-to-head
round 48: bot 87 (team B) died: lost a head-to-head
round 48: bot 53 (team A) died: lost a head-to-head
round 48: bot 88 (team A) died: lost a head-to-head
round 49: bot 90 (team B) died: lost a head-to-head
round 49: bot 60 (team A) died: lost a head-to-head
round 49: bot 40 (team A) died: lost a head-to-head
round 49: bot 83 (team A) died: lost a head-to-head
running round 51/500 --  last: 297ms  eta: 1m03s  dragons: 12 vs 14
round 50: bot 77 (team A) died: lost a head-to-head
round 50: bot 1 (team B) died: lost a head-to-head
round 50: bot 91 (team B) died: lost a head-to-head
round 50: bot 94 (team B) died: lost a head-to-head
round 51: bot 69 (team A) died: hit another dragon
round 52: bot 86 (team B) died: lost a head-to-head
round 52: bot 97 (team B) died: lost a head-to-head
round 53: bot 20 (team B) died: hit another dragon
round 53: bot 29 (team B) died: hit a wall
round 53: bot 34 (team B) died: hit another dragon
round 54: bot 85 (team A) died: lost a head-to-head
round 54: bot 23 (team A) died: lost a head-to-head
round 54: bot 95 (team A) died: hit itself
round 54: bot 104 (team B) died: hit another dragon
round 55: bot 79 (team A) died: hit another dragon
round 56: bot 78 (team B) died: hit another dragon
round 56: bot 81 (team A) died: hit another dragon
round 56: bot 103 (team A) died: hit another dragon
round 57: bot 14 (team B) died: lost a head-to-head
round 57: bot 71 (team B) died: lost a head-to-head
round 57: bot 110 (team A) died: hit a wall
round 59: bot 12 (team B) died: hit another dragon
round 60: bot 73 (team A) died: hit another dragon
round 60: bot 96 (team A) died: lost a head-to-head
round 60: bot 93 (team A) died: lost a head-to-head
round 61: bot 105 (team B) died: lost a head-to-head
round 61: bot 118 (team B) died: lost a head-to-head
round 62: bot 100 (team A) died: lost a head-to-head
round 62: bot 8 (team A) died: lost a head-to-head
round 62: bot 92 (team A) died: hit another dragon
round 62: bot 116 (team A) died: hit a wall
round 62: bot 124 (team B) died: hit another dragon
round 63: bot 129 (team B) died: lost a head-to-head
round 63: bot 119 (team A) died: lost a head-to-head
round 63: bot 126 (team A) died: hit itself
round 64: bot 113 (team B) died: lost a head-to-head
round 64: bot 98 (team B) died: lost a head-to-head
round 64: bot 112 (team A) died: hit itself
round 64: bot 123 (team B) died: hit itself
round 66: bot 72 (team B) died: lost a head-to-head
round 66: bot 131 (team B) died: lost a head-to-head
round 67: bot 108 (team B) died: hit itself
round 67: bot 134 (team A) died: hit another dragon
round 67: bot 125 (team B) died: lost a head-to-head
round 67: bot 138 (team B) died: lost a head-to-head
round 68: bot 45 (team A) died: hit another dragon
round 68: bot 101 (team A) died: hit another dragon
round 69: bot 84 (team B) died: hit another dragon
round 69: bot 120 (team A) died: hit itself
round 70: bot 135 (team A) died: lost a head-to-head
round 70: bot 114 (team A) died: lost a head-to-head
round 70: bot 133 (team A) died: hit another dragon
round 71: bot 80 (team A) died: hit itself
round 74: bot 89 (team B) died: hit another dragon
round 74: bot 142 (team A) died: hit another dragon
round 74: bot 146 (team B) died: hit a wall
round 75: bot 147 (team B) died: lost a head-to-head
round 75: bot 122 (team B) died: lost a head-to-head
round 75: bot 148 (team A) died: hit itself
round 75: bot 150 (team A) died: hit a wall
round 75: bot 153 (team B) died: hit a wall
round 78: bot 107 (team B) died: hit a wall
round 78: bot 130 (team B) died: lost a head-to-head
round 78: bot 136 (team B) died: lost a head-to-head
round 78: bot 157 (team A) died: lost a head-to-head
round 78: bot 144 (team A) died: lost a head-to-head
round 79: bot 155 (team B) died: lost a head-to-head
round 79: bot 160 (team A) died: lost a head-to-head
round 80: bot 106 (team A) died: hit itself
round 80: bot 159 (team A) died: hit a wall
round 80: bot 163 (team B) died: hit itself
round 81: bot 99 (team B) died: hit another dragon
round 82: bot 156 (team B) died: hit itself
round 82: bot 151 (team A) died: lost a head-to-head
round 82: bot 162 (team B) died: lost a head-to-head
round 83: bot 141 (team B) died: hit another dragon
round 84: bot 168 (team B) died: lost a head-to-head
round 84: bot 115 (team B) died: lost a head-to-head
round 84: bot 137 (team A) died: hit a wall
round 85: bot 128 (team B) died: hit a wall
round 85: bot 166 (team B) died: hit itself
round 86: bot 149 (team B) died: hit another dragon
round 86: bot 143 (team B) died: lost a head-to-head
round 86: bot 169 (team B) died: lost a head-to-head
round 87: bot 109 (team B) died: hit itself
round 87: bot 167 (team A) died: hit another dragon
round 87: bot 180 (team A) died: hit another dragon
round 88: bot 179 (team B) died: lost a head-to-head
round 88: bot 178 (team A) died: lost a head-to-head
round 88: bot 182 (team B) died: hit itself
round 89: bot 140 (team A) died: lost a head-to-head
round 89: bot 139 (team A) died: lost a head-to-head
round 90: bot 117 (team A) died: hit itself
round 90: bot 174 (team B) died: hit another dragon
round 91: bot 171 (team A) died: hit itself
round 91: bot 184 (team B) died: lost a head-to-head
round 91: bot 173 (team A) died: lost a head-to-head
round 91: bot 186 (team A) died: hit a wall
round 92: bot 154 (team B) died: hit itself
round 93: bot 181 (team A) died: lost a head-to-head
round 93: bot 111 (team A) died: lost a head-to-head
round 93: bot 185 (team A) died: lost a head-to-head
round 93: bot 165 (team A) died: lost a head-to-head
round 94: bot 158 (team B) died: hit itself
round 94: bot 170 (team A) died: hit another dragon
round 94: bot 177 (team B) died: hit itself
round 94: bot 188 (team B) died: hit itself
round 96: bot 196 (team A) died: lost a head-to-head
round 96: bot 121 (team A) died: lost a head-to-head
round 96: bot 191 (team A) died: hit another dragon
round 96: bot 190 (team A) died: lost a head-to-head
round 96: bot 201 (team A) died: lost a head-to-head
round 97: bot 145 (team B) died: lost a head-to-head
round 97: bot 132 (team B) died: lost a head-to-head
round 97: bot 200 (team A) died: hit another dragon
round 99: bot 57 (team B) died: hit another dragon
round 99: bot 194 (team B) died: lost a head-to-head
round 99: bot 202 (team B) died: lost a head-to-head
round 99: bot 209 (team A) died: hit another dragon
running round 101/500 --  last: 135ms  eta: 1m14s  dragons: 11 vs 12
round 100: bot 197 (team A) died: hit itself
round 100: bot 152 (team A) died: lost a head-to-head
round 100: bot 198 (team A) died: lost a head-to-head
round 101: bot 175 (team B) died: lost a head-to-head
round 101: bot 210 (team B) died: lost a head-to-head
round 102: bot 217 (team B) died: hit another dragon
round 103: bot 214 (team B) died: hit itself
round 104: bot 187 (team B) died: lost a head-to-head
round 104: bot 223 (team B) died: lost a head-to-head
round 105: bot 199 (team B) died: hit itself
round 105: bot 218 (team B) died: hit another dragon
round 106: bot 224 (team B) died: hit itself
round 106: bot 227 (team B) died: hit another dragon
round 107: bot 213 (team B) died: hit another dragon
round 107: bot 220 (team B) died: hit itself
round 107: bot 193 (team B) died: lost a head-to-head
round 107: bot 222 (team B) died: lost a head-to-head
round 107: bot 228 (team A) died: hit another dragon
round 107: bot 230 (team B) died: hit itself
round 108: bot 225 (team B) died: lost a head-to-head
round 108: bot 234 (team B) died: lost a head-to-head
round 109: bot 205 (team B) died: hit itself
round 109: bot 215 (team B) died: hit another dragon
round 110: bot 176 (team B) died: hit a wall
round 110: bot 235 (team A) died: lost a head-to-head
round 110: bot 237 (team A) died: lost a head-to-head
round 110: bot 241 (team B) died: hit itself
round 111: bot 211 (team B) died: lost a head-to-head
round 111: bot 164 (team B) died: lost a head-to-head
round 111: bot 172 (team A) died: lost a head-to-head
round 111: bot 207 (team B) died: lost a head-to-head
round 111: bot 229 (team A) died: lost a head-to-head
round 111: bot 231 (team B) died: lost a head-to-head
round 112: bot 183 (team A) died: hit another dragon
round 113: bot 233 (team B) died: hit itself
round 113: bot 246 (team B) died: hit another dragon
round 114: bot 189 (team B) died: hit another dragon
round 115: bot 232 (team A) died: hit itself
round 115: bot 248 (team B) died: hit another dragon
round 116: bot 127 (team B) died: hit itself
round 116: bot 245 (team B) died: hit itself
round 116: bot 247 (team B) died: hit another dragon
round 116: bot 252 (team A) died: hit itself
round 117: bot 216 (team A) died: lost a head-to-head
round 117: bot 238 (team B) died: lost a head-to-head
round 118: bot 212 (team A) died: hit itself
round 118: bot 195 (team A) died: lost a head-to-head
round 118: bot 249 (team A) died: lost a head-to-head
round 118: bot 161 (team A) died: lost a head-to-head
round 118: bot 251 (team B) died: lost a head-to-head
round 119: bot 219 (team A) died: hit a wall
round 119: bot 236 (team A) died: lost a head-to-head
round 119: bot 261 (team A) died: lost a head-to-head
round 120: bot 255 (team B) died: hit another dragon
round 121: bot 239 (team A) died: hit itself
round 121: bot 258 (team A) died: hit itself
round 121: bot 262 (team A) died: hit itself
round 121: bot 266 (team A) died: hit itself
round 122: bot 204 (team A) died: hit another dragon
round 122: bot 260 (team B) died: hit another dragon
round 122: bot 263 (team A) died: hit itself
round 122: bot 242 (team A) died: lost a head-to-head
round 122: bot 269 (team B) died: lost a head-to-head
round 123: bot 102 (team A) died: lost a head-to-head
round 123: bot 221 (team B) died: lost a head-to-head
round 124: bot 243 (team A) died: hit a wall
round 125: bot 272 (team A) died: lost a head-to-head
round 125: bot 240 (team A) died: lost a head-to-head
round 125: bot 277 (team B) died: hit itself
round 126: bot 279 (team A) died: hit itself
round 127: bot 208 (team A) died: hit another dragon
round 127: bot 280 (team B) died: lost a head-to-head
round 127: bot 285 (team A) died: lost a head-to-head
round 129: bot 254 (team A) died: hit another dragon
round 129: bot 286 (team A) died: lost a head-to-head
round 129: bot 273 (team A) died: lost a head-to-head
round 130: bot 244 (team A) died: lost a head-to-head
round 130: bot 250 (team A) died: lost a head-to-head
round 131: bot 203 (team A) died: hit a wall
round 131: bot 290 (team A) died: hit another dragon
round 132: bot 293 (team B) died: lost a head-to-head
round 132: bot 268 (team B) died: lost a head-to-head
round 132: bot 284 (team A) died: hit a wall
round 133: bot 298 (team A) died: hit another dragon
round 134: bot 271 (team A) died: hit a wall
round 135: bot 278 (team B) died: lost a head-to-head
round 135: bot 226 (team B) died: lost a head-to-head
round 135: bot 275 (team A) died: hit a wall
round 135: bot 295 (team B) died: hit itself
round 136: bot 267 (team A) died: hit itself
round 136: bot 302 (team A) died: hit another dragon
round 137: bot 294 (team B) died: hit another dragon
round 137: bot 264 (team B) died: lost a head-to-head
round 137: bot 297 (team A) died: lost a head-to-head
round 138: bot 256 (team B) died: hit another dragon
round 139: bot 301 (team B) died: lost a head-to-head
round 139: bot 253 (team A) died: lost a head-to-head
round 139: bot 308 (team A) died: hit another dragon
round 139: bot 309 (team B) died: lost a head-to-head
round 139: bot 310 (team A) died: lost a head-to-head
round 140: bot 259 (team B) died: hit another dragon
round 141: bot 291 (team B) died: hit a wall
round 142: bot 315 (team A) died: hit itself
round 143: bot 289 (team A) died: hit itself
round 143: bot 320 (team A) died: hit itself
round 144: bot 288 (team A) died: lost a head-to-head
round 144: bot 281 (team A) died: lost a head-to-head
round 144: bot 311 (team A) died: hit itself
round 145: bot 282 (team A) died: hit a wall
round 145: bot 283 (team B) died: lost a head-to-head
round 145: bot 313 (team B) died: lost a head-to-head
round 147: bot 319 (team A) died: hit a wall
round 147: bot 296 (team A) died: lost a head-to-head
round 147: bot 322 (team A) died: lost a head-to-head
round 147: bot 323 (team A) died: hit itself
round 148: bot 274 (team A) died: hit another dragon
round 148: bot 307 (team B) died: hit another dragon
round 148: bot 287 (team A) died: lost a head-to-head
round 148: bot 316 (team A) died: lost a head-to-head
round 148: bot 325 (team A) died: hit itself
running round 151/500 --  last: 46ms  eta: 1m02s  dragons: 12 vs 12
round 151: bot 327 (team A) died: hit another dragon
round 151: bot 335 (team B) died: hit itself
round 152: bot 303 (team A) died: lost a head-to-head
round 152: bot 329 (team B) died: lost a head-to-head
round 154: bot 192 (team B) died: hit another dragon
round 154: bot 300 (team A) died: lost a head-to-head
round 154: bot 328 (team B) died: lost a head-to-head
round 154: bot 340 (team A) died: hit itself
round 155: bot 292 (team B) died: hit itself
round 155: bot 336 (team A) died: hit another dragon
round 156: bot 312 (team A) died: hit another dragon
round 156: bot 339 (team B) died: hit another dragon
round 157: bot 306 (team A) died: lost a head-to-head
round 157: bot 270 (team B) died: lost a head-to-head
round 157: bot 333 (team A) died: hit a wall
round 157: bot 341 (team B) died: hit another dragon
round 159: bot 344 (team A) died: hit another dragon
round 159: bot 345 (team B) died: lost a head-to-head
round 159: bot 354 (team B) died: lost a head-to-head
round 160: bot 337 (team B) died: hit another dragon
round 160: bot 349 (team B) died: hit itself
round 160: bot 355 (team A) died: hit another dragon
round 161: bot 332 (team B) died: lost a head-to-head
round 161: bot 343 (team A) died: lost a head-to-head
round 161: bot 358 (team B) died: hit another dragon
round 163: bot 326 (team A) died: hit itself
round 163: bot 331 (team A) died: lost a head-to-head
round 163: bot 357 (team B) died: lost a head-to-head
round 163: bot 362 (team B) died: hit another dragon
round 164: bot 265 (team A) died: lost a head-to-head
round 164: bot 342 (team B) died: lost a head-to-head
round 164: bot 304 (team B) died: lost a head-to-head
round 164: bot 350 (team B) died: lost a head-to-head
round 164: bot 359 (team A) died: lost a head-to-head
round 164: bot 361 (team A) died: lost a head-to-head
round 168: bot 338 (team B) died: hit a wall
round 168: bot 257 (team A) died: lost a head-to-head
round 168: bot 346 (team A) died: lost a head-to-head
round 168: bot 299 (team A) died: lost a head-to-head
round 168: bot 366 (team A) died: lost a head-to-head
round 168: bot 373 (team B) died: hit itself
round 169: bot 276 (team B) died: lost a head-to-head
round 169: bot 356 (team B) died: lost a head-to-head
round 169: bot 360 (team A) died: hit a wall
round 170: bot 364 (team B) died: hit itself
round 171: bot 368 (team A) died: lost a head-to-head
round 171: bot 347 (team A) died: lost a head-to-head
round 171: bot 376 (team A) died: hit another dragon
round 172: bot 379 (team A) died: hit another dragon
round 172: bot 382 (team B) died: hit itself
round 173: bot 324 (team B) died: hit another dragon
round 173: bot 367 (team B) died: lost a head-to-head
round 173: bot 369 (team B) died: lost a head-to-head
round 174: bot 378 (team A) died: hit a wall
round 174: bot 385 (team B) died: hit a wall
round 175: bot 352 (team A) died: hit another dragon
round 175: bot 380 (team B) died: hit a wall
round 175: bot 351 (team B) died: lost a head-to-head
round 175: bot 384 (team B) died: lost a head-to-head
round 176: bot 317 (team A) died: hit another dragon
round 176: bot 381 (team B) died: hit a wall
round 176: bot 334 (team B) died: lost a head-to-head
round 176: bot 393 (team B) died: lost a head-to-head
round 177: bot 374 (team B) died: hit another dragon
round 179: bot 370 (team A) died: hit a wall
round 179: bot 391 (team B) died: hit a wall
round 180: bot 387 (team A) died: hit a wall
round 180: bot 318 (team B) died: lost a head-to-head
round 180: bot 389 (team B) died: lost a head-to-head
round 180: bot 398 (team A) died: hit itself
round 181: bot 206 (team B) died: hit another dragon
round 181: bot 399 (team A) died: hit itself
round 185: bot 402 (team B) died: hit itself
round 185: bot 410 (team A) died: hit a wall
round 186: bot 348 (team A) died: lost a head-to-head
round 186: bot 377 (team B) died: lost a head-to-head
round 186: bot 405 (team A) died: hit a wall
round 187: bot 371 (team B) died: hit itself
round 187: bot 392 (team B) died: hit another dragon
round 187: bot 408 (team B) died: hit another dragon
round 187: bot 416 (team A) died: hit another dragon
round 188: bot 383 (team B) died: hit another dragon
round 188: bot 395 (team A) died: hit a wall
round 188: bot 400 (team A) died: lost a head-to-head
round 188: bot 418 (team B) died: lost a head-to-head
round 188: bot 411 (team B) died: lost a head-to-head
round 188: bot 420 (team B) died: lost a head-to-head
round 189: bot 412 (team A) died: hit a wall
round 189: bot 414 (team B) died: hit another dragon
round 190: bot 390 (team B) died: lost a head-to-head
round 190: bot 419 (team B) died: lost a head-to-head
round 191: bot 305 (team B) died: lost a head-to-head
round 191: bot 386 (team B) died: lost a head-to-head
round 191: bot 406 (team B) died: hit itself
round 191: bot 424 (team A) died: hit a wall
round 192: bot 415 (team B) died: hit another dragon
round 192: bot 401 (team B) died: lost a head-to-head
round 192: bot 425 (team B) died: lost a head-to-head
round 194: bot 403 (team A) died: lost a head-to-head
round 194: bot 365 (team A) died: lost a head-to-head
round 195: bot 321 (team A) died: hit another dragon
round 195: bot 396 (team A) died: hit another dragon
round 195: bot 433 (team B) died: hit itself
round 197: bot 330 (team A) died: hit a wall
round 198: bot 372 (team A) died: hit another dragon
round 198: bot 407 (team B) died: hit another dragon
round 198: bot 438 (team B) died: hit a wall
round 198: bot 435 (team A) died: lost a head-to-head
round 198: bot 440 (team A) died: lost a head-to-head
round 199: bot 441 (team A) died: hit itself
round 199: bot 413 (team A) died: lost a head-to-head
round 199: bot 443 (team A) died: lost a head-to-head
running round 201/500 --  last: 112ms  eta: 50.9s  dragons: 12 vs 13
round 200: bot 394 (team A) died: hit another dragon
round 200: bot 446 (team A) died: hit another dragon
round 201: bot 388 (team A) died: hit a wall
round 201: bot 439 (team A) died: hit itself
round 202: bot 426 (team A) died: hit another dragon
round 202: bot 430 (team B) died: hit a wall
round 202: bot 434 (team A) died: hit itself
round 203: bot 314 (team B) died: hit another dragon
round 203: bot 431 (team A) died: hit a wall
round 203: bot 442 (team B) died: hit a wall
round 203: bot 428 (team B) died: lost a head-to-head
round 203: bot 447 (team B) died: lost a head-to-head
round 206: bot 436 (team B) died: lost a head-to-head
round 206: bot 429 (team A) died: lost a head-to-head
round 206: bot 445 (team B) died: hit a wall
round 206: bot 453 (team A) died: hit a wall
round 207: bot 437 (team A) died: lost a head-to-head
round 207: bot 457 (team A) died: lost a head-to-head
round 208: bot 448 (team B) died: lost a head-to-head
round 208: bot 375 (team B) died: lost a head-to-head
round 208: bot 397 (team A) died: hit a wall
round 208: bot 421 (team B) died: hit another dragon
round 209: bot 353 (team B) died: hit another dragon
round 209: bot 464 (team B) died: hit itself
round 210: bot 423 (team A) died: lost a head-to-head
round 210: bot 460 (team B) died: lost a head-to-head
round 210: bot 409 (team B) died: lost a head-to-head
round 210: bot 463 (team B) died: lost a head-to-head
round 211: bot 444 (team A) died: hit itself
round 211: bot 461 (team B) died: hit another dragon
round 212: bot 462 (team B) died: hit itself
round 212: bot 473 (team B) died: hit another dragon
round 212: bot 474 (team A) died: hit itself
round 213: bot 467 (team B) died: hit itself
round 214: bot 454 (team B) died: hit another dragon
round 214: bot 479 (team B) died: hit another dragon
round 215: bot 476 (team B) died: hit itself
round 215: bot 459 (team B) died: lost a head-to-head
round 215: bot 480 (team B) died: lost a head-to-head
round 216: bot 427 (team A) died: lost a head-to-head
round 216: bot 417 (team B) died: lost a head-to-head
round 217: bot 475 (team A) died: lost a head-to-head
round 217: bot 470 (team A) died: lost a head-to-head
round 219: bot 452 (team A) died: hit itself
round 220: bot 472 (team B) died: hit another dragon
round 221: bot 455 (team A) died: lost a head-to-head
round 221: bot 363 (team B) died: lost a head-to-head
round 221: bot 468 (team B) died: hit another dragon
round 221: bot 491 (team A) died: hit itself
round 222: bot 484 (team A) died: hit another dragon
round 223: bot 485 (team B) died: hit another dragon
round 223: bot 458 (team B) died: lost a head-to-head
round 223: bot 495 (team B) died: lost a head-to-head
round 225: bot 477 (team A) died: hit another dragon
round 225: bot 449 (team B) died: lost a head-to-head
round 225: bot 482 (team A) died: lost a head-to-head
round 225: bot 487 (team A) died: hit itself
round 226: bot 450 (team A) died: hit itself
round 226: bot 501 (team A) died: hit itself
round 226: bot 502 (team B) died: hit another dragon
round 227: bot 497 (team A) died: lost a head-to-head
round 227: bot 456 (team B) died: lost a head-to-head
round 227: bot 503 (team A) died: hit itself
round 228: bot 481 (team A) died: hit another dragon
round 228: bot 490 (team A) died: lost a head-to-head
round 228: bot 499 (team A) died: lost a head-to-head
round 228: bot 493 (team B) died: lost a head-to-head
round 228: bot 506 (team B) died: lost a head-to-head
round 231: bot 505 (team A) died: lost a head-to-head
round 231: bot 486 (team B) died: lost a head-to-head
round 231: bot 507 (team B) died: hit another dragon
round 231: bot 515 (team B) died: hit itself
round 231: bot 516 (team A) died: hit itself
round 232: bot 465 (team A) died: hit another dragon
round 232: bot 489 (team B) died: hit another dragon
round 232: bot 494 (team B) died: hit itself
round 232: bot 521 (team B) died: hit another dragon
round 233: bot 422 (team B) died: hit another dragon
round 233: bot 483 (team A) died: hit another dragon
round 233: bot 488 (team A) died: hit another dragon
round 233: bot 522 (team A) died: hit another dragon
round 234: bot 498 (team A) died: hit a wall
round 235: bot 525 (team B) died: hit itself
round 235: bot 526 (team A) died: hit another dragon
round 235: bot 527 (team B) died: hit another dragon
round 236: bot 466 (team B) died: hit another dragon
round 236: bot 520 (team A) died: hit another dragon
round 237: bot 496 (team A) died: hit another dragon
round 237: bot 508 (team A) died: hit another dragon
round 237: bot 530 (team B) died: hit itself
round 237: bot 531 (team B) died: hit itself
round 238: bot 532 (team A) died: hit another dragon
round 239: bot 492 (team B) died: hit a wall
round 239: bot 511 (team A) died: hit a wall
round 239: bot 478 (team B) died: lost a head-to-head
round 239: bot 538 (team A) died: lost a head-to-head
round 240: bot 513 (team A) died: hit another dragon
round 241: bot 524 (team A) died: hit another dragon
round 242: bot 509 (team B) died: hit a wall
round 242: bot 519 (team B) died: hit itself
round 243: bot 469 (team A) died: hit a wall
round 245: bot 500 (team A) died: hit another dragon
round 245: bot 512 (team A) died: hit another dragon
round 245: bot 529 (team A) died: hit another dragon
round 245: bot 540 (team A) died: hit itself
round 245: bot 544 (team B) died: hit another dragon
round 245: bot 550 (team B) died: hit itself
round 246: bot 518 (team B) died: hit another dragon
round 246: bot 523 (team A) died: hit another dragon
round 247: bot 547 (team A) died: hit itself
round 247: bot 517 (team B) died: lost a head-to-head
round 247: bot 554 (team B) died: lost a head-to-head
round 248: bot 536 (team B) died: hit another dragon
round 248: bot 541 (team B) died: hit a wall
round 248: bot 551 (team A) died: hit itself
round 248: bot 558 (team B) died: hit a wall
round 249: bot 546 (team A) died: hit itself
round 249: bot 552 (team A) died: lost a head-to-head
round 249: bot 563 (team A) died: lost a head-to-head
running round 251/500 --  last: 121ms  eta: 40.1s  dragons: 10 vs 16
round 250: bot 566 (team B) died: lost a head-to-head
round 250: bot 555 (team B) died: lost a head-to-head
round 250: bot 561 (team B) died: hit itself
round 251: bot 451 (team A) died: hit another dragon
round 251: bot 542 (team A) died: hit another dragon
round 251: bot 559 (team B) died: hit another dragon
round 251: bot 564 (team A) died: lost a head-to-head
round 251: bot 562 (team B) died: lost a head-to-head
round 252: bot 504 (team B) died: hit itself
round 252: bot 528 (team B) died: hit itself
round 252: bot 537 (team B) died: lost a head-to-head
round 252: bot 569 (team B) died: lost a head-to-head
round 253: bot 571 (team B) died: lost a head-to-head
round 253: bot 567 (team A) died: lost a head-to-head
round 254: bot 514 (team B) died: hit another dragon
round 255: bot 576 (team B) died: lost a head-to-head
round 255: bot 471 (team A) died: lost a head-to-head
round 255: bot 575 (team B) died: lost a head-to-head
round 255: bot 543 (team B) died: lost a head-to-head
round 255: bot 545 (team A) died: hit itself
round 256: bot 533 (team B) died: hit another dragon
round 256: bot 549 (team B) died: lost a head-to-head
round 256: bot 579 (team A) died: lost a head-to-head
round 257: bot 578 (team B) died: lost a head-to-head
round 257: bot 535 (team B) died: lost a head-to-head
round 258: bot 573 (team A) died: hit another dragon
round 259: bot 584 (team B) died: lost a head-to-head
round 259: bot 534 (team A) died: lost a head-to-head
round 259: bot 580 (team A) died: hit another dragon
round 259: bot 587 (team B) died: hit another dragon
round 259: bot 594 (team B) died: hit another dragon
round 260: bot 582 (team A) died: hit another dragon
round 261: bot 560 (team A) died: hit itself
round 261: bot 583 (team A) died: hit itself
round 261: bot 570 (team B) died: lost a head-to-head
round 261: bot 600 (team B) died: lost a head-to-head
round 261: bot 601 (team B) died: hit another dragon
round 262: bot 597 (team B) died: hit another dragon
round 263: bot 548 (team B) died: hit itself
round 263: bot 593 (team A) died: hit a wall
round 265: bot 591 (team B) died: hit a wall
round 265: bot 610 (team A) died: hit a wall
round 266: bot 590 (team A) died: hit a wall
round 266: bot 606 (team B) died: hit itself
round 266: bot 608 (team B) died: hit a wall
round 267: bot 568 (team A) died: hit another dragon
round 268: bot 553 (team B) died: hit another dragon
round 268: bot 607 (team A) died: lost a head-to-head
round 268: bot 612 (team A) died: lost a head-to-head
round 270: bot 539 (team A) died: hit another dragon
round 270: bot 557 (team B) died: hit itself
round 271: bot 565 (team A) died: hit another dragon
round 271: bot 619 (team B) died: lost a head-to-head
round 271: bot 609 (team A) died: lost a head-to-head
round 271: bot 510 (team A) died: lost a head-to-head
round 271: bot 614 (team A) died: lost a head-to-head
round 272: bot 603 (team A) died: hit another dragon
round 272: bot 621 (team A) died: hit itself
round 273: bot 404 (team B) died: hit itself
round 273: bot 604 (team A) died: hit another dragon
round 273: bot 595 (team B) died: lost a head-to-head
round 273: bot 620 (team A) died: lost a head-to-head
round 274: bot 625 (team A) died: hit another dragon
round 275: bot 572 (team A) died: hit itself
round 275: bot 627 (team B) died: hit another dragon
round 275: bot 589 (team A) died: lost a head-to-head
round 275: bot 628 (team A) died: lost a head-to-head
round 276: bot 556 (team A) died: hit another dragon
round 276: bot 622 (team A) died: hit itself
round 277: bot 605 (team A) died: hit another dragon
round 278: bot 432 (team A) died: hit another dragon
round 278: bot 586 (team A) died: hit a wall
round 278: bot 592 (team A) died: hit itself
round 278: bot 635 (team A) died: lost a head-to-head
round 278: bot 631 (team A) died: lost a head-to-head
round 281: bot 626 (team A) died: hit a wall
round 281: bot 643 (team B) died: lost a head-to-head
round 281: bot 636 (team A) died: lost a head-to-head
round 281: bot 638 (team A) died: hit itself
round 282: bot 588 (team A) died: hit another dragon
round 283: bot 646 (team B) died: lost a head-to-head
round 283: bot 613 (team B) died: lost a head-to-head
round 283: bot 617 (team A) died: hit another dragon
round 284: bot 598 (team A) died: hit itself
round 284: bot 632 (team A) died: lost a head-to-head
round 284: bot 649 (team A) died: lost a head-to-head
round 285: bot 645 (team A) died: lost a head-to-head
round 285: bot 611 (team A) died: lost a head-to-head
round 285: bot 642 (team A) died: hit another dragon
round 287: bot 630 (team A) died: hit itself
round 287: bot 648 (team A) died: hit another dragon
round 288: bot 616 (team A) died: hit a wall
round 289: bot 574 (team B) died: lost a head-to-head
round 289: bot 624 (team A) died: lost a head-to-head
round 289: bot 633 (team A) died: hit another dragon
round 289: bot 634 (team A) died: hit itself
round 289: bot 640 (team A) died: hit a wall
round 289: bot 657 (team A) died: hit itself
round 291: bot 663 (team A) died: hit itself
round 292: bot 629 (team A) died: lost a head-to-head
round 292: bot 651 (team A) died: lost a head-to-head
round 292: bot 647 (team A) died: lost a head-to-head
round 292: bot 660 (team A) died: lost a head-to-head
round 293: bot 667 (team A) died: hit itself
round 293: bot 668 (team A) died: hit a wall
round 294: bot 644 (team A) died: hit itself
round 294: bot 662 (team A) died: hit another dragon
round 295: bot 623 (team A) died: hit another dragon
round 295: bot 653 (team B) died: hit another dragon
round 297: bot 596 (team A) died: hit a wall
round 297: bot 654 (team A) died: hit another dragon
round 298: bot 677 (team B) died: lost a head-to-head
round 298: bot 585 (team B) died: lost a head-to-head
round 299: bot 673 (team A) died: hit a wall
running round 301/500 --  last: 38ms  eta: 30.0s  dragons: 27 vs 2
round 300: bot 679 (team A) died: hit a wall
round 301: bot 615 (team A) died: lost a head-to-head
round 301: bot 599 (team A) died: lost a head-to-head
round 302: bot 661 (team A) died: hit a wall
round 303: bot 650 (team A) died: lost a head-to-head
round 303: bot 680 (team A) died: lost a head-to-head
round 303: bot 683 (team B) died: hit another dragon
round 303: bot 685 (team A) died: hit itself
round 304: bot 682 (team A) died: hit a wall
round 305: bot 672 (team A) died: hit itself
round 306: bot 676 (team A) died: hit a wall
round 307: bot 665 (team A) died: hit another dragon
round 307: bot 618 (team A) died: lost a head-to-head
round 307: bot 688 (team A) died: lost a head-to-head
round 308: bot 639 (team A) died: hit itself
round 309: bot 670 (team A) died: hit another dragon
round 309: bot 671 (team A) died: hit another dragon
round 310: bot 675 (team B) died: hit another dragon
round 310: bot 687 (team A) died: hit another dragon
round 310: bot 664 (team A) died: lost a head-to-head
round 310: bot 690 (team A) died: lost a head-to-head
round 310: bot 694 (team A) died: hit another dragon
round 311: bot 641 (team A) died: hit itself
round 311: bot 666 (team A) died: hit another dragon
round 312: bot 684 (team A) died: lost a head-to-head
round 312: bot 691 (team A) died: lost a head-to-head
round 314: bot 689 (team A) died: hit another dragon
round 314: bot 703 (team A) died: hit itself
round 315: bot 692 (team A) died: lost a head-to-head
round 315: bot 701 (team A) died: lost a head-to-head
round 316: bot 695 (team A) died: hit another dragon
round 316: bot 698 (team A) died: hit itself
round 316: bot 705 (team A) died: hit another dragon
round 317: bot 702 (team A) died: hit another dragon
round 317: bot 704 (team A) died: hit another dragon
round 317: bot 712 (team A) died: hit itself
round 318: bot 696 (team A) died: hit another dragon
round 319: bot 658 (team A) died: hit itself
round 319: bot 659 (team A) died: hit another dragon
round 320: bot 581 (team A) died: lost a head-to-head
round 320: bot 652 (team A) died: lost a head-to-head
round 320: bot 681 (team A) died: lost a head-to-head
round 320: bot 693 (team B) died: lost a head-to-head
round 320: bot 710 (team A) died: hit a wall
round 320: bot 718 (team A) died: hit another dragon
round 320: bot 720 (team A) died: hit itself
round 322: bot 707 (team A) died: lost a head-to-head
round 322: bot 724 (team A) died: lost a head-to-head
round 323: bot 723 (team A) died: lost a head-to-head
round 323: bot 674 (team A) died: lost a head-to-head
round 323: bot 706 (team B) died: hit another dragon
round 323: bot 714 (team A) died: hit another dragon
round 323: bot 669 (team A) died: lost a head-to-head
round 323: bot 721 (team B) died: lost a head-to-head
round 325: bot 686 (team B) died: hit another dragon
round 325: bot 725 (team A) died: hit itself
round 325: bot 717 (team B) died: lost a head-to-head
round 325: bot 734 (team B) died: lost a head-to-head
round 326: bot 655 (team A) died: hit another dragon
round 326: bot 708 (team A) died: hit another dragon
round 327: bot 709 (team A) died: hit another dragon
round 327: bot 713 (team A) died: hit a wall
round 328: bot 735 (team A) died: lost a head-to-head
round 328: bot 726 (team B) died: lost a head-to-head
round 328: bot 715 (team A) died: lost a head-to-head
round 328: bot 737 (team A) died: lost a head-to-head
round 328: bot 729 (team A) died: lost a head-to-head
round 328: bot 742 (team A) died: lost a head-to-head
round 330: bot 711 (team A) died: hit another dragon
round 330: bot 739 (team B) died: hit itself
round 330: bot 700 (team A) died: lost a head-to-head
round 330: bot 744 (team A) died: lost a head-to-head
round 331: bot 728 (team A) died: hit another dragon
round 332: bot 750 (team A) died: lost a head-to-head
round 332: bot 602 (team B) died: lost a head-to-head
round 332: bot 731 (team A) died: lost a head-to-head
round 332: bot 722 (team A) died: lost a head-to-head
round 333: bot 699 (team A) died: hit another dragon
round 334: bot 758 (team A) died: lost a head-to-head
round 334: bot 719 (team A) died: lost a head-to-head
round 336: bot 678 (team A) died: hit another dragon
round 336: bot 755 (team A) died: hit itself
round 336: bot 697 (team A) died: lost a head-to-head
round 336: bot 761 (team A) died: lost a head-to-head
round 337: bot 752 (team B) died: hit another dragon
round 338: bot 727 (team B) died: lost a head-to-head
round 338: bot 749 (team B) died: lost a head-to-head
round 338: bot 754 (team B) died: hit itself
round 338: bot 763 (team A) died: hit another dragon
round 338: bot 767 (team A) died: hit a wall
round 339: bot 732 (team B) died: hit another dragon
round 339: bot 757 (team A) died: hit another dragon
round 339: bot 759 (team A) died: hit another dragon
round 340: bot 577 (team A) died: lost a head-to-head
round 340: bot 770 (team A) died: lost a head-to-head
round 341: bot 743 (team A) died: hit another dragon
round 341: bot 771 (team B) died: hit itself
round 341: bot 772 (team B) died: hit itself
round 343: bot 738 (team A) died: lost a head-to-head
round 343: bot 746 (team B) died: lost a head-to-head
round 343: bot 780 (team A) died: lost a head-to-head
round 343: bot 766 (team A) died: lost a head-to-head
round 343: bot 779 (team A) died: hit another dragon
round 344: bot 748 (team A) died: hit itself
round 344: bot 769 (team A) died: hit itself
round 345: bot 637 (team A) died: hit another dragon
round 345: bot 751 (team A) died: hit itself
round 345: bot 768 (team A) died: hit itself
round 345: bot 762 (team B) died: lost a head-to-head
round 345: bot 782 (team B) died: lost a head-to-head
round 347: bot 747 (team A) died: hit itself
round 347: bot 773 (team A) died: lost a head-to-head
round 347: bot 786 (team A) died: lost a head-to-head
round 347: bot 788 (team A) died: hit another dragon
round 347: bot 790 (team A) died: hit itself
round 348: bot 716 (team B) died: hit another dragon
round 349: bot 785 (team A) died: lost a head-to-head
round 349: bot 765 (team A) died: lost a head-to-head
round 349: bot 740 (team B) died: lost a head-to-head
round 349: bot 796 (team B) died: lost a head-to-head
round 349: bot 798 (team A) died: hit another dragon
running round 351/500 --  last: 484ms  eta: 22.6s  dragons: 24 vs 2
round 350: bot 784 (team A) died: hit another dragon
round 350: bot 792 (team A) died: hit another dragon
round 351: bot 741 (team A) died: lost a head-to-head
round 351: bot 776 (team B) died: lost a head-to-head
round 354: bot 777 (team A) died: lost a head-to-head
round 354: bot 656 (team A) died: lost a head-to-head
round 354: bot 764 (team A) died: hit a wall
round 357: bot 805 (team A) died: lost a head-to-head
round 357: bot 736 (team A) died: lost a head-to-head
round 357: bot 730 (team A) died: lost a head-to-head
round 357: bot 800 (team A) died: lost a head-to-head
round 358: bot 778 (team A) died: hit a wall
round 359: bot 802 (team A) died: hit itself
round 360: bot 787 (team A) died: hit itself
round 360: bot 810 (team B) died: hit another dragon
round 361: bot 806 (team A) died: hit another dragon
round 361: bot 811 (team A) died: hit another dragon
round 363: bot 774 (team A) died: hit another dragon
round 363: bot 807 (team A) died: hit a wall
round 365: bot 814 (team A) died: hit another dragon
round 365: bot 815 (team A) died: hit another dragon
round 365: bot 816 (team A) died: hit itself
round 367: bot 756 (team A) died: hit another dragon
round 367: bot 793 (team A) died: hit another dragon
round 368: bot 789 (team A) died: hit another dragon
round 370: bot 818 (team A) died: lost a head-to-head
round 370: bot 775 (team A) died: lost a head-to-head
round 370: bot 795 (team A) died: hit another dragon
round 370: bot 809 (team A) died: hit itself
round 371: bot 820 (team A) died: hit another dragon
round 373: bot 823 (team A) died: hit another dragon
round 376: bot 822 (team A) died: hit itself
round 377: bot 812 (team A) died: hit itself
round 378: bot 799 (team A) died: hit a wall
round 378: bot 819 (team A) died: hit itself
round 379: bot 760 (team A) died: hit itself
round 380: bot 826 (team A) died: hit another dragon
round 381: bot 794 (team A) died: lost a head-to-head
round 381: bot 828 (team A) died: lost a head-to-head
round 383: bot 817 (team A) died: hit a wall
round 386: bot 783 (team A) died: hit another dragon
round 387: bot 791 (team A) died: hit another dragon
round 388: bot 836 (team A) died: lost a head-to-head
round 388: bot 808 (team A) died: lost a head-to-head
round 388: bot 840 (team A) died: hit another dragon
round 393: bot 821 (team A) died: hit itself
round 393: bot 842 (team A) died: hit itself
round 394: bot 839 (team A) died: hit a wall
round 396: bot 831 (team A) died: lost a head-to-head
round 396: bot 797 (team A) died: lost a head-to-head
round 397: bot 803 (team A) died: hit itself
round 398: bot 838 (team A) died: hit itself
round 399: bot 825 (team A) died: hit itself
round 399: bot 827 (team A) died: hit itself
round 399: bot 835 (team A) died: hit itself
running round 401/500 --  last: 240ms  eta: 14.1s  dragons: 20 vs 1
round 401: bot 841 (team A) died: hit another dragon
round 403: bot 837 (team A) died: lost a head-to-head
round 403: bot 801 (team A) died: lost a head-to-head
round 404: bot 829 (team A) died: hit itself
round 406: bot 832 (team A) died: hit a wall
round 407: bot 804 (team A) died: lost a head-to-head
round 407: bot 847 (team A) died: lost a head-to-head
round 407: bot 854 (team B) died: hit another dragon
round 409: bot 852 (team A) died: lost a head-to-head
round 409: bot 753 (team A) died: lost a head-to-head
round 410: bot 846 (team A) died: hit another dragon
round 410: bot 857 (team A) died: hit another dragon
round 411: bot 858 (team A) died: hit another dragon
round 412: bot 834 (team A) died: lost a head-to-head
round 412: bot 745 (team A) died: lost a head-to-head
round 414: bot 865 (team A) died: lost a head-to-head
round 414: bot 863 (team A) died: lost a head-to-head
round 415: bot 824 (team A) died: hit itself
round 416: bot 843 (team A) died: hit another dragon
round 418: bot 861 (team A) died: hit itself
round 419: bot 853 (team A) died: hit another dragon
round 419: bot 869 (team A) died: hit another dragon
round 420: bot 845 (team A) died: hit itself
round 421: bot 850 (team A) died: lost a head-to-head
round 421: bot 833 (team A) died: lost a head-to-head
round 421: bot 874 (team A) died: hit another dragon
round 423: bot 830 (team A) died: hit itself
round 423: bot 864 (team A) died: hit itself
round 423: bot 877 (team A) died: hit another dragon
round 424: bot 848 (team A) died: hit itself
round 425: bot 733 (team B) died: hit another dragon
round 425: bot 856 (team A) died: hit itself
round 427: bot 813 (team A) died: hit a wall
round 427: bot 883 (team A) died: hit another dragon
round 428: bot 781 (team A) died: hit itself
round 428: bot 851 (team A) died: hit itself
round 431: bot 872 (team A) died: hit another dragon
round 432: bot 855 (team A) died: hit a wall
round 433: bot 884 (team A) died: lost a head-to-head
round 433: bot 860 (team A) died: lost a head-to-head
round 435: bot 888 (team A) died: hit a wall
round 435: bot 889 (team A) died: hit itself
round 437: bot 871 (team A) died: hit a wall
round 438: bot 868 (team A) died: hit itself
round 438: bot 880 (team A) died: hit another dragon
round 438: bot 896 (team A) died: hit itself
round 441: bot 891 (team A) died: hit another dragon
round 442: bot 844 (team A) died: lost a head-to-head
round 442: bot 895 (team A) died: lost a head-to-head
round 444: bot 898 (team A) died: hit another dragon
round 446: bot 897 (team A) died: lost a head-to-head
round 446: bot 885 (team A) died: lost a head-to-head
round 447: bot 879 (team A) died: hit itself
round 448: bot 859 (team A) died: hit another dragon
round 448: bot 870 (team A) died: hit a wall
round 448: bot 875 (team A) died: hit itself
round 449: bot 862 (team B) died: hit itself
team A wins after 450 rounds (by elimination) (1m00s)
wrote replay: C:\Users\ACER\OneDrive\Desktop\UNSW Battlecode\UNSWBC-\battlecode_data\training_loop\campaign\round3\after\arena-A.replay
