loaded c/c++ vs c/c++
running round 2/500 --  last: 53ms  eta: 26.9s  dragons: 1 vs 1
round 16: bot 6 (team B) died: hit itself
round 21: bot 22 (team A) died: hit another dragon
round 22: bot 11 (team B) died: hit itself
round 22: bot 27 (team A) died: hit itself
round 24: bot 33 (team A) died: hit itself
round 25: bot 21 (team B) died: hit another dragon
round 25: bot 32 (team A) died: lost a head-to-head
round 25: bot 37 (team A) died: lost a head-to-head
round 26: bot 17 (team B) died: lost a head-to-head
round 26: bot 30 (team B) died: lost a head-to-head
round 27: bot 9 (team A) died: hit itself
round 28: bot 40 (team B) died: lost a head-to-head
round 28: bot 34 (team B) died: lost a head-to-head
round 29: bot 25 (team A) died: hit itself
round 30: bot 35 (team A) died: lost a head-to-head
round 30: bot 4 (team A) died: lost a head-to-head
round 31: bot 23 (team A) died: hit itself
round 31: bot 39 (team A) died: hit itself
round 31: bot 44 (team A) died: hit a wall
round 31: bot 48 (team B) died: hit itself
round 32: bot 14 (team B) died: lost a head-to-head
round 32: bot 18 (team A) died: lost a head-to-head
round 32: bot 29 (team B) died: hit a wall
round 32: bot 26 (team A) died: lost a head-to-head
round 32: bot 45 (team A) died: lost a head-to-head
round 33: bot 42 (team A) died: lost a head-to-head
round 33: bot 47 (team B) died: lost a head-to-head
round 34: bot 20 (team B) died: lost a head-to-head
round 34: bot 36 (team B) died: lost a head-to-head
round 34: bot 51 (team B) died: hit another dragon
round 34: bot 10 (team B) died: lost a head-to-head
round 34: bot 57 (team B) died: lost a head-to-head
round 35: bot 8 (team A) died: hit another dragon
round 35: bot 53 (team B) died: hit another dragon
round 35: bot 46 (team B) died: lost a head-to-head
round 35: bot 56 (team B) died: lost a head-to-head
round 35: bot 60 (team A) died: hit another dragon
round 37: bot 31 (team B) died: hit another dragon
round 37: bot 64 (team B) died: hit another dragon
round 38: bot 0 (team A) died: hit another dragon
round 38: bot 63 (team B) died: lost a head-to-head
round 38: bot 16 (team A) died: lost a head-to-head
round 38: bot 61 (team A) died: hit itself
round 40: bot 24 (team B) died: hit itself
round 41: bot 3 (team B) died: hit itself
round 41: bot 67 (team B) died: hit another dragon
round 43: bot 7 (team A) died: hit itself
round 43: bot 52 (team A) died: hit itself
round 43: bot 75 (team B) died: hit another dragon
round 44: bot 38 (team B) died: lost a head-to-head
round 44: bot 58 (team A) died: lost a head-to-head
round 44: bot 50 (team A) died: lost a head-to-head
round 44: bot 76 (team A) died: lost a head-to-head
round 45: bot 28 (team B) died: lost a head-to-head
round 45: bot 49 (team A) died: lost a head-to-head
round 45: bot 74 (team B) died: lost a head-to-head
round 45: bot 71 (team A) died: lost a head-to-head
round 47: bot 5 (team B) died: hit another dragon
round 47: bot 69 (team A) died: lost a head-to-head
round 47: bot 79 (team B) died: lost a head-to-head
round 47: bot 62 (team A) died: lost a head-to-head
round 47: bot 81 (team B) died: lost a head-to-head
round 47: bot 86 (team B) died: hit another dragon
round 49: bot 65 (team A) died: hit another dragon
running round 51/500 --  last: 90ms  eta: 32.8s  dragons: 12 vs 15
round 50: bot 55 (team B) died: lost a head-to-head
round 50: bot 92 (team B) died: lost a head-to-head
round 52: bot 83 (team B) died: hit a wall
round 53: bot 1 (team B) died: hit another dragon
round 53: bot 19 (team B) died: hit itself
round 53: bot 84 (team A) died: lost a head-to-head
round 53: bot 78 (team A) died: lost a head-to-head
round 54: bot 72 (team A) died: lost a head-to-head
round 54: bot 15 (team A) died: lost a head-to-head
round 54: bot 87 (team B) died: lost a head-to-head
round 54: bot 43 (team A) died: lost a head-to-head
round 54: bot 54 (team A) died: lost a head-to-head
round 54: bot 94 (team B) died: lost a head-to-head
round 55: bot 82 (team B) died: hit a wall
round 55: bot 95 (team B) died: hit another dragon
round 55: bot 100 (team B) died: hit itself
round 57: bot 101 (team B) died: hit another dragon
round 58: bot 2 (team A) died: hit another dragon
round 58: bot 88 (team A) died: hit itself
round 58: bot 106 (team B) died: hit another dragon
round 59: bot 66 (team B) died: hit another dragon
round 60: bot 102 (team B) died: hit itself
round 62: bot 110 (team B) died: lost a head-to-head
round 62: bot 90 (team A) died: lost a head-to-head
round 63: bot 112 (team A) died: hit itself
round 63: bot 98 (team B) died: lost a head-to-head
round 63: bot 114 (team B) died: lost a head-to-head
round 64: bot 12 (team B) died: lost a head-to-head
round 64: bot 13 (team A) died: lost a head-to-head
round 64: bot 103 (team A) died: hit itself
round 64: bot 115 (team B) died: hit another dragon
round 66: bot 59 (team B) died: hit itself
round 66: bot 70 (team A) died: hit another dragon
round 66: bot 111 (team A) died: lost a head-to-head
round 66: bot 91 (team A) died: lost a head-to-head
round 68: bot 68 (team B) died: hit another dragon
round 68: bot 130 (team B) died: lost a head-to-head
round 68: bot 117 (team B) died: lost a head-to-head
round 69: bot 73 (team B) died: lost a head-to-head
round 69: bot 121 (team B) died: lost a head-to-head
round 70: bot 89 (team B) died: hit a wall
round 71: bot 93 (team B) died: hit itself
round 71: bot 123 (team B) died: hit itself
round 71: bot 129 (team B) died: hit itself
round 72: bot 96 (team A) died: hit a wall
round 73: bot 97 (team B) died: lost a head-to-head
round 73: bot 132 (team B) died: lost a head-to-head
round 74: bot 107 (team B) died: hit another dragon
round 74: bot 136 (team B) died: hit itself
round 74: bot 124 (team B) died: lost a head-to-head
round 74: bot 137 (team B) died: lost a head-to-head
round 74: bot 138 (team B) died: hit another dragon
round 75: bot 104 (team B) died: lost a head-to-head
round 75: bot 41 (team B) died: lost a head-to-head
round 77: bot 143 (team A) died: lost a head-to-head
round 77: bot 120 (team B) died: lost a head-to-head
round 77: bot 139 (team B) died: hit another dragon
round 79: bot 122 (team B) died: hit another dragon
round 82: bot 125 (team A) died: hit itself
round 83: bot 135 (team B) died: hit a wall
round 85: bot 126 (team B) died: hit another dragon
round 85: bot 142 (team B) died: hit another dragon
round 85: bot 99 (team B) died: lost a head-to-head
round 85: bot 147 (team B) died: lost a head-to-head
round 86: bot 140 (team A) died: hit another dragon
round 87: bot 134 (team B) died: hit another dragon
round 87: bot 157 (team B) died: hit itself
round 88: bot 108 (team A) died: hit another dragon
round 88: bot 77 (team B) died: lost a head-to-head
round 88: bot 116 (team A) died: lost a head-to-head
round 89: bot 131 (team B) died: hit itself
round 90: bot 145 (team B) died: hit itself
round 90: bot 164 (team A) died: hit itself
round 90: bot 127 (team B) died: lost a head-to-head
round 90: bot 166 (team B) died: lost a head-to-head
round 91: bot 156 (team B) died: hit another dragon
round 92: bot 80 (team A) died: hit another dragon
round 92: bot 148 (team B) died: hit itself
round 92: bot 169 (team B) died: hit another dragon
round 93: bot 113 (team B) died: hit another dragon
round 93: bot 133 (team B) died: hit another dragon
round 93: bot 144 (team B) died: lost a head-to-head
round 93: bot 165 (team B) died: lost a head-to-head
round 94: bot 163 (team B) died: hit another dragon
round 95: bot 160 (team A) died: hit itself
round 95: bot 109 (team B) died: lost a head-to-head
round 95: bot 171 (team A) died: lost a head-to-head
round 95: bot 175 (team A) died: hit itself
round 96: bot 179 (team B) died: lost a head-to-head
round 96: bot 159 (team B) died: lost a head-to-head
round 97: bot 146 (team B) died: hit another dragon
round 98: bot 128 (team A) died: hit a wall
round 98: bot 174 (team B) died: hit itself
round 98: bot 185 (team B) died: lost a head-to-head
round 98: bot 180 (team B) died: lost a head-to-head
round 99: bot 118 (team B) died: lost a head-to-head
round 99: bot 141 (team A) died: lost a head-to-head
round 99: bot 155 (team A) died: hit another dragon
running round 101/500 --  last: 78ms  eta: 29.3s  dragons: 5 vs 21
round 101: bot 152 (team B) died: hit itself
round 101: bot 154 (team A) died: hit another dragon
round 101: bot 173 (team B) died: hit another dragon
round 101: bot 186 (team B) died: hit another dragon
round 101: bot 187 (team B) died: hit itself
round 101: bot 153 (team B) died: lost a head-to-head
round 101: bot 188 (team B) died: lost a head-to-head
round 102: bot 196 (team B) died: hit another dragon
round 103: bot 181 (team B) died: hit another dragon
round 103: bot 162 (team B) died: lost a head-to-head
round 103: bot 182 (team A) died: lost a head-to-head
round 104: bot 183 (team B) died: lost a head-to-head
round 104: bot 192 (team B) died: lost a head-to-head
round 104: bot 194 (team A) died: hit another dragon
round 104: bot 158 (team B) died: lost a head-to-head
round 104: bot 199 (team B) died: lost a head-to-head
round 105: bot 200 (team B) died: hit a wall
round 107: bot 161 (team B) died: lost a head-to-head
round 107: bot 170 (team A) died: lost a head-to-head
round 107: bot 191 (team A) died: hit another dragon
round 107: bot 195 (team B) died: hit another dragon
round 108: bot 202 (team B) died: lost a head-to-head
round 108: bot 167 (team B) died: lost a head-to-head
round 108: bot 178 (team B) died: hit a wall
round 108: bot 203 (team A) died: hit a wall
round 109: bot 208 (team B) died: hit another dragon
round 109: bot 193 (team B) died: lost a head-to-head
round 109: bot 210 (team B) died: lost a head-to-head
round 110: bot 119 (team B) died: hit another dragon
round 110: bot 217 (team B) died: lost a head-to-head
round 110: bot 216 (team B) died: lost a head-to-head
round 111: bot 223 (team B) died: hit a wall
round 113: bot 105 (team B) died: hit another dragon
round 113: bot 198 (team B) died: hit a wall
round 114: bot 215 (team B) died: lost a head-to-head
round 114: bot 227 (team B) died: lost a head-to-head
round 115: bot 225 (team A) died: lost a head-to-head
round 115: bot 150 (team B) died: lost a head-to-head
round 115: bot 205 (team A) died: lost a head-to-head
round 115: bot 189 (team A) died: lost a head-to-head
round 116: bot 226 (team B) died: hit another dragon
round 117: bot 184 (team A) died: hit itself
round 118: bot 211 (team A) died: hit another dragon
round 118: bot 231 (team B) died: hit itself
round 120: bot 204 (team B) died: hit itself
round 120: bot 206 (team B) died: hit another dragon
round 121: bot 177 (team B) died: hit another dragon
round 121: bot 233 (team B) died: hit another dragon
round 122: bot 230 (team B) died: hit another dragon
round 123: bot 201 (team A) died: hit another dragon
round 123: bot 235 (team B) died: lost a head-to-head
round 123: bot 219 (team B) died: lost a head-to-head
round 124: bot 213 (team A) died: hit a wall
round 124: bot 234 (team A) died: hit itself
round 124: bot 236 (team B) died: hit another dragon
round 124: bot 242 (team B) died: hit itself
round 125: bot 244 (team B) died: hit itself
round 126: bot 168 (team B) died: hit a wall
round 127: bot 190 (team B) died: hit another dragon
round 127: bot 220 (team B) died: hit itself
round 128: bot 212 (team B) died: lost a head-to-head
round 128: bot 248 (team B) died: lost a head-to-head
round 129: bot 172 (team B) died: hit itself
round 129: bot 224 (team A) died: hit itself
round 129: bot 245 (team B) died: hit itself
round 130: bot 249 (team A) died: hit another dragon
round 131: bot 197 (team B) died: hit itself
round 131: bot 232 (team A) died: hit another dragon
round 131: bot 257 (team B) died: hit another dragon
round 132: bot 207 (team B) died: hit itself
round 132: bot 218 (team A) died: hit another dragon
round 132: bot 222 (team B) died: hit a wall
round 133: bot 258 (team B) died: lost a head-to-head
round 133: bot 151 (team B) died: lost a head-to-head
round 133: bot 149 (team A) died: lost a head-to-head
round 133: bot 254 (team B) died: lost a head-to-head
round 134: bot 238 (team A) died: lost a head-to-head
round 134: bot 261 (team A) died: lost a head-to-head
round 134: bot 252 (team B) died: lost a head-to-head
round 134: bot 262 (team B) died: lost a head-to-head
round 134: bot 264 (team A) died: hit another dragon
round 135: bot 228 (team B) died: hit itself
round 136: bot 209 (team B) died: hit a wall
round 136: bot 246 (team B) died: lost a head-to-head
round 136: bot 240 (team A) died: lost a head-to-head
round 136: bot 85 (team B) died: lost a head-to-head
round 136: bot 250 (team A) died: lost a head-to-head
round 138: bot 268 (team A) died: lost a head-to-head
round 138: bot 272 (team A) died: lost a head-to-head
round 139: bot 237 (team B) died: hit itself
round 139: bot 274 (team A) died: hit itself
round 140: bot 221 (team B) died: hit a wall
round 141: bot 239 (team B) died: hit itself
round 142: bot 251 (team B) died: lost a head-to-head
round 142: bot 214 (team B) died: lost a head-to-head
round 142: bot 247 (team A) died: lost a head-to-head
round 142: bot 229 (team A) died: lost a head-to-head
round 142: bot 273 (team B) died: lost a head-to-head
round 142: bot 266 (team B) died: lost a head-to-head
round 142: bot 275 (team A) died: hit another dragon
round 143: bot 280 (team B) died: hit another dragon
round 143: bot 284 (team B) died: hit a wall
round 144: bot 287 (team B) died: hit itself
round 145: bot 260 (team B) died: hit a wall
round 146: bot 255 (team A) died: hit another dragon
round 146: bot 270 (team B) died: hit another dragon
round 147: bot 283 (team A) died: hit another dragon
round 147: bot 296 (team A) died: hit another dragon
round 148: bot 286 (team B) died: hit a wall
round 148: bot 294 (team B) died: hit another dragon
round 148: bot 295 (team A) died: hit another dragon
round 149: bot 299 (team B) died: lost a head-to-head
round 149: bot 289 (team B) died: lost a head-to-head
round 149: bot 292 (team B) died: hit another dragon
running round 151/500 --  last: 82ms  eta: 27.6s  dragons: 6 vs 21
round 150: bot 243 (team B) died: lost a head-to-head
round 150: bot 278 (team B) died: lost a head-to-head
round 150: bot 301 (team B) died: hit itself
round 151: bot 304 (team A) died: lost a head-to-head
round 151: bot 253 (team B) died: lost a head-to-head
round 151: bot 265 (team A) died: hit a wall
round 152: bot 256 (team A) died: hit another dragon
round 152: bot 302 (team A) died: hit itself
round 153: bot 311 (team B) died: hit another dragon
round 154: bot 263 (team B) died: hit itself
round 154: bot 290 (team B) died: hit a wall
round 154: bot 313 (team B) died: hit itself
round 154: bot 259 (team B) died: lost a head-to-head
round 154: bot 314 (team B) died: lost a head-to-head
round 155: bot 293 (team B) died: hit another dragon
round 155: bot 309 (team A) died: hit a wall
round 155: bot 315 (team B) died: hit another dragon
round 156: bot 319 (team A) died: hit itself
round 157: bot 303 (team B) died: lost a head-to-head
round 157: bot 316 (team B) died: lost a head-to-head
round 158: bot 321 (team B) died: lost a head-to-head
round 158: bot 317 (team B) died: lost a head-to-head
round 159: bot 271 (team B) died: hit another dragon
round 160: bot 318 (team B) died: hit another dragon
round 160: bot 327 (team B) died: hit another dragon
round 160: bot 330 (team B) died: hit itself
round 161: bot 277 (team B) died: hit a wall
round 161: bot 305 (team B) died: hit itself
round 161: bot 325 (team B) died: hit itself
round 161: bot 285 (team A) died: lost a head-to-head
round 161: bot 329 (team A) died: lost a head-to-head
round 162: bot 307 (team A) died: hit itself
round 162: bot 308 (team B) died: lost a head-to-head
round 162: bot 328 (team B) died: lost a head-to-head
round 163: bot 338 (team B) died: hit itself
round 164: bot 279 (team B) died: hit itself
round 164: bot 324 (team B) died: hit a wall
round 165: bot 312 (team B) died: hit itself
round 166: bot 241 (team B) died: lost a head-to-head
round 166: bot 269 (team B) died: lost a head-to-head
round 166: bot 320 (team B) died: hit a wall
round 167: bot 333 (team B) died: hit another dragon
round 168: bot 176 (team B) died: lost a head-to-head
round 168: bot 276 (team B) died: lost a head-to-head
round 168: bot 288 (team B) died: lost a head-to-head
round 168: bot 281 (team B) died: lost a head-to-head
round 170: bot 334 (team B) died: hit another dragon
round 170: bot 332 (team B) died: lost a head-to-head
round 170: bot 353 (team B) died: lost a head-to-head
round 171: bot 339 (team A) died: lost a head-to-head
round 171: bot 282 (team A) died: lost a head-to-head
round 171: bot 344 (team B) died: lost a head-to-head
round 171: bot 323 (team B) died: lost a head-to-head
round 171: bot 326 (team B) died: hit itself
round 173: bot 291 (team B) died: hit another dragon
round 173: bot 336 (team B) died: hit another dragon
round 173: bot 306 (team B) died: lost a head-to-head
round 173: bot 349 (team B) died: lost a head-to-head
round 174: bot 298 (team B) died: hit a wall
round 174: bot 358 (team B) died: lost a head-to-head
round 174: bot 348 (team B) died: lost a head-to-head
round 174: bot 355 (team B) died: hit a wall
round 175: bot 360 (team B) died: hit itself
round 176: bot 300 (team B) died: hit a wall
round 176: bot 343 (team B) died: lost a head-to-head
round 176: bot 363 (team A) died: lost a head-to-head
round 178: bot 362 (team B) died: hit itself
round 178: bot 337 (team B) died: lost a head-to-head
round 178: bot 364 (team B) died: lost a head-to-head
round 179: bot 361 (team B) died: lost a head-to-head
round 179: bot 352 (team B) died: lost a head-to-head
round 180: bot 267 (team B) died: hit itself
round 181: bot 356 (team B) died: hit itself
round 184: bot 351 (team B) died: hit another dragon
round 184: bot 365 (team B) died: hit itself
round 184: bot 372 (team B) died: hit another dragon
round 184: bot 374 (team B) died: hit itself
round 184: bot 376 (team B) died: hit another dragon
round 185: bot 366 (team B) died: hit itself
round 186: bot 347 (team B) died: hit another dragon
round 186: bot 381 (team B) died: hit another dragon
round 187: bot 341 (team B) died: hit itself
round 187: bot 357 (team B) died: hit itself
round 187: bot 359 (team B) died: hit itself
round 187: bot 375 (team B) died: lost a head-to-head
round 187: bot 382 (team B) died: lost a head-to-head
round 188: bot 297 (team A) died: lost a head-to-head
round 188: bot 384 (team A) died: lost a head-to-head
round 188: bot 387 (team B) died: hit itself
round 189: bot 370 (team B) died: hit itself
round 190: bot 386 (team B) died: hit another dragon
round 191: bot 346 (team B) died: hit itself
round 191: bot 369 (team B) died: hit itself
round 191: bot 371 (team B) died: hit itself
round 191: bot 395 (team B) died: lost a head-to-head
round 191: bot 391 (team B) died: lost a head-to-head
round 192: bot 331 (team B) died: lost a head-to-head
round 192: bot 368 (team B) died: lost a head-to-head
round 192: bot 354 (team B) died: lost a head-to-head
round 192: bot 396 (team B) died: lost a head-to-head
round 193: bot 388 (team B) died: lost a head-to-head
round 193: bot 342 (team B) died: lost a head-to-head
round 194: bot 377 (team B) died: hit itself
round 194: bot 322 (team B) died: lost a head-to-head
round 194: bot 390 (team B) died: lost a head-to-head
round 194: bot 399 (team B) died: hit another dragon
round 196: bot 393 (team B) died: hit another dragon
round 196: bot 402 (team B) died: hit itself
round 197: bot 397 (team B) died: lost a head-to-head
round 197: bot 383 (team B) died: lost a head-to-head
round 198: bot 392 (team B) died: hit another dragon
running round 201/500 --  last: 47ms  eta: 24.1s  dragons: 4 vs 24
round 200: bot 401 (team A) died: hit another dragon
round 201: bot 379 (team B) died: hit another dragon
round 201: bot 389 (team B) died: hit itself
round 201: bot 414 (team B) died: hit itself
round 201: bot 416 (team B) died: hit itself
round 201: bot 418 (team B) died: hit itself
round 201: bot 419 (team B) died: hit another dragon
round 202: bot 310 (team B) died: hit itself
round 203: bot 411 (team B) died: hit itself
round 204: bot 407 (team B) died: lost a head-to-head
round 204: bot 373 (team B) died: lost a head-to-head
round 206: bot 428 (team B) died: lost a head-to-head
round 206: bot 408 (team B) died: lost a head-to-head
round 206: bot 423 (team B) died: hit a wall
round 207: bot 406 (team B) died: hit itself
round 207: bot 429 (team B) died: hit itself
round 208: bot 367 (team B) died: hit another dragon
round 208: bot 335 (team B) died: lost a head-to-head
round 208: bot 380 (team B) died: lost a head-to-head
round 208: bot 422 (team B) died: lost a head-to-head
round 208: bot 426 (team B) died: lost a head-to-head
round 209: bot 417 (team B) died: hit another dragon
round 210: bot 438 (team B) died: hit itself
round 211: bot 340 (team B) died: lost a head-to-head
round 211: bot 345 (team A) died: lost a head-to-head
round 211: bot 412 (team B) died: hit another dragon
round 211: bot 433 (team B) died: hit another dragon
round 211: bot 435 (team B) died: hit itself
round 212: bot 350 (team B) died: hit itself
round 212: bot 385 (team B) died: hit itself
round 214: bot 403 (team B) died: hit a wall
round 214: bot 424 (team B) died: hit itself
round 214: bot 439 (team B) died: lost a head-to-head
round 214: bot 447 (team B) died: lost a head-to-head
round 215: bot 436 (team B) died: hit a wall
round 215: bot 405 (team A) died: lost a head-to-head
round 215: bot 444 (team A) died: lost a head-to-head
round 218: bot 449 (team B) died: hit itself
round 218: bot 458 (team B) died: hit itself
round 219: bot 443 (team B) died: hit a wall
round 220: bot 394 (team B) died: hit itself
round 220: bot 454 (team B) died: hit itself
round 220: bot 455 (team B) died: hit another dragon
round 220: bot 459 (team B) died: hit a wall
round 221: bot 420 (team B) died: hit a wall
round 221: bot 448 (team B) died: hit another dragon
round 222: bot 456 (team B) died: lost a head-to-head
round 222: bot 425 (team B) died: lost a head-to-head
round 223: bot 434 (team A) died: lost a head-to-head
round 223: bot 463 (team A) died: lost a head-to-head
round 224: bot 440 (team B) died: hit itself
round 224: bot 462 (team B) died: lost a head-to-head
round 224: bot 441 (team B) died: lost a head-to-head
round 225: bot 430 (team B) died: lost a head-to-head
round 225: bot 378 (team A) died: lost a head-to-head
round 225: bot 437 (team B) died: hit another dragon
round 226: bot 409 (team B) died: hit itself
round 227: bot 427 (team B) died: hit itself
round 227: bot 453 (team B) died: hit itself
round 228: bot 467 (team B) died: hit another dragon
round 228: bot 445 (team B) died: lost a head-to-head
round 228: bot 469 (team B) died: lost a head-to-head
round 229: bot 415 (team A) died: lost a head-to-head
round 229: bot 472 (team A) died: lost a head-to-head
round 229: bot 475 (team B) died: hit itself
round 230: bot 442 (team B) died: lost a head-to-head
round 230: bot 432 (team B) died: lost a head-to-head
round 230: bot 404 (team B) died: lost a head-to-head
round 230: bot 466 (team B) died: lost a head-to-head
round 230: bot 410 (team B) died: lost a head-to-head
round 230: bot 478 (team B) died: lost a head-to-head
round 231: bot 452 (team B) died: hit a wall
round 231: bot 465 (team B) died: hit another dragon
round 231: bot 481 (team B) died: hit another dragon
round 232: bot 464 (team B) died: hit another dragon
round 233: bot 421 (team B) died: hit another dragon
round 233: bot 461 (team B) died: lost a head-to-head
round 233: bot 476 (team B) died: lost a head-to-head
round 233: bot 451 (team A) died: lost a head-to-head
round 233: bot 485 (team A) died: lost a head-to-head
round 233: bot 400 (team B) died: lost a head-to-head
round 233: bot 486 (team B) died: lost a head-to-head
round 235: bot 413 (team B) died: hit another dragon
round 235: bot 474 (team B) died: hit another dragon
round 236: bot 473 (team A) died: hit a wall
round 236: bot 496 (team B) died: lost a head-to-head
round 236: bot 479 (team B) died: lost a head-to-head
round 237: bot 450 (team B) died: hit another dragon
round 237: bot 484 (team A) died: lost a head-to-head
round 237: bot 498 (team A) died: lost a head-to-head
round 238: bot 471 (team A) died: lost a head-to-head
round 238: bot 491 (team B) died: lost a head-to-head
round 238: bot 495 (team B) died: hit itself
round 238: bot 504 (team B) died: hit itself
round 241: bot 483 (team B) died: hit another dragon
round 241: bot 506 (team B) died: hit a wall
round 242: bot 493 (team B) died: lost a head-to-head
round 242: bot 470 (team B) died: lost a head-to-head
round 242: bot 457 (team A) died: lost a head-to-head
round 242: bot 508 (team B) died: lost a head-to-head
round 244: bot 460 (team B) died: hit itself
round 245: bot 489 (team B) died: hit a wall
round 245: bot 510 (team A) died: hit itself
round 245: bot 514 (team B) died: lost a head-to-head
round 245: bot 511 (team A) died: lost a head-to-head
round 246: bot 492 (team B) died: lost a head-to-head
round 246: bot 513 (team B) died: lost a head-to-head
round 247: bot 499 (team B) died: lost a head-to-head
round 247: bot 482 (team B) died: lost a head-to-head
round 247: bot 477 (team B) died: lost a head-to-head
round 247: bot 512 (team B) died: lost a head-to-head
round 249: bot 520 (team B) died: lost a head-to-head
round 249: bot 523 (team B) died: lost a head-to-head
running round 251/500 --  last: 65ms  eta: 20.7s  dragons: 5 vs 19
round 250: bot 398 (team B) died: hit another dragon
round 251: bot 517 (team B) died: hit a wall
round 251: bot 528 (team B) died: hit another dragon
round 252: bot 431 (team B) died: hit itself
round 252: bot 515 (team B) died: hit another dragon
round 253: bot 509 (team B) died: hit another dragon
round 253: bot 522 (team B) died: hit itself
round 253: bot 519 (team A) died: lost a head-to-head
round 253: bot 532 (team B) died: lost a head-to-head
round 255: bot 536 (team B) died: lost a head-to-head
round 255: bot 531 (team B) died: lost a head-to-head
round 256: bot 534 (team B) died: hit another dragon
round 258: bot 526 (team B) died: hit another dragon
round 258: bot 541 (team B) died: hit another dragon
round 259: bot 468 (team B) died: hit itself
round 260: bot 480 (team B) died: hit a wall
round 260: bot 501 (team B) died: hit itself
round 260: bot 545 (team B) died: hit itself
round 261: bot 544 (team B) died: hit itself
round 262: bot 503 (team B) died: hit itself
round 262: bot 542 (team B) died: hit itself
round 263: bot 490 (team B) died: lost a head-to-head
round 263: bot 551 (team A) died: lost a head-to-head
round 264: bot 527 (team B) died: lost a head-to-head
round 264: bot 497 (team B) died: lost a head-to-head
round 264: bot 502 (team A) died: hit another dragon
round 264: bot 535 (team B) died: hit a wall
round 264: bot 549 (team A) died: hit another dragon
round 264: bot 552 (team B) died: hit itself
round 265: bot 446 (team B) died: hit another dragon
round 265: bot 524 (team B) died: hit itself
round 266: bot 518 (team B) died: hit a wall
round 266: bot 553 (team B) died: hit itself
round 266: bot 533 (team A) died: lost a head-to-head
round 266: bot 558 (team A) died: lost a head-to-head
round 267: bot 538 (team B) died: lost a head-to-head
round 267: bot 487 (team B) died: lost a head-to-head
round 267: bot 543 (team B) died: hit itself
round 269: bot 547 (team B) died: hit a wall
round 269: bot 494 (team B) died: lost a head-to-head
round 269: bot 563 (team B) died: lost a head-to-head
round 270: bot 505 (team B) died: lost a head-to-head
round 270: bot 516 (team A) died: lost a head-to-head
round 271: bot 554 (team B) died: hit itself
round 271: bot 567 (team B) died: hit another dragon
round 272: bot 488 (team A) died: lost a head-to-head
round 272: bot 560 (team A) died: lost a head-to-head
round 273: bot 565 (team B) died: hit a wall
round 274: bot 537 (team B) died: hit another dragon
round 274: bot 548 (team B) died: hit another dragon
round 275: bot 574 (team B) died: hit itself
round 277: bot 556 (team B) died: hit itself
round 277: bot 500 (team B) died: lost a head-to-head
round 277: bot 575 (team B) died: lost a head-to-head
round 278: bot 578 (team B) died: hit itself
round 279: bot 525 (team B) died: lost a head-to-head
round 279: bot 568 (team B) died: lost a head-to-head
round 280: bot 576 (team B) died: hit another dragon
round 280: bot 577 (team B) died: hit a wall
round 280: bot 557 (team B) died: lost a head-to-head
round 280: bot 581 (team B) died: lost a head-to-head
round 281: bot 573 (team A) died: hit another dragon
round 281: bot 566 (team B) died: lost a head-to-head
round 281: bot 582 (team B) died: lost a head-to-head
round 282: bot 570 (team B) died: lost a head-to-head
round 282: bot 572 (team B) died: lost a head-to-head
round 283: bot 589 (team A) died: hit another dragon
round 285: bot 559 (team A) died: hit itself
round 285: bot 561 (team B) died: hit a wall
round 285: bot 550 (team B) died: lost a head-to-head
round 285: bot 562 (team B) died: lost a head-to-head
round 285: bot 579 (team B) died: lost a head-to-head
round 285: bot 595 (team B) died: lost a head-to-head
round 286: bot 584 (team B) died: hit a wall
round 287: bot 583 (team B) died: hit itself
round 288: bot 555 (team B) died: hit itself
round 289: bot 590 (team B) died: hit another dragon
round 289: bot 601 (team B) died: hit itself
round 289: bot 585 (team B) died: lost a head-to-head
round 289: bot 604 (team B) died: lost a head-to-head
round 290: bot 540 (team B) died: lost a head-to-head
round 290: bot 588 (team B) died: lost a head-to-head
round 291: bot 610 (team B) died: hit another dragon
round 292: bot 608 (team B) died: hit another dragon
round 292: bot 611 (team B) died: hit another dragon
round 293: bot 546 (team B) died: hit another dragon
round 293: bot 571 (team B) died: hit a wall
round 293: bot 612 (team A) died: hit another dragon
round 294: bot 507 (team A) died: hit itself
round 294: bot 587 (team B) died: lost a head-to-head
round 294: bot 599 (team B) died: lost a head-to-head
round 294: bot 603 (team B) died: hit another dragon
round 295: bot 592 (team B) died: hit a wall
round 297: bot 619 (team B) died: lost a head-to-head
round 297: bot 591 (team B) died: lost a head-to-head
round 297: bot 593 (team B) died: hit a wall
round 297: bot 596 (team B) died: hit itself
round 298: bot 614 (team B) died: lost a head-to-head
round 298: bot 521 (team B) died: lost a head-to-head
round 299: bot 586 (team B) died: hit itself
round 299: bot 623 (team B) died: hit itself
running round 301/500 --  last: 66ms  eta: 16.7s  dragons: 1 vs 25
round 303: bot 621 (team B) died: hit another dragon
round 305: bot 529 (team B) died: lost a head-to-head
round 305: bot 609 (team B) died: lost a head-to-head
round 305: bot 624 (team B) died: hit itself
round 305: bot 625 (team B) died: hit a wall
round 306: bot 618 (team B) died: lost a head-to-head
round 306: bot 569 (team B) died: lost a head-to-head
round 306: bot 607 (team B) died: hit itself
round 306: bot 633 (team B) died: lost a head-to-head
round 306: bot 628 (team B) died: lost a head-to-head
round 306: bot 606 (team B) died: lost a head-to-head
round 306: bot 629 (team B) died: lost a head-to-head
round 307: bot 634 (team B) died: hit another dragon
round 308: bot 620 (team B) died: hit a wall
round 308: bot 627 (team B) died: lost a head-to-head
round 308: bot 635 (team A) died: lost a head-to-head
round 310: bot 598 (team B) died: hit another dragon
round 310: bot 602 (team B) died: hit another dragon
round 310: bot 616 (team B) died: lost a head-to-head
round 310: bot 641 (team B) died: lost a head-to-head
round 311: bot 530 (team B) died: hit another dragon
round 311: bot 648 (team B) died: hit another dragon
round 312: bot 630 (team B) died: lost a head-to-head
round 312: bot 564 (team B) died: lost a head-to-head
round 312: bot 644 (team B) died: hit another dragon
round 312: bot 632 (team B) died: lost a head-to-head
round 312: bot 650 (team A) died: lost a head-to-head
round 313: bot 617 (team B) died: hit another dragon
round 314: bot 631 (team B) died: hit itself
round 314: bot 643 (team B) died: hit another dragon
round 316: bot 653 (team B) died: lost a head-to-head
round 316: bot 659 (team B) died: lost a head-to-head
round 317: bot 600 (team B) died: hit another dragon
round 318: bot 640 (team B) died: lost a head-to-head
round 318: bot 626 (team B) died: lost a head-to-head
round 319: bot 605 (team B) died: hit another dragon
round 321: bot 539 (team B) died: hit a wall
round 321: bot 613 (team B) died: hit a wall
round 321: bot 647 (team B) died: hit another dragon
round 321: bot 666 (team B) died: hit another dragon
round 322: bot 664 (team B) died: lost a head-to-head
round 322: bot 654 (team B) died: lost a head-to-head
round 322: bot 668 (team B) died: hit itself
round 323: bot 645 (team B) died: hit another dragon
round 324: bot 622 (team B) died: hit another dragon
round 324: bot 665 (team B) died: hit another dragon
round 324: bot 670 (team A) died: hit itself
round 326: bot 649 (team B) died: hit itself
round 326: bot 642 (team B) died: lost a head-to-head
round 326: bot 655 (team B) died: lost a head-to-head
round 326: bot 661 (team B) died: lost a head-to-head
round 326: bot 672 (team B) died: lost a head-to-head
round 328: bot 657 (team A) died: lost a head-to-head
round 328: bot 667 (team B) died: lost a head-to-head
round 329: bot 636 (team B) died: hit itself
round 329: bot 673 (team B) died: hit itself
round 330: bot 580 (team B) died: lost a head-to-head
round 330: bot 615 (team B) died: lost a head-to-head
round 330: bot 656 (team B) died: lost a head-to-head
round 330: bot 681 (team B) died: lost a head-to-head
round 330: bot 683 (team B) died: hit itself
round 334: bot 689 (team B) died: hit itself
round 335: bot 660 (team B) died: hit another dragon
round 335: bot 639 (team B) died: lost a head-to-head
round 335: bot 687 (team B) died: lost a head-to-head
round 335: bot 677 (team B) died: lost a head-to-head
round 335: bot 695 (team A) died: lost a head-to-head
round 336: bot 686 (team B) died: hit itself
round 336: bot 693 (team B) died: lost a head-to-head
round 336: bot 690 (team B) died: lost a head-to-head
round 337: bot 674 (team B) died: hit another dragon
round 337: bot 680 (team B) died: hit a wall
round 337: bot 691 (team B) died: lost a head-to-head
round 337: bot 684 (team B) died: lost a head-to-head
round 340: bot 637 (team B) died: hit itself
round 340: bot 669 (team B) died: hit itself
round 340: bot 671 (team B) died: hit another dragon
round 340: bot 706 (team B) died: lost a head-to-head
round 340: bot 696 (team B) died: lost a head-to-head
round 340: bot 697 (team B) died: hit another dragon
round 341: bot 658 (team B) died: lost a head-to-head
round 341: bot 705 (team A) died: lost a head-to-head
round 341: bot 709 (team B) died: hit itself
round 342: bot 678 (team B) died: hit a wall
round 342: bot 676 (team B) died: lost a head-to-head
round 342: bot 688 (team B) died: lost a head-to-head
round 342: bot 692 (team B) died: hit another dragon
round 343: bot 652 (team B) died: hit itself
round 344: bot 715 (team B) died: hit itself
round 346: bot 703 (team B) died: hit a wall
round 346: bot 702 (team B) died: lost a head-to-head
round 346: bot 714 (team B) died: lost a head-to-head
round 347: bot 594 (team B) died: hit another dragon
round 347: bot 685 (team A) died: hit a wall
round 348: bot 710 (team B) died: hit another dragon
round 348: bot 713 (team B) died: lost a head-to-head
round 348: bot 724 (team B) died: lost a head-to-head
round 349: bot 725 (team B) died: hit another dragon
round 349: bot 682 (team B) died: lost a head-to-head
round 349: bot 726 (team B) died: lost a head-to-head
running round 351/500 --  last: 133ms  eta: 12.7s  dragons: 4 vs 25
round 351: bot 711 (team B) died: hit itself
round 351: bot 719 (team B) died: lost a head-to-head
round 351: bot 722 (team B) died: lost a head-to-head
round 351: bot 718 (team B) died: lost a head-to-head
round 351: bot 730 (team B) died: lost a head-to-head
round 354: bot 721 (team B) died: hit another dragon
round 354: bot 729 (team B) died: hit a wall
round 357: bot 663 (team B) died: hit another dragon
round 359: bot 646 (team B) died: hit a wall
round 359: bot 699 (team B) died: hit another dragon
round 359: bot 728 (team B) died: hit a wall
round 360: bot 735 (team B) died: hit itself
round 361: bot 638 (team B) died: hit another dragon
round 362: bot 708 (team B) died: hit another dragon
round 363: bot 597 (team A) died: hit itself
round 363: bot 694 (team B) died: hit itself
round 363: bot 732 (team A) died: lost a head-to-head
round 363: bot 738 (team A) died: lost a head-to-head
round 364: bot 712 (team A) died: hit another dragon
round 364: bot 739 (team A) died: hit another dragon
round 365: bot 662 (team B) died: hit another dragon
round 366: bot 737 (team B) died: hit a wall
round 368: bot 679 (team B) died: hit another dragon
round 368: bot 717 (team B) died: hit itself
round 369: bot 727 (team B) died: hit itself
round 372: bot 704 (team B) died: hit itself
round 374: bot 746 (team B) died: lost a head-to-head
round 374: bot 740 (team A) died: lost a head-to-head
round 374: bot 749 (team B) died: hit another dragon
round 376: bot 743 (team A) died: hit another dragon
round 377: bot 736 (team B) died: hit a wall
round 377: bot 751 (team B) died: hit itself
round 378: bot 716 (team B) died: hit itself
round 379: bot 742 (team B) died: hit another dragon
round 380: bot 723 (team A) died: hit another dragon
round 381: bot 745 (team B) died: lost a head-to-head
round 381: bot 741 (team B) died: lost a head-to-head
round 382: bot 756 (team B) died: lost a head-to-head
round 382: bot 651 (team B) died: lost a head-to-head
round 383: bot 707 (team B) died: hit a wall
round 385: bot 752 (team A) died: lost a head-to-head
round 385: bot 701 (team A) died: lost a head-to-head
round 386: bot 744 (team B) died: hit another dragon
round 387: bot 753 (team B) died: hit itself
round 388: bot 764 (team B) died: hit another dragon
round 389: bot 731 (team B) died: hit itself
round 390: bot 758 (team B) died: hit itself
round 390: bot 761 (team A) died: hit another dragon
round 391: bot 734 (team B) died: hit itself
round 393: bot 700 (team B) died: hit another dragon
round 394: bot 760 (team B) died: hit another dragon
round 395: bot 733 (team B) died: hit another dragon
round 396: bot 767 (team B) died: lost a head-to-head
round 396: bot 765 (team B) died: lost a head-to-head
round 397: bot 754 (team B) died: hit itself
round 397: bot 775 (team B) died: hit another dragon
round 399: bot 778 (team B) died: hit another dragon
running round 401/500 --  last: 104ms  eta: 9.1s  dragons: 2 vs 19
round 400: bot 779 (team B) died: hit another dragon
round 401: bot 720 (team B) died: hit another dragon
round 401: bot 757 (team B) died: hit another dragon
round 401: bot 766 (team B) died: hit another dragon
round 403: bot 748 (team B) died: hit another dragon
round 405: bot 675 (team B) died: hit another dragon
round 405: bot 773 (team B) died: hit a wall
round 405: bot 776 (team B) died: hit itself
round 406: bot 782 (team B) died: hit another dragon
round 407: bot 755 (team B) died: hit a wall
round 409: bot 770 (team B) died: hit itself
round 410: bot 784 (team B) died: hit itself
round 411: bot 759 (team B) died: hit itself
round 412: bot 747 (team A) died: lost a head-to-head
round 412: bot 777 (team B) died: lost a head-to-head
round 414: bot 768 (team B) died: hit another dragon
round 415: bot 783 (team B) died: lost a head-to-head
round 415: bot 762 (team B) died: lost a head-to-head
round 415: bot 792 (team B) died: lost a head-to-head
round 415: bot 763 (team B) died: lost a head-to-head
round 421: bot 781 (team B) died: hit another dragon
round 421: bot 788 (team A) died: hit itself
round 422: bot 793 (team A) died: hit another dragon
round 423: bot 794 (team B) died: hit another dragon
round 423: bot 796 (team B) died: lost a head-to-head
round 423: bot 795 (team B) died: lost a head-to-head
round 423: bot 801 (team B) died: hit another dragon
round 425: bot 698 (team B) died: hit another dragon
round 428: bot 780 (team B) died: hit itself
round 428: bot 800 (team B) died: hit another dragon
round 431: bot 805 (team A) died: hit itself
round 432: bot 812 (team B) died: lost a head-to-head
round 432: bot 811 (team B) died: lost a head-to-head
round 433: bot 807 (team B) died: hit a wall
round 434: bot 813 (team B) died: hit itself
round 437: bot 809 (team B) died: hit itself
round 438: bot 798 (team B) died: lost a head-to-head
round 438: bot 819 (team B) died: lost a head-to-head
round 439: bot 790 (team B) died: lost a head-to-head
round 439: bot 821 (team B) died: lost a head-to-head
round 440: bot 769 (team B) died: hit another dragon
round 440: bot 774 (team B) died: hit another dragon
round 440: bot 786 (team B) died: hit a wall
round 441: bot 797 (team A) died: hit itself
round 441: bot 818 (team B) died: hit a wall
round 442: bot 822 (team B) died: hit another dragon
round 443: bot 806 (team B) died: hit another dragon
round 444: bot 814 (team B) died: lost a head-to-head
round 444: bot 810 (team A) died: lost a head-to-head
round 444: bot 823 (team B) died: lost a head-to-head
round 444: bot 827 (team B) died: lost a head-to-head
round 445: bot 787 (team B) died: hit another dragon
round 446: bot 789 (team B) died: hit a wall
round 447: bot 791 (team B) died: lost a head-to-head
round 447: bot 771 (team B) died: lost a head-to-head
round 447: bot 799 (team B) died: hit another dragon
round 448: bot 750 (team B) died: hit itself
round 448: bot 802 (team B) died: hit another dragon
running round 451/500 --  last: 72ms  eta: 4.7s  dragons: 1 vs 17
round 454: bot 834 (team B) died: hit another dragon
round 455: bot 831 (team B) died: hit a wall
round 455: bot 835 (team B) died: hit a wall
round 456: bot 839 (team B) died: hit itself
round 457: bot 785 (team B) died: hit another dragon
round 458: bot 826 (team B) died: hit itself
round 458: bot 844 (team B) died: hit itself
round 459: bot 772 (team A) died: hit itself
round 460: bot 829 (team B) died: hit another dragon
round 462: bot 825 (team B) died: hit another dragon
round 462: bot 832 (team B) died: hit another dragon
round 462: bot 846 (team B) died: hit another dragon
round 462: bot 851 (team B) died: hit a wall
round 464: bot 847 (team B) died: hit itself
round 465: bot 830 (team B) died: hit a wall
round 469: bot 849 (team B) died: lost a head-to-head
round 469: bot 843 (team A) died: lost a head-to-head
team B wins after 470 rounds (by elimination) (45.0s)
wrote replay: C:\Users\ACER\OneDrive\Desktop\UNSW Battlecode\UNSWBC-\battlecode_data\training_loop\campaign\round3\after\arena-B.replay
