loaded c/c++ vs c/c++
running round 2/500 --  last: 66ms  eta: 33.4s  dragons: 1 vs 1
round 16: bot 6 (team B) died: hit itself
round 21: bot 22 (team A) died: hit another dragon
round 22: bot 11 (team B) died: hit itself
round 22: bot 27 (team A) died: hit itself
round 24: bot 21 (team B) died: hit another dragon
round 24: bot 13 (team A) died: lost a head-to-head
round 24: bot 28 (team B) died: lost a head-to-head
round 24: bot 33 (team A) died: hit itself
round 25: bot 15 (team A) died: lost a head-to-head
round 25: bot 24 (team B) died: lost a head-to-head
round 26: bot 10 (team B) died: lost a head-to-head
round 26: bot 17 (team B) died: lost a head-to-head
round 26: bot 3 (team B) died: lost a head-to-head
round 26: bot 38 (team B) died: lost a head-to-head
round 27: bot 30 (team B) died: lost a head-to-head
round 27: bot 5 (team B) died: lost a head-to-head
round 27: bot 9 (team A) died: hit itself
round 27: bot 35 (team A) died: hit another dragon
round 28: bot 18 (team A) died: lost a head-to-head
round 28: bot 32 (team A) died: lost a head-to-head
round 29: bot 26 (team A) died: hit another dragon
round 29: bot 36 (team B) died: lost a head-to-head
round 29: bot 31 (team B) died: lost a head-to-head
round 29: bot 43 (team B) died: hit another dragon
round 30: bot 44 (team A) died: hit a wall
round 31: bot 42 (team A) died: lost a head-to-head
round 31: bot 46 (team A) died: lost a head-to-head
round 32: bot 41 (team B) died: hit another dragon
round 33: bot 4 (team A) died: hit itself
round 33: bot 0 (team A) died: lost a head-to-head
round 33: bot 49 (team A) died: lost a head-to-head
round 34: bot 7 (team A) died: hit another dragon
round 34: bot 25 (team A) died: hit another dragon
round 34: bot 48 (team B) died: hit another dragon
round 34: bot 54 (team B) died: hit another dragon
round 34: bot 61 (team A) died: hit another dragon
round 35: bot 16 (team A) died: hit another dragon
round 35: bot 50 (team A) died: hit a wall
round 35: bot 62 (team A) died: hit itself
round 35: bot 63 (team A) died: hit itself
round 35: bot 47 (team A) died: lost a head-to-head
round 35: bot 65 (team A) died: lost a head-to-head
round 37: bot 58 (team B) died: lost a head-to-head
round 37: bot 19 (team B) died: lost a head-to-head
round 37: bot 39 (team A) died: lost a head-to-head
round 37: bot 52 (team A) died: lost a head-to-head
round 37: bot 67 (team B) died: hit itself
round 39: bot 59 (team A) died: lost a head-to-head
round 39: bot 70 (team A) died: lost a head-to-head
round 39: bot 74 (team A) died: hit another dragon
round 40: bot 37 (team A) died: hit a wall
round 40: bot 68 (team B) died: hit another dragon
round 43: bot 51 (team A) died: hit another dragon
round 45: bot 2 (team A) died: hit itself
round 45: bot 55 (team B) died: hit another dragon
round 45: bot 82 (team A) died: hit a wall
round 46: bot 75 (team B) died: hit another dragon
round 46: bot 76 (team A) died: hit itself
round 47: bot 56 (team B) died: hit another dragon
round 47: bot 66 (team B) died: hit itself
round 48: bot 64 (team A) died: lost a head-to-head
round 48: bot 87 (team B) died: lost a head-to-head
round 48: bot 53 (team A) died: lost a head-to-head
round 48: bot 88 (team A) died: lost a head-to-head
round 49: bot 90 (team B) died: lost a head-to-head
round 49: bot 60 (team A) died: lost a head-to-head
round 49: bot 40 (team A) died: lost a head-to-head
round 49: bot 83 (team A) died: lost a head-to-head
running round 51/500 --  last: 87ms  eta: 27.8s  dragons: 12 vs 14
round 50: bot 77 (team A) died: lost a head-to-head
round 50: bot 1 (team B) died: lost a head-to-head
round 50: bot 91 (team B) died: lost a head-to-head
round 50: bot 94 (team B) died: lost a head-to-head
round 51: bot 69 (team A) died: hit another dragon
round 52: bot 86 (team B) died: lost a head-to-head
round 52: bot 97 (team B) died: lost a head-to-head
round 53: bot 20 (team B) died: hit another dragon
round 53: bot 29 (team B) died: hit a wall
round 53: bot 34 (team B) died: hit another dragon
round 54: bot 85 (team A) died: lost a head-to-head
round 54: bot 23 (team A) died: lost a head-to-head
round 54: bot 95 (team A) died: hit itself
round 54: bot 104 (team B) died: hit another dragon
round 55: bot 79 (team A) died: hit another dragon
round 56: bot 78 (team B) died: hit another dragon
round 56: bot 81 (team A) died: hit another dragon
round 56: bot 103 (team A) died: hit another dragon
round 57: bot 14 (team B) died: lost a head-to-head
round 57: bot 71 (team B) died: lost a head-to-head
round 57: bot 110 (team A) died: hit a wall
round 59: bot 12 (team B) died: hit another dragon
round 60: bot 73 (team A) died: hit another dragon
round 60: bot 96 (team A) died: lost a head-to-head
round 60: bot 93 (team A) died: lost a head-to-head
round 61: bot 105 (team B) died: lost a head-to-head
round 61: bot 118 (team B) died: lost a head-to-head
round 62: bot 100 (team A) died: lost a head-to-head
round 62: bot 8 (team A) died: lost a head-to-head
round 62: bot 92 (team A) died: hit another dragon
round 62: bot 116 (team A) died: hit a wall
round 62: bot 124 (team B) died: hit another dragon
round 63: bot 129 (team B) died: lost a head-to-head
round 63: bot 119 (team A) died: lost a head-to-head
round 63: bot 126 (team A) died: hit itself
round 64: bot 113 (team B) died: lost a head-to-head
round 64: bot 98 (team B) died: lost a head-to-head
round 64: bot 112 (team A) died: hit itself
round 64: bot 123 (team B) died: hit itself
round 66: bot 72 (team B) died: lost a head-to-head
round 66: bot 131 (team B) died: lost a head-to-head
round 67: bot 108 (team B) died: hit itself
round 67: bot 134 (team A) died: hit another dragon
round 67: bot 125 (team B) died: lost a head-to-head
round 67: bot 138 (team B) died: lost a head-to-head
round 68: bot 45 (team A) died: hit another dragon
round 68: bot 101 (team A) died: hit another dragon
round 69: bot 84 (team B) died: hit another dragon
round 69: bot 120 (team A) died: hit itself
round 70: bot 135 (team A) died: lost a head-to-head
round 70: bot 114 (team A) died: lost a head-to-head
round 70: bot 133 (team A) died: hit another dragon
round 71: bot 80 (team A) died: hit itself
round 74: bot 89 (team B) died: hit another dragon
round 74: bot 142 (team A) died: hit another dragon
round 74: bot 146 (team B) died: hit a wall
round 75: bot 147 (team B) died: lost a head-to-head
round 75: bot 122 (team B) died: lost a head-to-head
round 75: bot 148 (team A) died: hit itself
round 75: bot 150 (team A) died: hit a wall
round 75: bot 153 (team B) died: hit a wall
round 78: bot 107 (team B) died: hit a wall
round 78: bot 130 (team B) died: lost a head-to-head
round 78: bot 136 (team B) died: lost a head-to-head
round 78: bot 157 (team A) died: lost a head-to-head
round 78: bot 144 (team A) died: lost a head-to-head
round 79: bot 155 (team B) died: lost a head-to-head
round 79: bot 160 (team A) died: lost a head-to-head
round 80: bot 106 (team A) died: hit itself
round 80: bot 159 (team A) died: hit a wall
round 80: bot 163 (team B) died: hit itself
round 81: bot 99 (team B) died: hit another dragon
round 82: bot 156 (team B) died: hit itself
round 82: bot 151 (team A) died: lost a head-to-head
round 82: bot 162 (team B) died: lost a head-to-head
round 83: bot 141 (team B) died: hit another dragon
round 84: bot 168 (team B) died: lost a head-to-head
round 84: bot 115 (team B) died: lost a head-to-head
round 84: bot 137 (team A) died: hit a wall
round 85: bot 128 (team B) died: hit a wall
round 85: bot 166 (team B) died: hit itself
round 86: bot 149 (team B) died: hit another dragon
round 86: bot 143 (team B) died: lost a head-to-head
round 86: bot 169 (team B) died: lost a head-to-head
round 87: bot 109 (team B) died: hit itself
round 87: bot 167 (team A) died: hit another dragon
round 87: bot 180 (team A) died: hit another dragon
round 88: bot 179 (team B) died: lost a head-to-head
round 88: bot 178 (team A) died: lost a head-to-head
round 88: bot 182 (team B) died: hit itself
round 89: bot 140 (team A) died: lost a head-to-head
round 89: bot 139 (team A) died: lost a head-to-head
round 90: bot 117 (team A) died: hit itself
round 90: bot 174 (team B) died: hit another dragon
round 91: bot 171 (team A) died: hit itself
round 91: bot 184 (team B) died: lost a head-to-head
round 91: bot 173 (team A) died: lost a head-to-head
round 91: bot 186 (team A) died: hit a wall
round 92: bot 154 (team B) died: hit itself
round 93: bot 181 (team A) died: lost a head-to-head
round 93: bot 111 (team A) died: lost a head-to-head
round 93: bot 185 (team A) died: lost a head-to-head
round 93: bot 165 (team A) died: lost a head-to-head
round 94: bot 158 (team B) died: hit itself
round 94: bot 170 (team A) died: hit another dragon
round 94: bot 177 (team B) died: hit itself
round 94: bot 188 (team B) died: hit itself
round 96: bot 196 (team A) died: lost a head-to-head
round 96: bot 121 (team A) died: lost a head-to-head
round 96: bot 191 (team A) died: hit another dragon
round 96: bot 190 (team A) died: lost a head-to-head
round 96: bot 201 (team A) died: lost a head-to-head
round 97: bot 145 (team B) died: lost a head-to-head
round 97: bot 132 (team B) died: lost a head-to-head
round 97: bot 200 (team A) died: hit another dragon
round 99: bot 57 (team B) died: hit another dragon
round 99: bot 194 (team B) died: lost a head-to-head
round 99: bot 202 (team B) died: lost a head-to-head
round 99: bot 209 (team A) died: hit another dragon
running round 101/500 --  last: 95ms  eta: 28.0s  dragons: 11 vs 12
round 100: bot 197 (team A) died: hit itself
round 100: bot 152 (team A) died: lost a head-to-head
round 100: bot 198 (team A) died: lost a head-to-head
round 101: bot 175 (team B) died: lost a head-to-head
round 101: bot 210 (team B) died: lost a head-to-head
round 102: bot 217 (team B) died: hit another dragon
round 103: bot 214 (team B) died: hit itself
round 104: bot 187 (team B) died: lost a head-to-head
round 104: bot 223 (team B) died: lost a head-to-head
round 105: bot 199 (team B) died: hit itself
round 105: bot 218 (team B) died: hit another dragon
round 106: bot 224 (team B) died: hit itself
round 106: bot 227 (team B) died: hit another dragon
round 107: bot 213 (team B) died: hit another dragon
round 107: bot 220 (team B) died: hit itself
round 107: bot 193 (team B) died: lost a head-to-head
round 107: bot 222 (team B) died: lost a head-to-head
round 107: bot 228 (team A) died: hit another dragon
round 107: bot 230 (team B) died: hit itself
round 108: bot 225 (team B) died: lost a head-to-head
round 108: bot 234 (team B) died: lost a head-to-head
round 109: bot 205 (team B) died: hit itself
round 109: bot 215 (team B) died: hit another dragon
round 110: bot 176 (team B) died: hit a wall
round 110: bot 235 (team A) died: lost a head-to-head
round 110: bot 237 (team A) died: lost a head-to-head
round 110: bot 241 (team B) died: hit itself
round 111: bot 211 (team B) died: lost a head-to-head
round 111: bot 164 (team B) died: lost a head-to-head
round 111: bot 172 (team A) died: lost a head-to-head
round 111: bot 207 (team B) died: lost a head-to-head
round 111: bot 229 (team A) died: lost a head-to-head
round 111: bot 231 (team B) died: lost a head-to-head
round 112: bot 183 (team A) died: hit another dragon
round 113: bot 233 (team B) died: hit itself
round 113: bot 246 (team B) died: hit another dragon
round 114: bot 189 (team B) died: hit another dragon
round 115: bot 232 (team A) died: hit itself
round 115: bot 248 (team B) died: hit another dragon
round 116: bot 127 (team B) died: hit itself
round 116: bot 245 (team B) died: hit itself
round 116: bot 247 (team B) died: hit another dragon
round 116: bot 252 (team A) died: hit itself
round 117: bot 216 (team A) died: lost a head-to-head
round 117: bot 238 (team B) died: lost a head-to-head
round 118: bot 212 (team A) died: hit itself
round 118: bot 195 (team A) died: lost a head-to-head
round 118: bot 249 (team A) died: lost a head-to-head
round 118: bot 161 (team A) died: lost a head-to-head
round 118: bot 251 (team B) died: lost a head-to-head
round 119: bot 219 (team A) died: hit a wall
round 119: bot 236 (team A) died: lost a head-to-head
round 119: bot 261 (team A) died: lost a head-to-head
round 120: bot 255 (team B) died: hit another dragon
round 121: bot 239 (team A) died: hit itself
round 121: bot 258 (team A) died: hit itself
round 121: bot 262 (team A) died: hit itself
round 121: bot 266 (team A) died: hit itself
round 122: bot 204 (team A) died: hit another dragon
round 122: bot 260 (team B) died: hit another dragon
round 122: bot 263 (team A) died: hit itself
round 122: bot 242 (team A) died: lost a head-to-head
round 122: bot 269 (team B) died: lost a head-to-head
round 123: bot 102 (team A) died: lost a head-to-head
round 123: bot 221 (team B) died: lost a head-to-head
round 124: bot 243 (team A) died: hit a wall
round 125: bot 272 (team A) died: lost a head-to-head
round 125: bot 240 (team A) died: lost a head-to-head
round 125: bot 277 (team B) died: hit itself
round 126: bot 279 (team A) died: hit itself
round 127: bot 208 (team A) died: hit another dragon
round 127: bot 280 (team B) died: lost a head-to-head
round 127: bot 285 (team A) died: lost a head-to-head
round 129: bot 254 (team A) died: hit another dragon
round 129: bot 286 (team A) died: lost a head-to-head
round 129: bot 273 (team A) died: lost a head-to-head
round 130: bot 244 (team A) died: lost a head-to-head
round 130: bot 250 (team A) died: lost a head-to-head
round 131: bot 203 (team A) died: hit a wall
round 131: bot 290 (team A) died: hit another dragon
round 132: bot 293 (team B) died: lost a head-to-head
round 132: bot 268 (team B) died: lost a head-to-head
round 132: bot 284 (team A) died: hit a wall
round 133: bot 298 (team A) died: hit another dragon
round 134: bot 271 (team A) died: hit a wall
round 135: bot 278 (team B) died: lost a head-to-head
round 135: bot 226 (team B) died: lost a head-to-head
round 135: bot 275 (team A) died: hit a wall
round 135: bot 295 (team B) died: hit itself
round 136: bot 267 (team A) died: hit itself
round 136: bot 302 (team A) died: hit another dragon
round 137: bot 294 (team B) died: hit another dragon
round 137: bot 264 (team B) died: lost a head-to-head
round 137: bot 297 (team A) died: lost a head-to-head
round 138: bot 256 (team B) died: hit another dragon
round 139: bot 301 (team B) died: lost a head-to-head
round 139: bot 253 (team A) died: lost a head-to-head
round 139: bot 308 (team A) died: hit another dragon
round 139: bot 309 (team B) died: lost a head-to-head
round 139: bot 310 (team A) died: lost a head-to-head
round 140: bot 259 (team B) died: hit another dragon
round 141: bot 291 (team B) died: hit a wall
round 142: bot 315 (team A) died: hit itself
round 143: bot 289 (team A) died: hit itself
round 143: bot 320 (team A) died: hit itself
round 144: bot 288 (team A) died: lost a head-to-head
round 144: bot 281 (team A) died: lost a head-to-head
round 144: bot 311 (team A) died: hit itself
round 145: bot 282 (team A) died: hit a wall
round 145: bot 283 (team B) died: lost a head-to-head
round 145: bot 313 (team B) died: lost a head-to-head
round 147: bot 319 (team A) died: hit a wall
round 147: bot 296 (team A) died: lost a head-to-head
round 147: bot 322 (team A) died: lost a head-to-head
round 147: bot 323 (team A) died: hit itself
round 148: bot 274 (team A) died: hit another dragon
round 148: bot 307 (team B) died: hit another dragon
round 148: bot 287 (team A) died: lost a head-to-head
round 148: bot 316 (team A) died: lost a head-to-head
round 148: bot 325 (team A) died: hit itself
running round 151/500 --  last: 32ms  eta: 26.4s  dragons: 12 vs 12
round 151: bot 327 (team A) died: hit another dragon
round 151: bot 335 (team B) died: hit itself
round 152: bot 303 (team A) died: lost a head-to-head
round 152: bot 329 (team B) died: lost a head-to-head
round 154: bot 192 (team B) died: hit another dragon
round 154: bot 300 (team A) died: lost a head-to-head
round 154: bot 328 (team B) died: lost a head-to-head
round 154: bot 340 (team A) died: hit itself
round 155: bot 292 (team B) died: hit itself
round 155: bot 336 (team A) died: hit another dragon
round 156: bot 312 (team A) died: hit another dragon
round 156: bot 339 (team B) died: hit another dragon
round 157: bot 306 (team A) died: lost a head-to-head
round 157: bot 270 (team B) died: lost a head-to-head
round 157: bot 333 (team A) died: hit a wall
round 157: bot 341 (team B) died: hit another dragon
round 159: bot 344 (team A) died: hit another dragon
round 159: bot 345 (team B) died: lost a head-to-head
round 159: bot 354 (team B) died: lost a head-to-head
round 160: bot 337 (team B) died: hit another dragon
round 160: bot 349 (team B) died: hit itself
round 160: bot 355 (team A) died: hit another dragon
round 161: bot 332 (team B) died: lost a head-to-head
round 161: bot 343 (team A) died: lost a head-to-head
round 161: bot 358 (team B) died: hit another dragon
round 163: bot 326 (team A) died: hit itself
round 163: bot 331 (team A) died: lost a head-to-head
round 163: bot 357 (team B) died: lost a head-to-head
round 163: bot 362 (team B) died: hit another dragon
round 164: bot 265 (team A) died: lost a head-to-head
round 164: bot 342 (team B) died: lost a head-to-head
round 164: bot 304 (team B) died: lost a head-to-head
round 164: bot 350 (team B) died: lost a head-to-head
round 164: bot 359 (team A) died: lost a head-to-head
round 164: bot 361 (team A) died: lost a head-to-head
round 168: bot 338 (team B) died: hit a wall
round 168: bot 257 (team A) died: lost a head-to-head
round 168: bot 346 (team A) died: lost a head-to-head
round 168: bot 299 (team A) died: lost a head-to-head
round 168: bot 366 (team A) died: lost a head-to-head
round 168: bot 373 (team B) died: hit itself
round 169: bot 276 (team B) died: lost a head-to-head
round 169: bot 356 (team B) died: lost a head-to-head
round 169: bot 360 (team A) died: hit a wall
round 170: bot 364 (team B) died: hit itself
round 171: bot 368 (team A) died: lost a head-to-head
round 171: bot 347 (team A) died: lost a head-to-head
round 171: bot 376 (team A) died: hit another dragon
round 172: bot 379 (team A) died: hit another dragon
round 172: bot 382 (team B) died: hit itself
round 173: bot 324 (team B) died: hit another dragon
round 173: bot 367 (team B) died: lost a head-to-head
round 173: bot 369 (team B) died: lost a head-to-head
round 174: bot 378 (team A) died: hit a wall
round 174: bot 385 (team B) died: hit a wall
round 175: bot 352 (team A) died: hit another dragon
round 175: bot 380 (team B) died: hit a wall
round 175: bot 351 (team B) died: lost a head-to-head
round 175: bot 384 (team B) died: lost a head-to-head
round 176: bot 317 (team A) died: hit another dragon
round 176: bot 381 (team B) died: hit a wall
round 176: bot 334 (team B) died: lost a head-to-head
round 176: bot 393 (team B) died: lost a head-to-head
round 177: bot 374 (team B) died: hit another dragon
round 179: bot 370 (team A) died: hit a wall
round 179: bot 391 (team B) died: hit a wall
round 180: bot 387 (team A) died: hit a wall
round 180: bot 318 (team B) died: lost a head-to-head
round 180: bot 389 (team B) died: lost a head-to-head
round 180: bot 398 (team A) died: hit itself
round 181: bot 206 (team B) died: hit another dragon
round 181: bot 399 (team A) died: hit itself
round 185: bot 388 (team A) died: hit itself
round 185: bot 390 (team B) died: hit another dragon
round 185: bot 410 (team A) died: hit a wall
round 186: bot 348 (team A) died: lost a head-to-head
round 186: bot 377 (team B) died: lost a head-to-head
round 186: bot 405 (team A) died: hit a wall
round 187: bot 386 (team B) died: lost a head-to-head
round 187: bot 415 (team B) died: lost a head-to-head
round 187: bot 417 (team A) died: hit another dragon
round 188: bot 353 (team B) died: hit another dragon
round 188: bot 383 (team B) died: hit another dragon
round 188: bot 400 (team A) died: lost a head-to-head
round 188: bot 418 (team B) died: lost a head-to-head
round 189: bot 411 (team B) died: hit a wall
round 190: bot 396 (team A) died: hit another dragon
round 190: bot 402 (team B) died: hit another dragon
round 190: bot 408 (team B) died: hit itself
round 190: bot 413 (team A) died: hit itself
round 191: bot 392 (team B) died: hit itself
round 192: bot 401 (team B) died: lost a head-to-head
round 192: bot 426 (team B) died: lost a head-to-head
round 193: bot 407 (team B) died: lost a head-to-head
round 193: bot 363 (team B) died: lost a head-to-head
round 193: bot 429 (team A) died: hit another dragon
round 195: bot 314 (team B) died: hit another dragon
round 195: bot 420 (team A) died: hit another dragon
round 195: bot 423 (team B) died: hit itself
round 195: bot 425 (team A) died: hit itself
round 196: bot 419 (team B) died: hit a wall
round 196: bot 321 (team A) died: lost a head-to-head
round 196: bot 434 (team B) died: lost a head-to-head
round 197: bot 433 (team A) died: lost a head-to-head
round 197: bot 428 (team B) died: lost a head-to-head
round 197: bot 431 (team A) died: hit itself
round 198: bot 395 (team A) died: lost a head-to-head
round 198: bot 422 (team B) died: lost a head-to-head
round 199: bot 416 (team B) died: hit another dragon
round 199: bot 438 (team A) died: hit itself
running round 201/500 --  last: 103ms  eta: 23.0s  dragons: 14 vs 12
round 200: bot 404 (team B) died: hit another dragon
round 200: bot 445 (team A) died: hit another dragon
round 201: bot 371 (team B) died: hit a wall
round 201: bot 427 (team B) died: hit another dragon
round 201: bot 432 (team A) died: hit itself
round 202: bot 437 (team A) died: hit another dragon
round 202: bot 443 (team A) died: hit another dragon
round 202: bot 446 (team A) died: hit a wall
round 203: bot 403 (team A) died: lost a head-to-head
round 203: bot 397 (team A) died: lost a head-to-head
round 203: bot 436 (team A) died: hit another dragon
round 205: bot 305 (team B) died: hit a wall
round 205: bot 448 (team A) died: hit itself
round 205: bot 452 (team B) died: hit another dragon
round 206: bot 375 (team B) died: hit another dragon
round 206: bot 450 (team A) died: hit itself
round 207: bot 424 (team A) died: lost a head-to-head
round 207: bot 394 (team A) died: lost a head-to-head
round 207: bot 414 (team B) died: hit itself
round 209: bot 451 (team A) died: hit itself
round 209: bot 464 (team B) died: hit itself
round 210: bot 421 (team B) died: lost a head-to-head
round 210: bot 409 (team B) died: lost a head-to-head
round 211: bot 430 (team A) died: hit another dragon
round 212: bot 442 (team B) died: hit itself
round 212: bot 468 (team A) died: hit a wall
round 212: bot 441 (team B) died: lost a head-to-head
round 212: bot 470 (team B) died: lost a head-to-head
round 213: bot 462 (team A) died: hit another dragon
round 215: bot 458 (team B) died: lost a head-to-head
round 215: bot 457 (team A) died: lost a head-to-head
round 215: bot 459 (team A) died: hit a wall
round 215: bot 467 (team B) died: hit another dragon
round 216: bot 330 (team A) died: lost a head-to-head
round 216: bot 453 (team B) died: lost a head-to-head
round 217: bot 454 (team B) died: hit another dragon
round 218: bot 466 (team A) died: hit a wall
round 219: bot 406 (team B) died: hit another dragon
round 221: bot 477 (team A) died: lost a head-to-head
round 221: bot 447 (team A) died: lost a head-to-head
round 221: bot 472 (team A) died: lost a head-to-head
round 221: bot 482 (team B) died: lost a head-to-head
round 223: bot 480 (team B) died: hit itself
round 223: bot 485 (team B) died: hit a wall
round 223: bot 412 (team A) died: lost a head-to-head
round 223: bot 486 (team A) died: lost a head-to-head
round 225: bot 473 (team B) died: hit itself
round 226: bot 435 (team A) died: hit itself
round 226: bot 455 (team B) died: hit another dragon
round 226: bot 492 (team A) died: lost a head-to-head
round 226: bot 478 (team A) died: lost a head-to-head
round 226: bot 494 (team B) died: hit a wall
round 228: bot 439 (team A) died: lost a head-to-head
round 228: bot 449 (team B) died: lost a head-to-head
round 228: bot 487 (team A) died: hit another dragon
round 229: bot 476 (team A) died: lost a head-to-head
round 229: bot 490 (team A) died: lost a head-to-head
round 230: bot 474 (team B) died: hit a wall
round 231: bot 469 (team A) died: hit a wall
round 231: bot 456 (team A) died: lost a head-to-head
round 231: bot 502 (team A) died: lost a head-to-head
round 232: bot 372 (team A) died: hit a wall
round 233: bot 460 (team B) died: lost a head-to-head
round 233: bot 496 (team A) died: lost a head-to-head
round 233: bot 506 (team A) died: hit another dragon
round 234: bot 465 (team A) died: hit another dragon
round 234: bot 499 (team A) died: lost a head-to-head
round 234: bot 471 (team A) died: lost a head-to-head
round 236: bot 491 (team A) died: hit itself
round 236: bot 493 (team A) died: lost a head-to-head
round 236: bot 497 (team A) died: lost a head-to-head
round 236: bot 511 (team B) died: hit another dragon
round 238: bot 516 (team A) died: hit another dragon
round 239: bot 444 (team A) died: hit another dragon
round 239: bot 507 (team A) died: hit itself
round 239: bot 484 (team B) died: lost a head-to-head
round 239: bot 520 (team A) died: lost a head-to-head
round 240: bot 488 (team A) died: hit another dragon
round 240: bot 479 (team A) died: lost a head-to-head
round 240: bot 495 (team B) died: lost a head-to-head
round 241: bot 519 (team A) died: lost a head-to-head
round 241: bot 509 (team A) died: lost a head-to-head
round 242: bot 514 (team A) died: hit another dragon
round 243: bot 513 (team A) died: lost a head-to-head
round 243: bot 365 (team A) died: lost a head-to-head
round 243: bot 440 (team B) died: hit another dragon
round 244: bot 463 (team A) died: hit itself
round 244: bot 510 (team B) died: hit a wall
round 245: bot 522 (team B) died: hit itself
round 245: bot 523 (team A) died: hit another dragon
round 245: bot 475 (team B) died: lost a head-to-head
round 245: bot 530 (team B) died: lost a head-to-head
round 247: bot 498 (team A) died: hit another dragon
round 247: bot 500 (team A) died: hit itself
round 247: bot 512 (team A) died: lost a head-to-head
round 247: bot 532 (team A) died: lost a head-to-head
round 248: bot 533 (team A) died: lost a head-to-head
round 248: bot 537 (team A) died: lost a head-to-head
round 249: bot 538 (team A) died: hit another dragon
round 249: bot 481 (team A) died: lost a head-to-head
round 249: bot 539 (team A) died: lost a head-to-head
running round 251/500 --  last: 68ms  eta: 19.2s  dragons: 13 vs 9
round 251: bot 503 (team B) died: hit a wall
round 251: bot 526 (team A) died: hit another dragon
round 252: bot 505 (team A) died: hit a wall
round 252: bot 515 (team B) died: hit another dragon
round 252: bot 525 (team A) died: hit itself
round 252: bot 517 (team A) died: lost a head-to-head
round 252: bot 546 (team A) died: lost a head-to-head
round 253: bot 531 (team B) died: hit another dragon
round 254: bot 541 (team A) died: hit another dragon
round 255: bot 489 (team B) died: hit itself
round 256: bot 529 (team A) died: hit another dragon
round 258: bot 550 (team B) died: hit a wall
round 258: bot 556 (team A) died: lost a head-to-head
round 258: bot 554 (team B) died: lost a head-to-head
round 259: bot 504 (team B) died: hit itself
round 259: bot 543 (team A) died: hit another dragon
round 259: bot 544 (team B) died: hit another dragon
round 260: bot 540 (team A) died: lost a head-to-head
round 260: bot 552 (team A) died: lost a head-to-head
round 260: bot 559 (team A) died: lost a head-to-head
round 260: bot 555 (team A) died: lost a head-to-head
round 261: bot 528 (team B) died: hit itself
round 261: bot 553 (team B) died: hit a wall
round 261: bot 536 (team A) died: lost a head-to-head
round 261: bot 562 (team B) died: lost a head-to-head
round 262: bot 527 (team A) died: lost a head-to-head
round 262: bot 501 (team A) died: lost a head-to-head
round 262: bot 549 (team A) died: lost a head-to-head
round 262: bot 565 (team A) died: lost a head-to-head
round 265: bot 535 (team B) died: hit another dragon
round 265: bot 561 (team B) died: hit a wall
round 266: bot 564 (team A) died: hit itself
round 266: bot 567 (team B) died: hit another dragon
round 266: bot 568 (team A) died: hit itself
round 267: bot 461 (team A) died: hit itself
round 267: bot 573 (team A) died: hit itself
round 267: bot 575 (team A) died: lost a head-to-head
round 267: bot 578 (team A) died: lost a head-to-head
round 268: bot 569 (team B) died: hit itself
round 268: bot 577 (team A) died: hit itself
round 270: bot 558 (team A) died: hit another dragon
round 270: bot 551 (team A) died: lost a head-to-head
round 270: bot 583 (team A) died: lost a head-to-head
round 270: bot 508 (team A) died: lost a head-to-head
round 270: bot 584 (team A) died: lost a head-to-head
round 270: bot 579 (team A) died: lost a head-to-head
round 270: bot 585 (team B) died: lost a head-to-head
round 271: bot 588 (team A) died: hit another dragon
round 273: bot 483 (team A) died: hit another dragon
round 273: bot 518 (team B) died: lost a head-to-head
round 273: bot 574 (team A) died: lost a head-to-head
round 274: bot 560 (team A) died: hit another dragon
round 274: bot 580 (team A) died: hit another dragon
round 274: bot 593 (team B) died: hit itself
round 276: bot 595 (team B) died: hit itself
round 278: bot 587 (team A) died: hit another dragon
round 279: bot 599 (team B) died: hit itself
round 282: bot 590 (team A) died: lost a head-to-head
round 282: bot 545 (team B) died: lost a head-to-head
round 283: bot 592 (team A) died: lost a head-to-head
round 283: bot 547 (team B) died: lost a head-to-head
round 283: bot 591 (team A) died: hit another dragon
round 286: bot 524 (team B) died: hit itself
round 286: bot 586 (team B) died: hit another dragon
round 286: bot 612 (team B) died: hit another dragon
round 287: bot 594 (team A) died: hit another dragon
round 287: bot 596 (team A) died: hit a wall
round 287: bot 604 (team A) died: hit itself
round 287: bot 610 (team A) died: hit another dragon
round 288: bot 576 (team A) died: hit a wall
round 288: bot 608 (team A) died: hit another dragon
round 290: bot 598 (team A) died: hit another dragon
round 291: bot 621 (team B) died: hit another dragon
round 291: bot 589 (team A) died: lost a head-to-head
round 291: bot 622 (team B) died: lost a head-to-head
round 291: bot 623 (team A) died: hit itself
round 292: bot 534 (team A) died: hit another dragon
round 292: bot 620 (team A) died: hit another dragon
round 293: bot 611 (team B) died: lost a head-to-head
round 293: bot 570 (team B) died: lost a head-to-head
round 293: bot 603 (team B) died: lost a head-to-head
round 293: bot 619 (team A) died: lost a head-to-head
round 293: bot 624 (team B) died: hit another dragon
round 294: bot 548 (team A) died: hit another dragon
round 294: bot 617 (team A) died: hit itself
round 295: bot 542 (team B) died: hit another dragon
round 295: bot 618 (team A) died: hit itself
round 296: bot 572 (team B) died: hit itself
round 296: bot 605 (team B) died: hit itself
round 296: bot 626 (team B) died: lost a head-to-head
round 296: bot 632 (team A) died: lost a head-to-head
round 297: bot 628 (team A) died: lost a head-to-head
round 297: bot 607 (team A) died: lost a head-to-head
round 298: bot 614 (team B) died: hit another dragon
round 298: bot 616 (team A) died: hit itself
round 298: bot 615 (team B) died: lost a head-to-head
round 298: bot 634 (team B) died: lost a head-to-head
round 298: bot 625 (team A) died: lost a head-to-head
round 298: bot 638 (team A) died: lost a head-to-head
round 299: bot 639 (team A) died: lost a head-to-head
round 299: bot 630 (team A) died: lost a head-to-head
round 299: bot 557 (team A) died: lost a head-to-head
round 299: bot 637 (team A) died: lost a head-to-head
round 299: bot 640 (team A) died: hit itself
running round 301/500 --  last: 110ms  eta: 15.0s  dragons: 14 vs 6
round 300: bot 609 (team A) died: hit another dragon
round 301: bot 644 (team A) died: hit itself
round 302: bot 650 (team B) died: lost a head-to-head
round 302: bot 631 (team A) died: lost a head-to-head
round 303: bot 602 (team A) died: hit itself
round 303: bot 656 (team A) died: lost a head-to-head
round 303: bot 643 (team A) died: lost a head-to-head
round 304: bot 571 (team A) died: lost a head-to-head
round 304: bot 606 (team A) died: lost a head-to-head
round 305: bot 659 (team B) died: lost a head-to-head
round 305: bot 642 (team B) died: lost a head-to-head
round 305: bot 651 (team B) died: lost a head-to-head
round 305: bot 646 (team A) died: lost a head-to-head
round 306: bot 645 (team A) died: lost a head-to-head
round 306: bot 521 (team A) died: lost a head-to-head
round 307: bot 648 (team A) died: hit another dragon
round 307: bot 652 (team A) died: hit itself
round 307: bot 662 (team A) died: lost a head-to-head
round 307: bot 661 (team A) died: lost a head-to-head
round 307: bot 654 (team A) died: lost a head-to-head
round 307: bot 663 (team A) died: lost a head-to-head
round 308: bot 653 (team B) died: hit itself
round 309: bot 581 (team A) died: hit another dragon
round 309: bot 660 (team B) died: hit another dragon
round 310: bot 667 (team A) died: lost a head-to-head
round 310: bot 655 (team B) died: lost a head-to-head
round 312: bot 636 (team B) died: lost a head-to-head
round 312: bot 601 (team A) died: lost a head-to-head
round 312: bot 629 (team A) died: hit a wall
round 313: bot 670 (team A) died: hit another dragon
round 315: bot 566 (team B) died: hit itself
round 315: bot 657 (team A) died: hit another dragon
round 315: bot 673 (team A) died: hit a wall
round 315: bot 649 (team A) died: lost a head-to-head
round 315: bot 682 (team A) died: lost a head-to-head
round 316: bot 674 (team B) died: lost a head-to-head
round 316: bot 666 (team A) died: lost a head-to-head
round 316: bot 669 (team A) died: hit itself
round 316: bot 677 (team A) died: hit a wall
round 317: bot 664 (team A) died: hit a wall
round 318: bot 563 (team A) died: hit itself
round 318: bot 681 (team A) died: hit itself
round 318: bot 683 (team B) died: hit itself
round 319: bot 671 (team B) died: hit another dragon
round 319: bot 676 (team A) died: lost a head-to-head
round 319: bot 685 (team B) died: lost a head-to-head
round 319: bot 692 (team A) died: hit a wall
round 320: bot 684 (team A) died: hit itself
round 320: bot 695 (team B) died: hit itself
round 321: bot 688 (team B) died: lost a head-to-head
round 321: bot 694 (team B) died: lost a head-to-head
round 321: bot 696 (team A) died: hit itself
round 323: bot 633 (team A) died: hit itself
round 323: bot 703 (team B) died: hit another dragon
round 323: bot 700 (team A) died: lost a head-to-head
round 323: bot 705 (team A) died: lost a head-to-head
round 324: bot 665 (team B) died: lost a head-to-head
round 324: bot 641 (team B) died: lost a head-to-head
round 324: bot 658 (team A) died: hit itself
round 324: bot 689 (team B) died: lost a head-to-head
round 324: bot 707 (team A) died: lost a head-to-head
round 325: bot 597 (team A) died: hit a wall
round 326: bot 672 (team A) died: hit itself
round 326: bot 706 (team A) died: hit another dragon
round 327: bot 697 (team A) died: hit a wall
round 328: bot 699 (team B) died: hit itself
round 328: bot 713 (team A) died: hit another dragon
round 329: bot 582 (team B) died: hit another dragon
round 329: bot 711 (team B) died: lost a head-to-head
round 329: bot 679 (team B) died: lost a head-to-head
round 329: bot 709 (team A) died: hit itself
round 330: bot 718 (team B) died: hit itself
round 330: bot 719 (team A) died: hit another dragon
round 333: bot 600 (team B) died: hit another dragon
round 333: bot 698 (team A) died: hit another dragon
round 333: bot 724 (team A) died: hit a wall
round 333: bot 726 (team A) died: hit itself
round 334: bot 675 (team A) died: hit another dragon
round 335: bot 647 (team A) died: hit itself
round 335: bot 668 (team A) died: lost a head-to-head
round 335: bot 717 (team B) died: lost a head-to-head
round 336: bot 712 (team A) died: lost a head-to-head
round 336: bot 680 (team A) died: lost a head-to-head
round 336: bot 715 (team B) died: hit another dragon
round 337: bot 690 (team A) died: hit another dragon
round 338: bot 730 (team B) died: hit a wall
round 338: bot 725 (team A) died: lost a head-to-head
round 338: bot 734 (team B) died: lost a head-to-head
round 340: bot 686 (team A) died: lost a head-to-head
round 340: bot 613 (team A) died: lost a head-to-head
round 340: bot 738 (team B) died: hit itself
round 341: bot 732 (team A) died: hit another dragon
round 342: bot 727 (team B) died: hit another dragon
round 344: bot 704 (team A) died: hit another dragon
round 344: bot 693 (team A) died: lost a head-to-head
round 344: bot 723 (team A) died: lost a head-to-head
round 345: bot 746 (team A) died: hit another dragon
round 346: bot 729 (team B) died: hit itself
round 346: bot 740 (team A) died: hit a wall
round 346: bot 742 (team B) died: hit another dragon
round 346: bot 721 (team A) died: lost a head-to-head
round 346: bot 750 (team B) died: lost a head-to-head
round 347: bot 749 (team B) died: hit itself
round 347: bot 753 (team B) died: hit another dragon
round 349: bot 748 (team A) died: hit a wall
running round 351/500 --  last: 23ms  eta: 11.3s  dragons: 23 vs 8
round 350: bot 627 (team A) died: hit another dragon
round 350: bot 678 (team B) died: hit a wall
round 350: bot 757 (team A) died: hit another dragon
round 351: bot 755 (team A) died: hit itself
round 352: bot 710 (team A) died: hit itself
round 352: bot 728 (team A) died: hit another dragon
round 352: bot 741 (team B) died: hit a wall
round 353: bot 759 (team A) died: lost a head-to-head
round 353: bot 687 (team A) died: lost a head-to-head
round 354: bot 744 (team B) died: hit another dragon
round 354: bot 752 (team A) died: hit another dragon
round 355: bot 758 (team A) died: hit a wall
round 356: bot 743 (team A) died: hit another dragon
round 356: bot 751 (team A) died: hit a wall
round 357: bot 691 (team A) died: lost a head-to-head
round 357: bot 736 (team A) died: lost a head-to-head
round 359: bot 762 (team A) died: lost a head-to-head
round 359: bot 701 (team A) died: lost a head-to-head
round 361: bot 708 (team B) died: hit another dragon
round 362: bot 760 (team B) died: hit another dragon
round 363: bot 702 (team B) died: hit itself
round 363: bot 768 (team A) died: hit another dragon
round 364: bot 769 (team A) died: hit a wall
round 365: bot 770 (team B) died: hit itself
round 366: bot 766 (team A) died: hit a wall
round 371: bot 763 (team B) died: hit another dragon
round 372: bot 735 (team A) died: hit another dragon
round 372: bot 739 (team A) died: hit a wall
round 372: bot 764 (team B) died: hit another dragon
round 376: bot 635 (team B) died: hit itself
round 376: bot 767 (team B) died: hit another dragon
round 377: bot 720 (team A) died: hit another dragon
round 379: bot 765 (team B) died: hit itself
round 380: bot 781 (team A) died: lost a head-to-head
round 380: bot 774 (team A) died: lost a head-to-head
round 382: bot 756 (team A) died: hit itself
round 382: bot 737 (team A) died: lost a head-to-head
round 382: bot 782 (team A) died: lost a head-to-head
round 383: bot 714 (team A) died: hit another dragon
round 383: bot 754 (team A) died: lost a head-to-head
round 383: bot 778 (team B) died: lost a head-to-head
round 386: bot 745 (team A) died: hit itself
round 386: bot 790 (team A) died: hit another dragon
round 387: bot 747 (team B) died: hit a wall
round 388: bot 787 (team A) died: hit itself
round 390: bot 716 (team A) died: hit itself
round 390: bot 796 (team A) died: hit a wall
round 390: bot 733 (team A) died: lost a head-to-head
round 390: bot 797 (team A) died: lost a head-to-head
round 391: bot 777 (team A) died: hit another dragon
round 391: bot 779 (team A) died: hit another dragon
round 393: bot 775 (team A) died: hit itself
round 393: bot 798 (team A) died: hit another dragon
round 394: bot 772 (team A) died: hit itself
round 395: bot 801 (team A) died: hit another dragon
round 396: bot 776 (team A) died: lost a head-to-head
round 396: bot 786 (team B) died: lost a head-to-head
running round 401/500 --  last: 20ms  eta: 7.2s  dragons: 19 vs 3
round 400: bot 788 (team A) died: hit another dragon
round 400: bot 771 (team A) died: lost a head-to-head
round 400: bot 805 (team A) died: lost a head-to-head
round 404: bot 803 (team A) died: lost a head-to-head
round 404: bot 808 (team B) died: lost a head-to-head
round 405: bot 761 (team A) died: hit itself
round 409: bot 810 (team B) died: hit itself
round 410: bot 773 (team A) died: hit another dragon
round 412: bot 806 (team B) died: hit a wall
round 415: bot 794 (team A) died: hit another dragon
round 416: bot 812 (team A) died: hit another dragon
round 417: bot 784 (team A) died: hit itself
round 417: bot 799 (team A) died: lost a head-to-head
round 417: bot 789 (team A) died: lost a head-to-head
round 417: bot 809 (team A) died: hit another dragon
round 419: bot 814 (team A) died: hit another dragon
round 420: bot 815 (team A) died: hit another dragon
round 421: bot 817 (team A) died: hit another dragon
round 423: bot 800 (team A) died: hit another dragon
round 424: bot 785 (team A) died: hit itself
round 425: bot 780 (team B) died: hit another dragon
round 428: bot 731 (team A) died: hit another dragon
round 429: bot 820 (team A) died: hit itself
round 429: bot 825 (team A) died: hit itself
round 429: bot 828 (team A) died: hit itself
round 430: bot 822 (team A) died: hit another dragon
round 430: bot 791 (team A) died: lost a head-to-head
round 430: bot 827 (team A) died: lost a head-to-head
round 433: bot 722 (team B) died: hit itself
round 433: bot 832 (team B) died: hit a wall
round 436: bot 811 (team A) died: lost a head-to-head
round 436: bot 831 (team B) died: lost a head-to-head
round 438: bot 826 (team A) died: lost a head-to-head
round 438: bot 793 (team A) died: lost a head-to-head
round 438: bot 804 (team A) died: hit another dragon
round 438: bot 835 (team B) died: hit a wall
round 439: bot 833 (team B) died: hit itself
round 440: bot 823 (team B) died: hit another dragon
round 440: bot 840 (team A) died: lost a head-to-head
round 440: bot 843 (team A) died: lost a head-to-head
round 441: bot 836 (team A) died: hit itself
round 443: bot 795 (team A) died: hit another dragon
round 443: bot 807 (team B) died: hit itself
round 445: bot 838 (team A) died: hit itself
round 448: bot 842 (team A) died: hit another dragon
round 448: bot 846 (team A) died: hit itself
running round 451/500 --  last: 14ms  eta: 3.4s  dragons: 18 vs 3
round 453: bot 819 (team A) died: hit itself
round 455: bot 852 (team A) died: hit another dragon
round 455: bot 853 (team A) died: hit itself
round 456: bot 802 (team A) died: hit another dragon
round 456: bot 839 (team B) died: hit another dragon
round 456: bot 841 (team A) died: hit another dragon
round 457: bot 792 (team A) died: lost a head-to-head
round 457: bot 857 (team A) died: lost a head-to-head
round 458: bot 855 (team B) died: hit another dragon
round 459: bot 859 (team B) died: lost a head-to-head
round 459: bot 818 (team A) died: lost a head-to-head
round 462: bot 821 (team A) died: hit another dragon
round 463: bot 829 (team B) died: hit another dragon
round 463: bot 850 (team A) died: hit another dragon
round 463: bot 847 (team A) died: lost a head-to-head
round 463: bot 856 (team B) died: lost a head-to-head
round 463: bot 864 (team A) died: hit itself
round 464: bot 830 (team A) died: hit another dragon
round 470: bot 845 (team A) died: hit itself
round 472: bot 844 (team A) died: hit another dragon
round 472: bot 858 (team B) died: hit another dragon
round 476: bot 851 (team A) died: lost a head-to-head
round 476: bot 868 (team A) died: lost a head-to-head
round 479: bot 863 (team A) died: hit itself
round 479: bot 871 (team A) died: hit a wall
round 481: bot 865 (team A) died: hit another dragon
round 481: bot 866 (team B) died: hit itself
round 482: bot 876 (team A) died: hit another dragon
round 483: bot 869 (team B) died: hit a wall
round 484: bot 824 (team A) died: hit another dragon
round 486: bot 813 (team A) died: hit itself
round 488: bot 874 (team A) died: hit a wall
round 489: bot 875 (team B) died: hit itself
round 490: bot 880 (team B) died: hit itself
round 490: bot 881 (team A) died: hit another dragon
round 490: bot 883 (team B) died: hit another dragon
round 491: bot 885 (team A) died: hit a wall
round 493: bot 890 (team A) died: hit another dragon
round 494: bot 879 (team A) died: hit another dragon
round 494: bot 882 (team B) died: hit itself
round 494: bot 888 (team A) died: hit another dragon
round 496: bot 877 (team B) died: hit itself
round 497: bot 861 (team A) died: hit a wall
round 499: bot 849 (team A) died: lost a head-to-head
round 499: bot 878 (team B) died: lost a head-to-head
round 499: bot 887 (team A) died: lost a head-to-head
round 499: bot 891 (team A) died: lost a head-to-head
round 499: bot 897 (team A) died: hit another dragon
team A wins after 500 rounds (on length) (33.8s)
wrote replay: C:\Users\ACER\OneDrive\Desktop\UNSW Battlecode\UNSWBC-\battlecode_data\training_loop\campaign\round1\before\arena-A.replay
