loaded python vs c/c++
running round 2/500 --  last: 189ms  eta: 1m34s  dragons: 2 vs 2
running round 51/500 --  last: 6ms  eta: 5.5s  dragons: 2 vs 8
round 55: bot 9 (team B) died: hit a wall
round 67: bot 0 (team A) died: hit itself
round 89: bot 23 (team B) died: lost a head-to-head
round 89: bot 18 (team B) died: lost a head-to-head
round 99: bot 28 (team B) died: hit a wall
running round 101/500 --  last: 40ms  eta: 5.9s  dragons: 1 vs 24
round 102: bot 20 (team B) died: hit another dragon
round 102: bot 32 (team B) died: hit another dragon
round 103: bot 26 (team B) died: hit itself
round 109: bot 35 (team B) died: hit a wall
round 113: bot 37 (team B) died: hit another dragon
round 118: bot 39 (team B) died: hit itself
round 130: bot 3 (team B) died: hit itself
round 134: bot 43 (team B) died: hit itself
round 138: bot 2 (team A) died: hit another dragon
team B wins after 139 rounds (by elimination) (4.2s)
wrote replay: C:\Users\ACER\OneDrive\Desktop\UNSW Battlecode\UNSWBC-\battlecode_data\training_loop\map-campaign-20260921\round1\before\NamBot\default_small-B.replay
