loaded python vs c/c++
running round 2/500 --  last: 921ms  eta: 7m40s  dragons: 4 vs 7
running round 51/500 --  last: 18ms  eta: 14.2s  dragons: 4 vs 7
round 77: bot 10 (team B) died: hit a wall
running round 101/500 --  last: 14ms  eta: 9.6s  dragons: 4 vs 7
running round 151/500 --  last: 20ms  eta: 7.7s  dragons: 4 vs 7
running round 201/500 --  last: 20ms  eta: 6.6s  dragons: 4 vs 7
round 223: bot 14 (team B) died: lost a head-to-head
round 223: bot 5 (team B) died: lost a head-to-head
round 238: bot 9 (team B) died: hit another dragon
running round 251/500 --  last: 29ms  eta: 5.9s  dragons: 4 vs 7
running round 301/500 --  last: 27ms  eta: 4.9s  dragons: 5 vs 9
round 304: bot 15 (team A) died: hit itself
round 321: bot 0 (team A) died: hit another dragon
round 330: bot 16 (team B) died: hit a wall
running round 351/500 --  last: 47ms  eta: 4.2s  dragons: 3 vs 24
round 367: bot 32 (team B) died: hit another dragon
round 390: bot 8 (team B) died: hit another dragon
running round 401/500 --  last: 56ms  eta: 3.1s  dragons: 3 vs 26
round 403: bot 11 (team B) died: hit another dragon
round 404: bot 23 (team B) died: hit a wall
round 407: bot 2 (team A) died: hit a wall
round 407: bot 6 (team A) died: hit itself
running round 451/500 --  last: 51ms  eta: 1.7s  dragons: 1 vs 32
round 463: bot 27 (team B) died: hit itself
round 470: bot 3 (team B) died: hit another dragon
round 472: bot 42 (team B) died: hit another dragon
round 475: bot 17 (team B) died: hit itself
round 481: bot 50 (team B) died: hit another dragon
round 490: bot 34 (team B) died: lost a head-to-head
round 490: bot 30 (team B) died: lost a head-to-head
round 490: bot 33 (team B) died: hit a wall
round 491: bot 51 (team B) died: lost a head-to-head
round 491: bot 47 (team B) died: lost a head-to-head
round 495: bot 21 (team B) died: hit a wall
team B wins after 500 rounds (on length) (19.3s)
wrote replay: C:\Users\ACER\OneDrive\Desktop\UNSW Battlecode\UNSWBC-\battlecode_data\training_loop\map-campaign-20260921\round1\before\NamBot\default-B.replay
