loaded c/c++ vs python
running round 2/500 --  last: 2.6s  eta: 21m17s  dragons: 7 vs 4
running round 51/500 --  last: 82ms  eta: 37.1s  dragons: 10 vs 4
round 95: bot 6 (team A) died: hit another dragon
running round 101/500 --  last: 61ms  eta: 23.8s  dragons: 10 vs 4
round 110: bot 2 (team A) died: hit another dragon
running round 151/500 --  last: 71ms  eta: 18.6s  dragons: 10 vs 4
round 178: bot 14 (team A) died: hit itself
running round 201/500 --  last: 53ms  eta: 15.8s  dragons: 12 vs 4
round 246: bot 4 (team A) died: lost a head-to-head
round 246: bot 7 (team B) died: lost a head-to-head
running round 251/500 --  last: 36ms  eta: 13.0s  dragons: 15 vs 3
round 252: bot 0 (team A) died: hit another dragon
round 276: bot 11 (team A) died: hit a wall
round 295: bot 20 (team A) died: hit another dragon
running round 301/500 --  last: 89ms  eta: 11.0s  dragons: 25 vs 3
round 320: bot 34 (team A) died: hit another dragon
round 323: bot 32 (team A) died: hit another dragon
round 344: bot 15 (team A) died: hit another dragon
round 344: bot 48 (team A) died: hit itself
round 344: bot 49 (team A) died: hit another dragon
running round 351/500 --  last: 129ms  eta: 9.9s  dragons: 37 vs 3
round 354: bot 45 (team A) died: hit another dragon
round 360: bot 46 (team A) died: hit another dragon
round 386: bot 43 (team A) died: hit another dragon
round 399: bot 26 (team A) died: hit another dragon
running round 401/500 --  last: 138ms  eta: 7.9s  dragons: 37 vs 3
round 403: bot 40 (team A) died: hit a wall
round 404: bot 37 (team A) died: lost a head-to-head
round 404: bot 53 (team A) died: lost a head-to-head
round 409: bot 55 (team A) died: hit another dragon
round 415: bot 41 (team A) died: hit a wall
round 421: bot 58 (team A) died: hit a wall
round 429: bot 13 (team A) died: hit itself
round 432: bot 17 (team A) died: hit another dragon
round 433: bot 51 (team A) died: hit itself
round 442: bot 31 (team A) died: hit a wall
round 448: bot 63 (team A) died: hit a wall
running round 451/500 --  last: 78ms  eta: 4.5s  dragons: 36 vs 3
round 451: bot 50 (team A) died: hit itself
round 453: bot 67 (team A) died: hit a wall
round 462: bot 39 (team A) died: hit another dragon
round 467: bot 68 (team A) died: hit another dragon
round 468: bot 33 (team A) died: lost a head-to-head
round 468: bot 70 (team A) died: lost a head-to-head
round 474: bot 27 (team A) died: hit a wall
round 478: bot 66 (team A) died: hit a wall
round 483: bot 22 (team A) died: hit another dragon
round 487: bot 23 (team A) died: hit a wall
round 487: bot 28 (team A) died: hit another dragon
round 493: bot 16 (team A) died: hit another dragon
round 493: bot 36 (team A) died: hit a wall
round 496: bot 24 (team A) died: hit itself
round 498: bot 76 (team A) died: hit itself
round 499: bot 57 (team A) died: hit another dragon
team A wins after 500 rounds (on length) (48.3s)
wrote replay: C:\Users\ACER\OneDrive\Desktop\UNSW Battlecode\UNSWBC-\battlecode_data\training_loop\map-campaign-20260921\round1\before\NamBot\default-A.replay
