loaded python vs c/c++
round 0: bot 10 (team A) died: hit itself
running round 2/500 --  last: 416ms  eta: 3m27s  dragons: 5 vs 9
round 3: bot 6 (team A) died: hit itself
round 15: bot 35 (team B) died: hit another dragon
round 21: bot 1 (team B) died: hit another dragon
round 22: bot 39 (team B) died: hit another dragon
round 23: bot 36 (team B) died: hit another dragon
round 27: bot 42 (team B) died: hit another dragon
round 33: bot 45 (team B) died: hit another dragon
round 34: bot 15 (team B) died: hit another dragon
round 35: bot 14 (team B) died: hit another dragon
round 35: bot 32 (team B) died: hit another dragon
round 38: bot 31 (team B) died: hit another dragon
round 39: bot 47 (team B) died: hit itself
round 39: bot 49 (team B) died: hit a wall
round 40: bot 50 (team B) died: hit another dragon
round 41: bot 18 (team B) died: hit a wall
round 41: bot 41 (team B) died: hit another dragon
round 41: bot 51 (team B) died: hit itself
round 43: bot 52 (team B) died: hit a wall
round 44: bot 48 (team B) died: hit another dragon
round 45: bot 20 (team B) died: hit itself
round 45: bot 54 (team B) died: hit itself
round 46: bot 55 (team B) died: hit another dragon
round 46: bot 56 (team B) died: hit another dragon
round 47: bot 46 (team B) died: hit itself
round 48: bot 60 (team B) died: hit another dragon
round 49: bot 53 (team B) died: hit a wall
round 49: bot 58 (team B) died: hit itself
round 49: bot 59 (team B) died: hit another dragon
running round 51/500 --  last: 106ms  eta: 42.7s  dragons: 4 vs 32
round 50: bot 62 (team B) died: hit another dragon
round 52: bot 44 (team B) died: hit another dragon
round 52: bot 61 (team B) died: hit itself
round 52: bot 63 (team B) died: hit another dragon
round 53: bot 64 (team B) died: hit itself
round 54: bot 43 (team B) died: lost a head-to-head
round 54: bot 19 (team B) died: lost a head-to-head
round 55: bot 65 (team B) died: hit itself
round 55: bot 68 (team B) died: hit another dragon
round 57: bot 66 (team B) died: hit itself
round 57: bot 70 (team B) died: hit another dragon
round 57: bot 72 (team B) died: hit another dragon
round 57: bot 75 (team B) died: hit another dragon
round 57: bot 79 (team B) died: hit itself
round 57: bot 85 (team B) died: hit itself
round 58: bot 69 (team B) died: hit another dragon
round 58: bot 71 (team B) died: hit another dragon
round 58: bot 82 (team B) died: hit a wall
round 59: bot 30 (team B) died: hit another dragon
round 59: bot 73 (team B) died: hit another dragon
round 59: bot 80 (team B) died: hit another dragon
round 60: bot 78 (team B) died: hit itself
round 60: bot 84 (team B) died: hit another dragon
round 61: bot 96 (team B) died: lost a head-to-head
round 61: bot 74 (team B) died: lost a head-to-head
round 62: bot 25 (team B) died: hit another dragon
round 62: bot 27 (team B) died: hit another dragon
round 62: bot 77 (team B) died: hit itself
round 62: bot 94 (team B) died: hit another dragon
round 63: bot 76 (team B) died: hit another dragon
round 63: bot 86 (team B) died: hit another dragon
round 63: bot 87 (team B) died: hit itself
round 63: bot 92 (team B) died: hit another dragon
round 64: bot 9 (team B) died: hit itself
round 64: bot 102 (team B) died: lost a head-to-head
round 64: bot 83 (team B) died: lost a head-to-head
round 64: bot 91 (team B) died: hit another dragon
round 64: bot 95 (team B) died: hit another dragon
round 64: bot 97 (team B) died: hit another dragon
round 64: bot 108 (team B) died: hit another dragon
round 65: bot 3 (team B) died: hit itself
round 65: bot 107 (team B) died: hit another dragon
round 66: bot 38 (team B) died: hit another dragon
round 66: bot 98 (team B) died: hit another dragon
round 66: bot 100 (team B) died: hit another dragon
round 67: bot 105 (team B) died: hit another dragon
round 67: bot 106 (team B) died: hit another dragon
round 67: bot 109 (team B) died: hit another dragon
round 68: bot 101 (team B) died: hit a wall
round 69: bot 111 (team B) died: hit another dragon
round 70: bot 21 (team B) died: hit another dragon
round 70: bot 113 (team B) died: hit itself
round 70: bot 117 (team B) died: hit itself
round 71: bot 0 (team A) died: hit another dragon
round 71: bot 88 (team B) died: hit another dragon
round 71: bot 89 (team B) died: hit another dragon
round 71: bot 110 (team B) died: hit itself
round 71: bot 121 (team B) died: hit another dragon
round 72: bot 57 (team B) died: hit a wall
round 72: bot 128 (team B) died: hit another dragon
round 73: bot 118 (team B) died: hit another dragon
round 74: bot 67 (team B) died: hit another dragon
round 74: bot 114 (team B) died: hit another dragon
round 74: bot 115 (team B) died: hit itself
round 74: bot 120 (team B) died: hit another dragon
round 74: bot 127 (team B) died: hit itself
round 74: bot 137 (team B) died: hit another dragon
round 75: bot 130 (team B) died: lost a head-to-head
round 75: bot 40 (team B) died: lost a head-to-head
round 75: bot 116 (team B) died: hit itself
round 75: bot 104 (team B) died: lost a head-to-head
round 75: bot 135 (team B) died: lost a head-to-head
round 75: bot 144 (team B) died: hit itself
round 76: bot 22 (team B) died: hit itself
round 76: bot 24 (team B) died: hit itself
round 76: bot 112 (team B) died: hit another dragon
round 76: bot 119 (team B) died: hit another dragon
round 77: bot 81 (team B) died: hit another dragon
round 77: bot 123 (team B) died: hit itself
round 77: bot 132 (team B) died: hit another dragon
round 78: bot 124 (team B) died: hit another dragon
round 78: bot 131 (team B) died: hit another dragon
round 78: bot 140 (team B) died: hit another dragon
round 78: bot 141 (team B) died: hit another dragon
round 79: bot 125 (team B) died: hit another dragon
round 79: bot 129 (team B) died: hit a wall
round 79: bot 143 (team B) died: hit another dragon
round 80: bot 8 (team A) died: hit itself
round 80: bot 148 (team B) died: hit another dragon
round 80: bot 153 (team B) died: hit itself
round 81: bot 133 (team B) died: hit another dragon
round 81: bot 146 (team B) died: hit another dragon
round 81: bot 147 (team B) died: hit another dragon
round 81: bot 149 (team B) died: hit another dragon
round 81: bot 154 (team B) died: hit another dragon
round 82: bot 5 (team B) died: lost a head-to-head
round 82: bot 13 (team B) died: lost a head-to-head
round 83: bot 17 (team B) died: hit another dragon
round 83: bot 142 (team B) died: hit itself
round 83: bot 150 (team B) died: hit another dragon
round 83: bot 157 (team B) died: hit another dragon
round 83: bot 158 (team B) died: hit itself
round 83: bot 159 (team B) died: hit another dragon
round 83: bot 160 (team B) died: hit another dragon
round 83: bot 162 (team B) died: hit another dragon
round 83: bot 164 (team B) died: hit another dragon
round 84: bot 161 (team B) died: hit itself
round 85: bot 163 (team B) died: hit another dragon
round 85: bot 172 (team B) died: hit another dragon
round 86: bot 134 (team B) died: hit another dragon
round 86: bot 152 (team B) died: hit itself
round 86: bot 171 (team B) died: hit another dragon
round 87: bot 138 (team B) died: hit another dragon
round 87: bot 165 (team B) died: hit another dragon
round 87: bot 167 (team B) died: hit another dragon
round 87: bot 168 (team B) died: hit another dragon
round 87: bot 175 (team B) died: hit another dragon
round 88: bot 136 (team B) died: hit itself
round 88: bot 151 (team B) died: hit another dragon
round 88: bot 177 (team B) died: hit another dragon
round 89: bot 7 (team B) died: hit another dragon
round 89: bot 169 (team B) died: hit another dragon
round 89: bot 174 (team B) died: hit itself
round 89: bot 178 (team B) died: hit itself
round 89: bot 181 (team B) died: hit another dragon
round 89: bot 186 (team B) died: hit another dragon
round 89: bot 193 (team B) died: hit itself
round 90: bot 2 (team A) died: hit another dragon
round 90: bot 103 (team B) died: hit another dragon
round 90: bot 170 (team B) died: hit another dragon
round 90: bot 180 (team B) died: hit another dragon
round 90: bot 190 (team B) died: hit another dragon
round 90: bot 195 (team B) died: hit itself
round 90: bot 199 (team B) died: hit another dragon
round 91: bot 176 (team B) died: hit another dragon
round 91: bot 183 (team B) died: hit another dragon
round 91: bot 184 (team B) died: hit another dragon
round 91: bot 185 (team B) died: hit itself
round 91: bot 210 (team B) died: hit itself
round 91: bot 188 (team B) died: lost a head-to-head
round 91: bot 211 (team B) died: lost a head-to-head
round 92: bot 16 (team B) died: hit itself
round 92: bot 182 (team B) died: hit itself
round 92: bot 189 (team B) died: hit another dragon
round 92: bot 214 (team B) died: hit another dragon
round 92: bot 216 (team B) died: hit another dragon
round 92: bot 220 (team B) died: hit itself
round 93: bot 126 (team B) died: hit another dragon
round 93: bot 191 (team B) died: hit another dragon
round 93: bot 197 (team B) died: hit another dragon
round 93: bot 204 (team B) died: hit another dragon
round 94: bot 201 (team B) died: hit another dragon
round 94: bot 218 (team B) died: hit another dragon
round 95: bot 223 (team B) died: lost a head-to-head
round 95: bot 99 (team B) died: lost a head-to-head
round 95: bot 192 (team B) died: hit another dragon
round 95: bot 203 (team B) died: hit another dragon
round 95: bot 207 (team B) died: hit another dragon
round 95: bot 209 (team B) died: hit itself
round 95: bot 222 (team B) died: hit itself
round 95: bot 224 (team B) died: hit another dragon
round 95: bot 226 (team B) died: hit itself
round 96: bot 11 (team B) died: hit another dragon
round 96: bot 196 (team B) died: hit itself
round 96: bot 206 (team B) died: hit another dragon
round 96: bot 208 (team B) died: hit another dragon
round 96: bot 213 (team B) died: hit another dragon
round 96: bot 219 (team B) died: hit another dragon
round 96: bot 233 (team B) died: hit another dragon
round 96: bot 241 (team B) died: hit another dragon
round 97: bot 145 (team B) died: hit another dragon
round 97: bot 179 (team B) died: hit a wall
round 97: bot 202 (team B) died: hit another dragon
round 97: bot 234 (team B) died: hit another dragon
round 97: bot 235 (team B) died: hit itself
round 97: bot 236 (team B) died: hit itself
round 98: bot 205 (team B) died: hit another dragon
round 98: bot 212 (team B) died: hit another dragon
round 98: bot 240 (team B) died: hit another dragon
round 99: bot 4 (team A) died: hit itself
round 99: bot 166 (team B) died: hit another dragon
round 99: bot 198 (team B) died: hit another dragon
round 99: bot 200 (team B) died: hit another dragon
round 99: bot 242 (team B) died: hit another dragon
team B wins after 100 rounds (by elimination) (34.1s)
wrote replay: C:\Users\ACER\OneDrive\Desktop\UNSW Battlecode\UNSWBC-\battlecode_data\training_loop\map-campaign-20260921\round1\before\NamBot\help-B.replay
