loaded c/c++ vs python
round 0: bot 11 (team B) died: hit itself
running round 2/500 --  last: 582ms  eta: 4m50s  dragons: 9 vs 5
round 3: bot 7 (team B) died: hit itself
round 35: bot 40 (team A) died: hit another dragon
round 36: bot 34 (team A) died: hit another dragon
round 36: bot 41 (team A) died: hit another dragon
round 39: bot 15 (team A) died: hit another dragon
round 40: bot 43 (team A) died: hit another dragon
round 42: bot 42 (team A) died: hit another dragon
round 42: bot 47 (team A) died: hit another dragon
round 43: bot 12 (team A) died: hit another dragon
round 44: bot 48 (team A) died: hit another dragon
round 44: bot 49 (team A) died: hit another dragon
round 45: bot 23 (team A) died: lost a head-to-head
round 45: bot 35 (team A) died: lost a head-to-head
round 46: bot 45 (team A) died: hit another dragon
round 46: bot 54 (team A) died: hit a wall
round 48: bot 38 (team A) died: hit a wall
round 48: bot 46 (team A) died: hit another dragon
round 48: bot 50 (team A) died: hit itself
round 48: bot 64 (team A) died: hit another dragon
round 49: bot 19 (team A) died: hit another dragon
round 49: bot 52 (team A) died: hit another dragon
round 49: bot 56 (team A) died: lost a head-to-head
round 49: bot 61 (team A) died: lost a head-to-head
running round 51/500 --  last: 461ms  eta: 1m19s  dragons: 39 vs 4
round 51: bot 57 (team A) died: hit another dragon
round 52: bot 9 (team B) died: hit itself
round 52: bot 58 (team A) died: hit another dragon
round 53: bot 20 (team A) died: hit another dragon
round 53: bot 51 (team A) died: hit another dragon
round 53: bot 60 (team A) died: hit another dragon
round 53: bot 62 (team A) died: hit a wall
round 53: bot 67 (team A) died: hit itself
round 54: bot 6 (team A) died: hit another dragon
round 54: bot 65 (team A) died: hit another dragon
round 54: bot 70 (team A) died: hit a wall
round 54: bot 81 (team A) died: hit another dragon
round 55: bot 13 (team A) died: hit itself
round 55: bot 59 (team A) died: hit another dragon
round 55: bot 66 (team A) died: hit another dragon
round 55: bot 77 (team A) died: hit itself
round 55: bot 78 (team A) died: hit another dragon
round 57: bot 55 (team A) died: hit itself
round 57: bot 72 (team A) died: hit itself
round 57: bot 80 (team A) died: hit another dragon
round 57: bot 91 (team A) died: hit another dragon
round 58: bot 71 (team A) died: lost a head-to-head
round 58: bot 17 (team A) died: lost a head-to-head
round 58: bot 86 (team A) died: hit another dragon
round 58: bot 92 (team A) died: hit itself
round 59: bot 16 (team A) died: hit another dragon
round 59: bot 32 (team A) died: hit another dragon
round 59: bot 74 (team A) died: hit another dragon
round 59: bot 79 (team A) died: hit itself
round 59: bot 83 (team A) died: hit another dragon
round 60: bot 84 (team A) died: hit another dragon
round 60: bot 88 (team A) died: hit another dragon
round 61: bot 85 (team A) died: hit itself
round 61: bot 96 (team A) died: hit another dragon
round 62: bot 37 (team A) died: hit another dragon
round 62: bot 97 (team A) died: hit another dragon
round 63: bot 76 (team A) died: hit another dragon
round 63: bot 94 (team A) died: hit another dragon
round 63: bot 100 (team A) died: hit another dragon
round 63: bot 107 (team A) died: hit itself
round 64: bot 14 (team A) died: hit another dragon
round 64: bot 63 (team A) died: hit another dragon
round 64: bot 90 (team A) died: hit another dragon
round 64: bot 93 (team A) died: hit itself
round 64: bot 87 (team A) died: lost a head-to-head
round 64: bot 105 (team A) died: lost a head-to-head
round 64: bot 117 (team A) died: hit another dragon
round 65: bot 44 (team A) died: hit another dragon
round 65: bot 108 (team A) died: hit itself
round 66: bot 5 (team B) died: hit itself
round 66: bot 122 (team A) died: lost a head-to-head
round 66: bot 73 (team A) died: lost a head-to-head
round 66: bot 104 (team A) died: hit another dragon
round 67: bot 98 (team A) died: hit itself
round 67: bot 82 (team A) died: lost a head-to-head
round 67: bot 102 (team A) died: lost a head-to-head
round 67: bot 110 (team A) died: hit another dragon
round 67: bot 119 (team A) died: hit another dragon
round 68: bot 106 (team A) died: hit another dragon
round 69: bot 114 (team A) died: hit another dragon
round 69: bot 121 (team A) died: hit another dragon
round 69: bot 123 (team A) died: hit itself
round 69: bot 129 (team A) died: hit another dragon
round 69: bot 135 (team A) ran out of time
round 69: bot 135 (team A) died: no valid action
round 70: bot 112 (team A) died: hit another dragon
round 70: bot 116 (team A) died: hit another dragon
round 70: bot 132 (team A) died: hit another dragon
round 70: bot 140 (team A) died: hit another dragon
round 71: bot 75 (team A) died: hit another dragon
round 71: bot 118 (team A) died: hit another dragon
round 71: bot 130 (team A) died: hit another dragon
round 71: bot 133 (team A) died: hit another dragon
round 71: bot 137 (team A) died: hit another dragon
round 73: bot 99 (team A) died: hit another dragon
round 73: bot 128 (team A) died: hit another dragon
round 73: bot 142 (team A) died: hit another dragon
round 73: bot 144 (team A) died: hit another dragon
round 73: bot 145 (team A) died: hit another dragon
round 73: bot 146 (team A) died: hit another dragon
round 74: bot 103 (team A) died: hit another dragon
round 74: bot 115 (team A) died: hit another dragon
round 74: bot 152 (team A) died: hit another dragon
round 74: bot 153 (team A) died: hit itself
round 75: bot 69 (team A) died: hit another dragon
round 75: bot 138 (team A) died: hit another dragon
round 75: bot 143 (team A) died: hit itself
round 75: bot 147 (team A) died: hit another dragon
round 75: bot 151 (team A) died: hit another dragon
round 76: bot 125 (team A) died: hit another dragon
round 76: bot 127 (team A) died: hit itself
round 76: bot 149 (team A) died: hit another dragon
round 76: bot 150 (team A) died: hit another dragon
round 76: bot 160 (team A) died: hit another dragon
round 76: bot 167 (team A) died: hit another dragon
round 77: bot 158 (team A) died: hit another dragon
round 78: bot 89 (team A) died: hit another dragon
round 78: bot 139 (team A) died: hit itself
round 78: bot 148 (team A) died: hit another dragon
round 78: bot 157 (team A) died: hit another dragon
round 78: bot 161 (team A) died: hit another dragon
round 78: bot 169 (team A) died: hit another dragon
round 79: bot 18 (team A) died: hit another dragon
round 79: bot 155 (team A) died: hit itself
round 80: bot 25 (team A) died: hit itself
round 80: bot 39 (team A) died: hit another dragon
round 80: bot 159 (team A) died: hit another dragon
round 80: bot 162 (team A) died: hit itself
round 80: bot 170 (team A) died: lost a head-to-head
round 80: bot 163 (team A) died: lost a head-to-head
round 80: bot 165 (team A) died: hit another dragon
round 80: bot 166 (team A) died: hit another dragon
round 80: bot 175 (team A) died: hit another dragon
round 81: bot 1 (team B) died: hit itself
round 81: bot 164 (team A) died: hit itself
round 81: bot 171 (team A) died: hit another dragon
round 81: bot 174 (team A) died: hit another dragon
round 81: bot 176 (team A) died: hit itself
round 82: bot 95 (team A) died: hit itself
round 82: bot 182 (team A) died: hit another dragon
round 82: bot 189 (team A) died: hit another dragon
round 82: bot 192 (team A) died: hit another dragon
round 82: bot 195 (team A) died: hit another dragon
round 83: bot 101 (team A) died: hit another dragon
round 83: bot 183 (team A) died: lost a head-to-head
round 83: bot 179 (team A) died: lost a head-to-head
round 83: bot 180 (team A) died: hit another dragon
round 83: bot 187 (team A) died: hit another dragon
round 84: bot 134 (team A) died: hit another dragon
round 84: bot 186 (team A) died: hit itself
round 85: bot 168 (team A) died: hit another dragon
round 85: bot 181 (team A) died: hit another dragon
round 85: bot 185 (team A) died: hit another dragon
round 85: bot 191 (team A) died: hit itself
round 86: bot 154 (team A) died: hit itself
round 86: bot 177 (team A) died: hit itself
round 86: bot 197 (team A) died: hit another dragon
round 86: bot 198 (team A) died: hit another dragon
round 86: bot 173 (team A) died: lost a head-to-head
round 86: bot 201 (team A) died: lost a head-to-head
round 86: bot 209 (team A) died: hit another dragon
round 87: bot 200 (team A) died: hit another dragon
round 88: bot 109 (team A) died: hit itself
round 88: bot 172 (team A) died: hit itself
round 88: bot 199 (team A) died: hit another dragon
round 88: bot 208 (team A) died: hit another dragon
round 89: bot 196 (team A) died: hit itself
round 89: bot 202 (team A) died: hit another dragon
round 89: bot 217 (team A) died: hit another dragon
round 89: bot 218 (team A) died: hit another dragon
round 90: bot 193 (team A) died: hit another dragon
round 90: bot 194 (team A) died: hit itself
round 90: bot 205 (team A) died: hit another dragon
round 90: bot 207 (team A) died: hit itself
round 90: bot 241 (team A) died: hit itself
round 91: bot 131 (team A) died: hit another dragon
round 91: bot 214 (team A) died: hit itself
round 91: bot 184 (team A) died: lost a head-to-head
round 91: bot 215 (team A) died: lost a head-to-head
round 91: bot 219 (team A) died: hit a wall
round 91: bot 221 (team A) died: hit another dragon
round 91: bot 235 (team A) died: hit another dragon
round 91: bot 236 (team A) died: hit another dragon
round 92: bot 204 (team A) died: hit another dragon
round 92: bot 206 (team A) died: hit another dragon
round 92: bot 210 (team A) died: hit another dragon
round 92: bot 228 (team A) died: hit itself
round 93: bot 4 (team A) died: hit itself
round 93: bot 234 (team A) died: hit another dragon
round 93: bot 242 (team A) died: hit another dragon
round 93: bot 243 (team A) died: hit itself
round 93: bot 244 (team A) died: hit another dragon
round 93: bot 222 (team A) died: lost a head-to-head
round 93: bot 245 (team A) died: lost a head-to-head
round 94: bot 229 (team A) died: hit itself
round 94: bot 230 (team A) died: hit another dragon
round 94: bot 232 (team A) died: hit itself
round 94: bot 256 (team A) died: hit another dragon
round 95: bot 259 (team A) died: lost a head-to-head
round 95: bot 28 (team A) died: lost a head-to-head
round 95: bot 188 (team A) died: hit another dragon
round 95: bot 203 (team A) died: hit itself
round 95: bot 231 (team A) died: hit another dragon
round 95: bot 255 (team A) died: hit another dragon
round 96: bot 113 (team A) died: hit itself
round 96: bot 226 (team A) died: hit another dragon
round 96: bot 237 (team A) died: hit another dragon
round 96: bot 248 (team A) died: lost a head-to-head
round 96: bot 253 (team A) died: lost a head-to-head
round 96: bot 254 (team A) died: hit another dragon
round 96: bot 262 (team A) died: hit itself
round 97: bot 178 (team A) died: hit itself
round 97: bot 216 (team A) died: hit another dragon
round 97: bot 224 (team A) died: hit another dragon
round 97: bot 233 (team A) died: hit another dragon
round 97: bot 252 (team A) died: hit itself
round 97: bot 266 (team A) died: hit another dragon
round 98: bot 136 (team A) died: hit another dragon
round 98: bot 258 (team A) died: lost a head-to-head
round 98: bot 156 (team A) died: lost a head-to-head
round 98: bot 212 (team A) died: hit another dragon
round 98: bot 225 (team A) died: hit another dragon
round 98: bot 260 (team A) died: hit another dragon
round 99: bot 31 (team A) died: hit another dragon
round 99: bot 267 (team A) died: hit itself
running round 101/500 --  last: 159ms  eta: 2m24s  dragons: 56 vs 1
round 100: bot 239 (team A) died: lost a head-to-head
round 100: bot 261 (team A) died: lost a head-to-head
round 100: bot 263 (team A) died: hit another dragon
round 100: bot 250 (team A) died: lost a head-to-head
round 100: bot 274 (team A) died: lost a head-to-head
round 100: bot 277 (team A) died: hit another dragon
round 100: bot 298 (team A) died: hit itself
round 101: bot 269 (team A) died: hit itself
round 101: bot 272 (team A) died: hit another dragon
round 101: bot 279 (team A) died: hit another dragon
round 101: bot 281 (team A) died: hit itself
round 101: bot 282 (team A) died: lost a head-to-head
round 101: bot 301 (team A) died: lost a head-to-head
round 102: bot 276 (team A) died: hit another dragon
round 102: bot 285 (team A) died: hit another dragon
round 102: bot 289 (team A) died: hit another dragon
round 102: bot 293 (team A) died: hit itself
round 102: bot 308 (team A) died: hit another dragon
round 103: bot 288 (team A) died: lost a head-to-head
round 103: bot 238 (team A) died: lost a head-to-head
round 103: bot 257 (team A) died: hit another dragon
round 103: bot 284 (team A) died: hit another dragon
round 103: bot 287 (team A) died: hit itself
round 103: bot 291 (team A) died: hit itself
round 103: bot 297 (team A) died: hit itself
round 104: bot 268 (team A) died: hit another dragon
round 104: bot 299 (team A) died: hit another dragon
round 104: bot 310 (team A) died: hit another dragon
round 105: bot 24 (team A) died: hit itself
round 105: bot 141 (team A) died: hit another dragon
round 105: bot 220 (team A) died: hit another dragon
round 105: bot 264 (team A) died: hit another dragon
round 105: bot 270 (team A) died: hit another dragon
round 105: bot 309 (team A) died: hit itself
round 105: bot 314 (team A) died: hit another dragon
round 106: bot 190 (team A) died: hit another dragon
round 106: bot 280 (team A) died: hit another dragon
round 106: bot 300 (team A) died: hit a wall
round 106: bot 307 (team A) died: hit itself
round 106: bot 313 (team A) died: hit another dragon
round 107: bot 249 (team A) died: hit another dragon
round 107: bot 296 (team A) died: hit another dragon
round 107: bot 306 (team A) died: hit another dragon
round 107: bot 311 (team A) died: hit another dragon
round 107: bot 325 (team A) died: hit another dragon
round 108: bot 292 (team A) died: hit another dragon
round 108: bot 295 (team A) died: hit itself
round 108: bot 294 (team A) died: lost a head-to-head
round 108: bot 333 (team A) died: lost a head-to-head
round 109: bot 213 (team A) died: hit itself
round 109: bot 246 (team A) died: hit another dragon
round 109: bot 290 (team A) died: hit another dragon
round 109: bot 315 (team A) died: hit another dragon
round 109: bot 321 (team A) died: hit another dragon
round 109: bot 329 (team A) died: hit another dragon
round 110: bot 317 (team A) died: hit another dragon
round 110: bot 324 (team A) died: hit itself
round 110: bot 326 (team A) died: hit another dragon
round 110: bot 345 (team A) died: hit another dragon
round 111: bot 10 (team A) died: hit itself
round 111: bot 223 (team A) died: hit another dragon
round 111: bot 350 (team A) died: lost a head-to-head
round 111: bot 320 (team A) died: lost a head-to-head
round 111: bot 322 (team A) died: hit another dragon
round 111: bot 335 (team A) died: hit another dragon
round 111: bot 340 (team A) died: hit another dragon
round 111: bot 349 (team A) died: hit another dragon
round 112: bot 27 (team A) died: hit itself
round 112: bot 247 (team A) died: hit another dragon
round 112: bot 327 (team A) died: hit another dragon
round 112: bot 328 (team A) died: hit another dragon
round 112: bot 331 (team A) died: hit another dragon
round 113: bot 338 (team A) died: hit itself
round 113: bot 356 (team A) died: hit itself
round 113: bot 358 (team A) died: hit itself
round 113: bot 359 (team A) died: hit another dragon
round 114: bot 211 (team A) died: hit another dragon
round 114: bot 273 (team A) died: hit another dragon
round 114: bot 312 (team A) died: hit another dragon
round 114: bot 319 (team A) died: hit another dragon
round 114: bot 339 (team A) died: hit another dragon
round 114: bot 351 (team A) died: hit another dragon
round 115: bot 2 (team A) died: hit another dragon
round 115: bot 33 (team A) died: hit itself
round 115: bot 265 (team A) died: hit another dragon
round 115: bot 344 (team A) died: hit itself
round 115: bot 353 (team A) died: hit another dragon
round 115: bot 360 (team A) died: hit another dragon
round 116: bot 68 (team A) died: hit another dragon
round 116: bot 323 (team A) died: lost a head-to-head
round 116: bot 240 (team A) died: lost a head-to-head
round 116: bot 304 (team A) died: hit another dragon
round 116: bot 355 (team A) died: hit another dragon
round 116: bot 361 (team A) died: hit itself
round 116: bot 366 (team A) died: hit another dragon
round 116: bot 372 (team A) died: hit itself
round 116: bot 388 (team A) died: hit another dragon
round 117: bot 111 (team A) died: hit itself
round 117: bot 346 (team A) died: hit another dragon
round 117: bot 348 (team A) died: hit another dragon
round 117: bot 371 (team A) died: hit another dragon
round 117: bot 382 (team A) died: hit another dragon
round 117: bot 384 (team A) died: hit itself
round 118: bot 337 (team A) died: hit a wall
round 118: bot 354 (team A) died: hit another dragon
round 118: bot 357 (team A) died: hit another dragon
round 118: bot 385 (team A) died: hit another dragon
round 118: bot 386 (team A) died: hit another dragon
round 118: bot 392 (team A) died: hit another dragon
round 119: bot 251 (team A) died: hit another dragon
round 119: bot 352 (team A) died: hit another dragon
round 119: bot 363 (team A) died: hit another dragon
round 119: bot 368 (team A) died: hit itself
round 119: bot 369 (team A) died: hit another dragon
round 120: bot 30 (team A) died: hit itself
round 120: bot 341 (team A) died: hit another dragon
round 120: bot 378 (team A) died: hit itself
round 120: bot 381 (team A) died: hit itself
round 120: bot 383 (team A) died: hit another dragon
round 121: bot 336 (team A) died: lost a head-to-head
round 121: bot 278 (team A) died: lost a head-to-head
round 121: bot 342 (team A) died: hit another dragon
round 121: bot 406 (team A) died: lost a head-to-head
round 121: bot 380 (team A) died: lost a head-to-head
round 121: bot 405 (team A) died: hit itself
round 122: bot 271 (team A) died: hit itself
round 122: bot 275 (team A) died: hit another dragon
round 122: bot 334 (team A) died: hit another dragon
round 122: bot 347 (team A) died: hit itself
round 122: bot 376 (team A) died: hit a wall
round 122: bot 387 (team A) died: hit itself
round 123: bot 3 (team B) died: hit another dragon
round 123: bot 389 (team A) died: hit another dragon
round 123: bot 397 (team A) died: hit another dragon
round 123: bot 404 (team A) died: hit another dragon
round 123: bot 407 (team A) died: hit itself
round 123: bot 413 (team A) died: hit another dragon
team A wins after 124 rounds (by elimination) (45.2s)
wrote replay: C:\Users\ACER\OneDrive\Desktop\UNSW Battlecode\UNSWBC-\battlecode_data\training_loop\map-campaign-20260921\round1\before\NamBot\help-A.replay
