loaded c/c++ vs c/c++
running round 2/500 --  last: 216ms  eta: 1m48s  dragons: 1 vs 1
round 17: bot 2 (team A) died: hit itself
round 18: bot 12 (team B) died: lost a head-to-head
round 18: bot 13 (team B) died: lost a head-to-head
round 19: bot 16 (team B) died: hit another dragon
round 19: bot 17 (team B) died: hit another dragon
round 22: bot 15 (team A) died: hit another dragon
round 22: bot 23 (team B) died: hit another dragon
round 23: bot 14 (team B) died: hit another dragon
round 23: bot 26 (team A) died: hit itself
round 24: bot 4 (team A) died: hit itself
round 24: bot 33 (team B) died: hit itself
round 25: bot 20 (team B) died: lost a head-to-head
round 25: bot 27 (team B) died: lost a head-to-head
round 25: bot 28 (team B) died: hit another dragon
round 25: bot 34 (team B) died: hit another dragon
round 26: bot 11 (team B) died: hit itself
round 26: bot 29 (team A) died: hit another dragon
round 26: bot 37 (team B) died: hit itself
round 27: bot 5 (team A) died: lost a head-to-head
round 27: bot 36 (team B) died: lost a head-to-head
round 28: bot 35 (team B) died: hit another dragon
round 28: bot 38 (team B) died: hit another dragon
round 30: bot 6 (team B) died: hit itself
round 30: bot 9 (team B) died: hit another dragon
round 30: bot 45 (team B) died: hit itself
round 31: bot 18 (team A) died: hit itself
round 31: bot 43 (team B) died: hit another dragon
round 32: bot 49 (team A) died: hit another dragon
round 32: bot 8 (team A) died: lost a head-to-head
round 32: bot 50 (team A) died: lost a head-to-head
round 32: bot 42 (team B) died: lost a head-to-head
round 32: bot 51 (team B) died: lost a head-to-head
round 33: bot 44 (team A) died: hit another dragon
round 34: bot 32 (team B) died: hit itself
round 34: bot 56 (team A) died: lost a head-to-head
round 34: bot 57 (team B) died: lost a head-to-head
round 34: bot 10 (team A) died: lost a head-to-head
round 34: bot 58 (team B) died: lost a head-to-head
round 35: bot 46 (team A) died: lost a head-to-head
round 35: bot 61 (team A) died: lost a head-to-head
round 36: bot 55 (team B) died: hit itself
round 36: bot 64 (team A) died: hit itself
round 36: bot 0 (team A) died: lost a head-to-head
round 36: bot 67 (team B) died: lost a head-to-head
round 38: bot 24 (team A) died: hit another dragon
round 39: bot 66 (team B) died: hit another dragon
round 39: bot 68 (team A) died: hit another dragon
round 40: bot 19 (team B) died: hit itself
round 40: bot 30 (team B) died: lost a head-to-head
round 40: bot 65 (team A) died: lost a head-to-head
round 41: bot 21 (team B) died: lost a head-to-head
round 41: bot 59 (team A) died: lost a head-to-head
round 41: bot 77 (team B) died: hit itself
round 42: bot 22 (team A) died: hit another dragon
round 44: bot 47 (team B) died: hit another dragon
round 44: bot 71 (team B) died: hit another dragon
round 44: bot 52 (team A) died: lost a head-to-head
round 44: bot 80 (team A) died: lost a head-to-head
round 44: bot 25 (team B) died: lost a head-to-head
round 44: bot 82 (team B) died: lost a head-to-head
round 44: bot 31 (team B) died: lost a head-to-head
round 44: bot 83 (team B) died: lost a head-to-head
round 45: bot 81 (team B) died: lost a head-to-head
round 45: bot 1 (team B) died: lost a head-to-head
round 45: bot 79 (team B) died: lost a head-to-head
round 45: bot 78 (team B) died: lost a head-to-head
round 46: bot 69 (team B) died: hit another dragon
round 48: bot 74 (team B) died: lost a head-to-head
round 48: bot 7 (team B) died: lost a head-to-head
round 48: bot 48 (team A) died: hit a wall
round 48: bot 85 (team A) died: lost a head-to-head
round 48: bot 94 (team A) died: lost a head-to-head
round 49: bot 54 (team B) died: hit another dragon
round 49: bot 70 (team B) died: hit another dragon
round 49: bot 73 (team B) died: lost a head-to-head
round 49: bot 76 (team B) died: lost a head-to-head
round 49: bot 98 (team A) died: hit itself
running round 51/500 --  last: 142ms  eta: 1m30s  dragons: 6 vs 16
round 51: bot 99 (team B) died: hit another dragon
round 53: bot 84 (team B) died: hit itself
round 54: bot 87 (team B) died: hit itself
round 54: bot 40 (team B) died: lost a head-to-head
round 54: bot 90 (team B) died: lost a head-to-head
round 54: bot 95 (team A) died: hit itself
round 54: bot 103 (team B) died: lost a head-to-head
round 54: bot 100 (team B) died: lost a head-to-head
round 54: bot 86 (team B) died: lost a head-to-head
round 54: bot 107 (team B) died: lost a head-to-head
round 55: bot 92 (team B) died: hit another dragon
round 56: bot 41 (team A) died: hit a wall
round 56: bot 96 (team B) died: hit another dragon
round 56: bot 105 (team A) died: hit another dragon
round 56: bot 109 (team B) died: hit another dragon
round 57: bot 102 (team A) died: lost a head-to-head
round 57: bot 60 (team B) died: lost a head-to-head
round 59: bot 39 (team B) died: hit another dragon
round 59: bot 75 (team A) died: hit another dragon
round 59: bot 3 (team B) died: lost a head-to-head
round 59: bot 106 (team B) died: lost a head-to-head
round 59: bot 120 (team B) died: hit another dragon
round 61: bot 118 (team B) died: lost a head-to-head
round 61: bot 124 (team B) died: lost a head-to-head
round 62: bot 53 (team B) died: hit another dragon
round 62: bot 111 (team B) died: hit itself
round 63: bot 104 (team B) died: hit another dragon
round 63: bot 116 (team B) died: hit a wall
round 63: bot 131 (team B) died: hit another dragon
round 63: bot 132 (team B) died: hit itself
round 64: bot 72 (team A) died: hit another dragon
round 64: bot 112 (team B) died: hit itself
round 64: bot 128 (team B) died: hit another dragon
round 65: bot 108 (team B) died: hit another dragon
round 65: bot 119 (team B) died: hit itself
round 66: bot 62 (team A) died: lost a head-to-head
round 66: bot 125 (team B) died: lost a head-to-head
round 66: bot 140 (team B) died: hit another dragon
round 67: bot 89 (team B) died: hit another dragon
round 67: bot 97 (team B) died: hit another dragon
round 67: bot 113 (team B) died: lost a head-to-head
round 67: bot 141 (team B) died: lost a head-to-head
round 68: bot 136 (team A) died: hit another dragon
round 69: bot 144 (team B) died: hit a wall
round 70: bot 123 (team B) died: hit another dragon
round 70: bot 137 (team A) died: hit a wall
round 71: bot 139 (team B) died: hit itself
round 71: bot 146 (team B) died: hit another dragon
round 72: bot 134 (team B) died: hit itself
round 72: bot 149 (team B) died: hit itself
round 73: bot 63 (team B) died: hit another dragon
round 73: bot 117 (team B) died: hit a wall
round 73: bot 145 (team B) died: lost a head-to-head
round 73: bot 126 (team A) died: lost a head-to-head
round 73: bot 148 (team B) died: hit another dragon
round 73: bot 150 (team B) died: hit itself
round 75: bot 142 (team B) died: hit another dragon
round 76: bot 93 (team A) died: hit another dragon
round 76: bot 88 (team B) died: lost a head-to-head
round 76: bot 159 (team A) died: lost a head-to-head
round 76: bot 160 (team B) died: hit another dragon
round 77: bot 121 (team B) died: hit another dragon
round 77: bot 158 (team B) died: hit another dragon
round 78: bot 122 (team B) died: hit another dragon
round 78: bot 154 (team B) died: hit another dragon
round 78: bot 157 (team B) died: hit itself
round 79: bot 147 (team B) died: hit another dragon
round 79: bot 169 (team B) died: hit itself
round 80: bot 130 (team B) died: hit another dragon
round 80: bot 135 (team B) died: hit a wall
round 81: bot 129 (team B) died: hit another dragon
round 81: bot 156 (team A) died: hit another dragon
round 81: bot 173 (team B) died: hit another dragon
round 81: bot 167 (team B) died: lost a head-to-head
round 81: bot 174 (team B) died: lost a head-to-head
round 83: bot 114 (team B) died: hit itself
round 83: bot 91 (team B) died: lost a head-to-head
round 83: bot 180 (team B) died: lost a head-to-head
round 83: bot 183 (team B) died: hit itself
round 84: bot 133 (team B) died: hit another dragon
round 84: bot 151 (team B) died: hit another dragon
round 84: bot 161 (team B) died: hit another dragon
round 85: bot 185 (team B) died: hit itself
round 86: bot 153 (team B) died: lost a head-to-head
round 86: bot 179 (team B) died: lost a head-to-head
round 86: bot 184 (team A) died: hit itself
round 87: bot 164 (team B) died: lost a head-to-head
round 87: bot 127 (team B) died: lost a head-to-head
round 87: bot 177 (team B) died: hit a wall
round 88: bot 110 (team A) died: hit another dragon
round 88: bot 138 (team B) died: hit another dragon
round 88: bot 192 (team B) died: hit another dragon
team B wins after 89 rounds (by elimination) (20.3s)
wrote replay: C:\Users\ACER\OneDrive\Desktop\UNSW Battlecode\UNSWBC-\battlecode_data\training_loop\map-campaign-20260921\round1\before\mybot\arena-B.replay
