loaded c/c++ vs c/c++
running round 2/500 --  last: 174ms  eta: 1m27s  dragons: 6 vs 3
running round 51/500 --  last: 55ms  eta: 17.0s  dragons: 23 vs 3
round 79: bot 6 (team A) died: lost a head-to-head
round 79: bot 21 (team A) died: lost a head-to-head
round 87: bot 20 (team A) died: lost a head-to-head
round 87: bot 18 (team A) died: lost a head-to-head
round 90: bot 9 (team A) died: hit itself
round 92: bot 26 (team A) died: lost a head-to-head
round 92: bot 70 (team A) died: lost a head-to-head
round 98: bot 17 (team A) died: lost a head-to-head
round 98: bot 19 (team A) died: lost a head-to-head
running round 101/500 --  last: 104ms  eta: 27.2s  dragons: 64 vs 3
round 100: bot 24 (team A) died: hit itself
round 101: bot 41 (team A) died: lost a head-to-head
round 101: bot 11 (team A) died: lost a head-to-head
round 102: bot 4 (team A) died: lost a head-to-head
round 102: bot 8 (team A) died: lost a head-to-head
round 105: bot 79 (team A) died: lost a head-to-head
round 105: bot 27 (team A) died: lost a head-to-head
round 107: bot 13 (team A) died: hit another dragon
round 109: bot 12 (team A) died: hit another dragon
round 110: bot 33 (team A) died: lost a head-to-head
round 110: bot 16 (team A) died: lost a head-to-head
round 112: bot 30 (team A) died: lost a head-to-head
round 112: bot 81 (team A) died: lost a head-to-head
round 115: bot 42 (team A) died: lost a head-to-head
round 115: bot 29 (team A) died: lost a head-to-head
round 117: bot 62 (team A) died: hit another dragon
round 119: bot 52 (team A) died: hit itself
round 122: bot 10 (team A) died: lost a head-to-head
round 122: bot 0 (team A) died: lost a head-to-head
round 123: bot 47 (team A) died: hit itself
round 124: bot 76 (team A) died: hit another dragon
round 130: bot 35 (team A) died: hit another dragon
round 132: bot 78 (team A) died: hit another dragon
round 134: bot 77 (team A) died: lost a head-to-head
round 134: bot 39 (team A) died: lost a head-to-head
round 138: bot 36 (team A) died: hit another dragon
round 138: bot 51 (team A) died: hit itself
round 140: bot 82 (team A) died: hit another dragon
round 141: bot 95 (team A) died: hit another dragon
round 142: bot 38 (team A) died: hit itself
round 143: bot 34 (team A) died: lost a head-to-head
round 143: bot 69 (team A) died: lost a head-to-head
round 144: bot 89 (team A) died: hit itself
round 146: bot 87 (team A) died: hit another dragon
round 147: bot 37 (team A) died: hit another dragon
round 148: bot 65 (team A) died: lost a head-to-head
round 148: bot 48 (team A) died: lost a head-to-head
round 148: bot 96 (team A) died: hit itself
round 149: bot 22 (team A) died: hit itself
running round 151/500 --  last: 316ms  eta: 35.3s  dragons: 64 vs 3
round 150: bot 61 (team A) died: hit itself
round 151: bot 49 (team A) died: lost a head-to-head
round 151: bot 68 (team A) died: lost a head-to-head
round 151: bot 101 (team A) died: hit itself
round 154: bot 55 (team A) died: hit itself
round 155: bot 54 (team A) died: hit itself
round 155: bot 84 (team A) died: hit itself
round 159: bot 59 (team A) died: hit another dragon
round 159: bot 7 (team A) died: lost a head-to-head
round 159: bot 88 (team A) died: lost a head-to-head
round 159: bot 122 (team A) died: lost a head-to-head
round 159: bot 120 (team A) died: lost a head-to-head
round 160: bot 107 (team A) died: hit itself
round 161: bot 119 (team A) died: hit another dragon
round 163: bot 103 (team A) died: hit another dragon
round 168: bot 80 (team A) died: hit another dragon
round 170: bot 105 (team A) died: hit another dragon
round 171: bot 1 (team B) died: hit itself
round 179: bot 14 (team A) died: hit another dragon
round 179: bot 28 (team A) died: hit another dragon
round 184: bot 127 (team A) died: hit itself
round 184: bot 134 (team A) died: hit itself
round 188: bot 126 (team A) died: hit another dragon
round 189: bot 63 (team A) died: hit itself
round 189: bot 72 (team A) died: hit itself
round 189: bot 117 (team A) died: hit itself
round 192: bot 50 (team A) died: hit itself
round 196: bot 128 (team A) died: hit another dragon
round 198: bot 56 (team A) died: hit another dragon
round 198: bot 133 (team A) died: hit another dragon
running round 201/500 --  last: 83ms  eta: 35.8s  dragons: 64 vs 3
round 201: bot 142 (team A) died: hit itself
round 204: bot 71 (team A) died: hit itself
round 205: bot 145 (team A) died: hit itself
round 209: bot 90 (team A) died: lost a head-to-head
round 209: bot 46 (team A) died: lost a head-to-head
round 211: bot 112 (team A) died: hit itself
round 213: bot 74 (team A) died: hit itself
round 214: bot 44 (team A) died: hit itself
round 214: bot 106 (team A) died: hit itself
round 214: bot 140 (team A) died: hit another dragon
round 215: bot 121 (team A) died: hit itself
round 216: bot 92 (team A) died: hit itself
round 216: bot 129 (team A) died: hit itself
round 219: bot 118 (team A) died: hit another dragon
round 220: bot 2 (team A) died: hit itself
round 222: bot 32 (team A) died: hit another dragon
round 222: bot 67 (team A) died: hit another dragon
round 223: bot 73 (team A) died: hit another dragon
round 224: bot 58 (team A) died: hit another dragon
round 226: bot 114 (team A) died: hit itself
round 226: bot 155 (team A) died: hit another dragon
round 227: bot 109 (team A) died: hit another dragon
round 227: bot 147 (team A) died: hit itself
round 229: bot 161 (team A) died: hit another dragon
round 230: bot 135 (team A) died: hit another dragon
round 230: bot 139 (team A) died: hit another dragon
round 231: bot 115 (team A) died: hit another dragon
round 232: bot 64 (team A) died: hit another dragon
round 233: bot 150 (team A) died: lost a head-to-head
round 233: bot 108 (team A) died: lost a head-to-head
round 234: bot 94 (team A) died: hit another dragon
round 235: bot 116 (team A) died: hit itself
round 236: bot 40 (team A) died: hit itself
round 238: bot 137 (team A) died: hit itself
round 238: bot 164 (team A) died: hit another dragon
round 238: bot 179 (team A) ran out of time
round 238: bot 179 (team A) died: no valid action
round 242: bot 15 (team A) died: hit itself
round 243: bot 153 (team A) died: hit itself
round 245: bot 110 (team A) died: hit another dragon
round 246: bot 113 (team A) died: hit itself
round 247: bot 85 (team A) died: hit itself
round 247: bot 111 (team A) died: hit itself
running round 251/500 --  last: 71ms  eta: 43.2s  dragons: 64 vs 3
round 251: bot 43 (team A) died: hit itself
round 251: bot 160 (team A) died: hit another dragon
round 251: bot 182 (team A) died: hit another dragon
round 257: bot 156 (team A) died: hit another dragon
round 257: bot 166 (team A) died: hit itself
round 258: bot 136 (team A) died: hit another dragon
round 262: bot 171 (team A) died: hit itself
round 264: bot 98 (team A) died: hit another dragon
round 265: bot 45 (team A) died: hit another dragon
round 265: bot 188 (team A) died: hit itself
round 266: bot 57 (team A) died: hit itself
round 266: bot 104 (team A) died: hit another dragon
round 267: bot 192 (team A) died: hit itself
round 270: bot 163 (team A) died: hit itself
round 272: bot 86 (team A) died: hit itself
round 272: bot 100 (team A) died: hit itself
round 274: bot 146 (team A) died: hit another dragon
round 276: bot 159 (team A) died: lost a head-to-head
round 276: bot 186 (team A) died: lost a head-to-head
round 277: bot 60 (team A) died: hit itself
round 278: bot 31 (team A) died: hit another dragon
round 280: bot 152 (team A) died: hit itself
round 280: bot 178 (team A) died: lost a head-to-head
round 280: bot 168 (team A) died: lost a head-to-head
round 282: bot 97 (team A) died: hit itself
round 282: bot 143 (team A) died: hit itself
round 285: bot 176 (team A) died: hit another dragon
round 287: bot 206 (team A) died: hit itself
round 289: bot 131 (team A) died: hit itself
round 290: bot 170 (team A) died: hit itself
round 290: bot 187 (team A) died: hit another dragon
round 291: bot 181 (team A) died: hit another dragon
round 291: bot 91 (team A) died: lost a head-to-head
round 291: bot 198 (team A) died: lost a head-to-head
round 293: bot 83 (team A) died: hit itself
round 295: bot 158 (team A) died: hit itself
round 297: bot 93 (team A) died: lost a head-to-head
round 297: bot 222 (team A) died: lost a head-to-head
round 298: bot 212 (team A) died: lost a head-to-head
round 298: bot 183 (team A) died: lost a head-to-head
round 299: bot 173 (team A) died: hit itself
running round 301/500 --  last: 89ms  eta: 32.2s  dragons: 64 vs 4
round 300: bot 177 (team A) died: hit another dragon
round 303: bot 144 (team A) died: hit another dragon
round 305: bot 25 (team A) died: hit itself
round 307: bot 201 (team A) died: hit itself
round 309: bot 132 (team A) died: hit itself
round 310: bot 123 (team A) died: hit itself
round 313: bot 225 (team A) died: hit another dragon
round 315: bot 218 (team A) died: hit another dragon
round 316: bot 216 (team A) died: lost a head-to-head
round 316: bot 189 (team A) died: lost a head-to-head
round 317: bot 149 (team A) died: hit another dragon
round 317: bot 167 (team A) died: hit itself
round 318: bot 204 (team A) died: hit itself
round 319: bot 174 (team A) died: hit another dragon
round 320: bot 208 (team A) died: hit itself
round 322: bot 180 (team A) died: hit itself
round 323: bot 224 (team A) died: hit another dragon
round 324: bot 23 (team A) died: hit another dragon
round 324: bot 99 (team A) died: hit itself
round 327: bot 228 (team A) died: lost a head-to-head
round 327: bot 197 (team A) died: lost a head-to-head
round 329: bot 191 (team A) died: hit another dragon
round 330: bot 202 (team A) died: hit another dragon
round 334: bot 237 (team A) died: hit another dragon
round 335: bot 235 (team A) died: hit another dragon
round 336: bot 229 (team A) died: lost a head-to-head
round 336: bot 169 (team A) died: lost a head-to-head
round 336: bot 213 (team B) died: hit another dragon
round 336: bot 217 (team A) died: hit itself
round 337: bot 215 (team A) died: hit another dragon
round 338: bot 240 (team A) died: hit another dragon
round 340: bot 233 (team A) died: lost a head-to-head
round 340: bot 214 (team A) died: lost a head-to-head
round 344: bot 194 (team A) died: hit another dragon
round 344: bot 251 (team A) died: hit another dragon
round 345: bot 258 (team A) died: hit itself
round 346: bot 241 (team A) died: hit another dragon
round 347: bot 184 (team A) died: hit itself
running round 351/500 --  last: 64ms  eta: 23.0s  dragons: 64 vs 5
round 352: bot 66 (team A) died: hit itself
round 352: bot 185 (team A) died: hit itself
round 357: bot 227 (team A) died: hit itself
round 358: bot 207 (team A) died: hit itself
round 358: bot 246 (team B) died: hit another dragon
round 358: bot 259 (team A) died: hit itself
round 359: bot 244 (team A) died: hit itself
round 361: bot 102 (team A) died: hit itself
round 364: bot 243 (team A) died: lost a head-to-head
round 364: bot 190 (team A) died: lost a head-to-head
round 365: bot 219 (team A) died: hit itself
round 366: bot 250 (team A) died: hit another dragon
round 366: bot 266 (team A) died: hit another dragon
round 367: bot 75 (team A) died: hit itself
round 369: bot 211 (team A) died: hit itself
round 369: bot 254 (team B) died: hit another dragon
round 371: bot 260 (team A) died: lost a head-to-head
round 371: bot 165 (team A) died: lost a head-to-head
round 373: bot 196 (team A) died: hit itself
round 374: bot 53 (team A) died: hit another dragon
round 375: bot 5 (team B) died: hit itself
round 378: bot 249 (team A) died: hit itself
round 379: bot 3 (team B) died: hit another dragon
round 379: bot 234 (team A) died: hit another dragon
round 380: bot 193 (team A) died: hit itself
round 381: bot 236 (team A) died: hit another dragon
round 381: bot 275 (team A) died: hit another dragon
round 383: bot 154 (team A) died: hit itself
round 385: bot 124 (team A) died: hit itself
round 385: bot 253 (team A) died: hit itself
round 385: bot 284 (team B) died: hit itself
round 387: bot 200 (team A) died: hit another dragon
round 387: bot 269 (team A) died: hit itself
round 387: bot 299 (team A) died: hit itself
round 388: bot 271 (team B) died: hit another dragon
round 388: bot 280 (team A) died: hit itself
round 391: bot 175 (team A) died: hit itself
round 391: bot 230 (team A) died: hit itself
round 391: bot 288 (team A) died: hit itself
round 396: bot 281 (team A) died: hit itself
round 397: bot 221 (team A) died: hit another dragon
round 398: bot 306 (team A) died: lost a head-to-head
round 398: bot 248 (team A) died: lost a head-to-head
running round 401/500 --  last: 78ms  eta: 14.8s  dragons: 64 vs 5
round 401: bot 278 (team A) died: hit another dragon
round 401: bot 290 (team A) died: hit itself
round 403: bot 226 (team A) died: hit another dragon
round 404: bot 172 (team A) died: hit itself
round 406: bot 252 (team A) died: hit itself
round 408: bot 263 (team A) died: hit another dragon
round 408: bot 276 (team A) died: hit another dragon
round 409: bot 231 (team A) died: hit itself
round 411: bot 314 (team A) died: hit another dragon
round 415: bot 157 (team A) died: hit itself
round 416: bot 125 (team A) died: hit itself
round 416: bot 220 (team A) died: hit itself
round 418: bot 203 (team A) died: hit another dragon
round 420: bot 277 (team A) died: hit another dragon
round 421: bot 304 (team A) died: hit itself
round 422: bot 313 (team A) died: hit another dragon
round 423: bot 291 (team A) died: hit itself
round 423: bot 294 (team A) died: hit another dragon
round 424: bot 151 (team A) died: hit another dragon
round 429: bot 317 (team A) died: hit itself
round 430: bot 209 (team A) died: hit itself
round 430: bot 285 (team A) died: hit itself
round 430: bot 292 (team A) died: hit another dragon
round 431: bot 295 (team A) died: hit itself
round 434: bot 293 (team A) died: hit another dragon
round 434: bot 318 (team A) died: hit another dragon
round 435: bot 138 (team A) died: lost a head-to-head
round 435: bot 321 (team A) died: lost a head-to-head
round 436: bot 257 (team A) died: hit another dragon
round 439: bot 256 (team A) died: hit itself
round 439: bot 273 (team A) died: hit itself
round 440: bot 339 (team A) died: hit itself
round 441: bot 340 (team A) died: hit another dragon
round 442: bot 301 (team B) died: hit itself
round 442: bot 305 (team A) died: hit another dragon
round 443: bot 238 (team A) died: hit itself
round 443: bot 268 (team A) died: hit itself
round 443: bot 336 (team A) died: hit another dragon
round 445: bot 265 (team A) died: hit another dragon
round 446: bot 199 (team A) died: hit itself
round 446: bot 262 (team A) died: hit itself
round 447: bot 309 (team A) died: hit another dragon
running round 451/500 --  last: 79ms  eta: 7.2s  dragons: 64 vs 5
round 450: bot 247 (team A) died: hit itself
round 451: bot 267 (team A) died: hit itself
round 452: bot 205 (team A) died: hit itself
round 452: bot 245 (team A) died: hit itself
round 452: bot 308 (team A) died: hit another dragon
round 454: bot 315 (team A) died: hit itself
round 456: bot 210 (team A) died: lost a head-to-head
round 456: bot 331 (team A) died: lost a head-to-head
round 456: bot 344 (team A) died: hit itself
round 459: bot 333 (team A) died: hit itself
round 464: bot 261 (team A) died: hit itself
round 464: bot 335 (team A) died: hit itself
round 466: bot 286 (team A) died: hit itself
round 467: bot 297 (team A) died: hit itself
round 470: bot 279 (team A) died: lost a head-to-head
round 470: bot 349 (team A) died: lost a head-to-head
round 471: bot 141 (team A) died: hit itself
round 474: bot 343 (team B) died: hit another dragon
round 476: bot 195 (team A) died: hit itself
round 476: bot 282 (team B) died: hit another dragon
round 476: bot 310 (team A) died: hit another dragon
round 478: bot 162 (team A) died: hit another dragon
round 479: bot 300 (team A) died: hit another dragon
round 482: bot 347 (team A) died: hit another dragon
round 483: bot 283 (team A) died: hit another dragon
round 483: bot 312 (team A) died: hit itself
round 485: bot 359 (team A) died: hit itself
round 486: bot 319 (team A) died: hit itself
round 486: bot 374 (team B) died: hit another dragon
round 487: bot 338 (team A) died: hit itself
round 487: bot 370 (team A) died: hit itself
round 488: bot 325 (team A) died: hit itself
round 488: bot 334 (team A) died: hit itself
round 488: bot 360 (team A) died: hit itself
round 490: bot 323 (team A) died: hit another dragon
round 490: bot 355 (team A) died: hit itself
round 494: bot 364 (team A) died: hit itself
round 495: bot 272 (team A) died: lost a head-to-head
round 495: bot 302 (team A) died: lost a head-to-head
round 495: bot 337 (team A) died: lost a head-to-head
round 495: bot 388 (team A) died: lost a head-to-head
round 496: bot 330 (team A) died: hit itself
round 497: bot 351 (team A) died: hit itself
round 498: bot 382 (team B) died: hit another dragon
round 499: bot 148 (team A) died: hit itself
round 499: bot 358 (team A) died: hit another dragon
round 499: bot 366 (team B) died: hit another dragon
team B wins after 500 rounds (on length) (1m14s)
wrote replay: C:\Users\ACER\OneDrive\Desktop\UNSW Battlecode\UNSWBC-\battlecode_data\training_loop\map-campaign-20260921\round1\before\mybot\big_empty-B.replay
