loaded c/c++ vs c/c++
running round 2/500 --  last: 38ms  eta: 19.2s  dragons: 1 vs 1
round 17: bot 2 (team A) died: hit itself
round 18: bot 12 (team B) died: lost a head-to-head
round 18: bot 13 (team B) died: lost a head-to-head
round 19: bot 16 (team B) died: hit another dragon
round 19: bot 17 (team B) died: hit another dragon
round 22: bot 15 (team A) died: hit another dragon
round 22: bot 23 (team B) died: hit another dragon
round 23: bot 14 (team B) died: hit another dragon
round 23: bot 26 (team A) died: hit itself
round 24: bot 4 (team A) died: hit itself
round 24: bot 33 (team B) died: hit itself
round 25: bot 20 (team B) died: lost a head-to-head
round 25: bot 27 (team B) died: lost a head-to-head
round 25: bot 28 (team B) died: hit another dragon
round 25: bot 34 (team B) died: hit another dragon
round 26: bot 11 (team B) died: hit itself
round 26: bot 29 (team A) died: hit another dragon
round 26: bot 37 (team B) died: hit itself
round 27: bot 5 (team A) died: lost a head-to-head
round 27: bot 36 (team B) died: lost a head-to-head
round 28: bot 35 (team B) died: hit another dragon
round 28: bot 38 (team B) died: hit another dragon
round 30: bot 6 (team B) died: hit itself
round 30: bot 9 (team B) died: hit another dragon
round 30: bot 45 (team B) died: hit itself
round 31: bot 18 (team A) died: hit itself
round 31: bot 43 (team B) died: hit another dragon
round 32: bot 49 (team A) died: hit another dragon
round 32: bot 8 (team A) died: lost a head-to-head
round 32: bot 50 (team A) died: lost a head-to-head
round 32: bot 42 (team B) died: lost a head-to-head
round 32: bot 51 (team B) died: lost a head-to-head
round 33: bot 44 (team A) died: hit another dragon
round 34: bot 32 (team B) died: hit itself
round 34: bot 56 (team A) died: lost a head-to-head
round 34: bot 57 (team B) died: lost a head-to-head
round 34: bot 10 (team A) died: lost a head-to-head
round 34: bot 58 (team B) died: lost a head-to-head
round 35: bot 46 (team A) died: lost a head-to-head
round 35: bot 61 (team A) died: lost a head-to-head
round 36: bot 55 (team B) died: hit itself
round 36: bot 64 (team A) died: hit itself
round 36: bot 0 (team A) died: lost a head-to-head
round 36: bot 67 (team B) died: lost a head-to-head
round 38: bot 24 (team A) died: hit another dragon
round 39: bot 66 (team B) died: hit another dragon
round 39: bot 68 (team A) died: hit another dragon
round 40: bot 19 (team B) died: hit itself
round 40: bot 30 (team B) died: lost a head-to-head
round 40: bot 65 (team A) died: lost a head-to-head
round 41: bot 21 (team B) died: lost a head-to-head
round 41: bot 59 (team A) died: lost a head-to-head
round 41: bot 77 (team B) died: hit itself
round 42: bot 22 (team A) died: hit another dragon
round 44: bot 47 (team B) died: hit another dragon
round 44: bot 71 (team B) died: hit another dragon
round 44: bot 52 (team A) died: lost a head-to-head
round 44: bot 80 (team A) died: lost a head-to-head
round 44: bot 25 (team B) died: lost a head-to-head
round 44: bot 82 (team B) died: lost a head-to-head
round 44: bot 31 (team B) died: lost a head-to-head
round 44: bot 83 (team B) died: lost a head-to-head
round 45: bot 81 (team B) died: lost a head-to-head
round 45: bot 1 (team B) died: lost a head-to-head
round 45: bot 79 (team B) died: lost a head-to-head
round 45: bot 78 (team B) died: lost a head-to-head
round 46: bot 69 (team B) died: hit another dragon
round 48: bot 74 (team B) died: lost a head-to-head
round 48: bot 7 (team B) died: lost a head-to-head
round 48: bot 48 (team A) died: hit a wall
round 48: bot 85 (team A) died: lost a head-to-head
round 48: bot 94 (team A) died: lost a head-to-head
round 49: bot 54 (team B) died: hit another dragon
round 49: bot 70 (team B) died: hit another dragon
round 49: bot 73 (team B) died: lost a head-to-head
round 49: bot 76 (team B) died: lost a head-to-head
round 49: bot 98 (team A) died: hit itself
running round 51/500 --  last: 328ms  eta: 36.7s  dragons: 6 vs 16
round 51: bot 99 (team B) died: hit another dragon
round 53: bot 84 (team B) died: hit itself
round 54: bot 87 (team B) died: hit itself
round 54: bot 40 (team B) died: lost a head-to-head
round 54: bot 90 (team B) died: lost a head-to-head
round 54: bot 95 (team A) died: hit itself
round 54: bot 103 (team B) died: lost a head-to-head
round 54: bot 100 (team B) died: lost a head-to-head
round 54: bot 86 (team B) died: lost a head-to-head
round 54: bot 107 (team B) died: lost a head-to-head
round 55: bot 92 (team B) died: hit another dragon
round 56: bot 41 (team A) died: hit a wall
round 56: bot 96 (team B) died: hit another dragon
round 56: bot 102 (team A) died: hit itself
round 56: bot 105 (team A) died: hit another dragon
round 58: bot 88 (team B) died: lost a head-to-head
round 58: bot 106 (team B) died: lost a head-to-head
round 59: bot 111 (team B) died: hit itself
round 59: bot 121 (team A) died: hit another dragon
round 60: bot 3 (team B) died: hit a wall
round 61: bot 104 (team B) died: hit itself
round 61: bot 115 (team B) died: hit another dragon
round 61: bot 72 (team A) died: lost a head-to-head
round 61: bot 117 (team B) died: lost a head-to-head
round 62: bot 124 (team B) died: hit another dragon
round 62: bot 97 (team B) died: lost a head-to-head
round 62: bot 129 (team B) died: lost a head-to-head
round 63: bot 109 (team B) died: hit another dragon
round 63: bot 131 (team B) died: hit itself
round 64: bot 119 (team B) died: hit another dragon
round 65: bot 134 (team A) died: lost a head-to-head
round 65: bot 89 (team B) died: lost a head-to-head
round 65: bot 91 (team B) died: hit a wall
round 66: bot 122 (team A) died: lost a head-to-head
round 66: bot 63 (team B) died: lost a head-to-head
round 66: bot 139 (team B) died: hit itself
round 67: bot 93 (team A) died: hit a wall
round 68: bot 130 (team B) died: lost a head-to-head
round 68: bot 112 (team B) died: lost a head-to-head
round 68: bot 53 (team B) died: lost a head-to-head
round 68: bot 143 (team B) died: lost a head-to-head
round 69: bot 116 (team B) died: hit a wall
round 69: bot 120 (team B) died: hit itself
round 70: bot 62 (team A) died: hit another dragon
round 70: bot 118 (team B) died: lost a head-to-head
round 70: bot 146 (team B) died: lost a head-to-head
round 70: bot 147 (team A) died: hit another dragon
round 71: bot 101 (team B) died: hit another dragon
round 72: bot 113 (team B) died: lost a head-to-head
round 72: bot 133 (team A) died: lost a head-to-head
round 72: bot 149 (team B) died: hit a wall
round 73: bot 128 (team B) died: lost a head-to-head
round 73: bot 152 (team A) died: lost a head-to-head
round 73: bot 153 (team B) died: hit another dragon
round 75: bot 125 (team B) died: lost a head-to-head
round 75: bot 114 (team B) died: lost a head-to-head
round 75: bot 158 (team B) died: lost a head-to-head
round 75: bot 151 (team B) died: lost a head-to-head
round 75: bot 126 (team A) died: lost a head-to-head
round 75: bot 156 (team A) died: lost a head-to-head
round 78: bot 140 (team B) died: lost a head-to-head
round 78: bot 159 (team B) died: lost a head-to-head
round 78: bot 141 (team B) died: lost a head-to-head
round 78: bot 163 (team B) died: lost a head-to-head
round 79: bot 108 (team B) died: lost a head-to-head
round 79: bot 144 (team B) died: lost a head-to-head
round 80: bot 155 (team B) died: hit another dragon
round 81: bot 132 (team A) died: lost a head-to-head
round 81: bot 138 (team A) died: lost a head-to-head
round 83: bot 123 (team A) died: hit another dragon
round 84: bot 174 (team A) died: hit another dragon
round 84: bot 175 (team B) died: hit a wall
round 86: bot 161 (team B) died: hit itself
round 87: bot 160 (team A) died: lost a head-to-head
round 87: bot 167 (team A) died: lost a head-to-head
round 87: bot 176 (team A) died: hit itself
round 87: bot 145 (team A) died: lost a head-to-head
round 87: bot 181 (team B) died: lost a head-to-head
round 88: bot 177 (team B) died: hit another dragon
round 88: bot 39 (team B) died: lost a head-to-head
round 88: bot 179 (team B) died: lost a head-to-head
round 90: bot 171 (team A) died: lost a head-to-head
round 90: bot 75 (team A) died: lost a head-to-head
round 91: bot 148 (team B) died: lost a head-to-head
round 91: bot 165 (team B) died: lost a head-to-head
round 91: bot 166 (team B) died: hit itself
round 92: bot 172 (team A) died: lost a head-to-head
round 92: bot 168 (team A) died: lost a head-to-head
round 92: bot 190 (team B) died: hit another dragon
round 94: bot 135 (team B) died: hit a wall
round 94: bot 186 (team A) died: hit itself
round 95: bot 110 (team A) died: hit itself
round 95: bot 194 (team A) died: hit itself
round 95: bot 195 (team B) died: hit itself
round 96: bot 137 (team B) died: lost a head-to-head
round 96: bot 169 (team B) died: lost a head-to-head
round 96: bot 193 (team B) died: hit itself
round 97: bot 60 (team B) died: hit a wall
round 97: bot 200 (team B) died: lost a head-to-head
round 97: bot 188 (team B) died: lost a head-to-head
round 98: bot 196 (team A) died: hit itself
round 99: bot 170 (team B) died: hit another dragon
running round 101/500 --  last: 70ms  eta: 43.9s  dragons: 4 vs 21
round 100: bot 201 (team B) died: hit itself
round 101: bot 202 (team B) died: hit another dragon
round 102: bot 199 (team B) died: lost a head-to-head
round 102: bot 136 (team B) died: lost a head-to-head
round 102: bot 184 (team A) died: hit another dragon
round 102: bot 154 (team B) died: lost a head-to-head
round 102: bot 197 (team B) died: lost a head-to-head
round 103: bot 189 (team B) died: hit another dragon
round 104: bot 182 (team B) died: lost a head-to-head
round 104: bot 150 (team B) died: lost a head-to-head
round 104: bot 162 (team B) died: hit itself
round 104: bot 208 (team B) died: lost a head-to-head
round 104: bot 198 (team B) died: lost a head-to-head
round 104: bot 178 (team A) died: lost a head-to-head
round 104: bot 212 (team B) died: lost a head-to-head
round 104: bot 216 (team B) died: hit another dragon
round 106: bot 207 (team B) died: hit another dragon
round 107: bot 206 (team A) died: lost a head-to-head
round 107: bot 180 (team B) died: lost a head-to-head
round 107: bot 218 (team B) died: hit itself
round 108: bot 214 (team A) died: lost a head-to-head
round 108: bot 205 (team A) died: lost a head-to-head
round 108: bot 173 (team A) died: lost a head-to-head
round 108: bot 217 (team B) died: lost a head-to-head
round 110: bot 209 (team B) died: lost a head-to-head
round 110: bot 228 (team B) died: lost a head-to-head
round 110: bot 229 (team B) died: hit another dragon
round 111: bot 222 (team B) died: lost a head-to-head
round 111: bot 164 (team A) died: lost a head-to-head
round 112: bot 187 (team B) died: hit another dragon
round 113: bot 230 (team B) died: hit another dragon
round 113: bot 233 (team B) died: hit itself
round 114: bot 220 (team B) died: hit another dragon
round 115: bot 211 (team B) died: lost a head-to-head
round 115: bot 236 (team A) died: lost a head-to-head
round 117: bot 235 (team B) died: lost a head-to-head
round 117: bot 232 (team B) died: lost a head-to-head
round 118: bot 127 (team B) died: hit a wall
round 118: bot 192 (team B) died: lost a head-to-head
round 118: bot 237 (team B) died: lost a head-to-head
round 120: bot 185 (team B) died: hit a wall
round 121: bot 215 (team B) died: lost a head-to-head
round 121: bot 219 (team B) died: lost a head-to-head
round 122: bot 227 (team A) died: hit itself
round 123: bot 191 (team B) died: hit another dragon
round 123: bot 203 (team B) died: hit a wall
round 123: bot 234 (team B) died: hit another dragon
round 124: bot 247 (team B) died: lost a head-to-head
round 124: bot 240 (team B) died: lost a head-to-head
round 124: bot 252 (team B) died: hit itself
round 125: bot 251 (team B) died: hit itself
round 126: bot 246 (team B) died: hit another dragon
round 127: bot 239 (team B) died: hit itself
round 128: bot 260 (team B) died: hit another dragon
round 129: bot 225 (team B) died: hit another dragon
round 129: bot 249 (team A) died: hit itself
round 131: bot 213 (team A) died: hit another dragon
round 131: bot 266 (team B) died: hit itself
round 132: bot 183 (team B) died: hit another dragon
round 132: bot 261 (team B) died: hit a wall
round 133: bot 257 (team B) died: lost a head-to-head
round 133: bot 268 (team A) died: lost a head-to-head
round 133: bot 210 (team B) died: lost a head-to-head
round 133: bot 270 (team B) died: lost a head-to-head
round 134: bot 223 (team B) died: hit itself
round 135: bot 224 (team B) died: hit a wall
round 135: bot 157 (team B) died: lost a head-to-head
round 135: bot 258 (team A) died: lost a head-to-head
round 136: bot 142 (team B) died: hit another dragon
round 136: bot 264 (team A) died: hit another dragon
round 136: bot 265 (team B) died: hit another dragon
round 137: bot 250 (team B) died: hit another dragon
round 138: bot 254 (team B) died: lost a head-to-head
round 138: bot 243 (team A) died: lost a head-to-head
round 139: bot 263 (team B) died: hit another dragon
round 139: bot 278 (team A) died: hit another dragon
round 139: bot 282 (team B) died: hit another dragon
round 140: bot 226 (team A) died: lost a head-to-head
round 140: bot 279 (team B) died: lost a head-to-head
round 141: bot 273 (team A) died: hit another dragon
round 142: bot 255 (team B) died: lost a head-to-head
round 142: bot 231 (team B) died: lost a head-to-head
round 142: bot 256 (team B) died: hit another dragon
round 142: bot 286 (team B) died: hit another dragon
round 144: bot 242 (team A) died: hit another dragon
round 144: bot 292 (team B) died: hit another dragon
round 145: bot 241 (team B) died: hit itself
round 145: bot 259 (team B) died: hit another dragon
round 145: bot 276 (team B) died: hit a wall
round 146: bot 221 (team B) died: hit another dragon
round 146: bot 284 (team B) died: hit a wall
round 147: bot 269 (team B) died: lost a head-to-head
round 147: bot 244 (team B) died: lost a head-to-head
round 147: bot 267 (team B) died: hit a wall
round 147: bot 272 (team B) died: hit itself
round 147: bot 297 (team B) died: lost a head-to-head
round 147: bot 288 (team B) died: lost a head-to-head
round 147: bot 285 (team B) died: lost a head-to-head
round 147: bot 298 (team B) died: lost a head-to-head
round 149: bot 283 (team B) died: hit itself
running round 151/500 --  last: 48ms  eta: 47.1s  dragons: 4 vs 22
round 150: bot 204 (team B) died: hit another dragon
round 150: bot 281 (team B) died: hit another dragon
round 150: bot 262 (team A) died: lost a head-to-head
round 150: bot 306 (team B) died: lost a head-to-head
round 151: bot 277 (team B) died: lost a head-to-head
round 151: bot 271 (team B) died: lost a head-to-head
round 151: bot 307 (team B) died: hit another dragon
round 152: bot 295 (team B) died: hit itself
round 152: bot 302 (team A) died: hit another dragon
round 153: bot 313 (team B) died: hit itself
round 154: bot 303 (team B) died: hit itself
round 154: bot 275 (team B) died: lost a head-to-head
round 154: bot 311 (team B) died: lost a head-to-head
round 155: bot 238 (team B) died: lost a head-to-head
round 155: bot 316 (team B) died: lost a head-to-head
round 156: bot 300 (team B) died: hit itself
round 156: bot 320 (team B) died: hit another dragon
round 157: bot 310 (team B) died: lost a head-to-head
round 157: bot 245 (team B) died: lost a head-to-head
round 157: bot 312 (team B) died: lost a head-to-head
round 157: bot 317 (team B) died: lost a head-to-head
round 157: bot 322 (team B) died: hit another dragon
round 157: bot 324 (team B) died: hit a wall
round 159: bot 289 (team B) died: hit itself
round 159: bot 319 (team B) died: hit itself
round 160: bot 315 (team B) died: lost a head-to-head
round 160: bot 331 (team B) died: lost a head-to-head
round 160: bot 332 (team B) died: hit itself
round 161: bot 325 (team B) died: hit another dragon
round 161: bot 330 (team B) died: hit another dragon
round 161: bot 334 (team B) died: hit another dragon
round 162: bot 291 (team B) died: lost a head-to-head
round 162: bot 314 (team B) died: lost a head-to-head
round 162: bot 328 (team A) died: hit another dragon
round 162: bot 338 (team B) died: hit itself
round 164: bot 318 (team B) died: hit another dragon
round 164: bot 321 (team A) died: hit another dragon
round 164: bot 340 (team B) died: hit another dragon
round 165: bot 329 (team B) died: lost a head-to-head
round 165: bot 253 (team B) died: lost a head-to-head
round 165: bot 327 (team B) died: lost a head-to-head
round 165: bot 343 (team B) died: lost a head-to-head
round 166: bot 296 (team B) died: hit another dragon
round 166: bot 323 (team B) died: hit itself
round 167: bot 287 (team A) died: hit another dragon
round 167: bot 299 (team B) died: lost a head-to-head
round 167: bot 337 (team B) died: lost a head-to-head
round 168: bot 248 (team B) died: lost a head-to-head
round 168: bot 341 (team B) died: lost a head-to-head
round 168: bot 346 (team B) died: lost a head-to-head
round 168: bot 353 (team A) died: lost a head-to-head
round 169: bot 294 (team B) died: hit another dragon
round 169: bot 348 (team B) died: lost a head-to-head
round 169: bot 301 (team B) died: lost a head-to-head
round 170: bot 356 (team B) died: lost a head-to-head
round 170: bot 342 (team A) died: lost a head-to-head
round 170: bot 280 (team B) died: lost a head-to-head
round 170: bot 352 (team B) died: lost a head-to-head
round 171: bot 344 (team B) died: lost a head-to-head
round 171: bot 304 (team B) died: lost a head-to-head
round 171: bot 364 (team B) died: hit a wall
round 172: bot 350 (team B) died: lost a head-to-head
round 172: bot 357 (team B) died: lost a head-to-head
round 173: bot 290 (team B) died: lost a head-to-head
round 173: bot 345 (team B) died: lost a head-to-head
round 175: bot 308 (team B) died: lost a head-to-head
round 175: bot 349 (team B) died: lost a head-to-head
round 175: bot 339 (team B) died: lost a head-to-head
round 175: bot 361 (team B) died: lost a head-to-head
round 175: bot 368 (team B) died: hit another dragon
round 176: bot 372 (team A) died: lost a head-to-head
round 176: bot 362 (team B) died: lost a head-to-head
round 176: bot 365 (team B) died: hit itself
round 177: bot 375 (team B) died: hit another dragon
round 178: bot 360 (team B) died: lost a head-to-head
round 178: bot 378 (team B) died: lost a head-to-head
round 179: bot 371 (team B) died: lost a head-to-head
round 179: bot 309 (team B) died: lost a head-to-head
round 180: bot 369 (team A) died: hit another dragon
round 180: bot 377 (team B) died: hit a wall
round 181: bot 355 (team B) died: lost a head-to-head
round 181: bot 351 (team B) died: lost a head-to-head
round 182: bot 326 (team B) died: lost a head-to-head
round 182: bot 305 (team B) died: lost a head-to-head
round 183: bot 374 (team B) died: lost a head-to-head
round 183: bot 335 (team B) died: lost a head-to-head
round 184: bot 387 (team B) died: lost a head-to-head
round 184: bot 380 (team B) died: lost a head-to-head
round 185: bot 347 (team B) died: hit itself
round 185: bot 376 (team B) died: hit itself
round 185: bot 386 (team B) died: lost a head-to-head
round 185: bot 382 (team B) died: lost a head-to-head
round 186: bot 336 (team A) died: hit another dragon
round 186: bot 383 (team A) died: hit another dragon
round 186: bot 394 (team B) died: hit itself
round 187: bot 390 (team B) died: hit a wall
round 189: bot 391 (team B) died: hit another dragon
round 189: bot 398 (team B) died: hit itself
round 189: bot 401 (team B) died: hit itself
round 191: bot 400 (team B) died: hit itself
round 193: bot 354 (team B) died: hit another dragon
round 193: bot 293 (team A) died: lost a head-to-head
round 193: bot 397 (team A) died: lost a head-to-head
round 194: bot 370 (team B) died: hit itself
round 194: bot 388 (team B) died: lost a head-to-head
round 194: bot 393 (team B) died: lost a head-to-head
round 194: bot 396 (team B) died: hit another dragon
round 195: bot 366 (team B) died: hit itself
round 195: bot 381 (team B) died: hit itself
round 195: bot 408 (team A) died: lost a head-to-head
round 195: bot 384 (team B) died: lost a head-to-head
round 197: bot 389 (team A) died: hit another dragon
round 197: bot 358 (team B) died: lost a head-to-head
round 197: bot 415 (team B) died: lost a head-to-head
round 197: bot 417 (team B) died: hit another dragon
round 198: bot 414 (team A) died: hit itself
round 199: bot 412 (team B) died: hit itself
running round 201/500 --  last: 60ms  eta: 36.1s  dragons: 6 vs 21
round 200: bot 333 (team B) died: hit itself
round 200: bot 359 (team B) died: hit another dragon
round 200: bot 399 (team B) died: lost a head-to-head
round 200: bot 407 (team B) died: lost a head-to-head
round 201: bot 403 (team B) died: hit another dragon
round 201: bot 413 (team B) died: lost a head-to-head
round 201: bot 421 (team B) died: lost a head-to-head
round 202: bot 395 (team A) died: hit itself
round 202: bot 418 (team A) died: hit itself
round 204: bot 433 (team B) died: lost a head-to-head
round 204: bot 420 (team B) died: lost a head-to-head
round 205: bot 373 (team B) died: hit itself
round 205: bot 437 (team B) died: lost a head-to-head
round 205: bot 416 (team B) died: lost a head-to-head
round 207: bot 367 (team B) died: hit itself
round 207: bot 379 (team A) died: hit itself
round 208: bot 422 (team B) died: lost a head-to-head
round 208: bot 432 (team B) died: lost a head-to-head
round 208: bot 363 (team A) died: lost a head-to-head
round 208: bot 439 (team B) died: lost a head-to-head
round 209: bot 409 (team A) died: hit another dragon
round 209: bot 426 (team B) died: lost a head-to-head
round 209: bot 430 (team A) died: lost a head-to-head
round 210: bot 429 (team B) died: lost a head-to-head
round 210: bot 274 (team B) died: lost a head-to-head
round 210: bot 402 (team B) died: lost a head-to-head
round 210: bot 423 (team B) died: lost a head-to-head
round 210: bot 444 (team B) died: lost a head-to-head
round 210: bot 435 (team A) died: lost a head-to-head
round 210: bot 443 (team A) died: hit itself
round 211: bot 424 (team B) died: lost a head-to-head
round 211: bot 442 (team B) died: lost a head-to-head
round 213: bot 453 (team B) died: lost a head-to-head
round 213: bot 454 (team B) died: lost a head-to-head
round 214: bot 406 (team A) died: hit another dragon
round 214: bot 419 (team B) died: hit a wall
round 215: bot 446 (team B) died: hit itself
round 216: bot 410 (team B) died: lost a head-to-head
round 216: bot 431 (team B) died: lost a head-to-head
round 216: bot 449 (team B) died: lost a head-to-head
round 216: bot 440 (team B) died: lost a head-to-head
round 216: bot 458 (team B) died: lost a head-to-head
round 216: bot 450 (team B) died: lost a head-to-head
round 216: bot 451 (team B) died: hit a wall
round 217: bot 452 (team A) died: hit another dragon
round 219: bot 465 (team B) died: hit itself
round 220: bot 464 (team B) died: hit another dragon
round 222: bot 436 (team B) died: lost a head-to-head
round 222: bot 428 (team B) died: lost a head-to-head
round 222: bot 392 (team B) died: lost a head-to-head
round 222: bot 448 (team B) died: lost a head-to-head
round 223: bot 405 (team B) died: hit another dragon
round 223: bot 469 (team B) died: lost a head-to-head
round 223: bot 459 (team B) died: lost a head-to-head
round 224: bot 385 (team B) died: lost a head-to-head
round 224: bot 474 (team A) died: lost a head-to-head
round 225: bot 463 (team B) died: hit itself
round 226: bot 475 (team B) died: hit itself
round 226: bot 479 (team B) died: lost a head-to-head
round 226: bot 478 (team B) died: lost a head-to-head
round 226: bot 481 (team B) died: hit itself
round 227: bot 480 (team B) died: hit itself
round 228: bot 425 (team A) died: lost a head-to-head
round 228: bot 455 (team B) died: lost a head-to-head
round 228: bot 485 (team B) died: hit another dragon
round 229: bot 447 (team B) died: lost a head-to-head
round 229: bot 468 (team B) died: lost a head-to-head
round 229: bot 471 (team B) died: hit another dragon
round 229: bot 487 (team A) died: lost a head-to-head
round 229: bot 472 (team B) died: lost a head-to-head
round 233: bot 434 (team A) died: hit another dragon
round 233: bot 494 (team B) died: lost a head-to-head
round 233: bot 488 (team B) died: lost a head-to-head
round 233: bot 483 (team B) died: lost a head-to-head
round 233: bot 491 (team B) died: lost a head-to-head
round 234: bot 462 (team B) died: hit itself
round 234: bot 489 (team B) died: hit itself
round 234: bot 495 (team B) died: lost a head-to-head
round 234: bot 490 (team A) died: lost a head-to-head
round 234: bot 498 (team B) died: hit itself
round 236: bot 501 (team B) died: hit another dragon
round 237: bot 484 (team B) died: hit another dragon
round 237: bot 500 (team A) died: hit itself
round 237: bot 473 (team B) died: lost a head-to-head
round 237: bot 503 (team A) died: lost a head-to-head
round 237: bot 505 (team B) died: hit another dragon
round 238: bot 493 (team B) died: hit itself
round 238: bot 506 (team B) died: hit itself
round 239: bot 467 (team B) died: hit another dragon
round 240: bot 441 (team B) died: lost a head-to-head
round 240: bot 445 (team A) died: lost a head-to-head
round 240: bot 497 (team B) died: hit a wall
round 240: bot 512 (team B) died: hit another dragon
round 241: bot 510 (team B) died: hit another dragon
round 242: bot 504 (team B) died: hit another dragon
round 243: bot 509 (team B) died: hit another dragon
round 243: bot 516 (team B) died: hit another dragon
round 244: bot 486 (team A) died: hit itself
round 244: bot 492 (team B) died: hit another dragon
round 244: bot 460 (team A) died: lost a head-to-head
round 244: bot 522 (team A) died: lost a head-to-head
round 245: bot 502 (team A) died: hit itself
round 245: bot 507 (team B) died: hit a wall
round 245: bot 528 (team B) died: hit a wall
round 246: bot 511 (team B) died: lost a head-to-head
round 246: bot 457 (team B) died: lost a head-to-head
round 247: bot 517 (team A) died: lost a head-to-head
round 247: bot 438 (team B) died: lost a head-to-head
round 247: bot 524 (team B) died: hit itself
round 248: bot 518 (team A) died: lost a head-to-head
round 248: bot 514 (team B) died: lost a head-to-head
round 249: bot 523 (team A) died: hit itself
round 249: bot 526 (team B) died: hit another dragon
running round 251/500 --  last: 90ms  eta: 29.1s  dragons: 6 vs 19
round 250: bot 530 (team B) died: hit another dragon
round 251: bot 470 (team B) died: hit another dragon
round 251: bot 477 (team B) died: hit itself
round 251: bot 519 (team B) died: hit itself
round 251: bot 536 (team A) died: hit another dragon
round 253: bot 404 (team B) died: hit another dragon
round 253: bot 540 (team A) died: lost a head-to-head
round 253: bot 527 (team B) died: lost a head-to-head
round 254: bot 537 (team B) died: lost a head-to-head
round 254: bot 531 (team A) died: lost a head-to-head
round 255: bot 521 (team B) died: hit itself
round 255: bot 461 (team A) died: lost a head-to-head
round 255: bot 541 (team B) died: lost a head-to-head
round 256: bot 499 (team B) died: hit another dragon
round 256: bot 515 (team B) died: hit another dragon
round 257: bot 482 (team A) died: lost a head-to-head
round 257: bot 533 (team B) died: lost a head-to-head
round 257: bot 466 (team B) died: lost a head-to-head
round 257: bot 546 (team B) died: lost a head-to-head
round 258: bot 525 (team B) died: hit another dragon
round 258: bot 545 (team A) died: hit another dragon
round 259: bot 555 (team B) died: hit itself
round 260: bot 456 (team B) died: hit a wall
round 260: bot 427 (team B) died: lost a head-to-head
round 260: bot 548 (team B) died: lost a head-to-head
round 261: bot 534 (team B) died: hit another dragon
round 265: bot 544 (team B) died: lost a head-to-head
round 265: bot 496 (team A) died: lost a head-to-head
round 265: bot 508 (team B) died: hit a wall
round 265: bot 561 (team A) died: hit another dragon
round 265: bot 563 (team B) died: hit itself
round 266: bot 520 (team A) died: hit another dragon
round 266: bot 566 (team A) died: hit a wall
round 267: bot 550 (team A) died: lost a head-to-head
round 267: bot 571 (team A) died: lost a head-to-head
round 268: bot 562 (team A) died: hit another dragon
round 268: bot 567 (team B) died: hit itself
round 269: bot 556 (team B) died: lost a head-to-head
round 269: bot 570 (team B) died: lost a head-to-head
round 271: bot 535 (team B) died: hit another dragon
round 271: bot 551 (team B) died: hit a wall
round 271: bot 557 (team B) died: hit another dragon
round 271: bot 564 (team B) died: hit itself
round 271: bot 568 (team B) died: hit itself
round 271: bot 577 (team B) died: hit another dragon
round 271: bot 578 (team B) died: hit itself
round 272: bot 532 (team A) died: hit a wall
round 272: bot 565 (team B) died: hit another dragon
round 272: bot 554 (team B) died: lost a head-to-head
round 272: bot 580 (team B) died: lost a head-to-head
round 273: bot 538 (team B) died: lost a head-to-head
round 273: bot 587 (team B) died: lost a head-to-head
round 274: bot 539 (team B) died: hit another dragon
round 274: bot 543 (team B) died: hit another dragon
round 274: bot 549 (team A) died: hit another dragon
round 274: bot 586 (team B) died: hit itself
round 275: bot 542 (team B) died: hit itself
round 275: bot 513 (team B) died: lost a head-to-head
round 275: bot 582 (team B) died: lost a head-to-head
round 276: bot 581 (team B) died: hit a wall
round 277: bot 476 (team B) died: hit another dragon
round 278: bot 529 (team B) died: hit itself
round 278: bot 547 (team B) died: hit another dragon
round 278: bot 553 (team B) died: hit itself
round 278: bot 585 (team B) died: hit another dragon
round 279: bot 559 (team A) died: hit itself
round 279: bot 574 (team B) died: lost a head-to-head
round 279: bot 576 (team A) died: lost a head-to-head
round 279: bot 579 (team B) died: hit itself
team B wins after 280 rounds (by elimination) (33.4s)
wrote replay: C:\Users\ACER\OneDrive\Desktop\UNSW Battlecode\UNSWBC-\battlecode_data\training_loop\map-campaign-573-20260921\round1\before\mybot\arena-B.replay
