loaded c/c++ vs c/c++
running round 2/500 --  last: 236ms  eta: 1m57s  dragons: 1 vs 1
round 13: bot 5 (team A) died: hit another dragon
round 17: bot 11 (team A) died: hit another dragon
round 19: bot 13 (team B) died: lost a head-to-head
round 19: bot 16 (team A) died: lost a head-to-head
round 20: bot 14 (team A) died: hit another dragon
round 21: bot 10 (team B) died: hit itself
round 21: bot 21 (team A) died: hit another dragon
round 22: bot 17 (team A) died: hit itself
round 22: bot 18 (team A) died: lost a head-to-head
round 22: bot 23 (team A) died: lost a head-to-head
round 24: bot 7 (team A) died: hit itself
round 24: bot 15 (team B) died: hit another dragon
round 24: bot 26 (team B) died: hit itself
round 25: bot 25 (team A) died: hit another dragon
round 25: bot 31 (team A) died: lost a head-to-head
round 25: bot 33 (team A) died: lost a head-to-head
round 27: bot 32 (team A) died: lost a head-to-head
round 27: bot 9 (team A) died: lost a head-to-head
round 27: bot 40 (team A) died: hit itself
round 28: bot 41 (team A) died: lost a head-to-head
round 28: bot 43 (team A) died: lost a head-to-head
round 29: bot 2 (team A) died: hit another dragon
round 29: bot 3 (team B) died: lost a head-to-head
round 29: bot 48 (team B) died: lost a head-to-head
round 30: bot 47 (team B) died: lost a head-to-head
round 30: bot 45 (team B) died: lost a head-to-head
round 31: bot 28 (team A) died: hit itself
round 33: bot 35 (team A) died: lost a head-to-head
round 33: bot 0 (team A) died: lost a head-to-head
round 33: bot 12 (team A) died: hit another dragon
round 34: bot 20 (team B) died: hit itself
round 34: bot 54 (team B) died: hit another dragon
round 35: bot 57 (team A) died: lost a head-to-head
round 35: bot 50 (team A) died: lost a head-to-head
round 35: bot 59 (team A) died: hit another dragon
round 36: bot 27 (team A) died: hit another dragon
round 36: bot 51 (team A) died: hit another dragon
round 37: bot 49 (team A) died: hit itself
round 37: bot 64 (team B) died: hit itself
round 38: bot 1 (team B) died: lost a head-to-head
round 38: bot 36 (team B) died: lost a head-to-head
round 38: bot 37 (team A) died: hit another dragon
round 38: bot 62 (team B) died: hit another dragon
round 39: bot 66 (team A) died: lost a head-to-head
round 39: bot 67 (team A) died: lost a head-to-head
round 39: bot 39 (team B) died: lost a head-to-head
round 39: bot 68 (team B) died: lost a head-to-head
round 40: bot 52 (team B) died: lost a head-to-head
round 40: bot 42 (team A) died: lost a head-to-head
round 41: bot 29 (team B) died: lost a head-to-head
round 41: bot 72 (team B) died: lost a head-to-head
round 42: bot 44 (team A) died: lost a head-to-head
round 42: bot 34 (team B) died: lost a head-to-head
round 42: bot 75 (team A) died: hit a wall
round 43: bot 22 (team A) died: hit another dragon
round 43: bot 70 (team A) died: hit another dragon
round 43: bot 74 (team B) died: hit another dragon
round 44: bot 86 (team A) died: lost a head-to-head
round 44: bot 85 (team B) died: lost a head-to-head
round 45: bot 24 (team A) died: hit another dragon
round 45: bot 73 (team B) died: hit itself
round 45: bot 78 (team A) died: hit itself
round 45: bot 80 (team A) died: hit itself
round 46: bot 56 (team B) died: hit another dragon
round 46: bot 69 (team A) died: hit itself
round 47: bot 92 (team A) died: lost a head-to-head
round 47: bot 79 (team A) died: lost a head-to-head
round 48: bot 46 (team A) died: lost a head-to-head
round 48: bot 63 (team B) died: lost a head-to-head
round 48: bot 94 (team A) died: hit itself
round 49: bot 76 (team A) died: hit a wall
round 49: bot 83 (team B) died: hit itself
running round 51/500 --  last: 118ms  eta: 29.2s  dragons: 17 vs 8
round 50: bot 8 (team A) died: hit another dragon
round 50: bot 99 (team A) died: hit itself
round 51: bot 82 (team A) died: lost a head-to-head
round 51: bot 100 (team A) died: lost a head-to-head
round 52: bot 6 (team B) died: lost a head-to-head
round 52: bot 101 (team B) died: lost a head-to-head
round 52: bot 103 (team A) died: hit itself
round 53: bot 104 (team A) died: hit itself
round 54: bot 106 (team A) died: lost a head-to-head
round 54: bot 87 (team B) died: lost a head-to-head
round 54: bot 93 (team B) died: hit another dragon
round 55: bot 89 (team B) died: hit another dragon
round 55: bot 96 (team A) died: hit another dragon
round 57: bot 90 (team A) died: hit another dragon
round 57: bot 77 (team B) died: lost a head-to-head
round 57: bot 113 (team A) died: lost a head-to-head
round 57: bot 71 (team A) died: lost a head-to-head
round 57: bot 114 (team A) died: lost a head-to-head
round 58: bot 95 (team A) died: hit a wall
round 58: bot 109 (team B) died: hit another dragon
round 59: bot 58 (team A) died: hit itself
round 60: bot 4 (team A) died: hit itself
round 60: bot 108 (team B) died: hit itself
round 60: bot 55 (team B) died: lost a head-to-head
round 60: bot 120 (team A) died: lost a head-to-head
round 61: bot 97 (team A) died: hit another dragon
round 63: bot 61 (team B) died: lost a head-to-head
round 63: bot 110 (team A) died: lost a head-to-head
round 63: bot 102 (team A) died: lost a head-to-head
round 63: bot 121 (team A) died: lost a head-to-head
round 64: bot 122 (team A) died: hit itself
round 65: bot 126 (team A) died: hit another dragon
round 66: bot 30 (team B) died: hit another dragon
round 66: bot 91 (team A) died: hit another dragon
round 67: bot 111 (team A) died: lost a head-to-head
round 67: bot 124 (team B) died: lost a head-to-head
round 68: bot 132 (team B) died: lost a head-to-head
round 68: bot 107 (team B) died: lost a head-to-head
round 68: bot 134 (team A) died: lost a head-to-head
round 68: bot 119 (team A) died: lost a head-to-head
round 69: bot 53 (team A) died: lost a head-to-head
round 69: bot 135 (team A) died: lost a head-to-head
round 70: bot 81 (team A) died: hit another dragon
round 70: bot 129 (team A) died: lost a head-to-head
round 70: bot 137 (team A) died: lost a head-to-head
round 72: bot 139 (team A) died: hit itself
round 73: bot 112 (team A) died: hit another dragon
round 73: bot 136 (team B) died: hit another dragon
round 74: bot 125 (team A) died: lost a head-to-head
round 74: bot 60 (team A) died: lost a head-to-head
round 74: bot 118 (team A) died: hit itself
round 74: bot 131 (team A) died: hit another dragon
round 74: bot 141 (team A) died: lost a head-to-head
round 74: bot 142 (team A) died: lost a head-to-head
round 75: bot 148 (team A) died: lost a head-to-head
round 75: bot 65 (team A) died: lost a head-to-head
round 76: bot 127 (team B) died: lost a head-to-head
round 76: bot 117 (team B) died: lost a head-to-head
round 77: bot 38 (team A) died: hit another dragon
round 77: bot 150 (team B) died: lost a head-to-head
round 77: bot 133 (team A) died: lost a head-to-head
round 78: bot 88 (team A) died: lost a head-to-head
round 78: bot 115 (team A) died: lost a head-to-head
round 78: bot 157 (team A) died: hit another dragon
round 79: bot 128 (team A) died: hit itself
round 79: bot 140 (team B) died: lost a head-to-head
round 79: bot 145 (team A) died: lost a head-to-head
round 80: bot 143 (team A) died: hit another dragon
round 80: bot 155 (team A) died: hit itself
round 80: bot 163 (team A) died: hit another dragon
round 82: bot 149 (team A) died: lost a head-to-head
round 82: bot 123 (team B) died: lost a head-to-head
round 82: bot 116 (team A) died: lost a head-to-head
round 82: bot 151 (team A) died: lost a head-to-head
round 83: bot 144 (team A) died: hit another dragon
round 84: bot 167 (team A) died: lost a head-to-head
round 84: bot 146 (team A) died: lost a head-to-head
round 85: bot 166 (team A) died: hit another dragon
round 85: bot 98 (team A) died: lost a head-to-head
round 85: bot 168 (team A) died: lost a head-to-head
round 85: bot 176 (team B) died: hit a wall
round 85: bot 177 (team A) died: hit a wall
round 85: bot 178 (team A) died: hit a wall
round 86: bot 173 (team A) died: hit another dragon
round 87: bot 154 (team A) died: hit a wall
round 88: bot 183 (team A) died: lost a head-to-head
round 88: bot 175 (team A) died: lost a head-to-head
round 90: bot 152 (team A) died: hit itself
round 91: bot 84 (team A) died: hit itself
round 91: bot 159 (team B) died: hit itself
team A wins after 92 rounds (by elimination) (7.5s)
wrote replay: C:\Users\ACER\OneDrive\Desktop\UNSW Battlecode\UNSWBC-\battlecode_data\training_loop\map-campaign-573-20260921\round1\before\mybot\arena-A.replay
