loaded c/c++ vs c/c++
running round 2/500 --  last: 162ms  eta: 1m20s  dragons: 6 vs 3
running round 51/500 --  last: 60ms  eta: 16.1s  dragons: 23 vs 3
round 79: bot 6 (team A) died: lost a head-to-head
round 79: bot 21 (team A) died: lost a head-to-head
round 87: bot 20 (team A) died: lost a head-to-head
round 87: bot 18 (team A) died: lost a head-to-head
round 90: bot 9 (team A) died: hit itself
round 92: bot 26 (team A) died: lost a head-to-head
round 92: bot 70 (team A) died: lost a head-to-head
round 98: bot 17 (team A) died: lost a head-to-head
round 98: bot 19 (team A) died: lost a head-to-head
running round 101/500 --  last: 96ms  eta: 1m22s  dragons: 64 vs 3
round 100: bot 24 (team A) died: hit itself
round 101: bot 41 (team A) died: lost a head-to-head
round 101: bot 11 (team A) died: lost a head-to-head
round 102: bot 4 (team A) died: lost a head-to-head
round 102: bot 8 (team A) died: lost a head-to-head
round 105: bot 79 (team A) died: lost a head-to-head
round 105: bot 27 (team A) died: lost a head-to-head
round 107: bot 13 (team A) died: hit another dragon
round 109: bot 12 (team A) died: hit another dragon
round 110: bot 33 (team A) died: lost a head-to-head
round 110: bot 16 (team A) died: lost a head-to-head
round 112: bot 30 (team A) died: lost a head-to-head
round 112: bot 81 (team A) died: lost a head-to-head
round 115: bot 42 (team A) died: lost a head-to-head
round 115: bot 29 (team A) died: lost a head-to-head
round 117: bot 62 (team A) died: hit another dragon
round 119: bot 52 (team A) died: hit itself
round 122: bot 10 (team A) died: lost a head-to-head
round 122: bot 0 (team A) died: lost a head-to-head
round 123: bot 47 (team A) died: hit itself
round 124: bot 76 (team A) died: hit another dragon
round 130: bot 35 (team A) died: hit another dragon
round 132: bot 78 (team A) died: hit another dragon
round 134: bot 77 (team A) died: lost a head-to-head
round 134: bot 39 (team A) died: lost a head-to-head
round 138: bot 36 (team A) died: hit another dragon
round 138: bot 51 (team A) died: hit itself
round 140: bot 82 (team A) died: hit another dragon
round 141: bot 95 (team A) died: hit another dragon
round 142: bot 38 (team A) died: hit itself
round 143: bot 34 (team A) died: lost a head-to-head
round 143: bot 69 (team A) died: lost a head-to-head
round 144: bot 89 (team A) died: hit itself
round 146: bot 87 (team A) died: hit another dragon
round 147: bot 37 (team A) died: hit another dragon
round 148: bot 65 (team A) died: lost a head-to-head
round 148: bot 48 (team A) died: lost a head-to-head
round 148: bot 96 (team A) died: hit itself
round 149: bot 22 (team A) died: hit itself
running round 151/500 --  last: 94ms  eta: 1m03s  dragons: 64 vs 3
round 150: bot 61 (team A) died: hit itself
round 151: bot 49 (team A) died: lost a head-to-head
round 151: bot 68 (team A) died: lost a head-to-head
round 151: bot 101 (team A) died: hit itself
round 154: bot 55 (team A) died: hit itself
round 155: bot 54 (team A) died: hit itself
round 155: bot 84 (team A) died: hit itself
round 159: bot 59 (team A) died: hit another dragon
round 159: bot 7 (team A) died: lost a head-to-head
round 159: bot 88 (team A) died: lost a head-to-head
round 159: bot 122 (team A) died: lost a head-to-head
round 159: bot 120 (team A) died: lost a head-to-head
round 160: bot 107 (team A) died: hit itself
round 161: bot 119 (team A) died: hit another dragon
round 163: bot 103 (team A) died: hit another dragon
round 168: bot 80 (team A) died: hit another dragon
round 170: bot 105 (team A) died: hit another dragon
round 171: bot 1 (team B) died: hit itself
round 179: bot 14 (team A) died: hit another dragon
round 179: bot 28 (team A) died: hit another dragon
round 184: bot 127 (team A) died: hit itself
round 184: bot 134 (team A) died: hit itself
round 188: bot 126 (team A) died: hit another dragon
round 189: bot 63 (team A) died: hit itself
round 189: bot 72 (team A) died: hit itself
round 189: bot 117 (team A) died: hit itself
round 192: bot 50 (team A) died: hit itself
round 196: bot 128 (team A) died: hit another dragon
round 198: bot 56 (team A) died: hit another dragon
round 198: bot 133 (team A) died: hit another dragon
running round 201/500 --  last: 84ms  eta: 49.1s  dragons: 64 vs 3
round 201: bot 142 (team A) died: hit itself
round 204: bot 71 (team A) died: hit itself
round 205: bot 145 (team A) died: hit itself
round 209: bot 90 (team A) died: lost a head-to-head
round 209: bot 46 (team A) died: lost a head-to-head
round 211: bot 112 (team A) died: hit itself
round 213: bot 74 (team A) died: hit itself
round 214: bot 44 (team A) died: hit itself
round 214: bot 106 (team A) died: hit itself
round 214: bot 140 (team A) died: hit another dragon
round 215: bot 121 (team A) died: hit itself
round 216: bot 92 (team A) died: hit itself
round 216: bot 129 (team A) died: hit itself
round 219: bot 118 (team A) died: hit another dragon
round 220: bot 2 (team A) died: hit itself
round 222: bot 32 (team A) died: hit another dragon
round 222: bot 67 (team A) died: hit another dragon
round 223: bot 73 (team A) died: hit another dragon
round 224: bot 58 (team A) died: hit another dragon
round 226: bot 114 (team A) died: hit itself
round 226: bot 155 (team A) died: hit another dragon
round 227: bot 109 (team A) died: hit another dragon
round 227: bot 147 (team A) died: hit itself
round 229: bot 161 (team A) died: hit another dragon
round 230: bot 135 (team A) died: hit another dragon
round 230: bot 139 (team A) died: hit another dragon
round 231: bot 115 (team A) died: hit another dragon
round 232: bot 64 (team A) died: hit another dragon
round 233: bot 150 (team A) died: lost a head-to-head
round 233: bot 108 (team A) died: lost a head-to-head
round 234: bot 94 (team A) died: hit another dragon
round 235: bot 116 (team A) died: hit itself
round 236: bot 40 (team A) died: hit itself
round 238: bot 137 (team A) died: hit itself
round 238: bot 164 (team A) died: hit another dragon
round 241: bot 15 (team A) died: hit itself
round 243: bot 153 (team A) died: hit itself
round 245: bot 110 (team A) died: hit another dragon
round 246: bot 113 (team A) died: hit itself
round 247: bot 138 (team A) died: lost a head-to-head
round 247: bot 60 (team A) died: lost a head-to-head
round 247: bot 85 (team A) died: hit itself
round 247: bot 111 (team A) died: hit itself
running round 251/500 --  last: 287ms  eta: 46.8s  dragons: 64 vs 3
round 251: bot 43 (team A) died: hit itself
round 251: bot 160 (team A) died: hit another dragon
round 251: bot 181 (team A) died: hit another dragon
round 255: bot 190 (team A) died: hit another dragon
round 257: bot 166 (team A) died: hit itself
round 258: bot 136 (team A) died: hit another dragon
round 264: bot 171 (team A) died: hit another dragon
round 264: bot 187 (team A) died: hit another dragon
round 265: bot 45 (team A) died: hit another dragon
round 265: bot 168 (team A) died: hit itself
round 266: bot 57 (team A) died: hit itself
round 266: bot 86 (team A) died: hit itself
round 266: bot 169 (team A) died: hit another dragon
round 266: bot 143 (team A) died: lost a head-to-head
round 266: bot 182 (team A) died: lost a head-to-head
round 267: bot 179 (team A) died: hit itself
round 268: bot 131 (team A) died: hit itself
round 269: bot 146 (team A) died: hit another dragon
round 272: bot 93 (team A) died: hit itself
round 272: bot 159 (team A) died: hit another dragon
round 272: bot 174 (team A) died: hit itself
round 272: bot 83 (team A) died: lost a head-to-head
round 272: bot 193 (team A) died: lost a head-to-head
round 273: bot 189 (team A) died: hit another dragon
round 274: bot 183 (team A) died: hit itself
round 275: bot 194 (team A) died: hit itself
round 276: bot 98 (team A) died: hit another dragon
round 279: bot 125 (team A) died: hit itself
round 280: bot 201 (team A) died: hit another dragon
round 284: bot 152 (team A) died: hit another dragon
round 287: bot 157 (team A) died: hit another dragon
round 288: bot 178 (team A) died: hit itself
round 289: bot 102 (team A) died: hit another dragon
round 290: bot 170 (team A) died: hit itself
round 295: bot 177 (team A) died: hit another dragon
running round 301/500 --  last: 114ms  eta: 37.0s  dragons: 64 vs 5
round 300: bot 5 (team B) died: hit another dragon
round 302: bot 165 (team A) died: hit itself
round 309: bot 75 (team A) died: hit itself
round 314: bot 173 (team A) died: hit itself
round 315: bot 104 (team A) died: hit itself
round 315: bot 158 (team A) died: hit itself
round 315: bot 223 (team A) died: hit another dragon
round 317: bot 23 (team A) died: hit itself
round 317: bot 180 (team A) died: hit another dragon
round 318: bot 31 (team A) died: hit itself
round 318: bot 144 (team A) died: hit another dragon
round 318: bot 197 (team A) died: hit itself
round 318: bot 203 (team A) died: hit itself
round 319: bot 219 (team A) died: hit another dragon
round 321: bot 215 (team A) died: hit another dragon
round 322: bot 232 (team A) died: hit another dragon
round 324: bot 186 (team A) died: hit itself
round 325: bot 25 (team A) died: hit another dragon
round 325: bot 212 (team A) died: hit itself
round 328: bot 91 (team A) died: hit itself
round 330: bot 124 (team A) died: hit itself
round 337: bot 123 (team A) died: hit itself
round 337: bot 233 (team A) died: lost a head-to-head
round 337: bot 163 (team A) died: lost a head-to-head
round 338: bot 195 (team A) died: hit another dragon
round 338: bot 235 (team A) died: hit itself
round 339: bot 198 (team A) died: lost a head-to-head
round 339: bot 239 (team A) died: lost a head-to-head
round 340: bot 228 (team A) died: hit another dragon
round 345: bot 188 (team A) died: hit another dragon
round 346: bot 191 (team A) died: hit itself
round 347: bot 185 (team A) died: hit itself
running round 351/500 --  last: 148ms  eta: 34.4s  dragons: 64 vs 4
round 351: bot 100 (team A) died: hit itself
round 351: bot 216 (team A) died: hit itself
round 357: bot 213 (team A) died: hit another dragon
round 358: bot 99 (team A) died: hit itself
round 358: bot 199 (team A) died: hit itself
round 359: bot 206 (team A) died: hit itself
round 360: bot 156 (team A) died: hit another dragon
round 362: bot 211 (team A) died: hit another dragon
round 363: bot 151 (team A) died: hit itself
round 363: bot 229 (team A) died: hit itself
round 364: bot 200 (team A) died: hit another dragon
round 364: bot 230 (team A) died: hit itself
round 367: bot 245 (team A) died: hit another dragon
round 368: bot 222 (team A) died: hit itself
round 370: bot 249 (team A) died: hit another dragon
round 371: bot 207 (team A) died: hit itself
round 371: bot 243 (team A) died: hit itself
round 372: bot 263 (team A) died: hit another dragon
round 372: bot 273 (team A) died: hit another dragon
round 373: bot 209 (team A) died: hit itself
round 373: bot 247 (team A) died: hit another dragon
round 374: bot 204 (team A) died: hit itself
round 376: bot 205 (team A) died: hit another dragon
round 376: bot 270 (team A) died: hit itself
round 378: bot 244 (team A) died: hit another dragon
round 380: bot 175 (team A) died: hit another dragon
round 380: bot 246 (team A) died: lost a head-to-head
round 380: bot 196 (team A) died: lost a head-to-head
round 380: bot 217 (team A) died: hit another dragon
round 381: bot 221 (team A) died: hit itself
round 382: bot 154 (team A) died: hit another dragon
round 382: bot 238 (team A) died: hit itself
round 383: bot 172 (team A) died: hit itself
round 384: bot 257 (team A) died: hit another dragon
round 388: bot 282 (team A) died: lost a head-to-head
round 388: bot 289 (team A) died: lost a head-to-head
round 391: bot 278 (team A) died: hit another dragon
round 392: bot 208 (team A) died: hit itself
round 392: bot 287 (team A) died: hit another dragon
round 393: bot 184 (team A) died: hit another dragon
round 394: bot 141 (team A) died: hit itself
round 394: bot 255 (team A) died: hit another dragon
round 397: bot 241 (team A) died: hit itself
round 397: bot 234 (team A) died: lost a head-to-head
round 397: bot 285 (team A) died: lost a head-to-head
round 398: bot 291 (team A) died: hit another dragon
running round 401/500 --  last: 85ms  eta: 23.0s  dragons: 64 vs 5
round 402: bot 210 (team A) died: hit itself
round 402: bot 284 (team A) died: hit another dragon
round 404: bot 53 (team A) died: hit itself
round 404: bot 97 (team A) died: hit another dragon
round 404: bot 240 (team A) died: hit another dragon
round 404: bot 302 (team A) died: hit another dragon
round 405: bot 167 (team A) died: hit itself
round 405: bot 305 (team A) died: hit another dragon
round 408: bot 66 (team A) died: hit another dragon
round 411: bot 226 (team A) died: hit another dragon
round 411: bot 268 (team A) died: hit itself
round 412: bot 266 (team A) died: hit another dragon
round 413: bot 237 (team A) died: hit itself
round 414: bot 288 (team A) died: hit another dragon
round 416: bot 248 (team A) died: hit itself
round 416: bot 277 (team A) died: hit another dragon
round 421: bot 299 (team A) died: hit another dragon
round 423: bot 258 (team A) died: hit another dragon
round 423: bot 304 (team A) died: hit another dragon
round 426: bot 267 (team A) died: hit itself
round 428: bot 294 (team A) died: hit itself
round 429: bot 311 (team A) died: lost a head-to-head
round 429: bot 272 (team A) died: lost a head-to-head
round 433: bot 298 (team A) died: hit itself
round 434: bot 310 (team A) died: lost a head-to-head
round 434: bot 252 (team A) died: lost a head-to-head
round 435: bot 254 (team A) died: hit itself
round 435: bot 306 (team A) died: hit itself
round 435: bot 309 (team A) died: hit itself
round 437: bot 242 (team A) died: hit itself
round 437: bot 320 (team A) died: hit another dragon
round 439: bot 296 (team A) died: hit another dragon
round 441: bot 3 (team B) died: hit another dragon
round 442: bot 292 (team A) died: hit another dragon
round 443: bot 220 (team A) died: lost a head-to-head
round 443: bot 308 (team A) died: lost a head-to-head
round 443: bot 328 (team A) died: hit itself
round 444: bot 275 (team A) died: hit another dragon
round 444: bot 276 (team A) died: lost a head-to-head
round 444: bot 337 (team A) died: lost a head-to-head
round 445: bot 283 (team A) died: hit another dragon
round 446: bot 253 (team A) died: hit itself
round 447: bot 149 (team A) died: hit itself
round 448: bot 322 (team A) died: hit another dragon
round 448: bot 344 (team A) died: hit another dragon
round 449: bot 339 (team A) died: lost a head-to-head
round 449: bot 326 (team A) died: lost a head-to-head
running round 451/500 --  last: 227ms  eta: 11.5s  dragons: 64 vs 5
round 451: bot 225 (team A) died: hit itself
round 451: bot 236 (team A) died: hit itself
round 451: bot 316 (team A) died: hit itself
round 451: bot 347 (team A) died: hit itself
round 453: bot 148 (team A) died: hit itself
round 456: bot 259 (team A) died: hit another dragon
round 456: bot 290 (team A) died: hit itself
round 458: bot 192 (team A) died: hit another dragon
round 458: bot 340 (team A) died: hit another dragon
round 459: bot 338 (team A) died: hit another dragon
round 460: bot 130 (team B) died: hit another dragon
round 461: bot 353 (team A) died: hit another dragon
round 462: bot 329 (team A) died: hit another dragon
round 463: bot 314 (team A) died: hit another dragon
round 465: bot 341 (team A) died: hit another dragon
round 466: bot 315 (team A) died: hit itself
round 466: bot 345 (team A) died: hit itself
round 467: bot 342 (team A) died: hit itself
round 469: bot 274 (team A) died: hit another dragon
round 469: bot 281 (team A) died: hit itself
round 471: bot 269 (team A) died: hit itself
round 472: bot 279 (team A) died: hit itself
round 473: bot 364 (team A) died: hit itself
round 474: bot 307 (team A) died: hit itself
round 476: bot 256 (team A) died: hit another dragon
round 476: bot 264 (team A) died: hit another dragon
round 476: bot 286 (team A) died: hit another dragon
round 477: bot 297 (team A) died: hit another dragon
round 478: bot 202 (team A) died: hit itself
round 478: bot 265 (team A) died: hit itself
round 480: bot 321 (team A) died: hit another dragon
round 481: bot 375 (team A) died: hit another dragon
round 483: bot 349 (team A) died: hit another dragon
round 483: bot 381 (team A) died: hit itself
round 485: bot 162 (team A) died: hit itself
round 486: bot 383 (team A) died: hit itself
round 487: bot 250 (team A) died: hit itself
round 487: bot 334 (team A) died: hit another dragon
round 488: bot 319 (team A) died: hit itself
round 490: bot 358 (team A) died: hit another dragon
round 491: bot 132 (team A) died: hit itself
round 492: bot 317 (team A) died: hit another dragon
round 492: bot 351 (team A) died: hit another dragon
round 492: bot 380 (team A) died: hit another dragon
round 493: bot 313 (team A) died: hit another dragon
round 494: bot 392 (team A) died: hit itself
round 495: bot 377 (team A) died: lost a head-to-head
round 495: bot 251 (team A) died: lost a head-to-head
round 495: bot 354 (team A) died: hit itself
round 496: bot 360 (team A) died: hit another dragon
round 499: bot 369 (team A) died: hit itself
team B wins after 500 rounds (on length) (2m01s)
wrote replay: C:\Users\ACER\OneDrive\Desktop\UNSW Battlecode\UNSWBC-\battlecode_data\training_loop\map-campaign-573-20260921\round1\before\mybot\big_empty-B.replay
