loaded c/c++ vs c/c++
running round 2/500 --  last: 59ms  eta: 29.5s  dragons: 2 vs 2
round 36: bot 15 (team A) died: hit itself
round 37: bot 25 (team A) died: hit a wall
round 42: bot 4 (team A) died: lost a head-to-head
round 42: bot 23 (team B) died: lost a head-to-head
round 46: bot 8 (team A) died: hit another dragon
round 49: bot 18 (team B) died: lost a head-to-head
round 49: bot 31 (team B) died: lost a head-to-head
running round 51/500 --  last: 192ms  eta: 15.1s  dragons: 11 vs 15
round 54: bot 24 (team B) died: hit itself
round 55: bot 20 (team A) died: hit another dragon
round 63: bot 37 (team B) died: lost a head-to-head
round 63: bot 3 (team B) died: lost a head-to-head
round 65: bot 17 (team B) died: lost a head-to-head
round 65: bot 38 (team A) died: lost a head-to-head
round 66: bot 13 (team B) died: lost a head-to-head
round 66: bot 39 (team B) died: lost a head-to-head
round 70: bot 11 (team A) died: lost a head-to-head
round 70: bot 27 (team B) died: lost a head-to-head
round 71: bot 14 (team B) died: hit another dragon
round 72: bot 10 (team B) died: hit another dragon
round 73: bot 45 (team B) died: lost a head-to-head
round 73: bot 19 (team B) died: lost a head-to-head
round 73: bot 26 (team B) died: lost a head-to-head
round 73: bot 42 (team A) died: lost a head-to-head
round 74: bot 30 (team B) died: lost a head-to-head
round 74: bot 0 (team A) died: lost a head-to-head
round 76: bot 16 (team A) died: hit itself
round 76: bot 34 (team B) died: lost a head-to-head
round 76: bot 36 (team B) died: lost a head-to-head
round 77: bot 48 (team A) died: hit itself
round 80: bot 47 (team A) died: lost a head-to-head
round 80: bot 2 (team A) died: lost a head-to-head
round 80: bot 41 (team B) died: lost a head-to-head
round 80: bot 35 (team A) died: lost a head-to-head
round 82: bot 40 (team B) died: lost a head-to-head
round 82: bot 57 (team B) died: lost a head-to-head
round 87: bot 74 (team B) ran out of time
round 87: bot 74 (team B) died: no valid action
round 88: bot 9 (team B) died: hit another dragon
round 88: bot 52 (team B) died: lost a head-to-head
round 88: bot 33 (team B) died: lost a head-to-head
round 89: bot 56 (team B) died: lost a head-to-head
round 89: bot 46 (team B) died: lost a head-to-head
round 89: bot 51 (team A) died: lost a head-to-head
round 89: bot 58 (team A) died: lost a head-to-head
round 92: bot 43 (team B) died: hit another dragon
round 92: bot 50 (team B) died: lost a head-to-head
round 92: bot 79 (team B) died: lost a head-to-head
round 93: bot 22 (team A) died: hit a wall
round 93: bot 68 (team B) died: hit itself
round 93: bot 78 (team A) died: hit another dragon
round 94: bot 55 (team B) died: lost a head-to-head
round 94: bot 29 (team B) died: lost a head-to-head
round 96: bot 81 (team B) died: hit another dragon
round 98: bot 60 (team A) died: hit a wall
round 98: bot 70 (team A) died: lost a head-to-head
round 98: bot 87 (team A) died: lost a head-to-head
running round 101/500 --  last: 35ms  eta: 1m07s  dragons: 18 vs 19
round 100: bot 71 (team B) died: hit itself
round 101: bot 82 (team A) died: hit another dragon
round 101: bot 65 (team B) died: lost a head-to-head
round 101: bot 94 (team B) died: lost a head-to-head
round 103: bot 69 (team B) died: lost a head-to-head
round 103: bot 53 (team A) died: lost a head-to-head
round 105: bot 32 (team A) died: hit another dragon
round 106: bot 66 (team A) died: hit itself
round 109: bot 86 (team A) died: hit another dragon
round 110: bot 98 (team A) died: lost a head-to-head
round 110: bot 63 (team B) died: lost a head-to-head
round 110: bot 92 (team A) died: hit a wall
round 110: bot 100 (team A) died: hit itself
round 111: bot 5 (team B) died: hit another dragon
round 114: bot 85 (team A) died: lost a head-to-head
round 114: bot 61 (team B) died: lost a head-to-head
round 115: bot 84 (team A) died: hit itself
round 116: bot 113 (team B) died: lost a head-to-head
round 116: bot 83 (team B) died: lost a head-to-head
round 118: bot 101 (team B) died: lost a head-to-head
round 118: bot 1 (team B) died: lost a head-to-head
round 118: bot 75 (team B) died: hit itself
round 118: bot 116 (team A) died: hit another dragon
round 119: bot 99 (team A) died: lost a head-to-head
round 119: bot 97 (team B) died: lost a head-to-head
round 121: bot 77 (team A) died: hit another dragon
round 123: bot 120 (team B) died: hit itself
round 124: bot 103 (team A) died: hit itself
round 126: bot 112 (team B) died: hit another dragon
round 126: bot 118 (team B) died: hit itself
round 128: bot 76 (team A) died: lost a head-to-head
round 128: bot 117 (team B) died: lost a head-to-head
round 129: bot 126 (team A) died: lost a head-to-head
round 129: bot 122 (team A) died: lost a head-to-head
round 129: bot 49 (team A) died: lost a head-to-head
round 129: bot 127 (team A) died: lost a head-to-head
round 130: bot 80 (team B) died: lost a head-to-head
round 130: bot 125 (team B) died: lost a head-to-head
round 131: bot 108 (team A) died: hit itself
round 132: bot 119 (team A) died: hit another dragon
round 133: bot 54 (team A) died: hit another dragon
round 133: bot 115 (team B) died: hit another dragon
round 134: bot 44 (team B) died: hit itself
round 134: bot 93 (team A) died: hit itself
round 134: bot 124 (team B) died: hit another dragon
round 135: bot 89 (team B) died: hit another dragon
round 135: bot 105 (team A) died: lost a head-to-head
round 135: bot 133 (team B) died: lost a head-to-head
round 138: bot 59 (team B) died: hit another dragon
round 138: bot 132 (team B) died: hit another dragon
round 139: bot 12 (team A) died: hit another dragon
round 140: bot 96 (team A) died: lost a head-to-head
round 140: bot 64 (team B) died: lost a head-to-head
round 140: bot 106 (team A) died: hit a wall
round 142: bot 6 (team A) died: hit another dragon
round 143: bot 95 (team B) died: hit itself
round 144: bot 147 (team B) died: hit another dragon
round 145: bot 154 (team B) died: hit another dragon
round 146: bot 123 (team B) died: lost a head-to-head
round 146: bot 158 (team B) died: lost a head-to-head
round 147: bot 62 (team A) died: hit another dragon
round 148: bot 21 (team A) died: lost a head-to-head
round 148: bot 156 (team B) died: lost a head-to-head
round 149: bot 109 (team A) died: lost a head-to-head
round 149: bot 151 (team B) died: lost a head-to-head
running round 151/500 --  last: 150ms  eta: 1m00s  dragons: 14 vs 28
round 152: bot 137 (team B) died: hit another dragon
round 152: bot 161 (team B) died: lost a head-to-head
round 152: bot 166 (team B) died: lost a head-to-head
round 153: bot 150 (team A) died: hit itself
round 153: bot 163 (team B) died: hit another dragon
round 154: bot 88 (team A) died: lost a head-to-head
round 154: bot 121 (team B) died: lost a head-to-head
round 155: bot 114 (team B) died: lost a head-to-head
round 155: bot 128 (team B) died: lost a head-to-head
round 155: bot 162 (team A) died: lost a head-to-head
round 155: bot 148 (team A) died: lost a head-to-head
round 155: bot 167 (team A) died: hit a wall
round 156: bot 153 (team B) died: hit another dragon
round 156: bot 160 (team B) died: hit another dragon
round 157: bot 138 (team A) died: hit another dragon
round 157: bot 143 (team A) died: lost a head-to-head
round 157: bot 178 (team A) died: lost a head-to-head
round 158: bot 155 (team B) died: lost a head-to-head
round 158: bot 111 (team B) died: lost a head-to-head
round 158: bot 141 (team A) died: hit itself
round 159: bot 168 (team B) died: lost a head-to-head
round 159: bot 145 (team B) died: lost a head-to-head
round 160: bot 144 (team A) died: lost a head-to-head
round 160: bot 131 (team A) died: lost a head-to-head
round 160: bot 165 (team B) died: hit another dragon
round 160: bot 169 (team A) died: hit another dragon
round 160: bot 7 (team A) died: lost a head-to-head
round 160: bot 180 (team A) died: lost a head-to-head
round 160: bot 164 (team B) died: lost a head-to-head
round 160: bot 187 (team A) died: lost a head-to-head
round 161: bot 176 (team B) died: lost a head-to-head
round 161: bot 146 (team B) died: lost a head-to-head
round 161: bot 177 (team A) died: hit another dragon
round 162: bot 134 (team B) died: lost a head-to-head
round 162: bot 175 (team B) died: lost a head-to-head
round 163: bot 194 (team B) died: hit itself
round 164: bot 183 (team A) died: hit another dragon
round 164: bot 171 (team B) died: lost a head-to-head
round 164: bot 185 (team B) died: lost a head-to-head
round 166: bot 73 (team A) died: lost a head-to-head
round 166: bot 170 (team A) died: lost a head-to-head
round 167: bot 182 (team A) died: hit itself
round 169: bot 181 (team A) died: lost a head-to-head
round 169: bot 72 (team B) died: lost a head-to-head
round 170: bot 67 (team B) died: hit itself
round 171: bot 174 (team B) died: hit another dragon
round 173: bot 152 (team B) died: hit itself
round 173: bot 159 (team A) died: hit itself
round 174: bot 130 (team B) died: hit a wall
round 175: bot 190 (team A) died: lost a head-to-head
round 175: bot 196 (team B) died: lost a head-to-head
round 180: bot 136 (team B) died: hit another dragon
round 181: bot 107 (team A) died: hit itself
round 183: bot 139 (team A) died: lost a head-to-head
round 183: bot 102 (team B) died: lost a head-to-head
round 183: bot 203 (team A) died: hit itself
round 185: bot 140 (team B) died: hit itself
round 185: bot 142 (team B) died: hit itself
round 185: bot 213 (team B) died: hit itself
round 185: bot 216 (team B) died: hit a wall
round 186: bot 211 (team A) died: hit another dragon
round 190: bot 199 (team B) died: lost a head-to-head
round 190: bot 186 (team B) died: lost a head-to-head
round 191: bot 215 (team A) died: hit another dragon
round 192: bot 191 (team B) died: lost a head-to-head
round 192: bot 173 (team B) died: lost a head-to-head
round 194: bot 217 (team A) died: hit another dragon
round 195: bot 157 (team B) died: hit itself
round 195: bot 172 (team A) died: lost a head-to-head
round 195: bot 219 (team B) died: lost a head-to-head
round 197: bot 110 (team B) died: hit itself
round 198: bot 220 (team A) died: hit another dragon
round 199: bot 149 (team B) died: hit another dragon
running round 201/500 --  last: 86ms  eta: 47.0s  dragons: 9 vs 32
round 200: bot 221 (team A) died: lost a head-to-head
round 200: bot 205 (team B) died: lost a head-to-head
round 203: bot 223 (team B) died: lost a head-to-head
round 203: bot 28 (team B) died: lost a head-to-head
round 203: bot 202 (team B) died: hit a wall
round 203: bot 135 (team B) died: lost a head-to-head
round 203: bot 214 (team B) died: lost a head-to-head
round 204: bot 207 (team A) died: lost a head-to-head
round 204: bot 239 (team B) died: lost a head-to-head
round 206: bot 129 (team A) died: hit another dragon
round 206: bot 212 (team B) died: hit another dragon
round 207: bot 193 (team A) died: lost a head-to-head
round 207: bot 188 (team B) died: lost a head-to-head
round 207: bot 224 (team B) died: hit another dragon
round 209: bot 90 (team B) died: hit itself
round 209: bot 238 (team B) died: lost a head-to-head
round 209: bot 206 (team B) died: lost a head-to-head
round 211: bot 231 (team A) died: hit another dragon
round 213: bot 104 (team B) died: hit another dragon
round 213: bot 244 (team B) died: hit another dragon
round 214: bot 189 (team B) died: hit another dragon
round 214: bot 195 (team B) died: hit itself
round 219: bot 210 (team B) died: lost a head-to-head
round 219: bot 209 (team B) died: lost a head-to-head
round 219: bot 201 (team B) died: lost a head-to-head
round 219: bot 255 (team A) died: lost a head-to-head
round 221: bot 218 (team B) died: hit itself
round 222: bot 249 (team B) died: hit another dragon
round 222: bot 257 (team B) died: hit another dragon
round 223: bot 233 (team B) died: lost a head-to-head
round 223: bot 256 (team B) died: lost a head-to-head
round 224: bot 222 (team B) died: hit another dragon
round 225: bot 252 (team B) died: hit another dragon
round 226: bot 264 (team A) died: hit another dragon
round 227: bot 254 (team B) died: hit another dragon
round 228: bot 197 (team B) died: hit itself
round 228: bot 237 (team B) died: hit another dragon
round 229: bot 208 (team B) died: hit another dragon
round 229: bot 236 (team B) died: hit another dragon
round 230: bot 184 (team B) died: hit another dragon
round 230: bot 269 (team A) died: hit another dragon
round 231: bot 273 (team A) died: hit another dragon
round 232: bot 241 (team B) died: hit another dragon
round 232: bot 268 (team B) died: lost a head-to-head
round 232: bot 272 (team B) died: lost a head-to-head
round 233: bot 260 (team B) died: hit another dragon
round 233: bot 263 (team B) died: hit itself
round 235: bot 278 (team B) died: hit another dragon
round 235: bot 279 (team B) died: hit itself
round 236: bot 270 (team B) died: hit another dragon
round 237: bot 283 (team B) died: lost a head-to-head
round 237: bot 228 (team B) died: lost a head-to-head
round 237: bot 246 (team B) died: hit another dragon
round 237: bot 274 (team B) died: hit a wall
round 238: bot 276 (team B) died: hit itself
round 240: bot 267 (team A) died: lost a head-to-head
round 240: bot 91 (team B) died: lost a head-to-head
round 240: bot 235 (team B) died: lost a head-to-head
round 240: bot 289 (team B) died: lost a head-to-head
round 241: bot 282 (team B) died: lost a head-to-head
round 241: bot 240 (team B) died: lost a head-to-head
round 242: bot 288 (team A) died: hit itself
round 245: bot 261 (team B) died: hit another dragon
round 245: bot 280 (team A) died: hit itself
round 246: bot 198 (team B) died: hit another dragon
round 247: bot 281 (team A) died: hit a wall
round 248: bot 204 (team B) died: hit another dragon
round 248: bot 293 (team A) died: lost a head-to-head
round 248: bot 275 (team A) died: lost a head-to-head
round 249: bot 262 (team B) died: lost a head-to-head
round 249: bot 265 (team B) died: lost a head-to-head
running round 251/500 --  last: 142ms  eta: 35.7s  dragons: 9 vs 31
round 250: bot 286 (team B) died: lost a head-to-head
round 250: bot 253 (team B) died: lost a head-to-head
round 250: bot 305 (team B) died: hit another dragon
round 251: bot 248 (team A) died: lost a head-to-head
round 251: bot 179 (team A) died: lost a head-to-head
round 252: bot 225 (team B) died: hit another dragon
round 252: bot 291 (team B) died: hit another dragon
round 252: bot 301 (team A) died: hit another dragon
round 255: bot 308 (team A) died: lost a head-to-head
round 255: bot 258 (team B) died: lost a head-to-head
round 255: bot 298 (team A) died: hit itself
round 257: bot 266 (team B) died: hit another dragon
round 257: bot 292 (team B) died: lost a head-to-head
round 257: bot 315 (team B) died: lost a head-to-head
round 261: bot 300 (team B) died: lost a head-to-head
round 261: bot 234 (team B) died: lost a head-to-head
round 262: bot 322 (team A) died: hit itself
round 263: bot 200 (team B) died: hit a wall
round 264: bot 317 (team B) died: hit itself
round 265: bot 229 (team B) died: hit another dragon
round 265: bot 232 (team A) died: hit itself
round 265: bot 306 (team B) died: hit another dragon
round 266: bot 277 (team B) died: hit a wall
round 267: bot 320 (team B) died: hit another dragon
round 268: bot 296 (team B) died: lost a head-to-head
round 268: bot 245 (team B) died: lost a head-to-head
round 268: bot 284 (team B) died: hit itself
round 270: bot 333 (team A) died: hit another dragon
round 272: bot 329 (team B) died: lost a head-to-head
round 272: bot 226 (team A) died: lost a head-to-head
round 274: bot 312 (team A) died: hit itself
round 274: bot 314 (team A) died: hit another dragon
round 275: bot 335 (team B) died: lost a head-to-head
round 275: bot 321 (team B) died: lost a head-to-head
round 276: bot 192 (team B) died: lost a head-to-head
round 276: bot 242 (team A) died: lost a head-to-head
round 278: bot 287 (team B) died: hit itself
round 278: bot 313 (team B) died: lost a head-to-head
round 278: bot 324 (team A) died: lost a head-to-head
round 278: bot 331 (team B) died: hit another dragon
round 278: bot 332 (team A) died: hit another dragon
round 279: bot 285 (team B) died: hit itself
round 280: bot 328 (team B) died: hit itself
round 282: bot 230 (team A) died: hit a wall
round 283: bot 311 (team A) died: hit another dragon
round 284: bot 318 (team B) died: lost a head-to-head
round 284: bot 290 (team A) died: lost a head-to-head
round 284: bot 346 (team B) died: lost a head-to-head
round 284: bot 297 (team B) died: lost a head-to-head
round 287: bot 310 (team B) died: lost a head-to-head
round 287: bot 303 (team B) died: lost a head-to-head
round 288: bot 349 (team B) died: lost a head-to-head
round 288: bot 336 (team B) died: lost a head-to-head
round 291: bot 341 (team B) died: lost a head-to-head
round 291: bot 247 (team B) died: lost a head-to-head
round 291: bot 354 (team B) died: lost a head-to-head
round 291: bot 307 (team B) died: lost a head-to-head
round 292: bot 357 (team A) died: lost a head-to-head
round 292: bot 338 (team B) died: lost a head-to-head
round 293: bot 295 (team B) died: lost a head-to-head
round 293: bot 323 (team B) died: lost a head-to-head
round 294: bot 271 (team B) died: lost a head-to-head
round 294: bot 227 (team B) died: lost a head-to-head
round 294: bot 345 (team B) died: hit a wall
round 294: bot 353 (team B) died: lost a head-to-head
round 294: bot 352 (team B) died: lost a head-to-head
round 296: bot 361 (team B) died: hit a wall
round 297: bot 259 (team B) died: hit another dragon
round 298: bot 327 (team B) died: hit another dragon
round 299: bot 316 (team B) died: hit another dragon
round 299: bot 337 (team B) died: hit another dragon
round 299: bot 342 (team B) died: lost a head-to-head
round 299: bot 343 (team A) died: lost a head-to-head
running round 301/500 --  last: 125ms  eta: 28.2s  dragons: 4 vs 32
round 300: bot 309 (team B) died: lost a head-to-head
round 300: bot 340 (team B) died: lost a head-to-head
round 300: bot 375 (team B) died: hit another dragon
round 302: bot 359 (team B) died: hit itself
round 303: bot 377 (team B) died: hit a wall
round 304: bot 350 (team B) died: hit another dragon
round 304: bot 369 (team A) died: hit itself
round 305: bot 299 (team B) died: hit another dragon
round 308: bot 370 (team B) died: lost a head-to-head
round 308: bot 304 (team B) died: lost a head-to-head
round 309: bot 344 (team B) died: hit itself
round 309: bot 363 (team B) died: hit itself
round 310: bot 384 (team B) died: hit itself
round 311: bot 381 (team B) died: hit another dragon
round 313: bot 355 (team B) died: lost a head-to-head
round 313: bot 325 (team B) died: lost a head-to-head
round 313: bot 360 (team B) died: hit a wall
round 314: bot 368 (team B) died: hit a wall
round 315: bot 250 (team B) died: lost a head-to-head
round 315: bot 379 (team B) died: lost a head-to-head
round 315: bot 394 (team B) died: hit another dragon
round 316: bot 371 (team B) died: hit another dragon
round 317: bot 348 (team A) died: hit itself
round 317: bot 378 (team B) died: hit another dragon
round 319: bot 386 (team B) died: hit another dragon
round 319: bot 397 (team B) died: hit another dragon
round 319: bot 243 (team B) died: lost a head-to-head
round 319: bot 398 (team A) died: lost a head-to-head
round 321: bot 383 (team B) died: hit another dragon
round 323: bot 388 (team B) died: lost a head-to-head
round 323: bot 319 (team A) died: lost a head-to-head
round 326: bot 358 (team B) died: lost a head-to-head
round 326: bot 347 (team B) died: lost a head-to-head
round 326: bot 374 (team A) died: hit another dragon
round 329: bot 334 (team A) died: hit another dragon
round 330: bot 372 (team B) died: lost a head-to-head
round 330: bot 294 (team B) died: lost a head-to-head
round 330: bot 392 (team A) died: lost a head-to-head
round 330: bot 407 (team B) died: lost a head-to-head
round 331: bot 391 (team B) died: hit another dragon
round 332: bot 330 (team B) died: hit itself
round 333: bot 385 (team B) died: hit itself
round 334: bot 395 (team B) died: hit itself
round 335: bot 387 (team B) died: lost a head-to-head
round 335: bot 364 (team B) died: lost a head-to-head
round 335: bot 390 (team B) died: lost a head-to-head
round 335: bot 389 (team B) died: lost a head-to-head
round 336: bot 406 (team B) died: hit itself
round 337: bot 408 (team A) died: hit another dragon
round 339: bot 420 (team A) died: hit another dragon
round 341: bot 302 (team B) died: hit another dragon
round 341: bot 422 (team A) died: hit another dragon
round 342: bot 424 (team A) died: hit a wall
round 343: bot 382 (team A) died: hit another dragon
round 346: bot 401 (team B) died: hit another dragon
round 347: bot 373 (team B) died: hit another dragon
running round 351/500 --  last: 37ms  eta: 21.6s  dragons: 2 vs 36
round 351: bot 430 (team B) died: lost a head-to-head
round 351: bot 423 (team B) died: lost a head-to-head
round 356: bot 432 (team B) died: hit a wall
round 359: bot 411 (team B) died: hit itself
round 360: bot 431 (team B) died: hit itself
round 364: bot 405 (team B) died: hit another dragon
round 364: bot 413 (team B) died: hit a wall
round 366: bot 440 (team B) died: hit another dragon
round 367: bot 433 (team A) died: lost a head-to-head
round 367: bot 366 (team B) died: lost a head-to-head
round 367: bot 442 (team B) died: hit itself
round 368: bot 443 (team B) died: hit itself
round 370: bot 427 (team B) died: hit another dragon
round 371: bot 400 (team B) died: hit itself
round 372: bot 421 (team B) died: lost a head-to-head
round 372: bot 393 (team B) died: lost a head-to-head
round 373: bot 380 (team B) died: hit another dragon
round 374: bot 416 (team B) died: lost a head-to-head
round 374: bot 429 (team B) died: lost a head-to-head
round 376: bot 425 (team B) died: lost a head-to-head
round 376: bot 396 (team B) died: lost a head-to-head
round 377: bot 376 (team B) died: hit another dragon
round 378: bot 437 (team B) died: lost a head-to-head
round 378: bot 419 (team B) died: lost a head-to-head
round 381: bot 351 (team B) died: hit itself
round 381: bot 403 (team A) died: hit another dragon
round 381: bot 439 (team B) died: hit another dragon
round 382: bot 402 (team B) died: hit itself
round 387: bot 356 (team B) died: hit another dragon
round 387: bot 447 (team B) died: hit another dragon
round 387: bot 451 (team B) died: hit another dragon
round 388: bot 436 (team A) died: hit a wall
round 390: bot 410 (team A) died: lost a head-to-head
round 390: bot 459 (team B) died: lost a head-to-head
round 391: bot 448 (team B) died: lost a head-to-head
round 391: bot 418 (team B) died: lost a head-to-head
round 392: bot 415 (team B) died: hit itself
round 394: bot 458 (team B) died: hit another dragon
round 395: bot 460 (team B) died: lost a head-to-head
round 395: bot 470 (team A) died: lost a head-to-head
round 396: bot 453 (team A) died: hit itself
round 399: bot 444 (team B) died: hit a wall
running round 401/500 --  last: 173ms  eta: 16.4s  dragons: 4 vs 33
round 400: bot 428 (team B) died: hit another dragon
round 403: bot 466 (team B) died: hit itself
round 404: bot 455 (team A) died: lost a head-to-head
round 404: bot 326 (team B) died: lost a head-to-head
round 405: bot 454 (team B) died: hit another dragon
round 409: bot 476 (team B) died: hit itself
round 415: bot 362 (team B) died: hit another dragon
round 415: bot 469 (team A) died: lost a head-to-head
round 415: bot 434 (team B) died: lost a head-to-head
round 418: bot 435 (team B) died: hit another dragon
round 419: bot 399 (team B) died: lost a head-to-head
round 419: bot 417 (team B) died: lost a head-to-head
round 419: bot 474 (team B) died: hit another dragon
round 421: bot 481 (team B) died: hit itself
round 423: bot 365 (team B) died: hit another dragon
round 423: bot 467 (team B) died: hit another dragon
round 427: bot 450 (team A) died: hit another dragon
round 427: bot 480 (team A) died: hit another dragon
round 428: bot 426 (team B) died: lost a head-to-head
round 428: bot 461 (team B) died: lost a head-to-head
round 429: bot 494 (team B) died: hit itself
round 432: bot 491 (team B) died: lost a head-to-head
round 432: bot 475 (team B) died: lost a head-to-head
round 432: bot 477 (team B) died: hit another dragon
round 433: bot 456 (team B) died: hit another dragon
round 433: bot 493 (team A) died: hit itself
round 435: bot 495 (team B) died: hit itself
round 438: bot 468 (team B) died: hit another dragon
round 438: bot 487 (team B) died: hit itself
round 439: bot 483 (team A) died: hit itself
round 442: bot 412 (team B) died: hit another dragon
round 444: bot 478 (team B) died: hit a wall
round 445: bot 473 (team B) died: hit another dragon
round 446: bot 497 (team B) died: lost a head-to-head
round 446: bot 484 (team B) died: lost a head-to-head
round 448: bot 367 (team B) died: hit another dragon
round 448: bot 457 (team A) died: hit another dragon
round 448: bot 511 (team B) died: hit another dragon
running round 451/500 --  last: 56ms  eta: 7.8s  dragons: 4 vs 38
round 450: bot 445 (team B) died: lost a head-to-head
round 450: bot 496 (team B) died: lost a head-to-head
round 450: bot 513 (team A) died: hit another dragon
round 451: bot 409 (team B) died: hit another dragon
round 453: bot 449 (team B) died: hit another dragon
round 454: bot 482 (team B) died: hit another dragon
round 455: bot 505 (team A) died: hit another dragon
round 456: bot 462 (team B) died: hit another dragon
round 459: bot 471 (team B) died: hit another dragon
round 464: bot 504 (team B) died: lost a head-to-head
round 464: bot 512 (team B) died: lost a head-to-head
round 468: bot 523 (team B) died: lost a head-to-head
round 468: bot 520 (team B) died: lost a head-to-head
round 470: bot 486 (team A) died: hit another dragon
round 470: bot 518 (team A) died: lost a head-to-head
round 470: bot 488 (team B) died: lost a head-to-head
round 471: bot 515 (team B) died: lost a head-to-head
round 471: bot 464 (team B) died: lost a head-to-head
round 474: bot 502 (team B) died: hit another dragon
round 474: bot 517 (team B) died: hit another dragon
round 475: bot 527 (team A) died: hit a wall
round 481: bot 526 (team B) died: hit itself
round 483: bot 537 (team B) died: hit itself
round 484: bot 498 (team B) died: hit another dragon
round 485: bot 525 (team B) died: hit another dragon
round 485: bot 532 (team B) died: hit itself
round 486: bot 404 (team B) died: hit another dragon
round 486: bot 533 (team B) died: hit another dragon
round 487: bot 490 (team B) died: hit another dragon
round 488: bot 543 (team B) died: hit itself
round 490: bot 544 (team B) died: hit a wall
round 491: bot 507 (team B) died: hit another dragon
round 492: bot 492 (team B) died: hit itself
round 493: bot 510 (team B) died: lost a head-to-head
round 493: bot 446 (team B) died: lost a head-to-head
round 493: bot 508 (team B) died: hit another dragon
round 495: bot 524 (team A) died: lost a head-to-head
round 495: bot 441 (team B) died: lost a head-to-head
round 495: bot 500 (team B) died: hit another dragon
round 495: bot 521 (team A) died: hit another dragon
round 497: bot 485 (team B) died: lost a head-to-head
round 497: bot 506 (team B) died: lost a head-to-head
round 497: bot 554 (team B) died: lost a head-to-head
round 497: bot 536 (team B) died: lost a head-to-head
round 498: bot 540 (team A) died: lost a head-to-head
round 498: bot 516 (team B) died: lost a head-to-head
round 499: bot 251 (team B) died: lost a head-to-head
round 499: bot 549 (team B) died: lost a head-to-head
team B wins after 500 rounds (on length) (1m21s)
wrote replay: C:\Users\ACER\OneDrive\Desktop\UNSW Battlecode\UNSWBC-\battlecode_data\training_loop\map-campaign-573-20260921\round1\before\mybot\Colosseum-B.replay
