loaded c/c++ vs c/c++
running round 2/500 --  last: 52ms  eta: 26.3s  dragons: 2 vs 2
round 23: bot 5 (team A) died: hit itself
round 31: bot 4 (team A) died: hit another dragon
round 43: bot 15 (team A) died: hit a wall
running round 51/500 --  last: 7ms  eta: 4.7s  dragons: 6 vs 7
round 52: bot 11 (team A) died: lost a head-to-head
round 52: bot 3 (team B) died: lost a head-to-head
round 58: bot 8 (team A) died: hit a wall
round 63: bot 10 (team A) died: hit a wall
round 63: bot 16 (team A) died: hit a wall
round 67: bot 7 (team A) died: hit another dragon
round 78: bot 32 (team A) died: hit itself
round 79: bot 9 (team B) died: hit a wall
round 79: bot 27 (team A) died: hit a wall
round 90: bot 19 (team A) died: hit a wall
round 94: bot 17 (team A) died: hit a wall
round 98: bot 31 (team A) died: hit a wall
round 98: bot 34 (team A) died: hit a wall
running round 101/500 --  last: 47ms  eta: 7.9s  dragons: 10 vs 16
round 105: bot 38 (team A) died: hit a wall
round 105: bot 36 (team A) died: lost a head-to-head
round 105: bot 43 (team B) died: lost a head-to-head
round 109: bot 26 (team A) died: hit a wall
round 111: bot 42 (team A) died: hit another dragon
round 113: bot 28 (team A) died: hit itself
round 116: bot 29 (team B) died: lost a head-to-head
round 116: bot 1 (team B) died: lost a head-to-head
round 119: bot 52 (team A) died: hit itself
round 126: bot 41 (team A) died: lost a head-to-head
round 126: bot 23 (team B) died: lost a head-to-head
round 131: bot 60 (team B) died: hit itself
round 138: bot 46 (team B) died: lost a head-to-head
round 138: bot 48 (team B) died: lost a head-to-head
round 141: bot 51 (team B) died: lost a head-to-head
round 141: bot 6 (team B) died: lost a head-to-head
round 144: bot 39 (team B) died: hit itself
round 144: bot 68 (team B) died: hit a wall
round 149: bot 67 (team B) died: hit a wall
running round 151/500 --  last: 151ms  eta: 11.4s  dragons: 7 vs 30
round 151: bot 24 (team A) died: lost a head-to-head
round 151: bot 22 (team B) died: lost a head-to-head
round 155: bot 75 (team A) died: hit itself
round 156: bot 40 (team A) died: hit another dragon
round 169: bot 63 (team B) died: hit itself
round 171: bot 2 (team A) died: lost a head-to-head
round 171: bot 35 (team A) died: lost a head-to-head
round 173: bot 57 (team B) died: hit a wall
round 174: bot 59 (team B) died: lost a head-to-head
round 174: bot 79 (team B) died: lost a head-to-head
round 175: bot 0 (team A) died: lost a head-to-head
round 175: bot 44 (team A) died: lost a head-to-head
round 176: bot 54 (team B) died: hit another dragon
round 180: bot 69 (team B) died: hit another dragon
round 184: bot 21 (team B) died: hit another dragon
round 186: bot 72 (team B) died: hit itself
round 187: bot 13 (team B) died: hit another dragon
round 187: bot 80 (team A) died: lost a head-to-head
round 187: bot 76 (team B) died: lost a head-to-head
round 189: bot 64 (team B) died: hit itself
round 194: bot 65 (team B) died: hit another dragon
round 198: bot 47 (team B) died: hit a wall
round 199: bot 66 (team B) died: hit another dragon
running round 201/500 --  last: 39ms  eta: 13.8s  dragons: 1 vs 32
round 201: bot 18 (team B) died: lost a head-to-head
round 201: bot 45 (team B) died: lost a head-to-head
round 201: bot 77 (team B) died: hit a wall
round 202: bot 56 (team A) died: hit itself
round 207: bot 71 (team B) died: hit itself
round 208: bot 94 (team B) died: hit another dragon
round 213: bot 53 (team B) died: hit itself
round 216: bot 87 (team B) died: hit itself
round 217: bot 30 (team B) died: hit a wall
round 218: bot 82 (team B) died: hit another dragon
round 218: bot 90 (team B) died: hit itself
round 220: bot 49 (team B) died: lost a head-to-head
round 220: bot 96 (team B) died: lost a head-to-head
round 221: bot 83 (team B) died: hit a wall
round 233: bot 93 (team A) died: hit a wall
team B wins after 234 rounds (by elimination) (11.6s)
wrote replay: C:\Users\ACER\OneDrive\Desktop\UNSW Battlecode\UNSWBC-\battlecode_data\training_loop\map-campaign-573-20260921\round1\before\mybot\default_small-B.replay
