loaded c/c++ vs c/c++
running round 2/500 --  last: 285ms  eta: 2m22s  dragons: 8 vs 7
round 42: bot 20 (team A) died: hit another dragon
round 46: bot 21 (team A) died: hit itself
running round 51/500 --  last: 24ms  eta: 13.8s  dragons: 14 vs 9
round 58: bot 11 (team A) died: lost a head-to-head
round 58: bot 23 (team A) died: lost a head-to-head
round 70: bot 6 (team A) died: hit itself
round 73: bot 26 (team A) died: hit itself
round 74: bot 22 (team A) died: hit another dragon
round 82: bot 4 (team A) died: hit itself
round 86: bot 19 (team A) died: hit another dragon
running round 101/500 --  last: 35ms  eta: 13.3s  dragons: 12 vs 9
round 101: bot 27 (team A) died: hit a wall
round 111: bot 17 (team A) died: hit itself
round 114: bot 13 (team A) died: hit another dragon
round 114: bot 28 (team A) died: hit itself
round 119: bot 2 (team A) died: hit itself
round 127: bot 30 (team A) died: lost a head-to-head
round 127: bot 0 (team A) died: lost a head-to-head
round 128: bot 32 (team A) died: hit itself
round 132: bot 31 (team A) died: hit itself
round 136: bot 25 (team A) died: hit itself
round 147: bot 34 (team A) died: hit itself
round 148: bot 42 (team A) died: hit another dragon
running round 151/500 --  last: 25ms  eta: 11.5s  dragons: 12 vs 11
round 156: bot 33 (team A) died: hit itself
round 164: bot 44 (team A) died: hit itself
round 171: bot 9 (team A) died: hit another dragon
round 173: bot 47 (team A) died: hit itself
round 178: bot 24 (team A) died: hit itself
round 180: bot 48 (team A) died: hit itself
round 189: bot 38 (team A) died: hit itself
round 198: bot 18 (team B) died: hit itself
running round 201/500 --  last: 66ms  eta: 12.4s  dragons: 13 vs 12
round 200: bot 39 (team A) died: lost a head-to-head
round 200: bot 54 (team A) died: lost a head-to-head
round 205: bot 53 (team A) died: hit another dragon
round 211: bot 58 (team B) died: hit a wall
round 214: bot 12 (team B) died: hit another dragon
round 219: bot 15 (team A) died: lost a head-to-head
round 219: bot 52 (team A) died: lost a head-to-head
round 221: bot 1 (team B) died: hit itself
round 232: bot 63 (team B) died: hit another dragon
round 239: bot 64 (team A) died: hit another dragon
round 240: bot 66 (team A) died: hit another dragon
round 242: bot 70 (team B) died: hit itself
round 245: bot 72 (team B) died: hit itself
round 247: bot 10 (team B) died: hit itself
running round 251/500 --  last: 43ms  eta: 23.0s  dragons: 18 vs 15
round 251: bot 75 (team A) died: hit itself
round 252: bot 73 (team B) died: hit a wall
round 255: bot 74 (team B) died: hit a wall
round 257: bot 50 (team A) died: hit another dragon
round 258: bot 40 (team A) died: lost a head-to-head
round 258: bot 65 (team A) died: lost a head-to-head
round 261: bot 80 (team A) died: lost a head-to-head
round 261: bot 37 (team A) died: lost a head-to-head
round 264: bot 76 (team B) died: hit itself
round 266: bot 77 (team B) died: hit another dragon
round 274: bot 62 (team A) died: hit another dragon
round 278: bot 85 (team B) died: hit another dragon
round 284: bot 43 (team A) died: hit itself
round 286: bot 60 (team A) died: hit itself
round 287: bot 92 (team A) died: hit itself
round 289: bot 14 (team B) died: hit another dragon
round 294: bot 96 (team B) died: hit another dragon
round 294: bot 99 (team B) died: hit itself
round 295: bot 82 (team B) died: hit itself
round 297: bot 100 (team B) died: hit itself
running round 301/500 --  last: 77ms  eta: 17.9s  dragons: 21 vs 23
round 302: bot 112 (team B) died: hit itself
round 304: bot 114 (team B) died: hit itself
round 305: bot 86 (team B) died: hit a wall
round 305: bot 102 (team B) died: hit a wall
round 306: bot 108 (team B) died: lost a head-to-head
round 306: bot 119 (team B) died: lost a head-to-head
round 310: bot 101 (team B) died: hit a wall
round 311: bot 35 (team B) died: hit another dragon
round 311: bot 118 (team B) died: hit itself
round 312: bot 83 (team A) died: lost a head-to-head
round 312: bot 8 (team A) died: lost a head-to-head
round 313: bot 121 (team B) died: lost a head-to-head
round 313: bot 116 (team B) died: lost a head-to-head
round 313: bot 126 (team B) died: hit a wall
round 317: bot 111 (team B) died: hit itself
round 317: bot 128 (team B) died: hit a wall
round 318: bot 123 (team A) died: hit itself
round 319: bot 90 (team B) died: hit another dragon
round 320: bot 109 (team B) died: hit itself
round 320: bot 113 (team B) died: hit another dragon
round 321: bot 106 (team B) died: hit a wall
round 322: bot 130 (team B) died: hit another dragon
round 322: bot 140 (team A) died: hit a wall
round 323: bot 105 (team B) died: hit a wall
round 323: bot 138 (team B) died: hit a wall
round 330: bot 57 (team A) died: hit another dragon
round 340: bot 148 (team B) died: hit itself
round 346: bot 120 (team A) died: lost a head-to-head
round 346: bot 98 (team A) died: lost a head-to-head
round 347: bot 150 (team B) died: lost a head-to-head
round 347: bot 124 (team B) died: lost a head-to-head
running round 351/500 --  last: 72ms  eta: 15.8s  dragons: 25 vs 35
round 350: bot 59 (team A) died: hit itself
round 351: bot 49 (team A) died: hit another dragon
round 354: bot 151 (team B) died: hit another dragon
round 356: bot 81 (team A) died: hit itself
round 360: bot 133 (team B) died: hit another dragon
round 362: bot 107 (team B) died: hit itself
round 362: bot 110 (team B) died: hit another dragon
round 367: bot 142 (team B) died: hit another dragon
round 368: bot 137 (team A) died: hit a wall
round 385: bot 159 (team A) died: hit itself
round 387: bot 87 (team A) died: hit another dragon
round 391: bot 46 (team A) died: hit another dragon
round 394: bot 135 (team B) died: lost a head-to-head
round 394: bot 139 (team B) died: lost a head-to-head
round 395: bot 132 (team A) died: hit itself
round 399: bot 55 (team A) died: hit another dragon
running round 401/500 --  last: 75ms  eta: 10.9s  dragons: 23 vs 29
round 404: bot 152 (team B) died: hit another dragon
round 404: bot 160 (team A) died: hit another dragon
round 406: bot 29 (team A) died: hit another dragon
round 407: bot 129 (team A) died: hit another dragon
round 419: bot 69 (team A) died: hit another dragon
round 421: bot 125 (team B) died: lost a head-to-head
round 421: bot 149 (team B) died: lost a head-to-head
round 435: bot 145 (team B) died: hit another dragon
round 436: bot 79 (team A) died: lost a head-to-head
round 436: bot 93 (team A) died: lost a head-to-head
round 440: bot 78 (team A) died: hit another dragon
round 442: bot 127 (team A) died: hit another dragon
running round 451/500 --  last: 82ms  eta: 5.5s  dragons: 20 vs 29
round 453: bot 95 (team A) died: hit another dragon
round 456: bot 91 (team A) died: hit a wall
round 456: bot 155 (team A) died: hit a wall
round 459: bot 16 (team B) died: hit another dragon
round 469: bot 146 (team A) died: hit itself
round 471: bot 41 (team A) died: hit itself
round 472: bot 181 (team A) died: hit a wall
round 475: bot 141 (team B) died: hit another dragon
round 477: bot 178 (team B) died: hit another dragon
round 479: bot 183 (team B) died: lost a head-to-head
round 479: bot 134 (team B) died: lost a head-to-head
round 481: bot 115 (team B) died: hit a wall
round 488: bot 3 (team B) died: hit another dragon
round 488: bot 68 (team A) died: lost a head-to-head
round 488: bot 169 (team A) died: lost a head-to-head
round 498: bot 173 (team A) died: hit another dragon
team B wins after 500 rounds (on length) (1m02s)
wrote replay: C:\Users\ACER\OneDrive\Desktop\UNSW Battlecode\UNSWBC-\battlecode_data\training_loop\map-campaign-573-20260921\round1\before\mybot\default-B.replay
