loaded c/c++ vs c/c++
running round 2/500 --  last: 305ms  eta: 2m32s  dragons: 7 vs 8
running round 51/500 --  last: 31ms  eta: 15.0s  dragons: 9 vs 12
running round 101/500 --  last: 42ms  eta: 14.7s  dragons: 12 vs 15
round 102: bot 18 (team B) died: lost a head-to-head
round 102: bot 15 (team B) died: lost a head-to-head
round 108: bot 27 (team B) died: hit itself
round 110: bot 10 (team B) died: hit another dragon
round 113: bot 25 (team B) died: hit another dragon
round 118: bot 20 (team B) died: hit another dragon
round 127: bot 28 (team A) died: hit itself
round 132: bot 3 (team B) died: hit itself
round 148: bot 5 (team B) died: lost a head-to-head
round 148: bot 7 (team B) died: lost a head-to-head
running round 151/500 --  last: 34ms  eta: 14.2s  dragons: 16 vs 11
round 151: bot 29 (team B) died: lost a head-to-head
round 151: bot 37 (team B) died: lost a head-to-head
round 159: bot 31 (team A) died: hit another dragon
round 161: bot 32 (team B) died: hit another dragon
round 168: bot 16 (team B) died: hit another dragon
round 174: bot 12 (team B) died: hit another dragon
round 184: bot 45 (team B) died: hit itself
round 187: bot 19 (team A) died: hit another dragon
round 193: bot 8 (team B) died: hit a wall
round 194: bot 35 (team A) died: hit itself
running round 201/500 --  last: 50ms  eta: 13.8s  dragons: 19 vs 14
round 205: bot 52 (team B) died: hit itself
round 206: bot 44 (team A) died: hit a wall
round 209: bot 43 (team B) died: hit itself
round 211: bot 23 (team B) died: hit itself
round 211: bot 47 (team B) died: hit a wall
round 211: bot 51 (team B) died: hit itself
round 213: bot 34 (team A) died: hit a wall
round 231: bot 2 (team A) died: hit another dragon
round 234: bot 30 (team B) died: lost a head-to-head
round 234: bot 56 (team B) died: lost a head-to-head
round 238: bot 65 (team B) died: hit a wall
round 242: bot 33 (team A) died: hit a wall
round 248: bot 64 (team A) died: hit a wall
round 248: bot 67 (team B) died: hit itself
running round 251/500 --  last: 53ms  eta: 12.0s  dragons: 20 vs 15
round 251: bot 63 (team B) died: hit itself
round 260: bot 26 (team B) died: hit another dragon
round 261: bot 70 (team B) died: hit itself
round 269: bot 53 (team A) died: lost a head-to-head
round 269: bot 41 (team A) died: lost a head-to-head
round 270: bot 55 (team B) died: hit a wall
round 280: bot 60 (team B) died: lost a head-to-head
round 280: bot 62 (team B) died: lost a head-to-head
round 280: bot 73 (team B) died: hit itself
round 282: bot 74 (team B) died: hit another dragon
round 289: bot 14 (team B) died: hit itself
round 294: bot 77 (team A) died: hit itself
round 296: bot 13 (team A) died: hit a wall
round 297: bot 38 (team B) died: hit itself
running round 301/500 --  last: 61ms  eta: 10.2s  dragons: 18 vs 12
round 325: bot 69 (team B) died: hit itself
round 330: bot 80 (team A) died: hit itself
round 331: bot 85 (team A) died: lost a head-to-head
round 331: bot 46 (team A) died: lost a head-to-head
round 336: bot 68 (team A) died: hit itself
running round 351/500 --  last: 95ms  eta: 8.5s  dragons: 30 vs 14
round 358: bot 50 (team B) died: hit itself
round 360: bot 96 (team B) died: hit itself
round 362: bot 0 (team A) died: lost a head-to-head
round 362: bot 42 (team A) died: lost a head-to-head
round 364: bot 21 (team A) died: hit another dragon
round 366: bot 54 (team B) died: lost a head-to-head
round 366: bot 100 (team B) died: lost a head-to-head
round 370: bot 66 (team B) died: lost a head-to-head
round 370: bot 1 (team B) died: lost a head-to-head
round 370: bot 98 (team A) died: hit a wall
round 372: bot 57 (team A) died: hit another dragon
round 396: bot 48 (team A) died: lost a head-to-head
round 396: bot 9 (team A) died: lost a head-to-head
running round 401/500 --  last: 61ms  eta: 6.2s  dragons: 25 vs 13
round 402: bot 102 (team B) died: hit itself
round 409: bot 82 (team A) died: hit another dragon
round 413: bot 94 (team A) died: hit another dragon
round 429: bot 84 (team A) died: hit itself
round 441: bot 105 (team A) died: hit a wall
round 446: bot 104 (team A) died: hit a wall
round 447: bot 103 (team B) died: lost a head-to-head
round 447: bot 107 (team B) died: lost a head-to-head
running round 451/500 --  last: 86ms  eta: 3.2s  dragons: 26 vs 12
round 477: bot 89 (team A) died: hit another dragon
round 483: bot 86 (team A) died: hit another dragon
round 485: bot 58 (team A) died: hit a wall
round 495: bot 101 (team B) died: lost a head-to-head
round 495: bot 59 (team B) died: lost a head-to-head
round 499: bot 36 (team B) died: hit another dragon
team A wins after 500 rounds (on length) (34.9s)
wrote replay: C:\Users\ACER\OneDrive\Desktop\UNSW Battlecode\UNSWBC-\battlecode_data\training_loop\map-campaign-573-20260921\round1\before\mybot\default-A.replay
