loaded c/c++ vs c/c++
running round 2/500 --  last: 77ms  eta: 38.8s  dragons: 2 vs 2
round 36: bot 5 (team B) died: hit a wall
round 42: bot 1 (team B) died: hit another dragon
round 48: bot 13 (team A) died: hit a wall
running round 51/500 --  last: 8ms  eta: 5.3s  dragons: 4 vs 7
round 51: bot 11 (team B) died: hit itself
round 54: bot 2 (team A) died: lost a head-to-head
round 54: bot 14 (team A) died: lost a head-to-head
round 56: bot 4 (team B) died: hit a wall
round 56: bot 17 (team B) died: hit a wall
round 62: bot 8 (team B) died: hit a wall
round 65: bot 3 (team B) died: hit a wall
round 72: bot 16 (team B) died: hit a wall
round 72: bot 20 (team B) died: hit a wall
round 72: bot 28 (team B) died: hit a wall
round 74: bot 29 (team B) died: hit another dragon
round 77: bot 31 (team B) died: hit itself
round 78: bot 0 (team A) died: hit itself
round 81: bot 7 (team B) died: hit itself
round 83: bot 36 (team B) died: hit a wall
round 84: bot 18 (team B) died: hit a wall
round 86: bot 22 (team B) died: hit a wall
round 88: bot 10 (team B) died: hit a wall
round 90: bot 34 (team B) died: hit another dragon
round 96: bot 43 (team A) died: hit another dragon
round 97: bot 12 (team B) died: hit a wall
round 98: bot 41 (team A) died: hit a wall
running round 101/500 --  last: 27ms  eta: 10.0s  dragons: 17 vs 6
round 103: bot 45 (team A) died: hit itself
round 104: bot 24 (team B) died: hit another dragon
round 106: bot 44 (team B) died: hit a wall
round 108: bot 42 (team B) died: hit another dragon
round 110: bot 49 (team B) died: hit a wall
round 110: bot 50 (team B) died: lost a head-to-head
round 110: bot 52 (team B) died: lost a head-to-head
round 112: bot 39 (team A) died: hit itself
round 115: bot 40 (team A) died: hit a wall
round 117: bot 48 (team A) died: hit itself
round 120: bot 47 (team B) died: hit a wall
round 127: bot 21 (team A) died: hit another dragon
round 133: bot 26 (team A) died: lost a head-to-head
round 133: bot 65 (team B) died: lost a head-to-head
round 136: bot 59 (team B) died: hit a wall
round 138: bot 6 (team A) died: hit another dragon
round 142: bot 66 (team A) died: hit another dragon
round 144: bot 74 (team A) died: hit a wall
round 148: bot 15 (team A) died: hit a wall
round 149: bot 19 (team A) died: hit another dragon
running round 151/500 --  last: 34ms  eta: 11.8s  dragons: 29 vs 4
round 154: bot 75 (team A) died: hit a wall
round 161: bot 62 (team A) died: hit itself
round 162: bot 82 (team B) died: hit another dragon
round 164: bot 69 (team A) died: hit itself
round 166: bot 57 (team A) died: hit another dragon
round 168: bot 35 (team A) died: lost a head-to-head
round 168: bot 84 (team A) died: lost a head-to-head
round 171: bot 61 (team A) died: hit another dragon
round 171: bot 77 (team A) died: hit a wall
round 171: bot 87 (team A) died: hit itself
round 180: bot 37 (team B) died: lost a head-to-head
round 180: bot 91 (team A) died: lost a head-to-head
round 185: bot 58 (team A) died: hit itself
round 189: bot 25 (team A) died: hit a wall
round 191: bot 67 (team A) died: hit another dragon
round 198: bot 53 (team B) died: hit a wall
running round 201/500 --  last: 31ms  eta: 11.0s  dragons: 33 vs 3
round 200: bot 83 (team A) died: hit another dragon
round 204: bot 88 (team A) died: hit another dragon
round 205: bot 23 (team A) died: hit another dragon
round 208: bot 96 (team A) died: hit itself
round 212: bot 51 (team A) died: hit itself
round 213: bot 100 (team B) died: hit another dragon
round 216: bot 90 (team B) died: hit another dragon
round 218: bot 86 (team A) died: hit another dragon
round 219: bot 32 (team A) died: lost a head-to-head
round 219: bot 33 (team A) died: lost a head-to-head
round 221: bot 38 (team B) died: hit another dragon
round 224: bot 71 (team A) died: hit a wall
round 225: bot 27 (team A) died: hit another dragon
round 225: bot 63 (team A) died: hit another dragon
round 227: bot 72 (team A) died: hit another dragon
round 229: bot 93 (team A) died: hit another dragon
round 234: bot 70 (team B) died: hit itself
round 234: bot 92 (team A) died: hit itself
round 236: bot 106 (team A) died: hit itself
round 239: bot 111 (team A) died: hit a wall
round 245: bot 78 (team A) died: hit a wall
round 246: bot 99 (team A) died: hit a wall
round 246: bot 102 (team B) died: hit itself
team A wins after 247 rounds (by elimination) (12.4s)
wrote replay: C:\Users\ACER\OneDrive\Desktop\UNSW Battlecode\UNSWBC-\battlecode_data\training_loop\map-campaign-573-20260921\round1\before\mybot\default_small-A.replay
