loaded c/c++ vs c/c++
running round 2/500 --  last: 50ms  eta: 25.4s  dragons: 2 vs 2
running round 51/500 --  last: 4ms  eta: 2.6s  dragons: 3 vs 3
round 84: bot 3 (team B) died: hit another dragon
round 87: bot 11 (team B) died: hit a wall
round 88: bot 12 (team B) died: hit another dragon
round 90: bot 13 (team B) died: lost a head-to-head
round 90: bot 17 (team B) died: lost a head-to-head
round 91: bot 10 (team B) died: hit a wall
round 97: bot 19 (team B) died: hit a wall
round 99: bot 5 (team B) died: hit a wall
running round 101/500 --  last: 73ms  eta: 5.1s  dragons: 4 vs 14
round 100: bot 22 (team B) died: hit a wall
round 101: bot 20 (team B) died: hit a wall
round 102: bot 16 (team B) died: hit a wall
round 105: bot 23 (team B) died: hit itself
round 107: bot 26 (team B) died: hit itself
round 109: bot 8 (team B) died: lost a head-to-head
round 109: bot 21 (team B) died: lost a head-to-head
round 109: bot 27 (team B) died: hit itself
round 110: bot 25 (team B) died: hit a wall
round 110: bot 30 (team B) died: hit itself
round 112: bot 28 (team B) died: hit itself
round 116: bot 14 (team B) died: hit itself
round 116: bot 36 (team B) died: lost a head-to-head
round 116: bot 18 (team B) died: lost a head-to-head
round 119: bot 31 (team B) died: hit itself
round 121: bot 35 (team B) died: hit a wall
round 124: bot 33 (team B) died: hit a wall
round 124: bot 41 (team B) died: hit a wall
round 127: bot 34 (team B) died: hit itself
round 130: bot 42 (team B) died: hit itself
round 135: bot 46 (team B) died: lost a head-to-head
round 135: bot 45 (team B) died: lost a head-to-head
round 135: bot 51 (team B) died: hit itself
round 140: bot 47 (team B) died: hit a wall
round 140: bot 48 (team B) died: hit itself
round 141: bot 32 (team B) died: hit a wall
round 146: bot 52 (team B) died: hit itself
running round 151/500 --  last: 17ms  eta: 6.8s  dragons: 6 vs 21
round 150: bot 44 (team B) died: hit a wall
round 151: bot 57 (team B) died: lost a head-to-head
round 151: bot 62 (team B) died: lost a head-to-head
round 156: bot 63 (team B) died: hit itself
round 158: bot 61 (team B) died: hit a wall
round 160: bot 7 (team B) died: hit a wall
round 164: bot 55 (team B) died: hit a wall
round 164: bot 66 (team B) died: hit itself
round 167: bot 2 (team A) died: hit itself
round 167: bot 50 (team B) died: hit a wall
round 168: bot 67 (team B) died: hit a wall
round 170: bot 68 (team B) died: hit itself
round 171: bot 58 (team B) died: hit itself
round 173: bot 69 (team B) died: hit a wall
round 178: bot 65 (team B) died: hit a wall
round 179: bot 0 (team A) died: hit a wall
round 183: bot 71 (team B) died: hit another dragon
round 187: bot 70 (team B) died: hit itself
round 188: bot 73 (team B) died: hit a wall
round 191: bot 82 (team B) died: hit a wall
round 193: bot 78 (team B) died: hit itself
round 196: bot 83 (team B) died: lost a head-to-head
round 196: bot 77 (team B) died: lost a head-to-head
running round 201/500 --  last: 27ms  eta: 7.0s  dragons: 6 vs 25
round 200: bot 86 (team B) died: hit itself
round 201: bot 74 (team A) died: hit a wall
round 202: bot 75 (team B) died: hit itself
round 204: bot 84 (team B) died: hit a wall
round 206: bot 80 (team B) died: hit itself
round 208: bot 59 (team A) died: hit a wall
round 208: bot 81 (team B) died: hit a wall
round 208: bot 87 (team B) died: hit itself
round 216: bot 53 (team B) died: hit itself
round 217: bot 85 (team B) died: hit itself
round 218: bot 94 (team B) died: hit a wall
round 221: bot 98 (team B) died: hit a wall
round 222: bot 91 (team B) died: hit itself
round 223: bot 89 (team B) died: hit a wall
round 234: bot 93 (team B) died: hit itself
round 237: bot 100 (team B) died: hit a wall
round 238: bot 101 (team B) died: lost a head-to-head
round 238: bot 99 (team B) died: lost a head-to-head
round 243: bot 15 (team B) died: hit another dragon
round 243: bot 103 (team B) died: hit itself
round 245: bot 106 (team B) died: hit a wall
round 249: bot 9 (team B) died: hit another dragon
round 249: bot 109 (team B) died: hit itself
running round 251/500 --  last: 70ms  eta: 6.6s  dragons: 6 vs 27
round 252: bot 105 (team B) died: hit itself
round 253: bot 112 (team B) died: hit itself
round 256: bot 110 (team B) died: hit a wall
round 259: bot 96 (team B) died: hit a wall
round 262: bot 113 (team B) died: hit itself
round 263: bot 119 (team B) died: hit a wall
round 267: bot 97 (team B) died: hit itself
round 267: bot 114 (team B) died: hit itself
round 267: bot 121 (team B) died: hit a wall
round 270: bot 117 (team B) died: hit itself
round 271: bot 95 (team A) died: hit a wall
round 271: bot 123 (team B) died: hit a wall
round 272: bot 130 (team B) died: hit a wall
round 277: bot 4 (team A) died: lost a head-to-head
round 277: bot 90 (team A) died: lost a head-to-head
round 283: bot 132 (team B) died: hit itself
round 284: bot 129 (team B) died: hit itself
round 287: bot 115 (team B) died: hit itself
round 287: bot 137 (team B) died: hit itself
round 292: bot 138 (team B) died: hit a wall
round 295: bot 124 (team B) died: hit itself
round 296: bot 135 (team B) died: hit itself
round 297: bot 6 (team A) died: hit a wall
running round 301/500 --  last: 40ms  eta: 5.8s  dragons: 5 vs 34
round 300: bot 136 (team A) died: hit a wall
round 300: bot 139 (team B) died: hit itself
round 300: bot 140 (team B) died: hit itself
round 304: bot 141 (team B) died: hit itself
round 306: bot 29 (team B) died: hit a wall
round 314: bot 133 (team A) died: hit a wall
round 314: bot 145 (team B) died: hit a wall
round 317: bot 142 (team B) died: hit itself
round 317: bot 144 (team B) died: hit itself
round 321: bot 148 (team B) died: hit itself
round 328: bot 149 (team B) died: hit itself
round 333: bot 38 (team B) died: hit a wall
round 333: bot 151 (team B) died: hit itself
round 334: bot 153 (team B) died: hit another dragon
round 335: bot 150 (team B) died: hit itself
round 340: bot 146 (team B) died: hit a wall
round 340: bot 154 (team B) died: hit itself
round 344: bot 134 (team B) died: hit another dragon
round 346: bot 156 (team B) died: hit itself
round 349: bot 158 (team B) died: hit itself
running round 351/500 --  last: 83ms  eta: 4.7s  dragons: 4 vs 32
round 351: bot 118 (team B) died: hit a wall
round 351: bot 143 (team A) died: hit a wall
round 351: bot 155 (team B) died: hit itself
round 353: bot 60 (team B) died: hit a wall
round 356: bot 159 (team B) died: hit itself
round 358: bot 72 (team B) died: hit a wall
round 364: bot 54 (team B) died: lost a head-to-head
round 364: bot 152 (team B) died: lost a head-to-head
round 365: bot 162 (team B) died: hit a wall
round 377: bot 76 (team B) died: hit another dragon
round 378: bot 161 (team B) died: hit a wall
round 379: bot 126 (team B) died: hit a wall
round 379: bot 122 (team A) died: lost a head-to-head
round 379: bot 164 (team A) died: lost a head-to-head
round 380: bot 160 (team B) died: hit a wall
round 382: bot 167 (team B) died: hit a wall
round 385: bot 170 (team B) died: hit a wall
round 387: bot 165 (team B) died: hit itself
round 390: bot 92 (team B) died: hit itself
round 395: bot 131 (team B) died: hit itself
round 396: bot 128 (team B) died: hit a wall
round 398: bot 147 (team B) died: hit another dragon
running round 401/500 --  last: 31ms  eta: 3.4s  dragons: 2 vs 26
round 402: bot 49 (team A) died: hit itself
round 406: bot 79 (team A) died: hit itself
round 412: bot 39 (team B) died: hit another dragon
round 412: bot 169 (team B) died: hit a wall
round 414: bot 171 (team B) died: hit itself
round 443: bot 166 (team B) died: hit a wall
running round 451/500 --  last: 28ms  eta: 1.7s  dragons: 1 vs 27
round 467: bot 179 (team B) died: hit itself
round 476: bot 180 (team B) died: hit itself
round 477: bot 157 (team B) died: hit a wall
round 481: bot 176 (team B) died: hit a wall
round 494: bot 185 (team B) died: hit itself
team B wins after 500 rounds (on length) (17.8s)
wrote replay: C:\Users\ACER\OneDrive\Desktop\UNSW Battlecode\UNSWBC-\battlecode_data\training_loop\map-campaign-573-20260921\round1\before\mybot\queen_of_spades-B.replay
