loaded c/c++ vs c/c++
running round 2/500 --  last: 54ms  eta: 27.1s  dragons: 2 vs 2
running round 51/500 --  last: 5ms  eta: 2.5s  dragons: 3 vs 3
round 98: bot 1 (team B) died: hit another dragon
running round 101/500 --  last: 44ms  eta: 3.3s  dragons: 3 vs 10
round 101: bot 12 (team B) died: hit a wall
round 102: bot 5 (team B) died: hit a wall
round 102: bot 14 (team B) died: hit another dragon
round 104: bot 13 (team B) died: hit a wall
round 105: bot 10 (team B) died: hit a wall
round 107: bot 15 (team B) died: hit itself
round 108: bot 16 (team B) died: hit itself
round 110: bot 17 (team B) died: hit itself
round 115: bot 18 (team B) died: lost a head-to-head
round 115: bot 8 (team B) died: lost a head-to-head
round 115: bot 23 (team B) died: hit itself
round 119: bot 22 (team B) died: hit itself
round 120: bot 2 (team A) died: hit a wall
round 122: bot 24 (team B) died: hit a wall
round 124: bot 27 (team B) died: hit a wall
round 126: bot 34 (team B) died: hit a wall
round 127: bot 20 (team B) died: hit a wall
round 127: bot 29 (team B) died: hit itself
round 133: bot 37 (team B) died: hit a wall
round 135: bot 25 (team B) died: hit itself
round 136: bot 33 (team B) died: hit itself
round 137: bot 0 (team A) died: hit itself
round 138: bot 32 (team B) died: hit a wall
round 139: bot 39 (team B) died: hit itself
round 139: bot 42 (team B) died: hit a wall
round 142: bot 40 (team B) died: hit a wall
round 145: bot 44 (team B) died: hit a wall
round 147: bot 49 (team B) died: hit a wall
round 149: bot 11 (team B) died: hit itself
running round 151/500 --  last: 17ms  eta: 5.5s  dragons: 4 vs 16
round 151: bot 36 (team B) died: hit a wall
round 156: bot 45 (team B) died: hit a wall
round 157: bot 51 (team B) died: lost a head-to-head
round 157: bot 54 (team B) died: lost a head-to-head
round 158: bot 38 (team B) died: hit another dragon
round 162: bot 46 (team B) died: hit itself
round 163: bot 47 (team B) died: hit a wall
round 167: bot 41 (team A) died: hit itself
round 169: bot 52 (team B) died: hit itself
round 170: bot 61 (team B) died: hit itself
round 172: bot 58 (team B) died: hit a wall
round 175: bot 50 (team B) died: hit a wall
round 175: bot 64 (team B) died: hit a wall
round 179: bot 56 (team B) died: hit itself
round 180: bot 63 (team B) died: hit a wall
round 181: bot 62 (team B) died: hit itself
round 185: bot 59 (team B) died: hit itself
round 186: bot 66 (team B) died: hit a wall
round 187: bot 68 (team B) died: lost a head-to-head
round 187: bot 9 (team B) died: lost a head-to-head
round 193: bot 3 (team B) died: hit itself
round 194: bot 19 (team A) died: hit itself
round 195: bot 75 (team B) died: hit itself
running round 201/500 --  last: 43ms  eta: 6.3s  dragons: 6 vs 26
round 200: bot 53 (team A) died: hit itself
round 200: bot 81 (team B) died: hit a wall
round 207: bot 88 (team B) died: hit itself
round 209: bot 73 (team B) died: hit itself
round 211: bot 6 (team B) died: lost a head-to-head
round 211: bot 85 (team B) died: lost a head-to-head
round 211: bot 87 (team B) died: hit another dragon
round 211: bot 86 (team B) died: lost a head-to-head
round 211: bot 91 (team B) died: lost a head-to-head
round 212: bot 89 (team B) died: hit itself
round 218: bot 90 (team B) died: hit a wall
round 218: bot 94 (team B) died: hit itself
round 224: bot 77 (team B) died: hit another dragon
round 225: bot 95 (team B) died: hit a wall
round 225: bot 97 (team B) died: hit itself
round 226: bot 28 (team B) died: hit another dragon
round 227: bot 4 (team A) died: hit another dragon
round 228: bot 101 (team B) died: lost a head-to-head
round 228: bot 105 (team B) died: lost a head-to-head
round 229: bot 92 (team B) died: hit itself
round 233: bot 102 (team B) died: hit itself
round 236: bot 107 (team B) died: lost a head-to-head
round 236: bot 72 (team B) died: lost a head-to-head
round 238: bot 96 (team B) died: hit itself
round 242: bot 108 (team B) died: hit a wall
round 247: bot 82 (team B) died: hit itself
running round 251/500 --  last: 71ms  eta: 6.9s  dragons: 5 vs 30
round 253: bot 113 (team B) died: hit itself
round 258: bot 116 (team B) died: hit itself
round 263: bot 117 (team B) died: hit itself
round 269: bot 119 (team B) died: hit itself
round 274: bot 110 (team B) died: hit itself
round 278: bot 43 (team B) died: hit a wall
round 278: bot 74 (team B) died: lost a head-to-head
round 278: bot 121 (team B) died: lost a head-to-head
round 279: bot 122 (team B) died: hit itself
round 283: bot 60 (team B) died: hit itself
round 290: bot 123 (team B) died: hit a wall
round 291: bot 124 (team B) died: hit itself
round 291: bot 126 (team B) died: hit a wall
round 297: bot 125 (team B) died: hit a wall
round 298: bot 83 (team A) died: hit a wall
running round 301/500 --  last: 33ms  eta: 6.5s  dragons: 4 vs 33
round 300: bot 130 (team B) died: lost a head-to-head
round 300: bot 118 (team B) died: lost a head-to-head
round 300: bot 129 (team B) died: hit a wall
round 302: bot 127 (team B) died: hit a wall
round 307: bot 67 (team B) died: hit itself
round 309: bot 31 (team A) died: lost a head-to-head
round 309: bot 131 (team A) died: lost a head-to-head
round 312: bot 134 (team B) died: lost a head-to-head
round 312: bot 98 (team B) died: lost a head-to-head
round 313: bot 136 (team B) died: hit a wall
round 315: bot 120 (team B) died: lost a head-to-head
round 315: bot 138 (team B) died: lost a head-to-head
round 317: bot 135 (team B) died: hit itself
round 318: bot 133 (team B) died: hit itself
round 321: bot 48 (team B) died: hit a wall
round 321: bot 143 (team B) died: hit itself
round 328: bot 141 (team B) died: hit itself
round 328: bot 147 (team B) died: hit a wall
round 329: bot 144 (team B) died: hit a wall
round 330: bot 65 (team A) died: hit another dragon
round 331: bot 140 (team B) died: hit another dragon
round 332: bot 84 (team B) died: hit a wall
round 332: bot 151 (team B) died: hit itself
round 336: bot 128 (team B) died: hit another dragon
round 337: bot 150 (team B) died: hit itself
round 337: bot 152 (team B) died: hit itself
round 338: bot 142 (team B) died: hit another dragon
round 341: bot 21 (team B) died: hit itself
round 342: bot 148 (team B) died: hit itself
round 345: bot 156 (team B) died: hit itself
round 346: bot 154 (team B) died: hit itself
round 347: bot 106 (team B) died: hit itself
running round 351/500 --  last: 26ms  eta: 5.2s  dragons: 2 vs 33
round 350: bot 153 (team B) died: hit itself
round 351: bot 160 (team B) died: hit a wall
round 355: bot 103 (team A) died: hit a wall
round 356: bot 161 (team B) died: hit a wall
round 358: bot 109 (team B) died: lost a head-to-head
round 358: bot 70 (team B) died: lost a head-to-head
round 365: bot 80 (team B) died: hit another dragon
round 367: bot 69 (team B) died: hit a wall
round 369: bot 158 (team B) died: hit a wall
round 370: bot 164 (team B) died: hit itself
round 379: bot 159 (team B) died: lost a head-to-head
round 379: bot 93 (team B) died: lost a head-to-head
round 383: bot 104 (team B) died: hit itself
round 390: bot 163 (team B) died: hit another dragon
round 393: bot 35 (team B) died: hit itself
round 395: bot 155 (team B) died: hit another dragon
running round 401/500 --  last: 31ms  eta: 3.5s  dragons: 1 vs 25
round 402: bot 114 (team B) died: hit a wall
round 403: bot 169 (team B) died: hit itself
round 408: bot 78 (team B) died: hit a wall
round 410: bot 100 (team B) died: hit itself
round 414: bot 79 (team A) died: hit a wall
round 415: bot 174 (team A) died: hit a wall
team B wins after 416 rounds (by elimination) (15.6s)
wrote replay: C:\Users\ACER\OneDrive\Desktop\UNSW Battlecode\UNSWBC-\battlecode_data\training_loop\map-campaign-573-20260921\round1\before\mybot\queen_of_spades_but_she_ages-B.replay
