loaded c/c++ vs c/c++
running round 2/500 --  last: 239ms  eta: 1m59s  dragons: 2 vs 2
running round 51/500 --  last: 3ms  eta: 4.2s  dragons: 2 vs 3
round 50: bot 3 (team B) died: hit a wall
round 67: bot 1 (team B) died: hit a wall
round 88: bot 2 (team A) died: hit a wall
round 91: bot 11 (team A) died: hit itself
round 92: bot 13 (team A) died: hit another dragon
round 94: bot 16 (team A) died: hit a wall
round 95: bot 10 (team A) died: hit a wall
round 98: bot 15 (team A) died: hit a wall
running round 101/500 --  last: 6ms  eta: 5.4s  dragons: 9 vs 1
round 102: bot 19 (team A) died: hit itself
round 105: bot 17 (team A) died: hit a wall
round 106: bot 8 (team A) died: hit itself
round 118: bot 12 (team A) died: hit another dragon
round 118: bot 20 (team A) died: hit itself
round 121: bot 28 (team A) died: hit a wall
round 122: bot 29 (team A) died: hit another dragon
round 125: bot 25 (team A) died: hit a wall
round 126: bot 26 (team A) died: hit itself
round 131: bot 30 (team A) died: hit a wall
round 133: bot 34 (team A) died: hit a wall
round 135: bot 21 (team A) died: hit itself
round 138: bot 32 (team A) died: hit a wall
round 138: bot 33 (team A) died: hit itself
round 141: bot 37 (team A) died: hit a wall
round 145: bot 38 (team A) died: hit itself
running round 151/500 --  last: 20ms  eta: 8.3s  dragons: 23 vs 1
round 150: bot 36 (team A) died: hit itself
round 151: bot 39 (team A) died: hit another dragon
round 151: bot 47 (team A) died: hit a wall
round 153: bot 43 (team A) died: hit a wall
round 155: bot 45 (team A) died: hit itself
round 156: bot 51 (team A) died: hit a wall
round 157: bot 46 (team A) died: hit a wall
round 158: bot 48 (team A) died: hit itself
round 158: bot 49 (team A) died: hit a wall
round 159: bot 14 (team A) died: lost a head-to-head
round 159: bot 27 (team A) died: lost a head-to-head
round 163: bot 9 (team A) died: lost a head-to-head
round 163: bot 42 (team A) died: lost a head-to-head
round 164: bot 50 (team A) died: hit a wall
round 164: bot 56 (team A) died: hit itself
round 175: bot 62 (team A) died: hit itself
round 176: bot 55 (team A) died: hit itself
round 177: bot 63 (team A) died: hit a wall
round 178: bot 61 (team A) died: hit itself
round 178: bot 64 (team A) died: hit a wall
round 183: bot 65 (team A) died: hit a wall
round 184: bot 59 (team A) died: hit a wall
round 185: bot 57 (team A) died: hit a wall
round 189: bot 68 (team A) died: hit itself
round 191: bot 69 (team A) died: hit a wall
round 195: bot 31 (team A) died: hit another dragon
round 196: bot 52 (team A) died: hit a wall
running round 201/500 --  last: 32ms  eta: 8.4s  dragons: 25 vs 1
round 200: bot 72 (team A) died: hit itself
round 202: bot 75 (team A) died: hit itself
round 204: bot 70 (team A) died: hit another dragon
round 204: bot 73 (team A) died: hit a wall
round 208: bot 77 (team A) died: hit a wall
round 211: bot 82 (team A) died: hit a wall
round 212: bot 83 (team A) died: hit a wall
round 212: bot 86 (team A) died: hit a wall
round 215: bot 85 (team A) died: hit another dragon
round 216: bot 76 (team A) died: hit a wall
round 218: bot 66 (team A) died: hit itself
round 218: bot 88 (team A) died: hit another dragon
round 219: bot 94 (team A) died: hit itself
round 220: bot 90 (team A) died: hit a wall
round 223: bot 91 (team A) died: hit itself
round 224: bot 79 (team A) died: hit itself
round 227: bot 99 (team A) died: hit itself
round 228: bot 6 (team A) died: hit another dragon
round 228: bot 92 (team A) died: hit a wall
round 234: bot 98 (team A) died: hit a wall
round 235: bot 102 (team A) died: hit itself
round 237: bot 105 (team A) died: hit a wall
round 237: bot 106 (team A) died: hit a wall
round 238: bot 100 (team A) died: hit itself
round 241: bot 96 (team A) died: hit itself
round 243: bot 5 (team A) died: hit itself
round 244: bot 104 (team A) died: hit itself
round 245: bot 22 (team A) died: hit a wall
round 246: bot 107 (team A) died: hit a wall
running round 251/500 --  last: 41ms  eta: 7.9s  dragons: 34 vs 1
round 252: bot 114 (team A) died: hit a wall
round 256: bot 113 (team A) died: hit a wall
round 258: bot 115 (team A) died: hit a wall
round 262: bot 117 (team A) died: hit a wall
round 268: bot 116 (team A) died: hit a wall
round 271: bot 119 (team A) died: hit itself
round 272: bot 120 (team A) died: hit a wall
round 275: bot 121 (team A) died: hit a wall
round 279: bot 123 (team A) died: hit itself
round 280: bot 124 (team A) died: hit a wall
round 284: bot 108 (team A) died: hit a wall
round 286: bot 60 (team A) died: hit another dragon
round 288: bot 126 (team A) died: hit a wall
round 289: bot 127 (team A) died: lost a head-to-head
round 289: bot 125 (team A) died: lost a head-to-head
round 293: bot 23 (team A) died: hit another dragon
round 297: bot 58 (team A) died: hit another dragon
running round 301/500 --  last: 25ms  eta: 6.7s  dragons: 32 vs 1
round 300: bot 74 (team A) died: hit a wall
round 315: bot 118 (team A) died: hit a wall
round 324: bot 97 (team A) died: hit another dragon
round 330: bot 89 (team A) died: hit another dragon
round 332: bot 87 (team A) died: hit another dragon
round 341: bot 130 (team A) died: hit a wall
running round 351/500 --  last: 25ms  eta: 5.0s  dragons: 32 vs 2
round 351: bot 136 (team A) died: hit itself
round 362: bot 67 (team A) died: hit another dragon
round 362: bot 110 (team A) died: hit another dragon
round 368: bot 4 (team B) died: hit a wall
round 378: bot 109 (team A) died: hit a wall
round 388: bot 35 (team A) died: hit another dragon
round 395: bot 24 (team A) died: hit itself
running round 401/500 --  last: 72ms  eta: 6.2s  dragons: 31 vs 1
round 400: bot 44 (team A) died: hit a wall
round 412: bot 71 (team A) died: hit a wall
round 430: bot 80 (team A) died: hit itself
round 430: bot 112 (team A) died: lost a head-to-head
round 430: bot 129 (team A) died: lost a head-to-head
round 446: bot 41 (team A) died: hit itself
round 449: bot 0 (team A) died: lost a head-to-head
round 449: bot 148 (team A) died: lost a head-to-head
round 449: bot 151 (team B) died: hit a wall
running round 451/500 --  last: 45ms  eta: 3.0s  dragons: 33 vs 1
round 452: bot 138 (team A) died: hit another dragon
round 454: bot 95 (team A) died: hit another dragon
round 464: bot 156 (team B) died: hit a wall
round 470: bot 158 (team A) died: hit a wall
round 472: bot 81 (team A) died: hit another dragon
round 473: bot 160 (team A) died: hit another dragon
round 478: bot 150 (team A) died: hit itself
round 483: bot 111 (team A) died: hit another dragon
round 484: bot 131 (team B) died: hit a wall
team A wins after 485 rounds (by elimination) (29.1s)
wrote replay: C:\Users\ACER\OneDrive\Desktop\UNSW Battlecode\UNSWBC-\battlecode_data\training_loop\map-campaign-573-20260921\round1\before\mybot\queen_of_spades_but_she_ages-A.replay
