loaded c/c++ vs c/c++
running round 2/500 --  last: 44ms  eta: 22.4s  dragons: 2 vs 2
running round 51/500 --  last: 3ms  eta: 1.9s  dragons: 3 vs 2
round 59: bot 2 (team A) died: hit itself
round 61: bot 8 (team A) died: hit itself
round 64: bot 11 (team A) died: hit itself
round 65: bot 9 (team A) died: hit a wall
round 67: bot 10 (team A) died: hit a wall
round 70: bot 12 (team A) died: hit a wall
round 75: bot 15 (team A) died: hit a wall
round 80: bot 6 (team A) died: hit a wall
round 81: bot 17 (team A) died: hit a wall
round 86: bot 14 (team B) died: hit a wall
round 87: bot 21 (team A) died: hit a wall
round 92: bot 20 (team A) died: hit a wall
round 94: bot 7 (team B) died: hit a wall
round 95: bot 24 (team A) died: hit itself
round 98: bot 1 (team B) died: hit a wall
running round 101/500 --  last: 15ms  eta: 6.1s  dragons: 10 vs 2
round 101: bot 22 (team A) died: hit a wall
round 104: bot 26 (team A) died: hit another dragon
round 105: bot 16 (team A) died: hit itself
round 107: bot 23 (team A) died: hit another dragon
round 107: bot 31 (team A) died: hit a wall
round 108: bot 27 (team A) died: hit another dragon
round 108: bot 30 (team A) died: hit a wall
round 125: bot 34 (team A) died: hit a wall
round 126: bot 25 (team B) died: hit a wall
round 140: bot 35 (team A) died: hit another dragon
round 140: bot 41 (team A) died: hit a wall
round 141: bot 13 (team A) died: hit another dragon
round 141: bot 39 (team A) died: hit a wall
round 146: bot 45 (team A) died: hit another dragon
round 146: bot 47 (team A) died: hit a wall
running round 151/500 --  last: 20ms  eta: 6.2s  dragons: 18 vs 1
round 151: bot 0 (team A) died: hit itself
round 157: bot 38 (team A) died: lost a head-to-head
round 157: bot 50 (team A) died: lost a head-to-head
round 160: bot 43 (team A) died: hit a wall
round 163: bot 55 (team A) died: hit another dragon
round 165: bot 54 (team A) died: hit a wall
round 166: bot 64 (team A) died: hit itself
round 168: bot 56 (team A) died: hit a wall
round 169: bot 36 (team A) died: hit itself
round 170: bot 52 (team A) died: hit a wall
round 173: bot 68 (team A) died: hit itself
round 181: bot 49 (team A) died: hit another dragon
round 181: bot 73 (team A) died: hit itself
round 183: bot 70 (team A) died: hit a wall
round 185: bot 76 (team A) died: hit a wall
round 186: bot 74 (team A) died: hit itself
round 187: bot 58 (team A) died: hit itself
round 187: bot 77 (team A) died: hit a wall
round 194: bot 78 (team A) died: hit itself
round 195: bot 71 (team A) died: hit a wall
round 198: bot 79 (team A) died: hit a wall
round 198: bot 81 (team A) died: hit itself
running round 201/500 --  last: 21ms  eta: 7.3s  dragons: 33 vs 1
round 205: bot 86 (team A) died: hit itself
round 207: bot 84 (team A) died: hit a wall
round 209: bot 44 (team A) died: hit itself
round 210: bot 87 (team A) died: hit itself
round 211: bot 85 (team A) died: lost a head-to-head
round 211: bot 89 (team A) died: lost a head-to-head
round 217: bot 72 (team A) died: lost a head-to-head
round 217: bot 61 (team A) died: lost a head-to-head
round 217: bot 91 (team A) died: hit a wall
round 218: bot 92 (team A) died: hit itself
round 220: bot 88 (team A) died: hit a wall
round 220: bot 90 (team A) died: hit itself
round 221: bot 83 (team A) died: hit a wall
round 221: bot 93 (team A) died: hit a wall
round 223: bot 94 (team A) died: hit itself
round 224: bot 40 (team A) died: hit itself
round 226: bot 96 (team A) died: hit another dragon
round 232: bot 99 (team A) died: lost a head-to-head
round 232: bot 46 (team A) died: lost a head-to-head
round 232: bot 101 (team A) died: lost a head-to-head
round 232: bot 66 (team A) died: lost a head-to-head
round 233: bot 95 (team A) died: hit a wall
round 241: bot 103 (team A) died: hit a wall
round 242: bot 102 (team A) died: hit a wall
round 244: bot 106 (team A) died: hit itself
round 246: bot 108 (team A) died: hit a wall
round 247: bot 107 (team A) died: hit itself
round 248: bot 42 (team A) died: hit another dragon
round 248: bot 111 (team A) died: lost a head-to-head
round 248: bot 98 (team A) died: lost a head-to-head
round 249: bot 112 (team A) died: hit a wall
round 249: bot 113 (team A) died: hit a wall
running round 251/500 --  last: 53ms  eta: 6.9s  dragons: 30 vs 1
round 250: bot 110 (team A) died: hit itself
round 254: bot 109 (team A) died: hit itself
round 254: bot 114 (team A) died: hit itself
round 256: bot 104 (team A) died: hit a wall
round 256: bot 105 (team A) died: hit a wall
round 256: bot 120 (team A) died: hit another dragon
round 258: bot 18 (team A) died: hit another dragon
round 260: bot 122 (team A) died: hit itself
round 266: bot 121 (team A) died: hit a wall
round 272: bot 127 (team A) died: hit a wall
round 276: bot 128 (team A) died: hit a wall
round 280: bot 124 (team A) died: hit itself
round 281: bot 130 (team A) died: hit a wall
round 284: bot 131 (team A) died: hit itself
round 285: bot 132 (team A) died: hit itself
round 287: bot 126 (team A) died: hit itself
round 287: bot 133 (team A) died: hit itself
round 293: bot 123 (team A) died: hit a wall
round 295: bot 134 (team A) died: lost a head-to-head
round 295: bot 129 (team A) died: lost a head-to-head
round 296: bot 137 (team A) died: hit itself
round 297: bot 135 (team A) died: hit itself
running round 301/500 --  last: 40ms  eta: 6.0s  dragons: 34 vs 1
round 302: bot 115 (team A) died: lost a head-to-head
round 302: bot 33 (team A) died: lost a head-to-head
round 302: bot 141 (team A) died: hit itself
round 304: bot 140 (team A) died: hit itself
round 309: bot 142 (team A) died: hit itself
round 311: bot 139 (team A) died: hit itself
round 313: bot 119 (team A) died: hit a wall
round 316: bot 143 (team A) died: hit itself
round 320: bot 116 (team A) died: lost a head-to-head
round 320: bot 69 (team A) died: lost a head-to-head
round 333: bot 144 (team A) died: hit itself
round 336: bot 147 (team A) died: hit a wall
round 339: bot 97 (team A) died: hit another dragon
round 341: bot 150 (team A) died: hit itself
round 344: bot 152 (team A) died: hit itself
round 348: bot 117 (team A) died: hit itself
running round 351/500 --  last: 45ms  eta: 5.1s  dragons: 35 vs 1
round 351: bot 155 (team A) died: hit itself
round 356: bot 75 (team A) died: lost a head-to-head
round 356: bot 62 (team A) died: lost a head-to-head
round 359: bot 32 (team A) died: hit itself
round 365: bot 29 (team A) died: hit a wall
round 365: bot 160 (team A) died: hit another dragon
round 367: bot 157 (team A) died: hit itself
round 369: bot 156 (team A) died: hit itself
round 369: bot 163 (team A) died: hit itself
round 383: bot 165 (team A) died: hit a wall
round 387: bot 162 (team A) died: hit itself
round 388: bot 166 (team A) died: hit a wall
round 395: bot 168 (team A) died: hit a wall
running round 401/500 --  last: 57ms  eta: 3.6s  dragons: 35 vs 1
round 400: bot 167 (team A) died: hit itself
round 409: bot 125 (team A) died: hit itself
round 424: bot 149 (team A) died: hit itself
round 428: bot 159 (team A) died: hit a wall
round 429: bot 175 (team A) died: hit itself
round 432: bot 173 (team A) died: hit another dragon
round 442: bot 172 (team A) died: hit itself
round 443: bot 37 (team A) died: hit a wall
round 446: bot 174 (team A) died: lost a head-to-head
round 446: bot 171 (team A) died: lost a head-to-head
running round 451/500 --  last: 30ms  eta: 1.8s  dragons: 31 vs 1
round 458: bot 136 (team A) died: lost a head-to-head
round 458: bot 118 (team A) died: lost a head-to-head
round 458: bot 177 (team A) died: hit a wall
round 468: bot 63 (team A) died: hit a wall
round 470: bot 138 (team A) died: lost a head-to-head
round 470: bot 28 (team A) died: lost a head-to-head
round 477: bot 164 (team A) died: hit another dragon
round 490: bot 181 (team A) died: hit itself
round 491: bot 154 (team A) died: hit a wall
team A wins after 500 rounds (on length) (19.6s)
wrote replay: C:\Users\ACER\OneDrive\Desktop\UNSW Battlecode\UNSWBC-\battlecode_data\training_loop\map-campaign-573-20260921\round1\before\mybot\queen_of_spades-A.replay
