loaded c/c++ vs c/c++
running round 2/500 --  last: 109ms  eta: 54.7s  dragons: 4 vs 6
round 11: bot 5 (team B) died: hit itself
round 12: bot 7 (team B) died: hit itself
round 18: bot 3 (team B) died: hit itself
round 38: bot 1 (team B) died: hit a wall
round 38: bot 8 (team B) died: hit itself
round 45: bot 13 (team B) died: hit a wall
running round 51/500 --  last: 44ms  eta: 8.2s  dragons: 8 vs 5
round 61: bot 19 (team B) died: hit a wall
round 69: bot 24 (team B) died: hit another dragon
round 78: bot 18 (team B) died: hit another dragon
round 79: bot 28 (team B) died: hit a wall
round 83: bot 29 (team B) died: hit a wall
round 87: bot 27 (team A) died: hit itself
round 89: bot 15 (team B) died: hit itself
round 96: bot 4 (team A) died: hit itself
running round 101/500 --  last: 24ms  eta: 9.2s  dragons: 22 vs 8
round 110: bot 48 (team A) died: hit another dragon
round 110: bot 57 (team A) died: hit a wall
round 111: bot 44 (team B) died: hit itself
round 113: bot 26 (team B) died: hit a wall
round 115: bot 55 (team B) died: hit another dragon
round 116: bot 16 (team B) died: hit itself
round 116: bot 69 (team A) died: hit a wall
round 118: bot 66 (team B) died: hit a wall
round 119: bot 74 (team B) died: hit a wall
round 120: bot 72 (team B) died: hit a wall
round 121: bot 59 (team A) died: hit a wall
round 121: bot 73 (team B) died: hit a wall
round 121: bot 78 (team B) died: hit a wall
round 122: bot 68 (team A) died: hit a wall
round 122: bot 31 (team B) died: lost a head-to-head
round 122: bot 71 (team B) died: lost a head-to-head
round 122: bot 81 (team B) died: lost a head-to-head
round 122: bot 82 (team B) died: lost a head-to-head
round 123: bot 79 (team A) died: lost a head-to-head
round 123: bot 77 (team A) died: lost a head-to-head
round 124: bot 21 (team B) died: hit another dragon
round 124: bot 67 (team B) died: hit itself
round 124: bot 75 (team A) died: hit a wall
round 124: bot 83 (team A) died: hit a wall
round 125: bot 80 (team B) died: hit another dragon
round 127: bot 61 (team B) died: hit itself
round 128: bot 65 (team B) died: hit a wall
round 129: bot 22 (team A) died: hit a wall
round 129: bot 70 (team B) died: hit another dragon
round 132: bot 91 (team B) died: hit a wall
round 133: bot 93 (team B) died: hit a wall
round 134: bot 88 (team B) died: hit a wall
round 134: bot 89 (team A) died: hit itself
round 135: bot 84 (team B) died: hit another dragon
round 135: bot 90 (team B) died: hit a wall
round 137: bot 30 (team A) died: hit another dragon
round 139: bot 97 (team A) died: hit a wall
round 139: bot 101 (team B) died: hit a wall
round 140: bot 98 (team B) died: hit a wall
round 140: bot 102 (team B) died: hit a wall
round 142: bot 45 (team A) died: hit itself
round 143: bot 95 (team B) died: hit a wall
round 145: bot 103 (team A) died: hit a wall
round 149: bot 108 (team B) died: hit itself
round 149: bot 109 (team B) died: hit a wall
running round 151/500 --  last: 83ms  eta: 16.8s  dragons: 35 vs 18
round 150: bot 104 (team B) died: hit a wall
round 152: bot 112 (team B) died: hit another dragon
round 153: bot 51 (team A) died: hit a wall
round 153: bot 94 (team A) died: hit a wall
round 154: bot 9 (team B) died: hit itself
round 155: bot 49 (team B) died: hit itself
round 155: bot 76 (team B) died: hit a wall
round 155: bot 116 (team B) died: hit a wall
round 156: bot 54 (team B) died: hit itself
round 156: bot 111 (team B) died: lost a head-to-head
round 156: bot 119 (team B) died: lost a head-to-head
round 157: bot 110 (team B) died: hit a wall
round 158: bot 12 (team B) died: hit itself
round 158: bot 87 (team B) died: hit itself
round 159: bot 39 (team A) died: hit a wall
round 163: bot 118 (team B) died: hit itself
round 164: bot 128 (team B) died: hit another dragon
round 165: bot 100 (team B) died: hit a wall
round 166: bot 124 (team B) died: hit a wall
round 168: bot 121 (team B) died: hit a wall
round 169: bot 35 (team A) died: hit itself
round 169: bot 86 (team B) died: hit another dragon
round 169: bot 133 (team B) died: hit a wall
round 171: bot 10 (team A) died: hit another dragon
round 171: bot 113 (team A) died: hit a wall
round 172: bot 136 (team A) died: hit another dragon
round 173: bot 125 (team B) died: hit itself
round 173: bot 117 (team B) died: lost a head-to-head
round 173: bot 127 (team B) died: lost a head-to-head
round 174: bot 34 (team A) died: hit itself
round 174: bot 137 (team A) died: hit a wall
round 175: bot 143 (team A) died: lost a head-to-head
round 175: bot 47 (team A) died: lost a head-to-head
round 175: bot 130 (team B) died: hit a wall
round 176: bot 92 (team A) died: hit a wall
round 177: bot 123 (team B) died: hit a wall
round 177: bot 126 (team B) died: hit another dragon
round 180: bot 139 (team B) died: hit a wall
round 181: bot 145 (team B) died: hit itself
round 184: bot 38 (team B) died: hit itself
round 184: bot 122 (team B) died: hit itself
round 184: bot 129 (team A) died: hit a wall
round 185: bot 106 (team B) died: hit itself
round 186: bot 37 (team A) died: hit a wall
round 186: bot 146 (team B) died: hit a wall
round 189: bot 43 (team A) died: hit itself
round 189: bot 147 (team B) died: hit another dragon
round 189: bot 148 (team A) died: hit itself
round 191: bot 135 (team A) died: hit a wall
round 192: bot 105 (team A) died: hit another dragon
round 192: bot 138 (team B) died: hit itself
round 192: bot 140 (team B) died: hit a wall
round 194: bot 50 (team A) died: hit another dragon
round 195: bot 154 (team B) died: hit itself
round 197: bot 96 (team A) died: hit another dragon
round 197: bot 158 (team B) died: hit a wall
round 198: bot 150 (team B) died: hit itself
running round 201/500 --  last: 63ms  eta: 18.2s  dragons: 40 vs 7
round 201: bot 53 (team B) died: hit itself
round 202: bot 41 (team A) died: hit a wall
round 202: bot 120 (team A) died: hit itself
round 202: bot 132 (team A) died: hit another dragon
round 203: bot 157 (team B) died: hit itself
round 206: bot 60 (team B) died: hit another dragon
round 207: bot 166 (team B) died: hit itself
round 207: bot 167 (team B) died: hit a wall
round 220: bot 161 (team B) died: hit itself
round 222: bot 168 (team B) died: hit a wall
round 227: bot 170 (team B) died: hit itself
round 229: bot 62 (team B) died: hit itself
round 233: bot 46 (team B) died: hit a wall
round 234: bot 58 (team A) died: hit a wall
round 235: bot 162 (team A) died: hit itself
round 240: bot 172 (team A) died: hit another dragon
round 243: bot 155 (team A) died: hit a wall
round 244: bot 144 (team A) died: hit a wall
round 244: bot 182 (team B) died: hit a wall
round 245: bot 181 (team A) died: hit another dragon
round 245: bot 183 (team B) died: lost a head-to-head
round 245: bot 186 (team B) died: lost a head-to-head
round 247: bot 188 (team B) died: hit a wall
round 248: bot 0 (team A) died: hit a wall
running round 251/500 --  last: 73ms  eta: 16.2s  dragons: 45 vs 6
round 251: bot 187 (team A) died: hit another dragon
round 252: bot 40 (team A) died: hit itself
round 252: bot 185 (team A) died: hit a wall
round 253: bot 164 (team A) died: hit another dragon
round 254: bot 196 (team B) died: hit a wall
round 255: bot 191 (team B) died: hit a wall
round 257: bot 11 (team A) died: hit a wall
round 257: bot 174 (team B) died: hit a wall
round 257: bot 177 (team B) died: hit a wall
round 257: bot 180 (team B) died: hit a wall
round 257: bot 193 (team A) died: hit itself
round 257: bot 195 (team A) died: hit another dragon
round 260: bot 197 (team B) died: hit a wall
round 261: bot 206 (team B) died: hit a wall
round 263: bot 201 (team A) died: hit itself
round 264: bot 179 (team A) died: hit another dragon
round 264: bot 212 (team A) died: hit another dragon
round 266: bot 52 (team A) died: hit a wall
round 268: bot 153 (team A) died: hit another dragon
round 268: bot 169 (team A) died: hit itself
round 269: bot 17 (team A) died: hit another dragon
round 272: bot 64 (team A) died: hit another dragon
round 273: bot 211 (team A) died: hit itself
round 274: bot 214 (team A) died: lost a head-to-head
round 274: bot 85 (team A) died: lost a head-to-head
round 274: bot 202 (team A) died: hit itself
round 275: bot 99 (team A) died: hit itself
round 275: bot 220 (team B) died: hit another dragon
round 276: bot 178 (team A) died: hit itself
round 277: bot 25 (team B) died: hit another dragon
round 277: bot 200 (team B) died: hit a wall
round 277: bot 225 (team A) died: hit itself
round 278: bot 32 (team A) died: hit itself
round 282: bot 229 (team B) died: hit a wall
round 283: bot 215 (team A) died: hit itself
round 283: bot 222 (team A) died: hit another dragon
round 283: bot 226 (team B) died: hit a wall
round 285: bot 156 (team A) died: hit another dragon
round 291: bot 216 (team A) died: hit itself
round 292: bot 235 (team B) died: hit a wall
round 296: bot 208 (team A) died: hit another dragon
round 296: bot 240 (team B) died: hit another dragon
round 297: bot 224 (team B) died: hit a wall
round 299: bot 238 (team A) died: lost a head-to-head
round 299: bot 199 (team B) died: lost a head-to-head
running round 301/500 --  last: 119ms  eta: 14.3s  dragons: 53 vs 4
round 303: bot 233 (team A) died: hit another dragon
round 303: bot 241 (team B) died: hit a wall
round 307: bot 246 (team A) died: hit another dragon
round 308: bot 242 (team B) died: hit a wall
round 311: bot 151 (team A) died: hit a wall
round 313: bot 209 (team A) died: hit another dragon
round 313: bot 237 (team B) died: hit a wall
round 313: bot 253 (team B) died: hit a wall
round 319: bot 218 (team A) died: hit a wall
round 324: bot 2 (team A) died: hit another dragon
round 324: bot 232 (team A) died: hit itself
round 325: bot 228 (team A) died: hit a wall
round 327: bot 6 (team A) died: hit itself
round 327: bot 250 (team A) died: hit a wall
round 328: bot 175 (team B) died: hit itself
round 334: bot 134 (team A) died: hit another dragon
round 336: bot 142 (team A) died: hit a wall
round 336: bot 255 (team A) died: hit itself
round 336: bot 262 (team A) died: lost a head-to-head
round 336: bot 263 (team B) died: lost a head-to-head
round 339: bot 210 (team A) died: hit itself
round 340: bot 176 (team A) died: hit another dragon
round 341: bot 14 (team A) died: hit another dragon
round 341: bot 217 (team A) died: hit another dragon
round 345: bot 268 (team A) died: hit itself
round 348: bot 266 (team A) died: hit a wall
round 349: bot 149 (team A) died: hit itself
running round 351/500 --  last: 150ms  eta: 11.9s  dragons: 63 vs 2
round 356: bot 171 (team A) died: hit a wall
round 359: bot 198 (team A) died: hit another dragon
round 360: bot 204 (team A) died: hit another dragon
round 363: bot 219 (team A) died: hit a wall
round 369: bot 159 (team A) died: hit itself
round 371: bot 257 (team A) died: hit a wall
round 374: bot 244 (team A) died: hit itself
round 377: bot 271 (team B) died: hit itself
round 379: bot 163 (team A) died: hit a wall
round 380: bot 184 (team A) died: hit a wall
round 380: bot 283 (team A) died: hit itself
round 382: bot 165 (team B) died: hit a wall
team A wins after 383 rounds (by elimination) (32.6s)
wrote replay: C:\Users\ACER\OneDrive\Desktop\UNSW Battlecode\UNSWBC-\battlecode_data\training_loop\map-campaign-573-20260921\round1\before\mybot\schooltime-A.replay
