loaded python vs c/c++
running round 2/500 --  last: 31ms  eta: 15.9s  dragons: 1 vs 1
round 21: bot 14 (team B) died: hit another dragon
round 22: bot 11 (team B) died: hit another dragon
round 23: bot 6 (team B) died: hit itself
round 23: bot 10 (team B) died: hit itself
round 24: bot 18 (team B) died: hit another dragon
round 26: bot 23 (team B) died: lost a head-to-head
round 26: bot 3 (team B) died: lost a head-to-head
round 27: bot 13 (team B) died: hit another dragon
round 28: bot 22 (team B) died: hit itself
round 31: bot 2 (team B) died: hit itself
round 31: bot 5 (team B) died: lost a head-to-head
round 31: bot 21 (team B) died: lost a head-to-head
round 31: bot 8 (team B) died: lost a head-to-head
round 31: bot 32 (team B) died: lost a head-to-head
round 32: bot 20 (team B) died: lost a head-to-head
round 32: bot 33 (team B) died: lost a head-to-head
round 32: bot 12 (team B) died: lost a head-to-head
round 32: bot 34 (team B) died: lost a head-to-head
round 33: bot 15 (team B) died: hit another dragon
round 33: bot 17 (team B) died: lost a head-to-head
round 33: bot 26 (team B) died: lost a head-to-head
round 35: bot 28 (team B) died: hit another dragon
round 36: bot 24 (team B) died: lost a head-to-head
round 36: bot 0 (team A) died: lost a head-to-head
team B wins after 37 rounds (by elimination) (1.9s)
wrote replay: C:\Users\ACER\OneDrive\Desktop\UNSW Battlecode\UNSWBC-\battlecode_data\training_loop\map-campaign-573-20260921\round1\before\NamBot\arena-B.replay
