loaded c/c++ vs c/c++
running round 2/500 --  last: 84ms  eta: 41.9s  dragons: 1 vs 1
round 16: bot 6 (team B) died: hit itself
round 21: bot 22 (team A) died: hit another dragon
round 22: bot 11 (team B) died: hit itself
round 22: bot 27 (team A) died: hit itself
round 24: bot 33 (team A) died: hit itself
round 25: bot 21 (team B) died: hit another dragon
round 25: bot 32 (team A) died: lost a head-to-head
round 25: bot 37 (team A) died: lost a head-to-head
round 26: bot 17 (team B) died: lost a head-to-head
round 26: bot 30 (team B) died: lost a head-to-head
round 27: bot 9 (team A) died: hit itself
round 28: bot 40 (team B) died: lost a head-to-head
round 28: bot 34 (team B) died: lost a head-to-head
round 29: bot 25 (team A) died: hit itself
round 30: bot 35 (team A) died: lost a head-to-head
round 30: bot 4 (team A) died: lost a head-to-head
round 31: bot 23 (team A) died: hit itself
round 31: bot 39 (team A) died: hit itself
round 31: bot 44 (team A) died: hit a wall
round 31: bot 48 (team B) died: hit itself
round 32: bot 14 (team B) died: lost a head-to-head
round 32: bot 18 (team A) died: lost a head-to-head
round 32: bot 29 (team B) died: hit a wall
round 32: bot 26 (team A) died: lost a head-to-head
round 32: bot 45 (team A) died: lost a head-to-head
round 33: bot 42 (team A) died: lost a head-to-head
round 33: bot 47 (team B) died: lost a head-to-head
round 34: bot 20 (team B) died: lost a head-to-head
round 34: bot 36 (team B) died: lost a head-to-head
round 34: bot 51 (team B) died: hit another dragon
round 34: bot 10 (team B) died: lost a head-to-head
round 34: bot 57 (team B) died: lost a head-to-head
round 35: bot 8 (team A) died: hit another dragon
round 35: bot 53 (team B) died: hit another dragon
round 35: bot 46 (team B) died: lost a head-to-head
round 35: bot 56 (team B) died: lost a head-to-head
round 35: bot 60 (team A) died: hit another dragon
round 37: bot 31 (team B) died: hit another dragon
round 37: bot 64 (team B) died: hit another dragon
round 38: bot 0 (team A) died: hit another dragon
round 38: bot 63 (team B) died: lost a head-to-head
round 38: bot 16 (team A) died: lost a head-to-head
round 38: bot 61 (team A) died: hit itself
round 40: bot 24 (team B) died: hit itself
round 41: bot 3 (team B) died: hit itself
round 41: bot 67 (team B) died: hit another dragon
round 43: bot 7 (team A) died: hit itself
round 43: bot 52 (team A) died: hit itself
round 43: bot 75 (team B) died: hit another dragon
round 44: bot 38 (team B) died: lost a head-to-head
round 44: bot 58 (team A) died: lost a head-to-head
round 44: bot 50 (team A) died: lost a head-to-head
round 44: bot 76 (team A) died: lost a head-to-head
round 45: bot 28 (team B) died: lost a head-to-head
round 45: bot 49 (team A) died: lost a head-to-head
round 45: bot 74 (team B) died: lost a head-to-head
round 45: bot 71 (team A) died: lost a head-to-head
round 47: bot 5 (team B) died: hit another dragon
round 47: bot 69 (team A) died: lost a head-to-head
round 47: bot 79 (team B) died: lost a head-to-head
round 47: bot 62 (team A) died: lost a head-to-head
round 47: bot 81 (team B) died: lost a head-to-head
round 47: bot 86 (team B) died: hit another dragon
round 49: bot 65 (team A) died: hit another dragon
running round 51/500 --  last: 184ms  eta: 1m44s  dragons: 12 vs 15
round 50: bot 55 (team B) died: lost a head-to-head
round 50: bot 92 (team B) died: lost a head-to-head
round 52: bot 83 (team B) died: hit a wall
round 53: bot 1 (team B) died: hit another dragon
round 53: bot 19 (team B) died: hit itself
round 53: bot 84 (team A) died: lost a head-to-head
round 53: bot 78 (team A) died: lost a head-to-head
round 54: bot 72 (team A) died: lost a head-to-head
round 54: bot 15 (team A) died: lost a head-to-head
round 54: bot 87 (team B) died: lost a head-to-head
round 54: bot 43 (team A) died: lost a head-to-head
round 54: bot 54 (team A) died: lost a head-to-head
round 54: bot 94 (team B) died: lost a head-to-head
round 55: bot 82 (team B) died: hit a wall
round 55: bot 95 (team B) died: hit another dragon
round 55: bot 100 (team B) died: hit itself
round 57: bot 101 (team B) died: hit another dragon
round 58: bot 2 (team A) died: hit another dragon
round 58: bot 88 (team A) died: hit itself
round 58: bot 106 (team B) died: hit another dragon
round 59: bot 66 (team B) died: hit another dragon
round 60: bot 102 (team B) died: hit itself
round 62: bot 110 (team B) died: lost a head-to-head
round 62: bot 90 (team A) died: lost a head-to-head
round 63: bot 112 (team A) died: hit itself
round 63: bot 98 (team B) died: lost a head-to-head
round 63: bot 114 (team B) died: lost a head-to-head
round 64: bot 12 (team B) died: lost a head-to-head
round 64: bot 13 (team A) died: lost a head-to-head
round 64: bot 103 (team A) died: hit itself
round 64: bot 115 (team B) died: hit another dragon
round 66: bot 59 (team B) died: hit itself
round 66: bot 70 (team A) died: hit another dragon
round 66: bot 111 (team A) died: lost a head-to-head
round 66: bot 91 (team A) died: lost a head-to-head
round 68: bot 68 (team B) died: hit another dragon
round 68: bot 130 (team B) died: lost a head-to-head
round 68: bot 117 (team B) died: lost a head-to-head
round 69: bot 73 (team B) died: lost a head-to-head
round 69: bot 121 (team B) died: lost a head-to-head
round 70: bot 89 (team B) died: hit a wall
round 71: bot 93 (team B) died: hit itself
round 71: bot 123 (team B) died: hit itself
round 71: bot 129 (team B) died: hit itself
round 72: bot 96 (team A) died: hit a wall
round 73: bot 97 (team B) died: lost a head-to-head
round 73: bot 132 (team B) died: lost a head-to-head
round 74: bot 107 (team B) died: hit another dragon
round 74: bot 136 (team B) died: hit itself
round 74: bot 124 (team B) died: lost a head-to-head
round 74: bot 137 (team B) died: lost a head-to-head
round 74: bot 138 (team B) died: hit another dragon
round 75: bot 104 (team B) died: lost a head-to-head
round 75: bot 41 (team B) died: lost a head-to-head
round 77: bot 143 (team A) died: lost a head-to-head
round 77: bot 120 (team B) died: lost a head-to-head
round 77: bot 139 (team B) died: hit another dragon
round 79: bot 122 (team B) died: hit another dragon
round 82: bot 125 (team A) died: hit itself
round 83: bot 135 (team B) died: hit a wall
round 85: bot 126 (team B) died: hit another dragon
round 85: bot 142 (team B) died: hit another dragon
round 85: bot 99 (team B) died: lost a head-to-head
round 85: bot 147 (team B) died: lost a head-to-head
round 86: bot 140 (team A) died: hit another dragon
round 87: bot 134 (team B) died: hit another dragon
round 87: bot 157 (team B) died: hit itself
round 88: bot 108 (team A) died: hit another dragon
round 88: bot 77 (team B) died: lost a head-to-head
round 88: bot 116 (team A) died: lost a head-to-head
round 89: bot 131 (team B) died: hit itself
round 90: bot 145 (team B) died: hit itself
round 90: bot 164 (team A) died: hit itself
round 90: bot 127 (team B) died: lost a head-to-head
round 90: bot 166 (team B) died: lost a head-to-head
round 91: bot 156 (team B) died: hit another dragon
round 92: bot 80 (team A) died: hit another dragon
round 92: bot 148 (team B) died: hit itself
round 92: bot 169 (team B) died: hit another dragon
round 93: bot 113 (team B) died: hit another dragon
round 93: bot 133 (team B) died: hit another dragon
round 93: bot 144 (team B) died: lost a head-to-head
round 93: bot 165 (team B) died: lost a head-to-head
round 94: bot 163 (team B) died: hit another dragon
round 95: bot 160 (team A) died: hit itself
round 95: bot 109 (team B) died: lost a head-to-head
round 95: bot 171 (team A) died: lost a head-to-head
round 95: bot 175 (team A) died: hit itself
round 96: bot 179 (team B) died: lost a head-to-head
round 96: bot 159 (team B) died: lost a head-to-head
round 97: bot 146 (team B) died: hit another dragon
round 98: bot 128 (team A) died: hit a wall
round 98: bot 174 (team B) died: hit itself
round 98: bot 185 (team B) died: lost a head-to-head
round 98: bot 180 (team B) died: lost a head-to-head
round 99: bot 118 (team B) died: lost a head-to-head
round 99: bot 141 (team A) died: lost a head-to-head
round 99: bot 155 (team A) died: hit another dragon
running round 101/500 --  last: 129ms  eta: 1m40s  dragons: 5 vs 21
round 101: bot 152 (team B) died: hit itself
round 101: bot 154 (team A) died: hit another dragon
round 101: bot 173 (team B) died: hit another dragon
round 101: bot 186 (team B) died: hit another dragon
round 101: bot 187 (team B) died: hit itself
round 101: bot 153 (team B) died: lost a head-to-head
round 101: bot 188 (team B) died: lost a head-to-head
round 102: bot 196 (team B) died: hit another dragon
round 103: bot 181 (team B) died: hit another dragon
round 103: bot 162 (team B) died: lost a head-to-head
round 103: bot 182 (team A) died: lost a head-to-head
round 104: bot 183 (team B) died: lost a head-to-head
round 104: bot 192 (team B) died: lost a head-to-head
round 104: bot 194 (team A) died: hit another dragon
round 104: bot 158 (team B) died: lost a head-to-head
round 104: bot 199 (team B) died: lost a head-to-head
round 105: bot 200 (team B) died: hit a wall
round 107: bot 161 (team B) died: lost a head-to-head
round 107: bot 170 (team A) died: lost a head-to-head
round 107: bot 191 (team A) died: hit another dragon
round 107: bot 195 (team B) died: hit another dragon
round 108: bot 202 (team B) died: lost a head-to-head
round 108: bot 167 (team B) died: lost a head-to-head
round 108: bot 178 (team B) died: hit a wall
round 108: bot 203 (team A) died: hit a wall
round 109: bot 208 (team B) died: hit another dragon
round 109: bot 193 (team B) died: lost a head-to-head
round 109: bot 210 (team B) died: lost a head-to-head
round 110: bot 119 (team B) died: hit another dragon
round 110: bot 217 (team B) died: lost a head-to-head
round 110: bot 216 (team B) died: lost a head-to-head
round 111: bot 223 (team B) died: hit a wall
round 113: bot 105 (team B) died: hit another dragon
round 113: bot 198 (team B) died: hit a wall
round 114: bot 215 (team B) died: lost a head-to-head
round 114: bot 227 (team B) died: lost a head-to-head
round 115: bot 225 (team A) died: lost a head-to-head
round 115: bot 150 (team B) died: lost a head-to-head
round 115: bot 205 (team A) died: lost a head-to-head
round 115: bot 189 (team A) died: lost a head-to-head
round 116: bot 226 (team B) died: hit another dragon
round 117: bot 184 (team A) died: hit itself
round 118: bot 211 (team A) died: hit another dragon
round 118: bot 231 (team B) died: hit itself
round 120: bot 204 (team B) died: hit itself
round 120: bot 206 (team B) died: hit another dragon
round 121: bot 177 (team B) died: hit another dragon
round 121: bot 233 (team B) died: hit another dragon
round 122: bot 230 (team B) died: hit another dragon
round 123: bot 201 (team A) died: hit another dragon
round 123: bot 235 (team B) died: lost a head-to-head
round 123: bot 219 (team B) died: lost a head-to-head
round 124: bot 213 (team A) died: hit a wall
round 124: bot 234 (team A) died: hit itself
round 124: bot 236 (team B) died: hit another dragon
round 124: bot 242 (team B) died: hit itself
round 125: bot 244 (team B) died: hit itself
round 126: bot 168 (team B) died: hit a wall
round 127: bot 190 (team B) died: hit another dragon
round 127: bot 220 (team B) died: hit itself
round 128: bot 212 (team B) died: lost a head-to-head
round 128: bot 248 (team B) died: lost a head-to-head
round 129: bot 172 (team B) died: hit itself
round 129: bot 224 (team A) died: hit itself
round 129: bot 245 (team B) died: hit itself
round 130: bot 249 (team A) died: hit another dragon
round 131: bot 197 (team B) died: hit itself
round 131: bot 232 (team A) died: hit another dragon
round 131: bot 257 (team B) died: hit another dragon
round 132: bot 207 (team B) died: hit itself
round 132: bot 218 (team A) died: hit another dragon
round 132: bot 222 (team B) died: hit a wall
round 133: bot 258 (team B) died: lost a head-to-head
round 133: bot 151 (team B) died: lost a head-to-head
round 133: bot 149 (team A) died: lost a head-to-head
round 133: bot 254 (team B) died: lost a head-to-head
round 134: bot 238 (team A) died: lost a head-to-head
round 134: bot 261 (team A) died: lost a head-to-head
round 134: bot 252 (team B) died: lost a head-to-head
round 134: bot 262 (team B) died: lost a head-to-head
round 134: bot 264 (team A) died: hit another dragon
round 135: bot 228 (team B) died: hit itself
round 136: bot 209 (team B) died: hit a wall
round 136: bot 246 (team B) died: lost a head-to-head
round 136: bot 240 (team A) died: lost a head-to-head
round 136: bot 85 (team B) died: lost a head-to-head
round 136: bot 250 (team A) died: lost a head-to-head
round 138: bot 268 (team A) died: lost a head-to-head
round 138: bot 272 (team A) died: lost a head-to-head
round 139: bot 237 (team B) died: hit itself
round 139: bot 274 (team A) died: hit itself
round 140: bot 221 (team B) died: hit a wall
round 141: bot 239 (team B) died: hit itself
round 142: bot 251 (team B) died: lost a head-to-head
round 142: bot 214 (team B) died: lost a head-to-head
round 142: bot 247 (team A) died: lost a head-to-head
round 142: bot 229 (team A) died: lost a head-to-head
round 142: bot 273 (team B) died: lost a head-to-head
round 142: bot 266 (team B) died: lost a head-to-head
round 142: bot 275 (team A) died: hit another dragon
round 143: bot 280 (team B) died: hit another dragon
round 143: bot 284 (team B) died: hit a wall
round 144: bot 287 (team B) died: hit itself
round 145: bot 260 (team B) died: hit a wall
round 146: bot 255 (team A) died: hit another dragon
round 146: bot 270 (team B) died: hit another dragon
round 147: bot 283 (team A) died: hit another dragon
round 147: bot 296 (team A) died: hit another dragon
round 148: bot 286 (team B) died: hit a wall
round 148: bot 294 (team B) died: hit another dragon
round 148: bot 295 (team A) died: hit another dragon
round 149: bot 299 (team B) died: lost a head-to-head
round 149: bot 289 (team B) died: lost a head-to-head
round 149: bot 292 (team B) died: hit another dragon
running round 151/500 --  last: 118ms  eta: 1m27s  dragons: 6 vs 21
round 150: bot 243 (team B) died: lost a head-to-head
round 150: bot 278 (team B) died: lost a head-to-head
round 150: bot 301 (team B) died: hit itself
round 151: bot 304 (team A) died: lost a head-to-head
round 151: bot 253 (team B) died: lost a head-to-head
round 151: bot 265 (team A) died: hit a wall
round 152: bot 256 (team A) died: hit another dragon
round 152: bot 302 (team A) died: hit itself
round 153: bot 311 (team B) died: hit another dragon
round 154: bot 263 (team B) died: hit itself
round 154: bot 290 (team B) died: hit a wall
round 154: bot 313 (team B) died: hit itself
round 154: bot 259 (team B) died: lost a head-to-head
round 154: bot 314 (team B) died: lost a head-to-head
round 155: bot 293 (team B) died: hit another dragon
round 155: bot 309 (team A) died: hit a wall
round 155: bot 315 (team B) died: hit another dragon
round 156: bot 319 (team A) died: hit itself
round 157: bot 303 (team B) died: lost a head-to-head
round 157: bot 316 (team B) died: lost a head-to-head
round 158: bot 321 (team B) died: lost a head-to-head
round 158: bot 317 (team B) died: lost a head-to-head
round 159: bot 271 (team B) died: hit another dragon
round 160: bot 318 (team B) died: hit another dragon
round 160: bot 327 (team B) died: hit another dragon
round 160: bot 330 (team B) died: hit itself
round 161: bot 277 (team B) died: hit a wall
round 161: bot 305 (team B) died: hit itself
round 161: bot 325 (team B) died: hit itself
round 161: bot 285 (team A) died: lost a head-to-head
round 161: bot 329 (team A) died: lost a head-to-head
round 162: bot 307 (team A) died: hit itself
round 162: bot 308 (team B) died: lost a head-to-head
round 162: bot 328 (team B) died: lost a head-to-head
round 163: bot 338 (team B) died: hit itself
round 164: bot 279 (team B) died: hit itself
round 164: bot 324 (team B) died: hit a wall
round 165: bot 312 (team B) died: hit itself
round 166: bot 241 (team B) died: lost a head-to-head
round 166: bot 269 (team B) died: lost a head-to-head
round 166: bot 320 (team B) died: hit a wall
round 167: bot 333 (team B) died: hit another dragon
round 168: bot 176 (team B) died: lost a head-to-head
round 168: bot 276 (team B) died: lost a head-to-head
round 168: bot 288 (team B) died: lost a head-to-head
round 168: bot 281 (team B) died: lost a head-to-head
round 170: bot 334 (team B) died: hit another dragon
round 170: bot 332 (team B) died: lost a head-to-head
round 170: bot 353 (team B) died: lost a head-to-head
round 171: bot 339 (team A) died: lost a head-to-head
round 171: bot 282 (team A) died: lost a head-to-head
round 171: bot 344 (team B) died: lost a head-to-head
round 171: bot 323 (team B) died: lost a head-to-head
round 171: bot 326 (team B) died: hit itself
round 173: bot 291 (team B) died: hit another dragon
round 173: bot 336 (team B) died: hit another dragon
round 173: bot 306 (team B) died: lost a head-to-head
round 173: bot 349 (team B) died: lost a head-to-head
round 173: bot 358 (team B) ran out of time
round 173: bot 358 (team B) died: no valid action
round 174: bot 298 (team B) died: hit a wall
round 174: bot 355 (team B) died: hit a wall
round 175: bot 360 (team B) died: hit itself
round 176: bot 300 (team B) died: hit a wall
round 176: bot 348 (team B) died: lost a head-to-head
round 176: bot 343 (team B) died: lost a head-to-head
round 177: bot 361 (team B) died: hit itself
round 178: bot 363 (team B) died: hit itself
round 178: bot 345 (team A) died: lost a head-to-head
round 178: bot 365 (team B) died: lost a head-to-head
round 180: bot 267 (team B) died: hit another dragon
round 180: bot 350 (team B) died: hit another dragon
round 180: bot 364 (team A) died: hit itself
round 181: bot 352 (team B) died: hit itself
round 181: bot 369 (team A) died: hit another dragon
round 183: bot 322 (team B) died: lost a head-to-head
round 183: bot 373 (team B) died: lost a head-to-head
round 184: bot 335 (team B) died: lost a head-to-head
round 184: bot 356 (team B) died: lost a head-to-head
round 185: bot 354 (team B) died: hit itself
round 185: bot 375 (team B) died: hit another dragon
round 186: bot 386 (team B) died: hit itself
round 187: bot 310 (team B) died: hit itself
round 187: bot 371 (team B) died: hit itself
round 187: bot 374 (team B) died: hit another dragon
round 187: bot 379 (team B) died: hit another dragon
round 187: bot 385 (team B) died: hit another dragon
round 188: bot 382 (team A) died: hit itself
round 189: bot 342 (team B) died: hit another dragon
round 189: bot 359 (team B) died: lost a head-to-head
round 189: bot 389 (team B) died: lost a head-to-head
round 190: bot 346 (team B) died: hit another dragon
round 190: bot 376 (team B) died: hit another dragon
round 192: bot 377 (team B) died: hit itself
round 192: bot 397 (team B) died: hit itself
round 193: bot 362 (team B) died: hit another dragon
round 193: bot 370 (team A) died: hit a wall
round 194: bot 400 (team B) died: hit itself
round 195: bot 341 (team B) died: hit another dragon
round 195: bot 398 (team B) died: hit itself
round 195: bot 384 (team A) died: lost a head-to-head
round 195: bot 402 (team B) died: lost a head-to-head
round 196: bot 392 (team B) died: lost a head-to-head
round 196: bot 351 (team B) died: lost a head-to-head
round 197: bot 387 (team B) died: hit itself
round 198: bot 331 (team B) died: hit itself
round 198: bot 401 (team B) died: lost a head-to-head
round 198: bot 393 (team B) died: lost a head-to-head
running round 201/500 --  last: 33ms  eta: 1m30s  dragons: 7 vs 21
round 200: bot 388 (team B) died: hit another dragon
round 200: bot 391 (team B) died: hit another dragon
round 201: bot 383 (team B) died: hit itself
round 201: bot 405 (team B) died: hit another dragon
round 202: bot 413 (team A) died: hit itself
round 202: bot 414 (team B) died: hit itself
round 204: bot 380 (team B) died: hit a wall
round 204: bot 422 (team B) died: hit itself
round 205: bot 403 (team A) died: hit a wall
round 205: bot 410 (team B) died: hit itself
round 206: bot 367 (team B) died: hit another dragon
round 206: bot 340 (team B) died: lost a head-to-head
round 206: bot 399 (team A) died: lost a head-to-head
round 207: bot 408 (team A) died: hit another dragon
round 207: bot 366 (team B) died: lost a head-to-head
round 207: bot 416 (team B) died: lost a head-to-head
round 207: bot 412 (team B) died: lost a head-to-head
round 207: bot 418 (team A) died: lost a head-to-head
round 207: bot 423 (team A) died: hit a wall
round 208: bot 381 (team B) died: hit another dragon
round 210: bot 404 (team B) died: hit a wall
round 211: bot 337 (team B) died: hit itself
round 211: bot 368 (team B) died: lost a head-to-head
round 211: bot 390 (team B) died: lost a head-to-head
round 212: bot 436 (team A) died: hit another dragon
round 213: bot 378 (team A) died: hit another dragon
round 213: bot 415 (team B) died: lost a head-to-head
round 213: bot 438 (team B) died: lost a head-to-head
round 213: bot 440 (team B) died: hit a wall
round 214: bot 429 (team A) died: hit another dragon
round 214: bot 431 (team B) died: hit itself
round 214: bot 419 (team A) died: lost a head-to-head
round 214: bot 435 (team A) died: lost a head-to-head
round 215: bot 439 (team B) died: hit itself
round 215: bot 357 (team B) died: lost a head-to-head
round 215: bot 444 (team B) died: lost a head-to-head
round 216: bot 426 (team B) died: hit another dragon
round 217: bot 394 (team B) died: hit itself
round 217: bot 425 (team B) died: hit a wall
round 217: bot 406 (team B) died: lost a head-to-head
round 217: bot 441 (team A) died: lost a head-to-head
round 217: bot 407 (team B) died: lost a head-to-head
round 217: bot 445 (team B) died: lost a head-to-head
round 218: bot 433 (team B) died: hit another dragon
round 219: bot 451 (team A) died: hit itself
round 220: bot 396 (team B) died: hit itself
round 220: bot 409 (team A) died: hit another dragon
round 220: bot 427 (team B) died: hit itself
round 220: bot 428 (team B) died: hit another dragon
round 220: bot 446 (team B) died: hit itself
round 220: bot 449 (team B) died: hit another dragon
round 220: bot 452 (team B) died: hit itself
round 221: bot 453 (team B) died: hit itself
round 222: bot 443 (team A) died: hit another dragon
round 222: bot 457 (team B) died: hit another dragon
round 224: bot 434 (team B) died: hit another dragon
round 224: bot 395 (team B) died: lost a head-to-head
round 224: bot 468 (team B) died: lost a head-to-head
round 225: bot 432 (team A) died: hit a wall
round 225: bot 442 (team A) died: hit itself
round 225: bot 454 (team B) died: hit itself
round 225: bot 462 (team A) died: hit another dragon
round 226: bot 469 (team B) died: hit itself
round 226: bot 474 (team A) died: hit itself
round 227: bot 459 (team B) died: hit itself
round 227: bot 467 (team A) died: hit itself
round 227: bot 477 (team B) died: lost a head-to-head
round 227: bot 473 (team B) died: lost a head-to-head
round 228: bot 478 (team A) died: lost a head-to-head
round 228: bot 450 (team A) died: lost a head-to-head
round 228: bot 476 (team B) died: hit another dragon
round 228: bot 479 (team A) died: hit another dragon
round 228: bot 481 (team B) died: hit another dragon
round 229: bot 448 (team A) died: lost a head-to-head
round 229: bot 417 (team A) died: lost a head-to-head
round 230: bot 475 (team A) died: hit itself
round 230: bot 485 (team B) died: hit another dragon
round 231: bot 471 (team A) died: lost a head-to-head
round 231: bot 297 (team A) died: lost a head-to-head
round 231: bot 455 (team A) died: lost a head-to-head
round 231: bot 466 (team A) died: lost a head-to-head
round 233: bot 490 (team B) died: lost a head-to-head
round 233: bot 447 (team B) died: lost a head-to-head
round 233: bot 491 (team B) died: hit itself
round 234: bot 411 (team B) died: hit itself
round 234: bot 437 (team B) died: hit another dragon
round 234: bot 460 (team B) died: lost a head-to-head
round 234: bot 494 (team B) died: lost a head-to-head
round 236: bot 484 (team B) died: hit itself
round 237: bot 463 (team A) died: hit another dragon
round 238: bot 372 (team A) died: lost a head-to-head
round 238: bot 458 (team B) died: lost a head-to-head
round 238: bot 470 (team B) died: hit another dragon
round 238: bot 502 (team B) died: lost a head-to-head
round 238: bot 480 (team B) died: lost a head-to-head
round 239: bot 424 (team B) died: lost a head-to-head
round 239: bot 499 (team B) died: lost a head-to-head
round 240: bot 504 (team A) died: lost a head-to-head
round 240: bot 464 (team B) died: lost a head-to-head
round 240: bot 503 (team B) died: hit another dragon
round 241: bot 347 (team B) died: hit another dragon
round 241: bot 496 (team A) died: hit itself
round 242: bot 420 (team B) died: hit itself
round 242: bot 482 (team A) died: hit another dragon
round 243: bot 508 (team B) died: hit itself
round 244: bot 487 (team A) died: hit another dragon
round 244: bot 509 (team A) died: hit another dragon
round 245: bot 505 (team B) died: lost a head-to-head
round 245: bot 498 (team B) died: lost a head-to-head
round 245: bot 513 (team A) died: hit itself
round 246: bot 510 (team A) died: hit a wall
round 246: bot 514 (team B) died: hit another dragon
round 246: bot 500 (team A) died: lost a head-to-head
round 246: bot 518 (team A) died: lost a head-to-head
round 247: bot 493 (team B) died: hit another dragon
round 248: bot 525 (team A) died: hit another dragon
round 249: bot 520 (team B) died: lost a head-to-head
round 249: bot 465 (team A) died: lost a head-to-head
running round 251/500 --  last: 117ms  eta: 1m11s  dragons: 14 vs 13
round 251: bot 430 (team B) died: hit itself
round 251: bot 495 (team A) died: hit a wall
round 251: bot 461 (team A) died: lost a head-to-head
round 251: bot 506 (team B) died: lost a head-to-head
round 251: bot 515 (team B) died: lost a head-to-head
round 251: bot 530 (team A) died: lost a head-to-head
round 253: bot 421 (team B) died: hit itself
round 253: bot 517 (team A) died: hit another dragon
round 253: bot 522 (team B) died: hit itself
round 253: bot 536 (team A) died: lost a head-to-head
round 253: bot 528 (team B) died: lost a head-to-head
round 253: bot 537 (team B) died: lost a head-to-head
round 253: bot 529 (team B) died: lost a head-to-head
round 254: bot 534 (team A) died: lost a head-to-head
round 254: bot 488 (team B) died: lost a head-to-head
round 254: bot 524 (team B) died: hit another dragon
round 254: bot 523 (team A) died: lost a head-to-head
round 254: bot 539 (team A) died: lost a head-to-head
round 257: bot 483 (team B) died: hit another dragon
round 257: bot 543 (team A) died: hit another dragon
round 257: bot 546 (team A) died: hit another dragon
round 258: bot 548 (team B) died: hit another dragon
round 258: bot 551 (team B) died: hit itself
round 259: bot 527 (team A) died: hit another dragon
round 259: bot 542 (team B) died: hit another dragon
round 259: bot 538 (team A) died: lost a head-to-head
round 259: bot 553 (team A) died: lost a head-to-head
round 260: bot 521 (team A) died: hit itself
round 261: bot 519 (team B) died: hit itself
round 261: bot 526 (team A) died: hit a wall
round 261: bot 540 (team A) died: hit a wall
round 261: bot 544 (team A) died: hit another dragon
round 261: bot 557 (team A) died: lost a head-to-head
round 261: bot 547 (team A) died: lost a head-to-head
round 262: bot 558 (team A) died: hit another dragon
round 263: bot 511 (team A) died: lost a head-to-head
round 263: bot 472 (team B) died: lost a head-to-head
round 263: bot 507 (team A) died: hit another dragon
round 263: bot 516 (team B) died: lost a head-to-head
round 263: bot 562 (team B) died: lost a head-to-head
round 265: bot 566 (team A) died: lost a head-to-head
round 265: bot 545 (team A) died: lost a head-to-head
round 265: bot 456 (team A) died: lost a head-to-head
round 265: bot 555 (team B) died: lost a head-to-head
round 266: bot 550 (team A) died: lost a head-to-head
round 266: bot 561 (team B) died: lost a head-to-head
round 266: bot 564 (team B) died: hit itself
round 267: bot 541 (team B) died: hit another dragon
round 267: bot 572 (team A) died: hit itself
round 268: bot 512 (team A) died: hit another dragon
round 269: bot 535 (team B) died: hit itself
round 269: bot 552 (team B) died: hit another dragon
round 270: bot 565 (team A) died: hit another dragon
round 271: bot 581 (team A) died: lost a head-to-head
round 271: bot 533 (team A) died: lost a head-to-head
round 271: bot 560 (team B) died: lost a head-to-head
round 271: bot 569 (team B) died: lost a head-to-head
round 271: bot 582 (team B) died: lost a head-to-head
round 271: bot 570 (team A) died: lost a head-to-head
round 273: bot 588 (team A) died: hit another dragon
round 274: bot 579 (team A) died: hit another dragon
round 275: bot 492 (team A) died: hit a wall
round 276: bot 489 (team B) died: hit another dragon
round 276: bot 591 (team B) died: hit itself
round 278: bot 486 (team A) died: hit another dragon
round 279: bot 589 (team B) died: lost a head-to-head
round 279: bot 574 (team A) died: lost a head-to-head
round 280: bot 596 (team A) died: hit another dragon
round 281: bot 501 (team A) died: lost a head-to-head
round 281: bot 573 (team B) died: lost a head-to-head
round 282: bot 600 (team B) died: hit itself
round 282: bot 601 (team B) died: hit itself
round 282: bot 578 (team B) died: lost a head-to-head
round 282: bot 602 (team B) died: lost a head-to-head
round 284: bot 497 (team B) died: hit another dragon
round 284: bot 531 (team B) died: hit itself
round 284: bot 594 (team A) died: hit another dragon
round 284: bot 593 (team A) died: lost a head-to-head
round 284: bot 606 (team A) died: lost a head-to-head
round 285: bot 568 (team B) died: hit another dragon
round 285: bot 585 (team B) died: lost a head-to-head
round 285: bot 584 (team A) died: lost a head-to-head
round 285: bot 597 (team B) died: lost a head-to-head
round 285: bot 607 (team B) died: lost a head-to-head
round 287: bot 604 (team A) died: lost a head-to-head
round 287: bot 613 (team A) died: lost a head-to-head
round 288: bot 563 (team A) died: hit another dragon
round 288: bot 608 (team A) died: lost a head-to-head
round 288: bot 580 (team A) died: lost a head-to-head
round 288: bot 598 (team A) died: hit another dragon
round 289: bot 556 (team A) died: hit a wall
round 289: bot 586 (team A) died: lost a head-to-head
round 289: bot 599 (team A) died: lost a head-to-head
round 290: bot 575 (team A) died: lost a head-to-head
round 290: bot 549 (team A) died: lost a head-to-head
round 290: bot 614 (team B) died: hit another dragon
round 291: bot 611 (team A) died: hit another dragon
round 292: bot 567 (team B) died: hit another dragon
round 292: bot 595 (team B) died: lost a head-to-head
round 292: bot 616 (team B) died: lost a head-to-head
round 293: bot 609 (team A) died: lost a head-to-head
round 293: bot 571 (team B) died: lost a head-to-head
round 293: bot 630 (team A) died: hit itself
round 294: bot 592 (team A) died: hit another dragon
round 294: bot 633 (team A) died: lost a head-to-head
round 294: bot 628 (team A) died: lost a head-to-head
round 294: bot 631 (team A) died: hit another dragon
round 294: bot 634 (team B) died: hit another dragon
round 295: bot 554 (team A) died: hit another dragon
round 295: bot 615 (team B) died: lost a head-to-head
round 295: bot 622 (team B) died: lost a head-to-head
round 296: bot 590 (team B) died: hit another dragon
round 297: bot 625 (team B) died: hit another dragon
round 298: bot 610 (team A) died: hit another dragon
round 298: bot 624 (team B) died: hit another dragon
round 298: bot 626 (team A) died: hit another dragon
round 298: bot 637 (team A) died: hit another dragon
round 299: bot 603 (team B) died: hit itself
running round 301/500 --  last: 99ms  eta: 53.2s  dragons: 17 vs 12
round 300: bot 638 (team B) died: lost a head-to-head
round 300: bot 583 (team A) died: lost a head-to-head
round 301: bot 605 (team A) died: hit another dragon
round 301: bot 612 (team A) died: hit another dragon
round 301: bot 650 (team A) died: hit itself
round 302: bot 619 (team A) died: hit itself
round 302: bot 651 (team B) died: lost a head-to-head
round 302: bot 644 (team A) died: lost a head-to-head
round 302: bot 636 (team B) died: lost a head-to-head
round 302: bot 652 (team B) died: lost a head-to-head
round 304: bot 587 (team B) died: hit a wall
round 306: bot 532 (team B) died: hit itself
round 306: bot 646 (team A) died: hit another dragon
round 308: bot 649 (team A) died: lost a head-to-head
round 308: bot 620 (team A) died: lost a head-to-head
round 308: bot 623 (team A) died: hit itself
round 308: bot 657 (team B) died: lost a head-to-head
round 308: bot 658 (team A) died: lost a head-to-head
round 308: bot 661 (team A) died: hit another dragon
round 308: bot 632 (team B) died: lost a head-to-head
round 308: bot 662 (team B) died: lost a head-to-head
round 309: bot 627 (team B) died: hit another dragon
round 309: bot 641 (team A) died: hit another dragon
round 309: bot 642 (team B) died: hit a wall
round 309: bot 648 (team A) died: lost a head-to-head
round 309: bot 666 (team B) died: lost a head-to-head
round 309: bot 640 (team B) died: lost a head-to-head
round 309: bot 667 (team B) died: lost a head-to-head
round 310: bot 664 (team A) died: hit another dragon
round 311: bot 639 (team A) died: hit itself
round 311: bot 669 (team A) died: hit a wall
round 312: bot 659 (team B) died: lost a head-to-head
round 312: bot 656 (team A) died: lost a head-to-head
round 313: bot 670 (team A) died: hit itself
round 315: bot 618 (team A) died: hit another dragon
round 315: bot 654 (team B) died: lost a head-to-head
round 315: bot 647 (team B) died: lost a head-to-head
round 316: bot 665 (team A) died: hit another dragon
round 317: bot 663 (team B) died: lost a head-to-head
round 317: bot 559 (team B) died: lost a head-to-head
round 317: bot 683 (team B) died: hit itself
round 319: bot 687 (team A) died: hit another dragon
round 320: bot 629 (team A) died: hit itself
round 320: bot 655 (team A) died: hit itself
round 320: bot 676 (team B) died: hit a wall
round 320: bot 678 (team A) died: lost a head-to-head
round 320: bot 689 (team A) died: lost a head-to-head
round 322: bot 682 (team B) died: hit another dragon
round 322: bot 692 (team A) died: hit another dragon
round 322: bot 694 (team A) died: hit itself
round 323: bot 691 (team B) died: lost a head-to-head
round 323: bot 617 (team A) died: lost a head-to-head
round 323: bot 671 (team A) died: lost a head-to-head
round 323: bot 688 (team A) died: lost a head-to-head
round 324: bot 635 (team A) died: hit another dragon
round 325: bot 673 (team A) died: lost a head-to-head
round 325: bot 680 (team A) died: lost a head-to-head
round 325: bot 696 (team A) died: lost a head-to-head
round 325: bot 695 (team A) died: lost a head-to-head
round 327: bot 677 (team A) died: hit another dragon
round 328: bot 699 (team A) died: hit another dragon
round 328: bot 685 (team B) died: lost a head-to-head
round 328: bot 706 (team B) died: lost a head-to-head
round 329: bot 693 (team A) died: lost a head-to-head
round 329: bot 621 (team B) died: lost a head-to-head
round 330: bot 701 (team A) died: lost a head-to-head
round 330: bot 679 (team B) died: lost a head-to-head
round 330: bot 700 (team B) died: lost a head-to-head
round 330: bot 708 (team B) died: lost a head-to-head
round 332: bot 711 (team A) died: hit another dragon
round 333: bot 681 (team A) died: lost a head-to-head
round 333: bot 674 (team B) died: lost a head-to-head
round 333: bot 716 (team B) died: lost a head-to-head
round 333: bot 714 (team A) died: lost a head-to-head
round 334: bot 707 (team A) died: hit itself
round 334: bot 717 (team A) died: lost a head-to-head
round 334: bot 710 (team A) died: lost a head-to-head
round 336: bot 721 (team A) died: lost a head-to-head
round 336: bot 713 (team B) died: lost a head-to-head
round 337: bot 690 (team A) died: hit itself
round 337: bot 645 (team A) died: lost a head-to-head
round 337: bot 705 (team A) died: lost a head-to-head
round 337: bot 722 (team B) died: hit a wall
round 338: bot 698 (team A) died: hit itself
round 338: bot 712 (team A) died: hit another dragon
round 339: bot 576 (team A) died: hit another dragon
round 339: bot 577 (team B) died: hit another dragon
round 339: bot 728 (team A) died: lost a head-to-head
round 339: bot 725 (team B) died: lost a head-to-head
round 339: bot 731 (team B) died: hit itself
round 340: bot 724 (team A) died: hit another dragon
round 340: bot 726 (team A) died: lost a head-to-head
round 340: bot 733 (team A) died: lost a head-to-head
round 341: bot 675 (team A) died: hit a wall
round 341: bot 723 (team A) died: hit another dragon
round 341: bot 736 (team B) died: hit itself
round 343: bot 703 (team B) died: lost a head-to-head
round 343: bot 743 (team B) died: lost a head-to-head
round 344: bot 732 (team A) died: hit another dragon
round 345: bot 727 (team B) died: hit another dragon
round 346: bot 718 (team A) died: hit a wall
round 346: bot 737 (team A) died: hit another dragon
round 346: bot 744 (team A) died: hit itself
round 346: bot 745 (team A) died: hit itself
round 347: bot 684 (team A) died: hit another dragon
round 347: bot 747 (team A) died: hit another dragon
round 348: bot 643 (team A) died: hit another dragon
round 348: bot 750 (team A) died: hit itself
round 349: bot 735 (team B) died: lost a head-to-head
round 349: bot 719 (team A) died: lost a head-to-head
round 349: bot 730 (team A) died: hit another dragon
running round 351/500 --  last: 100ms  eta: 36.8s  dragons: 19 vs 7
round 351: bot 751 (team A) died: hit a wall
round 352: bot 660 (team A) died: hit another dragon
round 355: bot 738 (team B) died: lost a head-to-head
round 355: bot 653 (team A) died: lost a head-to-head
round 355: bot 752 (team B) died: hit itself
round 359: bot 758 (team A) died: hit another dragon
round 360: bot 729 (team A) died: lost a head-to-head
round 360: bot 754 (team A) died: lost a head-to-head
round 361: bot 746 (team A) died: hit itself
round 361: bot 760 (team A) died: hit another dragon
round 362: bot 763 (team A) died: hit another dragon
round 363: bot 734 (team A) died: hit another dragon
round 363: bot 742 (team A) died: hit another dragon
round 365: bot 715 (team A) died: hit itself
round 365: bot 749 (team A) died: hit another dragon
round 365: bot 759 (team A) died: hit another dragon
round 365: bot 761 (team A) died: hit itself
round 366: bot 768 (team B) died: hit another dragon
round 366: bot 769 (team B) died: hit another dragon
round 367: bot 762 (team A) died: hit another dragon
round 368: bot 668 (team A) died: hit a wall
round 368: bot 757 (team A) died: hit itself
round 370: bot 764 (team A) died: hit another dragon
round 375: bot 775 (team A) died: hit another dragon
round 376: bot 741 (team A) died: hit another dragon
round 376: bot 778 (team A) died: hit itself
round 378: bot 748 (team A) died: hit a wall
round 378: bot 777 (team A) died: hit a wall
round 379: bot 697 (team B) died: lost a head-to-head
round 379: bot 773 (team A) died: lost a head-to-head
round 380: bot 720 (team A) died: hit itself
round 380: bot 771 (team A) died: lost a head-to-head
round 380: bot 770 (team A) died: lost a head-to-head
round 380: bot 781 (team A) died: hit another dragon
round 384: bot 772 (team A) died: hit another dragon
round 386: bot 776 (team A) died: hit itself
round 386: bot 783 (team A) died: hit itself
round 387: bot 766 (team A) died: hit another dragon
round 391: bot 786 (team A) died: hit another dragon
round 395: bot 790 (team A) died: lost a head-to-head
round 395: bot 672 (team B) died: lost a head-to-head
round 395: bot 702 (team A) died: hit itself
round 396: bot 785 (team A) died: hit another dragon
round 397: bot 709 (team A) died: hit itself
round 397: bot 795 (team A) died: hit another dragon
round 398: bot 740 (team A) died: hit another dragon
round 398: bot 791 (team A) died: hit another dragon
round 399: bot 767 (team A) died: hit another dragon
round 399: bot 792 (team A) died: lost a head-to-head
round 399: bot 799 (team B) died: lost a head-to-head
running round 401/500 --  last: 193ms  eta: 22.4s  dragons: 14 vs 7
round 400: bot 788 (team A) died: hit itself
round 402: bot 793 (team B) died: hit a wall
round 403: bot 789 (team A) died: hit another dragon
round 403: bot 798 (team B) died: hit another dragon
round 405: bot 807 (team B) died: hit itself
round 406: bot 804 (team A) died: hit another dragon
round 407: bot 756 (team A) died: lost a head-to-head
round 407: bot 780 (team A) died: lost a head-to-head
round 410: bot 765 (team A) died: hit itself
round 410: bot 811 (team B) died: hit another dragon
round 411: bot 755 (team A) died: hit another dragon
round 411: bot 779 (team B) died: hit another dragon
round 415: bot 782 (team A) died: hit another dragon
round 415: bot 806 (team A) died: hit itself
round 416: bot 800 (team A) died: lost a head-to-head
round 416: bot 794 (team A) died: lost a head-to-head
round 416: bot 812 (team A) died: hit a wall
round 416: bot 816 (team B) died: hit another dragon
round 420: bot 817 (team A) died: hit another dragon
round 421: bot 784 (team B) died: hit another dragon
round 421: bot 802 (team A) died: hit another dragon
round 423: bot 808 (team A) died: hit a wall
round 423: bot 814 (team A) died: hit another dragon
round 423: bot 819 (team A) died: hit another dragon
round 424: bot 805 (team B) died: lost a head-to-head
round 424: bot 818 (team B) died: lost a head-to-head
round 425: bot 774 (team A) died: lost a head-to-head
round 425: bot 686 (team A) died: lost a head-to-head
round 428: bot 787 (team A) died: hit another dragon
round 429: bot 826 (team B) died: hit another dragon
round 430: bot 803 (team A) died: hit itself
round 432: bot 834 (team A) died: hit a wall
round 432: bot 815 (team B) died: lost a head-to-head
round 432: bot 835 (team A) died: lost a head-to-head
round 434: bot 753 (team B) died: hit another dragon
round 435: bot 824 (team B) died: hit another dragon
round 435: bot 833 (team A) died: hit another dragon
round 435: bot 838 (team A) died: hit a wall
round 436: bot 820 (team A) died: hit a wall
round 436: bot 829 (team A) died: hit itself
round 438: bot 823 (team B) died: hit another dragon
round 438: bot 842 (team A) died: hit another dragon
round 439: bot 843 (team B) died: hit itself
round 440: bot 831 (team B) died: hit another dragon
round 442: bot 822 (team A) died: hit another dragon
round 444: bot 739 (team B) died: hit another dragon
round 444: bot 825 (team B) died: hit itself
round 444: bot 844 (team B) died: hit itself
round 446: bot 837 (team B) died: lost a head-to-head
round 446: bot 846 (team B) died: lost a head-to-head
round 447: bot 830 (team B) died: hit itself
round 449: bot 848 (team A) died: hit itself
running round 451/500 --  last: 101ms  eta: 10.4s  dragons: 15 vs 7
round 451: bot 828 (team A) died: hit a wall
round 451: bot 840 (team B) died: hit itself
round 452: bot 832 (team A) died: hit a wall
round 453: bot 856 (team A) died: hit a wall
round 456: bot 851 (team A) died: hit a wall
round 457: bot 796 (team A) died: hit itself
round 458: bot 704 (team B) died: lost a head-to-head
round 458: bot 813 (team A) died: lost a head-to-head
round 462: bot 854 (team A) died: lost a head-to-head
round 462: bot 863 (team A) died: lost a head-to-head
round 463: bot 841 (team B) died: hit itself
round 465: bot 858 (team B) died: hit another dragon
round 466: bot 853 (team B) died: hit another dragon
round 467: bot 801 (team B) died: hit another dragon
round 467: bot 836 (team A) died: hit another dragon
round 467: bot 859 (team A) died: hit another dragon
round 467: bot 864 (team B) died: hit itself
round 470: bot 845 (team A) died: hit itself
round 472: bot 809 (team A) died: hit itself
round 472: bot 869 (team A) died: hit itself
round 472: bot 870 (team B) died: hit a wall
round 473: bot 827 (team A) died: hit itself
round 474: bot 857 (team B) died: hit another dragon
round 474: bot 875 (team A) died: hit itself
round 475: bot 860 (team B) died: hit itself
round 475: bot 862 (team B) died: hit another dragon
round 477: bot 867 (team B) died: hit itself
round 478: bot 861 (team A) died: hit itself
round 479: bot 849 (team A) died: hit another dragon
round 480: bot 868 (team B) died: lost a head-to-head
round 480: bot 880 (team A) died: lost a head-to-head
round 481: bot 877 (team A) died: hit another dragon
round 483: bot 852 (team A) died: hit itself
round 483: bot 866 (team B) died: hit itself
round 485: bot 872 (team A) died: hit another dragon
round 486: bot 883 (team A) died: hit another dragon
round 487: bot 884 (team A) died: lost a head-to-head
round 487: bot 882 (team A) died: lost a head-to-head
round 488: bot 878 (team A) died: hit another dragon
round 488: bot 881 (team A) died: hit itself
round 491: bot 890 (team A) died: hit another dragon
round 492: bot 889 (team A) died: hit another dragon
round 494: bot 888 (team A) died: hit another dragon
round 495: bot 891 (team A) died: hit another dragon
round 496: bot 821 (team A) died: lost a head-to-head
round 496: bot 810 (team A) died: lost a head-to-head
round 497: bot 865 (team B) died: hit a wall
round 498: bot 896 (team A) died: hit another dragon
team B wins after 500 rounds (on length) (1m38s)
wrote replay: C:\Users\ACER\OneDrive\Desktop\UNSW Battlecode\UNSWBC-\battlecode_data\training_loop\map-campaign-20260921\round1\before\Kraken\arena-B.replay
