loaded c/c++ vs c/c++
running round 2/500 --  last: 150ms  eta: 1m15s  dragons: 3 vs 3
running round 51/500 --  last: 43ms  eta: 11.6s  dragons: 3 vs 23
round 78: bot 22 (team B) died: hit another dragon
running round 101/500 --  last: 225ms  eta: 31.4s  dragons: 4 vs 58
running round 151/500 --  last: 153ms  eta: 38.6s  dragons: 4 vs 59
round 191: bot 25 (team B) died: hit itself
round 192: bot 38 (team B) died: hit itself
round 195: bot 58 (team B) died: hit another dragon
running round 201/500 --  last: 122ms  eta: 51.0s  dragons: 4 vs 64
round 215: bot 62 (team B) died: hit another dragon
round 237: bot 31 (team B) died: hit another dragon
round 237: bot 48 (team B) died: hit another dragon
round 238: bot 11 (team B) died: hit itself
round 238: bot 45 (team B) died: hit another dragon
round 238: bot 56 (team B) died: hit another dragon
round 245: bot 53 (team B) died: hit another dragon
running round 251/500 --  last: 156ms  eta: 41.5s  dragons: 6 vs 64
round 250: bot 60 (team B) died: hit another dragon
round 250: bot 76 (team B) died: hit itself
round 256: bot 67 (team B) died: hit itself
round 257: bot 24 (team B) died: hit itself
round 258: bot 10 (team B) died: hit another dragon
round 259: bot 81 (team B) died: hit itself
round 262: bot 1 (team B) died: hit another dragon
round 263: bot 49 (team B) died: hit itself
round 265: bot 21 (team B) died: hit itself
round 267: bot 86 (team B) died: hit itself
round 269: bot 42 (team B) died: hit another dragon
round 271: bot 3 (team B) died: hit another dragon
round 275: bot 82 (team B) died: lost a head-to-head
round 275: bot 7 (team B) died: lost a head-to-head
round 279: bot 41 (team B) died: hit another dragon
round 280: bot 50 (team B) died: hit another dragon
round 288: bot 79 (team A) died: hit another dragon
round 292: bot 46 (team B) died: hit itself
round 294: bot 57 (team B) died: hit another dragon
round 295: bot 39 (team B) died: hit itself
round 296: bot 66 (team B) died: hit itself
round 299: bot 47 (team B) died: hit itself
round 299: bot 92 (team B) died: hit another dragon
running round 301/500 --  last: 189ms  eta: 32.9s  dragons: 7 vs 63
round 301: bot 52 (team B) died: hit itself
round 303: bot 74 (team B) died: hit another dragon
round 303: bot 99 (team B) died: hit another dragon
round 305: bot 101 (team B) died: hit itself
round 311: bot 98 (team A) died: hit itself
round 312: bot 80 (team B) died: hit itself
round 313: bot 105 (team B) died: hit itself
round 315: bot 0 (team A) died: hit itself
round 315: bot 69 (team B) died: hit itself
round 317: bot 103 (team B) died: hit another dragon
round 323: bot 114 (team B) died: hit itself
round 325: bot 96 (team A) died: hit another dragon
round 327: bot 23 (team B) died: hit another dragon
round 328: bot 117 (team A) died: hit another dragon
round 329: bot 106 (team B) died: hit itself
round 332: bot 94 (team B) died: hit another dragon
round 332: bot 119 (team A) died: hit another dragon
round 335: bot 26 (team B) died: hit itself
round 338: bot 108 (team A) died: hit another dragon
round 342: bot 44 (team B) died: hit another dragon
round 342: bot 124 (team B) died: hit another dragon
round 348: bot 68 (team B) died: hit itself
running round 351/500 --  last: 166ms  eta: 24.7s  dragons: 8 vs 64
round 352: bot 104 (team B) died: hit another dragon
round 352: bot 116 (team B) died: hit itself
round 360: bot 111 (team B) died: hit another dragon
round 362: bot 12 (team B) died: hit another dragon
round 365: bot 37 (team B) died: hit itself
round 366: bot 115 (team B) died: hit itself
round 370: bot 34 (team B) died: hit another dragon
round 370: bot 125 (team B) died: hit itself
round 371: bot 15 (team B) died: hit another dragon
round 371: bot 127 (team B) died: hit another dragon
round 373: bot 136 (team B) died: hit itself
round 375: bot 100 (team B) died: hit another dragon
round 379: bot 137 (team B) died: hit another dragon
round 380: bot 132 (team B) died: hit itself
round 381: bot 28 (team B) died: hit another dragon
round 382: bot 84 (team B) died: hit another dragon
round 386: bot 13 (team B) died: hit another dragon
round 390: bot 29 (team B) died: hit itself
round 391: bot 16 (team B) died: hit itself
round 391: bot 71 (team B) died: hit another dragon
round 391: bot 120 (team B) died: hit itself
round 392: bot 130 (team A) died: hit itself
round 393: bot 43 (team B) died: hit another dragon
round 394: bot 143 (team B) died: hit another dragon
round 396: bot 35 (team B) died: hit another dragon
round 396: bot 141 (team A) died: hit another dragon
round 398: bot 152 (team B) died: hit another dragon
running round 401/500 --  last: 262ms  eta: 18.3s  dragons: 11 vs 64
round 400: bot 17 (team B) died: hit another dragon
round 400: bot 144 (team B) died: hit another dragon
round 401: bot 149 (team B) died: hit itself
round 406: bot 61 (team B) died: lost a head-to-head
round 406: bot 77 (team B) died: lost a head-to-head
round 409: bot 20 (team B) died: hit itself
round 412: bot 36 (team B) died: hit itself
round 412: bot 133 (team B) died: hit itself
round 412: bot 147 (team B) died: hit another dragon
round 416: bot 154 (team B) died: hit another dragon
round 417: bot 40 (team B) died: hit itself
round 421: bot 150 (team A) died: hit itself
round 423: bot 110 (team B) died: hit another dragon
round 423: bot 112 (team A) died: hit another dragon
round 427: bot 168 (team B) died: hit itself
round 429: bot 97 (team B) died: hit itself
round 433: bot 134 (team B) died: hit itself
round 433: bot 177 (team A) died: hit itself
round 434: bot 109 (team A) died: hit itself
round 435: bot 2 (team A) died: hit another dragon
round 435: bot 72 (team B) died: lost a head-to-head
round 435: bot 158 (team B) died: lost a head-to-head
round 437: bot 107 (team B) died: hit itself
round 439: bot 167 (team B) died: hit another dragon
round 440: bot 164 (team B) died: hit another dragon
round 441: bot 172 (team B) died: hit another dragon
round 444: bot 27 (team B) died: hit another dragon
round 449: bot 9 (team B) died: hit itself
round 449: bot 32 (team B) died: hit another dragon
running round 451/500 --  last: 422ms  eta: 10.2s  dragons: 15 vs 64
round 450: bot 187 (team B) died: hit another dragon
round 452: bot 33 (team B) died: hit itself
round 452: bot 148 (team B) died: hit another dragon
round 453: bot 5 (team B) died: hit itself
round 454: bot 170 (team A) died: hit itself
round 455: bot 157 (team B) died: hit another dragon
round 459: bot 174 (team B) died: hit another dragon
round 462: bot 195 (team B) died: hit another dragon
round 466: bot 175 (team B) died: hit another dragon
round 471: bot 8 (team B) died: hit itself
round 473: bot 199 (team B) died: hit itself
round 474: bot 165 (team B) died: hit itself
round 477: bot 203 (team B) died: hit another dragon
round 483: bot 140 (team B) died: hit itself
round 484: bot 193 (team B) died: hit another dragon
round 486: bot 122 (team B) died: hit another dragon
round 491: bot 128 (team B) died: hit another dragon
round 493: bot 18 (team B) died: hit itself
round 495: bot 126 (team B) died: hit itself
round 495: bot 146 (team B) died: hit another dragon
round 495: bot 198 (team B) died: hit itself
round 497: bot 160 (team B) died: hit itself
round 499: bot 188 (team A) died: hit another dragon
round 499: bot 192 (team A) died: hit another dragon
round 499: bot 212 (team B) died: hit another dragon
team A wins after 500 rounds (on length) (1m47s)
wrote replay: C:\Users\ACER\OneDrive\Desktop\UNSW Battlecode\UNSWBC-\battlecode_data\training_loop\map-campaign-20260921\round1\before\Kraken\big_empty-A.replay
